__tests__/agent-search-utils.property.test.ts(76,7): error TS2322: Type 'Arbitrary<{ id: string; shippingLineId: string; originPortId: string; destinationPortId: string; containerType: "20GP" | "40GP" | "40HC" | "20OT" | "40OT" | "20FR" | "40FR" | "BREAKBULK"; oceanFreight: number; ... 18 more ...; destinationCode: string; }>' is not assignable to type 'Arbitrary<ShippingRate>'.
  Type '{ id: string; shippingLineId: string; originPortId: string; destinationPortId: string; containerType: "20GP" | "40GP" | "40HC" | "20OT" | "40OT" | "20FR" | "40FR" | "BREAKBULK"; oceanFreight: number; ... 18 more ...; destinationCode: string; }' is not assignable to type 'ShippingRate'.
    Types of property 'originPort' are incompatible.
      Type 'string' is not assignable to type 'Port'.
__tests__/agent-search-utils.property.test.ts(622,24): error TS2339: Property 'originCode' does not exist on type 'ShippingRate'.
__tests__/agent-search-utils.property.test.ts(623,24): error TS2551: Property 'destinationCode' does not exist on type 'ShippingRate'. Did you mean 'destinationPortId'?
__tests__/agent-search-utils.property.test.ts(673,5): error TS2322: Type 'string' is not assignable to type 'Port'.
__tests__/agent-search-utils.property.test.ts(674,5): error TS2322: Type 'string' is not assignable to type 'Port'.
__tests__/alert-utils.property.test.ts(198,56): error TS2352: Conversion of type '{ id: string; ruleId: string; triggeredAt: string; alertMessage: string; status: "active"; notificationsSent: readonly []; createdAt: string; rule: { id: string; ruleCode: string; ruleName: string; ruleType: "threshold"; ... 7 more ...; createdAt: string; }; }[]' to type 'AlertInstance[]' may be a mistake because neither type sufficiently overlaps with the other. If this was intentional, convert the expression to 'unknown' first.
  Type '{ id: string; ruleId: string; triggeredAt: string; alertMessage: string; status: "active"; notificationsSent: readonly []; createdAt: string; rule: { id: string; ruleCode: string; ruleName: string; ruleType: "threshold"; ... 7 more ...; createdAt: string; }; }' is not comparable to type 'AlertInstance'.
    Types of property 'notificationsSent' are incompatible.
      The type 'readonly []' is 'readonly' and cannot be assigned to the mutable type 'NotificationSentRecord[]'.
__tests__/alert-utils.property.test.ts(235,43): error TS2352: Conversion of type '{ id: string; ruleId: string; triggeredAt: string; alertMessage: string; status: "active" | "acknowledged" | "resolved" | "dismissed"; notificationsSent: readonly []; createdAt: string; }[]' to type 'AlertInstance[]' may be a mistake because neither type sufficiently overlaps with the other. If this was intentional, convert the expression to 'unknown' first.
  Type '{ id: string; ruleId: string; triggeredAt: string; alertMessage: string; status: "active" | "acknowledged" | "resolved" | "dismissed"; notificationsSent: readonly []; createdAt: string; }' is not comparable to type 'AlertInstance'.
    Types of property 'notificationsSent' are incompatible.
      The type 'readonly []' is 'readonly' and cannot be assigned to the mutable type 'NotificationSentRecord[]'.
__tests__/alert-utils.property.test.ts(293,51): error TS2352: Conversion of type '{ id: string; ruleId: string; triggeredAt: string; alertMessage: string; status: "active" | "acknowledged" | "resolved" | "dismissed"; notificationsSent: readonly []; createdAt: string; rule: { id: string; ... 10 more ...; createdAt: string; }; }[]' to type 'AlertInstance[]' may be a mistake because neither type sufficiently overlaps with the other. If this was intentional, convert the expression to 'unknown' first.
  Type '{ id: string; ruleId: string; triggeredAt: string; alertMessage: string; status: "active" | "acknowledged" | "resolved" | "dismissed"; notificationsSent: readonly []; createdAt: string; rule: { id: string; ... 10 more ...; createdAt: string; }; }' is not comparable to type 'AlertInstance'.
    Types of property 'notificationsSent' are incompatible.
      The type 'readonly []' is 'readonly' and cannot be assigned to the mutable type 'NotificationSentRecord[]'.
__tests__/alert-utils.property.test.ts(293,78): error TS2352: Conversion of type '{ id: string; ruleCode: string; ruleName: string; ruleType: "threshold"; severity: "critical" | "warning" | "info"; notifyRoles: readonly []; notifyUsers: readonly []; notificationChannels: readonly []; checkFrequency: "hourly"; cooldownMinutes: 60; isActive: boolean; createdAt: string; }[]' to type 'AlertRule[]' may be a mistake because neither type sufficiently overlaps with the other. If this was intentional, convert the expression to 'unknown' first.
  Type '{ id: string; ruleCode: string; ruleName: string; ruleType: "threshold"; severity: "critical" | "warning" | "info"; notifyRoles: readonly []; notifyUsers: readonly []; notificationChannels: readonly []; checkFrequency: "hourly"; cooldownMinutes: 60; isActive: boolean; createdAt: string; }' is not comparable to type 'AlertRule'.
    Types of property 'notifyRoles' are incompatible.
      The type 'readonly []' is 'readonly' and cannot be assigned to the mutable type 'string[]'.
__tests__/asset-actions.test.ts(577,54): error TS2345: Argument of type '{ status: AssetStatus; book_value: number | null; }[]' is not assignable to parameter of type 'Asset[]'.
  Type '{ status: AssetStatus; book_value: number | null; }' is missing the following properties from type 'Asset': id, asset_code, asset_name, description, and 42 more.
__tests__/asset-actions.test.ts(608,54): error TS2345: Argument of type '{ status: AssetStatus; book_value: number | null; }[]' is not assignable to parameter of type 'Asset[]'.
  Type '{ status: AssetStatus; book_value: number | null; }' is missing the following properties from type 'Asset': id, asset_code, asset_name, description, and 42 more.
__tests__/asset-permissions.test.ts(21,3): error TS2305: Module '"@/lib/permissions"' has no exported member 'canSeeAssetsNav'.
__tests__/asset-permissions.test.ts(45,56): error TS2345: Argument of type '"admin"' is not assignable to parameter of type 'UserRole'.
__tests__/asset-permissions.test.ts(48,61): error TS2345: Argument of type '"admin"' is not assignable to parameter of type 'UserRole'.
__tests__/asset-permissions.test.ts(49,55): error TS2345: Argument of type '"sales"' is not assignable to parameter of type 'UserRole'.
__tests__/asset-permissions.test.ts(52,59): error TS2345: Argument of type '"admin"' is not assignable to parameter of type 'UserRole'.
__tests__/asset-permissions.test.ts(53,71): error TS2345: Argument of type '"sales"' is not assignable to parameter of type 'UserRole'.
__tests__/asset-permissions.test.ts(56,57): error TS2345: Argument of type '"admin"' is not assignable to parameter of type 'UserRole'.
__tests__/asset-permissions.test.ts(57,69): error TS2345: Argument of type '"sales"' is not assignable to parameter of type 'UserRole'.
__tests__/asset-permissions.test.ts(60,65): error TS2345: Argument of type '"admin"' is not assignable to parameter of type 'UserRole'.
__tests__/asset-permissions.test.ts(61,70): error TS2345: Argument of type '"sales"' is not assignable to parameter of type 'UserRole'.
__tests__/asset-permissions.test.ts(64,66): error TS2345: Argument of type '"admin"' is not assignable to parameter of type 'UserRole'.
__tests__/asset-permissions.test.ts(65,67): error TS2345: Argument of type '"sales"' is not assignable to parameter of type 'UserRole'.
__tests__/asset-permissions.test.ts(68,60): error TS2345: Argument of type '"admin"' is not assignable to parameter of type 'UserRole'.
__tests__/asset-permissions.test.ts(69,54): error TS2345: Argument of type '"manager"' is not assignable to parameter of type 'UserRole'.
__tests__/asset-permissions.test.ts(72,62): error TS2345: Argument of type '"admin"' is not assignable to parameter of type 'UserRole'.
__tests__/asset-permissions.test.ts(73,67): error TS2345: Argument of type '"sales"' is not assignable to parameter of type 'UserRole'.
__tests__/asset-permissions.test.ts(76,56): error TS2345: Argument of type '"admin"' is not assignable to parameter of type 'UserRole'.
__tests__/asset-permissions.test.ts(77,50): error TS2345: Argument of type '"sales"' is not assignable to parameter of type 'UserRole'.
__tests__/asset-permissions.test.ts(90,32): error TS2345: Argument of type '{ id: string; email: string; full_name: string; role: UserRole; is_active: boolean; created_at: string; updated_at: string; }' is not assignable to parameter of type 'UserProfile'.
  Type '{ id: string; email: string; full_name: string; role: UserRole; is_active: boolean; created_at: string; updated_at: string; }' is missing the following properties from type 'UserProfile': user_id, avatar_url, department_scope, custom_dashboard, and 15 more.
__tests__/asset-permissions.test.ts(100,32): error TS2345: Argument of type '{ id: string; email: string; full_name: string; role: UserRole; is_active: boolean; created_at: string; updated_at: string; }' is not assignable to parameter of type 'UserProfile'.
  Type '{ id: string; email: string; full_name: string; role: UserRole; is_active: boolean; created_at: string; updated_at: string; }' is missing the following properties from type 'UserProfile': user_id, avatar_url, department_scope, custom_dashboard, and 15 more.
__tests__/asset-permissions.test.ts(112,33): error TS2345: Argument of type '{ id: string; email: string; full_name: string; role: UserRole; is_active: boolean; created_at: string; updated_at: string; }' is not assignable to parameter of type 'UserProfile'.
  Type '{ id: string; email: string; full_name: string; role: UserRole; is_active: boolean; created_at: string; updated_at: string; }' is missing the following properties from type 'UserProfile': user_id, avatar_url, department_scope, custom_dashboard, and 15 more.
__tests__/asset-permissions.test.ts(122,33): error TS2345: Argument of type '{ id: string; email: string; full_name: string; role: UserRole; is_active: boolean; created_at: string; updated_at: string; }' is not assignable to parameter of type 'UserProfile'.
  Type '{ id: string; email: string; full_name: string; role: UserRole; is_active: boolean; created_at: string; updated_at: string; }' is missing the following properties from type 'UserProfile': user_id, avatar_url, department_scope, custom_dashboard, and 15 more.
__tests__/asset-permissions.test.ts(134,31): error TS2345: Argument of type '{ id: string; email: string; full_name: string; role: UserRole; is_active: boolean; created_at: string; updated_at: string; }' is not assignable to parameter of type 'UserProfile'.
  Type '{ id: string; email: string; full_name: string; role: UserRole; is_active: boolean; created_at: string; updated_at: string; }' is missing the following properties from type 'UserProfile': user_id, avatar_url, department_scope, custom_dashboard, and 15 more.
__tests__/asset-permissions.test.ts(144,31): error TS2345: Argument of type '{ id: string; email: string; full_name: string; role: UserRole; is_active: boolean; created_at: string; updated_at: string; }' is not assignable to parameter of type 'UserProfile'.
  Type '{ id: string; email: string; full_name: string; role: UserRole; is_active: boolean; created_at: string; updated_at: string; }' is missing the following properties from type 'UserProfile': user_id, avatar_url, department_scope, custom_dashboard, and 15 more.
__tests__/asset-permissions.test.ts(156,39): error TS2345: Argument of type '{ id: string; email: string; full_name: string; role: UserRole; is_active: boolean; created_at: string; updated_at: string; }' is not assignable to parameter of type 'UserProfile'.
  Type '{ id: string; email: string; full_name: string; role: UserRole; is_active: boolean; created_at: string; updated_at: string; }' is missing the following properties from type 'UserProfile': user_id, avatar_url, department_scope, custom_dashboard, and 15 more.
__tests__/asset-permissions.test.ts(166,39): error TS2345: Argument of type '{ id: string; email: string; full_name: string; role: UserRole; is_active: boolean; created_at: string; updated_at: string; }' is not assignable to parameter of type 'UserProfile'.
  Type '{ id: string; email: string; full_name: string; role: UserRole; is_active: boolean; created_at: string; updated_at: string; }' is missing the following properties from type 'UserProfile': user_id, avatar_url, department_scope, custom_dashboard, and 15 more.
__tests__/asset-permissions.test.ts(178,41): error TS2345: Argument of type '{ id: string; email: string; full_name: string; role: UserRole; is_active: boolean; created_at: string; updated_at: string; }' is not assignable to parameter of type 'UserProfile'.
  Type '{ id: string; email: string; full_name: string; role: UserRole; is_active: boolean; created_at: string; updated_at: string; }' is missing the following properties from type 'UserProfile': user_id, avatar_url, department_scope, custom_dashboard, and 15 more.
__tests__/asset-permissions.test.ts(188,41): error TS2345: Argument of type '{ id: string; email: string; full_name: string; role: UserRole; is_active: boolean; created_at: string; updated_at: string; }' is not assignable to parameter of type 'UserProfile'.
  Type '{ id: string; email: string; full_name: string; role: UserRole; is_active: boolean; created_at: string; updated_at: string; }' is missing the following properties from type 'UserProfile': user_id, avatar_url, department_scope, custom_dashboard, and 15 more.
__tests__/asset-permissions.test.ts(200,34): error TS2345: Argument of type '{ id: string; email: string; full_name: string; role: UserRole; is_active: boolean; created_at: string; updated_at: string; }' is not assignable to parameter of type 'UserProfile'.
  Type '{ id: string; email: string; full_name: string; role: UserRole; is_active: boolean; created_at: string; updated_at: string; }' is missing the following properties from type 'UserProfile': user_id, avatar_url, department_scope, custom_dashboard, and 15 more.
__tests__/asset-permissions.test.ts(210,34): error TS2345: Argument of type '{ id: string; email: string; full_name: string; role: UserRole; is_active: boolean; created_at: string; updated_at: string; }' is not assignable to parameter of type 'UserProfile'.
  Type '{ id: string; email: string; full_name: string; role: UserRole; is_active: boolean; created_at: string; updated_at: string; }' is missing the following properties from type 'UserProfile': user_id, avatar_url, department_scope, custom_dashboard, and 15 more.
__tests__/asset-permissions.test.ts(222,42): error TS2345: Argument of type '{ id: string; email: string; full_name: string; role: UserRole; is_active: boolean; created_at: string; updated_at: string; }' is not assignable to parameter of type 'UserProfile'.
  Type '{ id: string; email: string; full_name: string; role: UserRole; is_active: boolean; created_at: string; updated_at: string; }' is missing the following properties from type 'UserProfile': user_id, avatar_url, department_scope, custom_dashboard, and 15 more.
__tests__/asset-permissions.test.ts(232,42): error TS2345: Argument of type '{ id: string; email: string; full_name: string; role: UserRole; is_active: boolean; created_at: string; updated_at: string; }' is not assignable to parameter of type 'UserProfile'.
  Type '{ id: string; email: string; full_name: string; role: UserRole; is_active: boolean; created_at: string; updated_at: string; }' is missing the following properties from type 'UserProfile': user_id, avatar_url, department_scope, custom_dashboard, and 15 more.
__tests__/asset-permissions.test.ts(267,28): error TS2345: Argument of type '{ id: string; email: string; full_name: string; role: UserRole; is_active: boolean; created_at: string; updated_at: string; }' is not assignable to parameter of type 'UserProfile'.
  Type '{ id: string; email: string; full_name: string; role: UserRole; is_active: boolean; created_at: string; updated_at: string; }' is missing the following properties from type 'UserProfile': user_id, avatar_url, department_scope, custom_dashboard, and 15 more.
__tests__/asset-permissions.test.ts(268,29): error TS2345: Argument of type '{ id: string; email: string; full_name: string; role: UserRole; is_active: boolean; created_at: string; updated_at: string; }' is not assignable to parameter of type 'UserProfile'.
  Type '{ id: string; email: string; full_name: string; role: UserRole; is_active: boolean; created_at: string; updated_at: string; }' is missing the following properties from type 'UserProfile': user_id, avatar_url, department_scope, custom_dashboard, and 15 more.
__tests__/asset-permissions.test.ts(269,27): error TS2345: Argument of type '{ id: string; email: string; full_name: string; role: UserRole; is_active: boolean; created_at: string; updated_at: string; }' is not assignable to parameter of type 'UserProfile'.
  Type '{ id: string; email: string; full_name: string; role: UserRole; is_active: boolean; created_at: string; updated_at: string; }' is missing the following properties from type 'UserProfile': user_id, avatar_url, department_scope, custom_dashboard, and 15 more.
__tests__/asset-permissions.test.ts(270,35): error TS2345: Argument of type '{ id: string; email: string; full_name: string; role: UserRole; is_active: boolean; created_at: string; updated_at: string; }' is not assignable to parameter of type 'UserProfile'.
  Type '{ id: string; email: string; full_name: string; role: UserRole; is_active: boolean; created_at: string; updated_at: string; }' is missing the following properties from type 'UserProfile': user_id, avatar_url, department_scope, custom_dashboard, and 15 more.
__tests__/asset-permissions.test.ts(271,37): error TS2345: Argument of type '{ id: string; email: string; full_name: string; role: UserRole; is_active: boolean; created_at: string; updated_at: string; }' is not assignable to parameter of type 'UserProfile'.
  Type '{ id: string; email: string; full_name: string; role: UserRole; is_active: boolean; created_at: string; updated_at: string; }' is missing the following properties from type 'UserProfile': user_id, avatar_url, department_scope, custom_dashboard, and 15 more.
__tests__/asset-permissions.test.ts(272,30): error TS2345: Argument of type '{ id: string; email: string; full_name: string; role: UserRole; is_active: boolean; created_at: string; updated_at: string; }' is not assignable to parameter of type 'UserProfile'.
  Type '{ id: string; email: string; full_name: string; role: UserRole; is_active: boolean; created_at: string; updated_at: string; }' is missing the following properties from type 'UserProfile': user_id, avatar_url, department_scope, custom_dashboard, and 15 more.
__tests__/asset-permissions.test.ts(273,38): error TS2345: Argument of type '{ id: string; email: string; full_name: string; role: UserRole; is_active: boolean; created_at: string; updated_at: string; }' is not assignable to parameter of type 'UserProfile'.
  Type '{ id: string; email: string; full_name: string; role: UserRole; is_active: boolean; created_at: string; updated_at: string; }' is missing the following properties from type 'UserProfile': user_id, avatar_url, department_scope, custom_dashboard, and 15 more.
__tests__/asset-permissions.test.ts(278,41): error TS2345: Argument of type '"admin"' is not assignable to parameter of type 'UserRole'.
__tests__/asset-permissions.test.ts(279,28): error TS2345: Argument of type '{ id: string; email: string; full_name: string; role: UserRole; is_active: boolean; created_at: string; updated_at: string; }' is not assignable to parameter of type 'UserProfile'.
  Type '{ id: string; email: string; full_name: string; role: UserRole; is_active: boolean; created_at: string; updated_at: string; }' is missing the following properties from type 'UserProfile': user_id, avatar_url, department_scope, custom_dashboard, and 15 more.
__tests__/asset-permissions.test.ts(280,29): error TS2345: Argument of type '{ id: string; email: string; full_name: string; role: UserRole; is_active: boolean; created_at: string; updated_at: string; }' is not assignable to parameter of type 'UserProfile'.
  Type '{ id: string; email: string; full_name: string; role: UserRole; is_active: boolean; created_at: string; updated_at: string; }' is missing the following properties from type 'UserProfile': user_id, avatar_url, department_scope, custom_dashboard, and 15 more.
__tests__/asset-permissions.test.ts(281,27): error TS2345: Argument of type '{ id: string; email: string; full_name: string; role: UserRole; is_active: boolean; created_at: string; updated_at: string; }' is not assignable to parameter of type 'UserProfile'.
  Type '{ id: string; email: string; full_name: string; role: UserRole; is_active: boolean; created_at: string; updated_at: string; }' is missing the following properties from type 'UserProfile': user_id, avatar_url, department_scope, custom_dashboard, and 15 more.
__tests__/asset-permissions.test.ts(282,35): error TS2345: Argument of type '{ id: string; email: string; full_name: string; role: UserRole; is_active: boolean; created_at: string; updated_at: string; }' is not assignable to parameter of type 'UserProfile'.
  Type '{ id: string; email: string; full_name: string; role: UserRole; is_active: boolean; created_at: string; updated_at: string; }' is missing the following properties from type 'UserProfile': user_id, avatar_url, department_scope, custom_dashboard, and 15 more.
__tests__/asset-permissions.test.ts(283,37): error TS2345: Argument of type '{ id: string; email: string; full_name: string; role: UserRole; is_active: boolean; created_at: string; updated_at: string; }' is not assignable to parameter of type 'UserProfile'.
  Type '{ id: string; email: string; full_name: string; role: UserRole; is_active: boolean; created_at: string; updated_at: string; }' is missing the following properties from type 'UserProfile': user_id, avatar_url, department_scope, custom_dashboard, and 15 more.
__tests__/asset-permissions.test.ts(284,30): error TS2345: Argument of type '{ id: string; email: string; full_name: string; role: UserRole; is_active: boolean; created_at: string; updated_at: string; }' is not assignable to parameter of type 'UserProfile'.
  Type '{ id: string; email: string; full_name: string; role: UserRole; is_active: boolean; created_at: string; updated_at: string; }' is missing the following properties from type 'UserProfile': user_id, avatar_url, department_scope, custom_dashboard, and 15 more.
__tests__/asset-permissions.test.ts(285,38): error TS2345: Argument of type '{ id: string; email: string; full_name: string; role: UserRole; is_active: boolean; created_at: string; updated_at: string; }' is not assignable to parameter of type 'UserProfile'.
  Type '{ id: string; email: string; full_name: string; role: UserRole; is_active: boolean; created_at: string; updated_at: string; }' is missing the following properties from type 'UserProfile': user_id, avatar_url, department_scope, custom_dashboard, and 15 more.
__tests__/asset-permissions.test.ts(290,41): error TS2345: Argument of type '"manager"' is not assignable to parameter of type 'UserRole'.
__tests__/asset-permissions.test.ts(291,28): error TS2345: Argument of type '{ id: string; email: string; full_name: string; role: UserRole; is_active: boolean; created_at: string; updated_at: string; }' is not assignable to parameter of type 'UserProfile'.
  Type '{ id: string; email: string; full_name: string; role: UserRole; is_active: boolean; created_at: string; updated_at: string; }' is missing the following properties from type 'UserProfile': user_id, avatar_url, department_scope, custom_dashboard, and 15 more.
__tests__/asset-permissions.test.ts(292,29): error TS2345: Argument of type '{ id: string; email: string; full_name: string; role: UserRole; is_active: boolean; created_at: string; updated_at: string; }' is not assignable to parameter of type 'UserProfile'.
  Type '{ id: string; email: string; full_name: string; role: UserRole; is_active: boolean; created_at: string; updated_at: string; }' is missing the following properties from type 'UserProfile': user_id, avatar_url, department_scope, custom_dashboard, and 15 more.
__tests__/asset-permissions.test.ts(293,27): error TS2345: Argument of type '{ id: string; email: string; full_name: string; role: UserRole; is_active: boolean; created_at: string; updated_at: string; }' is not assignable to parameter of type 'UserProfile'.
  Type '{ id: string; email: string; full_name: string; role: UserRole; is_active: boolean; created_at: string; updated_at: string; }' is missing the following properties from type 'UserProfile': user_id, avatar_url, department_scope, custom_dashboard, and 15 more.
__tests__/asset-permissions.test.ts(294,35): error TS2345: Argument of type '{ id: string; email: string; full_name: string; role: UserRole; is_active: boolean; created_at: string; updated_at: string; }' is not assignable to parameter of type 'UserProfile'.
  Type '{ id: string; email: string; full_name: string; role: UserRole; is_active: boolean; created_at: string; updated_at: string; }' is missing the following properties from type 'UserProfile': user_id, avatar_url, department_scope, custom_dashboard, and 15 more.
__tests__/asset-permissions.test.ts(295,37): error TS2345: Argument of type '{ id: string; email: string; full_name: string; role: UserRole; is_active: boolean; created_at: string; updated_at: string; }' is not assignable to parameter of type 'UserProfile'.
  Type '{ id: string; email: string; full_name: string; role: UserRole; is_active: boolean; created_at: string; updated_at: string; }' is missing the following properties from type 'UserProfile': user_id, avatar_url, department_scope, custom_dashboard, and 15 more.
__tests__/asset-permissions.test.ts(296,30): error TS2345: Argument of type '{ id: string; email: string; full_name: string; role: UserRole; is_active: boolean; created_at: string; updated_at: string; }' is not assignable to parameter of type 'UserProfile'.
  Type '{ id: string; email: string; full_name: string; role: UserRole; is_active: boolean; created_at: string; updated_at: string; }' is missing the following properties from type 'UserProfile': user_id, avatar_url, department_scope, custom_dashboard, and 15 more.
__tests__/asset-permissions.test.ts(297,38): error TS2345: Argument of type '{ id: string; email: string; full_name: string; role: UserRole; is_active: boolean; created_at: string; updated_at: string; }' is not assignable to parameter of type 'UserProfile'.
  Type '{ id: string; email: string; full_name: string; role: UserRole; is_active: boolean; created_at: string; updated_at: string; }' is missing the following properties from type 'UserProfile': user_id, avatar_url, department_scope, custom_dashboard, and 15 more.
__tests__/asset-permissions.test.ts(303,28): error TS2345: Argument of type '{ id: string; email: string; full_name: string; role: UserRole; is_active: boolean; created_at: string; updated_at: string; }' is not assignable to parameter of type 'UserProfile'.
  Type '{ id: string; email: string; full_name: string; role: UserRole; is_active: boolean; created_at: string; updated_at: string; }' is missing the following properties from type 'UserProfile': user_id, avatar_url, department_scope, custom_dashboard, and 15 more.
__tests__/asset-permissions.test.ts(304,29): error TS2345: Argument of type '{ id: string; email: string; full_name: string; role: UserRole; is_active: boolean; created_at: string; updated_at: string; }' is not assignable to parameter of type 'UserProfile'.
  Type '{ id: string; email: string; full_name: string; role: UserRole; is_active: boolean; created_at: string; updated_at: string; }' is missing the following properties from type 'UserProfile': user_id, avatar_url, department_scope, custom_dashboard, and 15 more.
__tests__/asset-permissions.test.ts(305,27): error TS2345: Argument of type '{ id: string; email: string; full_name: string; role: UserRole; is_active: boolean; created_at: string; updated_at: string; }' is not assignable to parameter of type 'UserProfile'.
  Type '{ id: string; email: string; full_name: string; role: UserRole; is_active: boolean; created_at: string; updated_at: string; }' is missing the following properties from type 'UserProfile': user_id, avatar_url, department_scope, custom_dashboard, and 15 more.
__tests__/asset-permissions.test.ts(306,35): error TS2345: Argument of type '{ id: string; email: string; full_name: string; role: UserRole; is_active: boolean; created_at: string; updated_at: string; }' is not assignable to parameter of type 'UserProfile'.
  Type '{ id: string; email: string; full_name: string; role: UserRole; is_active: boolean; created_at: string; updated_at: string; }' is missing the following properties from type 'UserProfile': user_id, avatar_url, department_scope, custom_dashboard, and 15 more.
__tests__/asset-permissions.test.ts(307,37): error TS2345: Argument of type '{ id: string; email: string; full_name: string; role: UserRole; is_active: boolean; created_at: string; updated_at: string; }' is not assignable to parameter of type 'UserProfile'.
  Type '{ id: string; email: string; full_name: string; role: UserRole; is_active: boolean; created_at: string; updated_at: string; }' is missing the following properties from type 'UserProfile': user_id, avatar_url, department_scope, custom_dashboard, and 15 more.
__tests__/asset-permissions.test.ts(308,30): error TS2345: Argument of type '{ id: string; email: string; full_name: string; role: UserRole; is_active: boolean; created_at: string; updated_at: string; }' is not assignable to parameter of type 'UserProfile'.
  Type '{ id: string; email: string; full_name: string; role: UserRole; is_active: boolean; created_at: string; updated_at: string; }' is missing the following properties from type 'UserProfile': user_id, avatar_url, department_scope, custom_dashboard, and 15 more.
__tests__/asset-permissions.test.ts(309,38): error TS2345: Argument of type '{ id: string; email: string; full_name: string; role: UserRole; is_active: boolean; created_at: string; updated_at: string; }' is not assignable to parameter of type 'UserProfile'.
  Type '{ id: string; email: string; full_name: string; role: UserRole; is_active: boolean; created_at: string; updated_at: string; }' is missing the following properties from type 'UserProfile': user_id, avatar_url, department_scope, custom_dashboard, and 15 more.
__tests__/asset-permissions.test.ts(315,28): error TS2345: Argument of type '{ id: string; email: string; full_name: string; role: UserRole; is_active: boolean; created_at: string; updated_at: string; }' is not assignable to parameter of type 'UserProfile'.
  Type '{ id: string; email: string; full_name: string; role: UserRole; is_active: boolean; created_at: string; updated_at: string; }' is missing the following properties from type 'UserProfile': user_id, avatar_url, department_scope, custom_dashboard, and 15 more.
__tests__/asset-permissions.test.ts(316,29): error TS2345: Argument of type '{ id: string; email: string; full_name: string; role: UserRole; is_active: boolean; created_at: string; updated_at: string; }' is not assignable to parameter of type 'UserProfile'.
  Type '{ id: string; email: string; full_name: string; role: UserRole; is_active: boolean; created_at: string; updated_at: string; }' is missing the following properties from type 'UserProfile': user_id, avatar_url, department_scope, custom_dashboard, and 15 more.
__tests__/asset-permissions.test.ts(317,27): error TS2345: Argument of type '{ id: string; email: string; full_name: string; role: UserRole; is_active: boolean; created_at: string; updated_at: string; }' is not assignable to parameter of type 'UserProfile'.
  Type '{ id: string; email: string; full_name: string; role: UserRole; is_active: boolean; created_at: string; updated_at: string; }' is missing the following properties from type 'UserProfile': user_id, avatar_url, department_scope, custom_dashboard, and 15 more.
__tests__/asset-permissions.test.ts(318,35): error TS2345: Argument of type '{ id: string; email: string; full_name: string; role: UserRole; is_active: boolean; created_at: string; updated_at: string; }' is not assignable to parameter of type 'UserProfile'.
  Type '{ id: string; email: string; full_name: string; role: UserRole; is_active: boolean; created_at: string; updated_at: string; }' is missing the following properties from type 'UserProfile': user_id, avatar_url, department_scope, custom_dashboard, and 15 more.
__tests__/asset-permissions.test.ts(319,37): error TS2345: Argument of type '{ id: string; email: string; full_name: string; role: UserRole; is_active: boolean; created_at: string; updated_at: string; }' is not assignable to parameter of type 'UserProfile'.
  Type '{ id: string; email: string; full_name: string; role: UserRole; is_active: boolean; created_at: string; updated_at: string; }' is missing the following properties from type 'UserProfile': user_id, avatar_url, department_scope, custom_dashboard, and 15 more.
__tests__/asset-permissions.test.ts(320,30): error TS2345: Argument of type '{ id: string; email: string; full_name: string; role: UserRole; is_active: boolean; created_at: string; updated_at: string; }' is not assignable to parameter of type 'UserProfile'.
  Type '{ id: string; email: string; full_name: string; role: UserRole; is_active: boolean; created_at: string; updated_at: string; }' is missing the following properties from type 'UserProfile': user_id, avatar_url, department_scope, custom_dashboard, and 15 more.
__tests__/asset-permissions.test.ts(321,38): error TS2345: Argument of type '{ id: string; email: string; full_name: string; role: UserRole; is_active: boolean; created_at: string; updated_at: string; }' is not assignable to parameter of type 'UserProfile'.
  Type '{ id: string; email: string; full_name: string; role: UserRole; is_active: boolean; created_at: string; updated_at: string; }' is missing the following properties from type 'UserProfile': user_id, avatar_url, department_scope, custom_dashboard, and 15 more.
__tests__/asset-permissions.test.ts(326,41): error TS2345: Argument of type '"sales"' is not assignable to parameter of type 'UserRole'.
__tests__/asset-permissions.test.ts(327,28): error TS2345: Argument of type '{ id: string; email: string; full_name: string; role: UserRole; is_active: boolean; created_at: string; updated_at: string; }' is not assignable to parameter of type 'UserProfile'.
  Type '{ id: string; email: string; full_name: string; role: UserRole; is_active: boolean; created_at: string; updated_at: string; }' is missing the following properties from type 'UserProfile': user_id, avatar_url, department_scope, custom_dashboard, and 15 more.
__tests__/asset-permissions.test.ts(328,29): error TS2345: Argument of type '{ id: string; email: string; full_name: string; role: UserRole; is_active: boolean; created_at: string; updated_at: string; }' is not assignable to parameter of type 'UserProfile'.
  Type '{ id: string; email: string; full_name: string; role: UserRole; is_active: boolean; created_at: string; updated_at: string; }' is missing the following properties from type 'UserProfile': user_id, avatar_url, department_scope, custom_dashboard, and 15 more.
__tests__/asset-permissions.test.ts(329,27): error TS2345: Argument of type '{ id: string; email: string; full_name: string; role: UserRole; is_active: boolean; created_at: string; updated_at: string; }' is not assignable to parameter of type 'UserProfile'.
  Type '{ id: string; email: string; full_name: string; role: UserRole; is_active: boolean; created_at: string; updated_at: string; }' is missing the following properties from type 'UserProfile': user_id, avatar_url, department_scope, custom_dashboard, and 15 more.
__tests__/asset-permissions.test.ts(330,35): error TS2345: Argument of type '{ id: string; email: string; full_name: string; role: UserRole; is_active: boolean; created_at: string; updated_at: string; }' is not assignable to parameter of type 'UserProfile'.
  Type '{ id: string; email: string; full_name: string; role: UserRole; is_active: boolean; created_at: string; updated_at: string; }' is missing the following properties from type 'UserProfile': user_id, avatar_url, department_scope, custom_dashboard, and 15 more.
__tests__/asset-permissions.test.ts(331,37): error TS2345: Argument of type '{ id: string; email: string; full_name: string; role: UserRole; is_active: boolean; created_at: string; updated_at: string; }' is not assignable to parameter of type 'UserProfile'.
  Type '{ id: string; email: string; full_name: string; role: UserRole; is_active: boolean; created_at: string; updated_at: string; }' is missing the following properties from type 'UserProfile': user_id, avatar_url, department_scope, custom_dashboard, and 15 more.
__tests__/asset-permissions.test.ts(332,30): error TS2345: Argument of type '{ id: string; email: string; full_name: string; role: UserRole; is_active: boolean; created_at: string; updated_at: string; }' is not assignable to parameter of type 'UserProfile'.
  Type '{ id: string; email: string; full_name: string; role: UserRole; is_active: boolean; created_at: string; updated_at: string; }' is missing the following properties from type 'UserProfile': user_id, avatar_url, department_scope, custom_dashboard, and 15 more.
__tests__/asset-permissions.test.ts(333,38): error TS2345: Argument of type '{ id: string; email: string; full_name: string; role: UserRole; is_active: boolean; created_at: string; updated_at: string; }' is not assignable to parameter of type 'UserProfile'.
  Type '{ id: string; email: string; full_name: string; role: UserRole; is_active: boolean; created_at: string; updated_at: string; }' is missing the following properties from type 'UserProfile': user_id, avatar_url, department_scope, custom_dashboard, and 15 more.
__tests__/asset-permissions.test.ts(338,41): error TS2345: Argument of type '"viewer"' is not assignable to parameter of type 'UserRole'.
__tests__/asset-permissions.test.ts(339,28): error TS2345: Argument of type '{ id: string; email: string; full_name: string; role: UserRole; is_active: boolean; created_at: string; updated_at: string; }' is not assignable to parameter of type 'UserProfile'.
  Type '{ id: string; email: string; full_name: string; role: UserRole; is_active: boolean; created_at: string; updated_at: string; }' is missing the following properties from type 'UserProfile': user_id, avatar_url, department_scope, custom_dashboard, and 15 more.
__tests__/asset-permissions.test.ts(340,29): error TS2345: Argument of type '{ id: string; email: string; full_name: string; role: UserRole; is_active: boolean; created_at: string; updated_at: string; }' is not assignable to parameter of type 'UserProfile'.
  Type '{ id: string; email: string; full_name: string; role: UserRole; is_active: boolean; created_at: string; updated_at: string; }' is missing the following properties from type 'UserProfile': user_id, avatar_url, department_scope, custom_dashboard, and 15 more.
__tests__/asset-permissions.test.ts(341,27): error TS2345: Argument of type '{ id: string; email: string; full_name: string; role: UserRole; is_active: boolean; created_at: string; updated_at: string; }' is not assignable to parameter of type 'UserProfile'.
  Type '{ id: string; email: string; full_name: string; role: UserRole; is_active: boolean; created_at: string; updated_at: string; }' is missing the following properties from type 'UserProfile': user_id, avatar_url, department_scope, custom_dashboard, and 15 more.
__tests__/asset-permissions.test.ts(342,35): error TS2345: Argument of type '{ id: string; email: string; full_name: string; role: UserRole; is_active: boolean; created_at: string; updated_at: string; }' is not assignable to parameter of type 'UserProfile'.
  Type '{ id: string; email: string; full_name: string; role: UserRole; is_active: boolean; created_at: string; updated_at: string; }' is missing the following properties from type 'UserProfile': user_id, avatar_url, department_scope, custom_dashboard, and 15 more.
__tests__/asset-permissions.test.ts(343,37): error TS2345: Argument of type '{ id: string; email: string; full_name: string; role: UserRole; is_active: boolean; created_at: string; updated_at: string; }' is not assignable to parameter of type 'UserProfile'.
  Type '{ id: string; email: string; full_name: string; role: UserRole; is_active: boolean; created_at: string; updated_at: string; }' is missing the following properties from type 'UserProfile': user_id, avatar_url, department_scope, custom_dashboard, and 15 more.
__tests__/asset-permissions.test.ts(344,30): error TS2345: Argument of type '{ id: string; email: string; full_name: string; role: UserRole; is_active: boolean; created_at: string; updated_at: string; }' is not assignable to parameter of type 'UserProfile'.
  Type '{ id: string; email: string; full_name: string; role: UserRole; is_active: boolean; created_at: string; updated_at: string; }' is missing the following properties from type 'UserProfile': user_id, avatar_url, department_scope, custom_dashboard, and 15 more.
__tests__/asset-permissions.test.ts(345,38): error TS2345: Argument of type '{ id: string; email: string; full_name: string; role: UserRole; is_active: boolean; created_at: string; updated_at: string; }' is not assignable to parameter of type 'UserProfile'.
  Type '{ id: string; email: string; full_name: string; role: UserRole; is_active: boolean; created_at: string; updated_at: string; }' is missing the following properties from type 'UserProfile': user_id, avatar_url, department_scope, custom_dashboard, and 15 more.
__tests__/audit-utils.property.test.ts(108,3): error TS2322: Type 'Arbitrary<{ id: string; audit_id: string; finding_number: number; severity: "critical" | "major" | "minor" | "observation"; category: string | null; finding_description: string; location_detail: string | null; ... 13 more ...; updated_at?: string | undefined; }>' is not assignable to type 'Arbitrary<AuditFinding>'.
  Type '{ id: string; audit_id: string; finding_number: number; severity: FindingSeverity; category: string | null; finding_description: string; location_detail: string | null; photos: string[] | readonly []; ... 12 more ...; updated_at?: string | undefined; }' is not assignable to type 'AuditFinding'.
    Types of property 'photos' are incompatible.
      Type 'string[] | readonly []' is not assignable to type 'string[]'.
        The type 'readonly []' is 'readonly' and cannot be assigned to the mutable type 'string[]'.
__tests__/audit-utils.property.test.ts(319,55): error TS2345: Argument of type '{ section: string; item_index: number; question: string; response: string | number | boolean; notes: string | null; finding_created: boolean; }[]' is not assignable to parameter of type 'ChecklistResponse[]'.
  Type '{ section: string; item_index: number; question: string; response: string | number | boolean; notes: string | null; finding_created: boolean; }' is not assignable to type 'ChecklistResponse'.
    Types of property 'notes' are incompatible.
      Type 'string | null' is not assignable to type 'string | undefined'.
        Type 'null' is not assignable to type 'string | undefined'.
__tests__/audit-utils.property.test.ts(363,17): error TS2322: Type 'null' is not assignable to type 'string | undefined'.
__tests__/audit-utils.property.test.ts(517,44): error TS2345: Argument of type '{ audit_type_id: string; type_code: string; type_name: string; frequency_days: number; last_conducted: null; next_due: string; }[]' is not assignable to parameter of type 'AuditScheduleItem[]'.
  Property 'category' is missing in type '{ audit_type_id: string; type_code: string; type_name: string; frequency_days: number; last_conducted: null; next_due: string; }' but required in type 'AuditScheduleItem'.
__tests__/audit-utils.property.test.ts(547,44): error TS2345: Argument of type '{ audit_type_id: string; type_code: string; type_name: string; frequency_days: number; last_conducted: null; next_due: string; }[]' is not assignable to parameter of type 'AuditScheduleItem[]'.
  Property 'category' is missing in type '{ audit_type_id: string; type_code: string; type_name: string; frequency_days: number; last_conducted: null; next_due: string; }' but required in type 'AuditScheduleItem'.
__tests__/audit-utils.property.test.ts(558,11): error TS2741: Property 'category' is missing in type '{ audit_type_id: string; type_code: string; type_name: string; frequency_days: number; last_conducted: null; next_due: string; }' but required in type 'AuditScheduleItem'.
__tests__/audit-utils.property.test.ts(863,48): error TS2345: Argument of type '{ id: string; audit_number: string; audit_type_id: string; scheduled_date: null; conducted_date: string; location: null; department_id: null; asset_id: null; job_order_id: null; auditor_id: null; ... 14 more ...; created_at: string; }[]' is not assignable to parameter of type 'Audit[]'.
  Property 'updated_at' is missing in type '{ id: string; audit_number: string; audit_type_id: string; scheduled_date: null; conducted_date: string; location: null; department_id: null; asset_id: null; job_order_id: null; auditor_id: null; ... 14 more ...; created_at: string; }' but required in type 'Audit'.
__tests__/audit-utils.property.test.ts(984,41): error TS2345: Argument of type '{ id: string; audit_number: string; audit_type_id: string; scheduled_date: string | null; conducted_date: string | null; location: string | null; department_id: string | null; asset_id: string | null; ... 16 more ...; created_at: string; }[]' is not assignable to parameter of type 'Audit[]'.
  Property 'updated_at' is missing in type '{ id: string; audit_number: string; audit_type_id: string; scheduled_date: string | null; conducted_date: string | null; location: string | null; department_id: string | null; asset_id: string | null; ... 16 more ...; created_at: string; }' but required in type 'Audit'.
__tests__/audit-utils.property.test.ts(1004,41): error TS2345: Argument of type '{ id: string; audit_number: string; audit_type_id: string; scheduled_date: string | null; conducted_date: string | null; location: string | null; department_id: string | null; asset_id: string | null; ... 16 more ...; created_at: string; }[]' is not assignable to parameter of type 'Audit[]'.
  Property 'updated_at' is missing in type '{ id: string; audit_number: string; audit_type_id: string; scheduled_date: string | null; conducted_date: string | null; location: string | null; department_id: string | null; asset_id: string | null; ... 16 more ...; created_at: string; }' but required in type 'Audit'.
__tests__/automation-log-actions.property.test.ts(288,15): error TS18048: 'log.execution_time_ms' is possibly 'undefined'.
__tests__/automation-stats-actions.property.test.ts(137,21): error TS2345: Argument of type 'Arbitrary<readonly []>' is not assignable to parameter of type 'Arbitrary<number[]>'.
  The type 'readonly []' is 'readonly' and cannot be assigned to the mutable type 'number[]'.
__tests__/bkk-utils.test.ts(26,15): error TS2305: Module '"@/types/database"' has no exported member 'BKK'.
__tests__/bkk-utils.test.ts(26,20): error TS2305: Module '"@/types/database"' has no exported member 'BKKStatus'.
__tests__/bkk-utils.test.ts(132,35): error TS7053: Element implicitly has an 'any' type because expression of type 'BKKStatus' can't be used to index type 'Record<BKKStatus, BKKStatus[]>'.
__tests__/bkk-utils.test.ts(323,22): error TS7053: Element implicitly has an 'any' type because expression of type 'BKKStatus' can't be used to index type '{ pending: number; approved: number; released: number; settled: number; rejected: number; cancelled: number; }'.
__tests__/booking-utils.property.test.ts(191,21): error TS2345: Argument of type 'RecordConstraints<BookingContainer>' is not assignable to parameter of type '{ requiredKeys?: Arbitrary<unknown> | undefined; noNullPrototype?: Arbitrary<unknown> | undefined; }'.
  Types of property 'requiredKeys' are incompatible.
    Type 'BookingContainer[] | undefined' is not assignable to type 'Arbitrary<unknown> | undefined'.
      Type 'BookingContainer[]' is missing the following properties from type 'Arbitrary<unknown>': generate, canShrinkWithoutContext, shrink, chain
__tests__/booking-utils.property.test.ts(192,36): error TS2551: Property 'generator' does not exist on type 'Arbitrary<BookingContainer>'. Did you mean 'generate'?
__tests__/dashboard-utils.test.ts(18,10): error TS2305: Module '"@/types/database"' has no exported member 'ActivityEntry'.
__tests__/dashboard-utils.test.ts(168,50): error TS2345: Argument of type '{ actual_amount: number | null | undefined; }[]' is not assignable to parameter of type 'Pick<{ actual_amount: number | null; category: string; confirmed_at: string | null; confirmed_by: string | null; created_at: string | null; description: string; estimated_amount: number; ... 10 more ...; vendor_id: string | null; }, "actual_amount">[]'.
  Type '{ actual_amount: number | null | undefined; }' is not assignable to type 'Pick<{ actual_amount: number | null; category: string; confirmed_at: string | null; confirmed_by: string | null; created_at: string | null; description: string; estimated_amount: number; ... 10 more ...; vendor_id: string | null; }, "actual_amount">'.
    Types of property 'actual_amount' are incompatible.
      Type 'number | null | undefined' is not assignable to type 'number | null'.
        Type 'undefined' is not assignable to type 'number | null'.
__tests__/dashboard-utils.test.ts(219,50): error TS2345: Argument of type '{ action_type: "pjo_approved"; document_number: string; user_name: string; }' is not assignable to parameter of type 'Pick<ActivityEntry, "details" | "action_type" | "document_number" | "user_name">'.
  Types of property 'action_type' are incompatible.
    Type '"pjo_approved"' is not assignable to type '"create" | "update" | "delete" | "approve" | "reject" | "submit" | "complete" | "cancel" | "release" | "settle" | "convert"'.
__tests__/dashboard-utils.test.ts(241,50): error TS2345: Argument of type '{ action_type: "jo_created"; document_number: string; user_name: string; details: { source_pjo_number: string; }; }' is not assignable to parameter of type 'Pick<ActivityEntry, "details" | "action_type" | "document_number" | "user_name">'.
  Types of property 'action_type' are incompatible.
    Type '"jo_created"' is not assignable to type '"create" | "update" | "delete" | "approve" | "reject" | "submit" | "complete" | "cancel" | "release" | "settle" | "convert"'.
__tests__/dashboard-utils.test.ts(260,50): error TS2345: Argument of type '{ action_type: "invoice_paid"; document_number: string; user_name: string; }' is not assignable to parameter of type 'Pick<ActivityEntry, "details" | "action_type" | "document_number" | "user_name">'.
  Types of property 'action_type' are incompatible.
    Type '"invoice_paid"' is not assignable to type '"create" | "update" | "delete" | "approve" | "reject" | "submit" | "complete" | "cancel" | "release" | "settle" | "convert"'.
__tests__/document-generator-actions.property.test.ts(25,3): error TS2459: Module '"@/lib/document-generator-actions"' declares 'validateDocumentData' locally, but it is not exported.
__tests__/document-generator-actions.property.test.ts(26,3): error TS2459: Module '"@/lib/document-generator-actions"' declares 'calculateInvoiceTotals' locally, but it is not exported.
__tests__/document-generator-actions.property.test.ts(27,3): error TS2459: Module '"@/lib/document-generator-actions"' declares 'buildInvoiceVariables' locally, but it is not exported.
__tests__/document-generator-actions.property.test.ts(28,3): error TS2459: Module '"@/lib/document-generator-actions"' declares 'validateInvoiceData' locally, but it is not exported.
__tests__/document-generator-actions.property.test.ts(29,3): error TS2459: Module '"@/lib/document-generator-actions"' declares 'buildQuotationVariables' locally, but it is not exported.
__tests__/document-generator-actions.property.test.ts(30,3): error TS2459: Module '"@/lib/document-generator-actions"' declares 'validateQuotationData' locally, but it is not exported.
__tests__/document-generator-actions.property.test.ts(31,3): error TS2459: Module '"@/lib/document-generator-actions"' declares 'buildDeliveryNoteVariables' locally, but it is not exported.
__tests__/document-generator-actions.property.test.ts(32,3): error TS2459: Module '"@/lib/document-generator-actions"' declares 'validateDeliveryNoteData' locally, but it is not exported.
__tests__/document-generator-actions.property.test.ts(34,3): error TS2459: Module '"@/lib/document-generator-actions"' declares 'matchesEntityFilter' locally, but it is not exported.
__tests__/document-generator-actions.property.test.ts(35,3): error TS2459: Module '"@/lib/document-generator-actions"' declares 'matchesDocumentTypeFilter' locally, but it is not exported.
__tests__/document-generator-actions.property.test.ts(36,3): error TS2459: Module '"@/lib/document-generator-actions"' declares 'matchesDateRangeFilter' locally, but it is not exported.
__tests__/document-generator-actions.property.test.ts(37,3): error TS2459: Module '"@/lib/document-generator-actions"' declares 'matchesAllFilters' locally, but it is not exported.
__tests__/document-generator-actions.property.test.ts(38,3): error TS2459: Module '"@/lib/document-generator-actions"' declares 'filterDocumentHistory' locally, but it is not exported.
__tests__/document-generator-actions.property.test.ts(39,3): error TS2459: Module '"@/lib/document-generator-actions"' declares 'validateHistoryDataCompleteness' locally, but it is not exported.
__tests__/document-generator-actions.property.test.ts(744,34): error TS7006: Parameter 'item' implicitly has an 'any' type.
__tests__/document-generator-actions.property.test.ts(744,40): error TS7006: Parameter 'index' implicitly has an 'any' type.
__tests__/document-generator-actions.property.test.ts(1268,34): error TS7006: Parameter 'item' implicitly has an 'any' type.
__tests__/document-generator-actions.property.test.ts(1837,34): error TS7006: Parameter 'item' implicitly has an 'any' type.
__tests__/employee-integration.test.ts(50,5): error TS2322: Type 'null' is not assignable to type 'EmployeeDocument[]'.
__tests__/employee-permissions.test.ts(7,3): error TS2724: '"@/lib/permissions"' has no exported member named 'canDeleteEmployee'. Did you mean 'canCreateEmployee'?
__tests__/employee-permissions.test.ts(10,3): error TS2305: Module '"@/lib/permissions"' has no exported member 'canSeeEmployeesNav'.
__tests__/employee-permissions.test.ts(17,12): error TS2345: Argument of type '"admin"' is not assignable to parameter of type 'UserRole'.
__tests__/employee-permissions.test.ts(21,50): error TS2322: Type '"admin"' is not assignable to type 'UserRole'.
__tests__/employee-permissions.test.ts(21,59): error TS2322: Type '"manager"' is not assignable to type 'UserRole'.
__tests__/employee-permissions.test.ts(24,52): error TS2322: Type '"admin"' is not assignable to type 'UserRole'.
__tests__/employee-permissions.test.ts(27,47): error TS2322: Type '"admin"' is not assignable to type 'UserRole'.
__tests__/employee-permissions.test.ts(30,47): error TS2322: Type '"admin"' is not assignable to type 'UserRole'.
__tests__/employee-permissions.test.ts(33,49): error TS2322: Type '"admin"' is not assignable to type 'UserRole'.
__tests__/employee-permissions.test.ts(33,58): error TS2322: Type '"manager"' is not assignable to type 'UserRole'.
__tests__/employee-permissions.test.ts(37,3): error TS2740: Type '{ id: string; user_id: string; email: string; full_name: string; avatar_url: null; role: UserRole; custom_dashboard: "default"; is_active: true; created_at: string; updated_at: string; ... 7 more ...; can_fill_costs: boolean; }' is missing the following properties from type 'UserProfile': department_scope, can_see_actual_costs, can_approve_jo, can_approve_bkk, and 4 more.
__tests__/employee-permissions.test.ts(89,47): error TS2322: Type '"sales"' is not assignable to type 'UserRole'.
__tests__/employee-permissions.test.ts(89,56): error TS2322: Type '"viewer"' is not assignable to type 'UserRole'.
__tests__/employee-permissions.test.ts(118,58): error TS2322: Type '"sales"' is not assignable to type 'UserRole'.
__tests__/employee-permissions.test.ts(118,67): error TS2322: Type '"viewer"' is not assignable to type 'UserRole'.
__tests__/employee-permissions.test.ts(238,49): error TS2345: Argument of type '"admin"' is not assignable to parameter of type 'UserRole'.
__tests__/employee-permissions.test.ts(239,49): error TS2345: Argument of type '"manager"' is not assignable to parameter of type 'UserRole'.
__tests__/employee-permissions.test.ts(242,49): error TS2345: Argument of type '"sales"' is not assignable to parameter of type 'UserRole'.
__tests__/employee-permissions.test.ts(243,49): error TS2345: Argument of type '"viewer"' is not assignable to parameter of type 'UserRole'.
__tests__/employee-permissions.test.ts(248,49): error TS2345: Argument of type '"admin"' is not assignable to parameter of type 'UserRole'.
__tests__/employee-permissions.test.ts(250,49): error TS2345: Argument of type '"manager"' is not assignable to parameter of type 'UserRole'.
__tests__/feedback-utils.property.test.ts(92,1): error TS2582: Cannot find name 'describe'. Do you need to install type definitions for a test runner? Try `npm i --save-dev @types/jest` or `npm i --save-dev @types/mocha`.
__tests__/feedback-utils.property.test.ts(93,3): error TS2582: Cannot find name 'describe'. Do you need to install type definitions for a test runner? Try `npm i --save-dev @types/jest` or `npm i --save-dev @types/mocha`.
__tests__/feedback-utils.property.test.ts(94,5): error TS2582: Cannot find name 'it'. Do you need to install type definitions for a test runner? Try `npm i --save-dev @types/jest` or `npm i --save-dev @types/mocha`.
__tests__/feedback-utils.property.test.ts(100,13): error TS2304: Cannot find name 'expect'.
__tests__/feedback-utils.property.test.ts(102,13): error TS2304: Cannot find name 'expect'.
__tests__/feedback-utils.property.test.ts(110,3): error TS2582: Cannot find name 'describe'. Do you need to install type definitions for a test runner? Try `npm i --save-dev @types/jest` or `npm i --save-dev @types/mocha`.
__tests__/feedback-utils.property.test.ts(111,5): error TS2582: Cannot find name 'it'. Do you need to install type definitions for a test runner? Try `npm i --save-dev @types/jest` or `npm i --save-dev @types/mocha`.
__tests__/feedback-utils.property.test.ts(128,13): error TS2304: Cannot find name 'expect'.
__tests__/feedback-utils.property.test.ts(129,13): error TS2304: Cannot find name 'expect'.
__tests__/feedback-utils.property.test.ts(136,5): error TS2582: Cannot find name 'it'. Do you need to install type definitions for a test runner? Try `npm i --save-dev @types/jest` or `npm i --save-dev @types/mocha`.
__tests__/feedback-utils.property.test.ts(148,13): error TS2304: Cannot find name 'expect'.
__tests__/feedback-utils.property.test.ts(149,13): error TS2304: Cannot find name 'expect'.
__tests__/feedback-utils.property.test.ts(156,5): error TS2582: Cannot find name 'it'. Do you need to install type definitions for a test runner? Try `npm i --save-dev @types/jest` or `npm i --save-dev @types/mocha`.
__tests__/feedback-utils.property.test.ts(168,13): error TS2304: Cannot find name 'expect'.
__tests__/feedback-utils.property.test.ts(169,13): error TS2304: Cannot find name 'expect'.
__tests__/feedback-utils.property.test.ts(177,3): error TS2582: Cannot find name 'describe'. Do you need to install type definitions for a test runner? Try `npm i --save-dev @types/jest` or `npm i --save-dev @types/mocha`.
__tests__/feedback-utils.property.test.ts(178,5): error TS2582: Cannot find name 'it'. Do you need to install type definitions for a test runner? Try `npm i --save-dev @types/jest` or `npm i --save-dev @types/mocha`.
__tests__/feedback-utils.property.test.ts(191,13): error TS2304: Cannot find name 'expect'.
__tests__/feedback-utils.property.test.ts(192,13): error TS2304: Cannot find name 'expect'.
__tests__/feedback-utils.property.test.ts(199,5): error TS2582: Cannot find name 'it'. Do you need to install type definitions for a test runner? Try `npm i --save-dev @types/jest` or `npm i --save-dev @types/mocha`.
__tests__/feedback-utils.property.test.ts(213,13): error TS2304: Cannot find name 'expect'.
__tests__/feedback-utils.property.test.ts(221,3): error TS2582: Cannot find name 'describe'. Do you need to install type definitions for a test runner? Try `npm i --save-dev @types/jest` or `npm i --save-dev @types/mocha`.
__tests__/feedback-utils.property.test.ts(222,5): error TS2582: Cannot find name 'it'. Do you need to install type definitions for a test runner? Try `npm i --save-dev @types/jest` or `npm i --save-dev @types/mocha`.
__tests__/feedback-utils.property.test.ts(235,13): error TS2304: Cannot find name 'expect'.
__tests__/feedback-utils.property.test.ts(236,13): error TS2304: Cannot find name 'expect'.
__tests__/feedback-utils.property.test.ts(243,5): error TS2582: Cannot find name 'it'. Do you need to install type definitions for a test runner? Try `npm i --save-dev @types/jest` or `npm i --save-dev @types/mocha`.
__tests__/feedback-utils.property.test.ts(257,13): error TS2304: Cannot find name 'expect'.
__tests__/feedback-utils.property.test.ts(265,3): error TS2582: Cannot find name 'describe'. Do you need to install type definitions for a test runner? Try `npm i --save-dev @types/jest` or `npm i --save-dev @types/mocha`.
__tests__/feedback-utils.property.test.ts(284,5): error TS2582: Cannot find name 'it'. Do you need to install type definitions for a test runner? Try `npm i --save-dev @types/jest` or `npm i --save-dev @types/mocha`.
__tests__/feedback-utils.property.test.ts(292,13): error TS2304: Cannot find name 'expect'.
__tests__/feedback-utils.property.test.ts(299,5): error TS2582: Cannot find name 'it'. Do you need to install type definitions for a test runner? Try `npm i --save-dev @types/jest` or `npm i --save-dev @types/mocha`.
__tests__/feedback-utils.property.test.ts(309,13): error TS2304: Cannot find name 'expect'.
__tests__/feedback-utils.property.test.ts(316,5): error TS2582: Cannot find name 'it'. Do you need to install type definitions for a test runner? Try `npm i --save-dev @types/jest` or `npm i --save-dev @types/mocha`.
__tests__/feedback-utils.property.test.ts(317,7): error TS2304: Cannot find name 'expect'.
__tests__/feedback-utils.property.test.ts(321,3): error TS2582: Cannot find name 'describe'. Do you need to install type definitions for a test runner? Try `npm i --save-dev @types/jest` or `npm i --save-dev @types/mocha`.
__tests__/feedback-utils.property.test.ts(322,5): error TS2582: Cannot find name 'it'. Do you need to install type definitions for a test runner? Try `npm i --save-dev @types/jest` or `npm i --save-dev @types/mocha`.
__tests__/feedback-utils.property.test.ts(335,17): error TS2304: Cannot find name 'expect'.
__tests__/feedback-utils.property.test.ts(338,17): error TS2304: Cannot find name 'expect'.
__tests__/feedback-utils.property.test.ts(341,17): error TS2304: Cannot find name 'expect'.
__tests__/feedback-utils.property.test.ts(351,3): error TS2582: Cannot find name 'describe'. Do you need to install type definitions for a test runner? Try `npm i --save-dev @types/jest` or `npm i --save-dev @types/mocha`.
__tests__/feedback-utils.property.test.ts(352,5): error TS2582: Cannot find name 'it'. Do you need to install type definitions for a test runner? Try `npm i --save-dev @types/jest` or `npm i --save-dev @types/mocha`.
__tests__/feedback-utils.property.test.ts(367,15): error TS2304: Cannot find name 'expect'.
__tests__/feedback-utils.property.test.ts(376,3): error TS2582: Cannot find name 'describe'. Do you need to install type definitions for a test runner? Try `npm i --save-dev @types/jest` or `npm i --save-dev @types/mocha`.
__tests__/feedback-utils.property.test.ts(377,5): error TS2582: Cannot find name 'it'. Do you need to install type definitions for a test runner? Try `npm i --save-dev @types/jest` or `npm i --save-dev @types/mocha`.
__tests__/feedback-utils.property.test.ts(402,17): error TS2304: Cannot find name 'expect'.
__tests__/feedback-utils.property.test.ts(405,17): error TS2304: Cannot find name 'expect'.
__tests__/feedback-utils.property.test.ts(415,3): error TS2582: Cannot find name 'describe'. Do you need to install type definitions for a test runner? Try `npm i --save-dev @types/jest` or `npm i --save-dev @types/mocha`.
__tests__/feedback-utils.property.test.ts(416,5): error TS2582: Cannot find name 'it'. Do you need to install type definitions for a test runner? Try `npm i --save-dev @types/jest` or `npm i --save-dev @types/mocha`.
__tests__/feedback-utils.property.test.ts(427,13): error TS2304: Cannot find name 'expect'.
__tests__/feedback-utils.property.test.ts(431,13): error TS2304: Cannot find name 'expect'.
__tests__/feedback-utils.property.test.ts(432,13): error TS2304: Cannot find name 'expect'.
__tests__/feedback-utils.property.test.ts(435,13): error TS2304: Cannot find name 'expect'.
__tests__/feedback-utils.property.test.ts(436,13): error TS2304: Cannot find name 'expect'.
__tests__/feedback-utils.property.test.ts(437,13): error TS2304: Cannot find name 'expect'.
__tests__/feedback-utils.property.test.ts(444,5): error TS2582: Cannot find name 'it'. Do you need to install type definitions for a test runner? Try `npm i --save-dev @types/jest` or `npm i --save-dev @types/mocha`.
__tests__/feedback-utils.property.test.ts(454,13): error TS2304: Cannot find name 'expect'.
__tests__/feedback-utils.property.test.ts(458,15): error TS2304: Cannot find name 'expect'.
__tests__/feedback-utils.property.test.ts(467,3): error TS2582: Cannot find name 'describe'. Do you need to install type definitions for a test runner? Try `npm i --save-dev @types/jest` or `npm i --save-dev @types/mocha`.
__tests__/feedback-utils.property.test.ts(473,5): error TS2582: Cannot find name 'it'. Do you need to install type definitions for a test runner? Try `npm i --save-dev @types/jest` or `npm i --save-dev @types/mocha`.
__tests__/feedback-utils.property.test.ts(477,11): error TS2304: Cannot find name 'expect'.
__tests__/feedback-utils.property.test.ts(483,5): error TS2582: Cannot find name 'it'. Do you need to install type definitions for a test runner? Try `npm i --save-dev @types/jest` or `npm i --save-dev @types/mocha`.
__tests__/feedback-utils.property.test.ts(487,11): error TS2304: Cannot find name 'expect'.
__tests__/feedback-utils.property.test.ts(488,11): error TS2304: Cannot find name 'expect'.
__tests__/feedback-utils.property.test.ts(495,3): error TS2582: Cannot find name 'describe'. Do you need to install type definitions for a test runner? Try `npm i --save-dev @types/jest` or `npm i --save-dev @types/mocha`.
__tests__/feedback-utils.property.test.ts(496,5): error TS2582: Cannot find name 'it'. Do you need to install type definitions for a test runner? Try `npm i --save-dev @types/jest` or `npm i --save-dev @types/mocha`.
__tests__/feedback-utils.property.test.ts(502,11): error TS2304: Cannot find name 'expect'.
__tests__/feedback-utils.property.test.ts(509,11): error TS2304: Cannot find name 'expect'.
__tests__/feedback-utils.property.test.ts(516,3): error TS2582: Cannot find name 'describe'. Do you need to install type definitions for a test runner? Try `npm i --save-dev @types/jest` or `npm i --save-dev @types/mocha`.
__tests__/feedback-utils.property.test.ts(517,5): error TS2582: Cannot find name 'it'. Do you need to install type definitions for a test runner? Try `npm i --save-dev @types/jest` or `npm i --save-dev @types/mocha`.
__tests__/feedback-utils.property.test.ts(525,13): error TS2304: Cannot find name 'expect'.
__tests__/feedback-utils.property.test.ts(532,13): error TS2304: Cannot find name 'expect'.
__tests__/feedback-utils.property.test.ts(533,13): error TS2304: Cannot find name 'expect'.
__tests__/feedback-utils.property.test.ts(540,13): error TS2304: Cannot find name 'expect'.
__tests__/feedback-utils.property.test.ts(547,13): error TS2304: Cannot find name 'expect'.
__tests__/feedback-utils.property.test.ts(554,5): error TS2582: Cannot find name 'it'. Do you need to install type definitions for a test runner? Try `npm i --save-dev @types/jest` or `npm i --save-dev @types/mocha`.
__tests__/feedback-utils.property.test.ts(573,13): error TS2304: Cannot find name 'expect'.
__tests__/feedback-utils.property.test.ts(574,13): error TS2304: Cannot find name 'expect'.
__tests__/feedback-utils.property.test.ts(575,13): error TS2304: Cannot find name 'expect'.
__tests__/feedback-utils.property.test.ts(576,13): error TS2304: Cannot find name 'expect'.
__tests__/feedback-utils.property.test.ts(584,3): error TS2582: Cannot find name 'describe'. Do you need to install type definitions for a test runner? Try `npm i --save-dev @types/jest` or `npm i --save-dev @types/mocha`.
__tests__/feedback-utils.property.test.ts(585,5): error TS2582: Cannot find name 'it'. Do you need to install type definitions for a test runner? Try `npm i --save-dev @types/jest` or `npm i --save-dev @types/mocha`.
__tests__/feedback-utils.property.test.ts(592,11): error TS2304: Cannot find name 'expect'.
__tests__/feedback-utils.property.test.ts(600,11): error TS2304: Cannot find name 'expect'.
__tests__/feedback-utils.property.test.ts(607,3): error TS2582: Cannot find name 'describe'. Do you need to install type definitions for a test runner? Try `npm i --save-dev @types/jest` or `npm i --save-dev @types/mocha`.
__tests__/feedback-utils.property.test.ts(618,5): error TS2582: Cannot find name 'it'. Do you need to install type definitions for a test runner? Try `npm i --save-dev @types/jest` or `npm i --save-dev @types/mocha`.
__tests__/feedback-utils.property.test.ts(632,17): error TS2304: Cannot find name 'expect'.
__tests__/feedback-utils.property.test.ts(637,13): error TS2304: Cannot find name 'expect'.
__tests__/feedback-utils.property.test.ts(644,5): error TS2582: Cannot find name 'it'. Do you need to install type definitions for a test runner? Try `npm i --save-dev @types/jest` or `npm i --save-dev @types/mocha`.
__tests__/feedback-utils.property.test.ts(651,13): error TS2304: Cannot find name 'expect'.
__tests__/feedback-utils.property.test.ts(655,13): error TS2304: Cannot find name 'expect'.
__tests__/feedback-utils.property.test.ts(663,3): error TS2582: Cannot find name 'describe'. Do you need to install type definitions for a test runner? Try `npm i --save-dev @types/jest` or `npm i --save-dev @types/mocha`.
__tests__/feedback-utils.property.test.ts(674,5): error TS2582: Cannot find name 'it'. Do you need to install type definitions for a test runner? Try `npm i --save-dev @types/jest` or `npm i --save-dev @types/mocha`.
__tests__/feedback-utils.property.test.ts(688,15): error TS2304: Cannot find name 'expect'.
__tests__/feedback-utils.property.test.ts(696,5): error TS2582: Cannot find name 'it'. Do you need to install type definitions for a test runner? Try `npm i --save-dev @types/jest` or `npm i --save-dev @types/mocha`.
__tests__/feedback-utils.property.test.ts(704,13): error TS2304: Cannot find name 'expect'.
__tests__/feedback-utils.property.test.ts(705,13): error TS2304: Cannot find name 'expect'.
__tests__/feedback-utils.property.test.ts(712,5): error TS2582: Cannot find name 'it'. Do you need to install type definitions for a test runner? Try `npm i --save-dev @types/jest` or `npm i --save-dev @types/mocha`.
__tests__/feedback-utils.property.test.ts(715,11): error TS2304: Cannot find name 'expect'.
__tests__/feedback-utils.property.test.ts(722,3): error TS2582: Cannot find name 'describe'. Do you need to install type definitions for a test runner? Try `npm i --save-dev @types/jest` or `npm i --save-dev @types/mocha`.
__tests__/feedback-utils.property.test.ts(723,5): error TS2582: Cannot find name 'it'. Do you need to install type definitions for a test runner? Try `npm i --save-dev @types/jest` or `npm i --save-dev @types/mocha`.
__tests__/feedback-utils.property.test.ts(727,11): error TS2304: Cannot find name 'expect'.
__tests__/feedback-utils.property.test.ts(733,5): error TS2582: Cannot find name 'it'. Do you need to install type definitions for a test runner? Try `npm i --save-dev @types/jest` or `npm i --save-dev @types/mocha`.
__tests__/feedback-utils.property.test.ts(737,11): error TS2304: Cannot find name 'expect'.
__tests__/feedback-utils.property.test.ts(738,11): error TS2304: Cannot find name 'expect'.
__tests__/finance-dashboard-enhanced-utils.property.test.ts(643,23): error TS2339: Property 'model' does not exist on type 'Arbitrary<{ id: string; bkk_number: string; status: "pending" | "approved" | "rejected" | "paid"; amount_requested: number; purpose: string | null; created_at: string; job_order: { jo_number: string; } | null; requested_by_user: { ...; } | null; }>'.
__tests__/finance-dashboard-enhanced-utils.property.test.ts(974,3): error TS2305: Module '"@/lib/permissions"' has no exported member 'canViewFinanceDashboard'.
__tests__/finance-dashboard-enhanced-utils.property.test.ts(975,3): error TS2305: Module '"@/lib/permissions"' has no exported member 'canViewARAPTotals'.
__tests__/finance-dashboard-enhanced-utils.property.test.ts(976,3): error TS2305: Module '"@/lib/permissions"' has no exported member 'canViewCashPosition'.
__tests__/finance-dashboard-enhanced-utils.property.test.ts(977,3): error TS2305: Module '"@/lib/permissions"' has no exported member 'canViewProfitMargins'.
__tests__/finance-dashboard-enhanced-utils.property.test.ts(978,3): error TS2305: Module '"@/lib/permissions"' has no exported member 'canRefreshFinanceDashboard'.
__tests__/finance-dashboard-enhanced-utils.property.test.ts(979,3): error TS2305: Module '"@/lib/permissions"' has no exported member 'canViewPendingBKK'.
__tests__/finance-dashboard-enhanced-utils.property.test.ts(984,61): error TS2740: Type '{ id: string; user_id: string; email: string; full_name: string; avatar_url: null; role: UserRole; custom_dashboard: "default"; is_active: true; created_at: string; updated_at: string; ... 7 more ...; can_fill_costs: boolean; }' is missing the following properties from type 'UserProfile': department_scope, can_see_actual_costs, can_approve_jo, can_approve_bkk, and 4 more.
__tests__/finance-dashboard-enhanced-utils.property.test.ts(1006,40): error TS2322: Type '"admin"' is not assignable to type 'UserRole'.
__tests__/finance-dashboard-enhanced-utils.property.test.ts(1006,49): error TS2322: Type '"manager"' is not assignable to type 'UserRole'.
__tests__/finance-dashboard-enhanced-utils.property.test.ts(1006,78): error TS2322: Type '"sales"' is not assignable to type 'UserRole'.
__tests__/finance-dashboard-enhanced-utils.property.test.ts(1006,87): error TS2322: Type '"viewer"' is not assignable to type 'UserRole'.
__tests__/finance-dashboard-enhanced-utils.property.test.ts(1021,61): error TS2322: Type '"admin"' is not assignable to type 'UserRole'.
__tests__/finance-dashboard-enhanced-utils.property.test.ts(1021,70): error TS2322: Type '"manager"' is not assignable to type 'UserRole'.
__tests__/finance-dashboard-enhanced-utils.property.test.ts(1030,47): error TS2322: Type '"sales"' is not assignable to type 'UserRole'.
__tests__/finance-dashboard-enhanced-utils.property.test.ts(1030,56): error TS2322: Type '"viewer"' is not assignable to type 'UserRole'.
__tests__/finance-dashboard-enhanced-utils.property.test.ts(1045,61): error TS2322: Type '"admin"' is not assignable to type 'UserRole'.
__tests__/finance-dashboard-enhanced-utils.property.test.ts(1045,70): error TS2322: Type '"manager"' is not assignable to type 'UserRole'.
__tests__/finance-dashboard-enhanced-utils.property.test.ts(1054,47): error TS2322: Type '"sales"' is not assignable to type 'UserRole'.
__tests__/finance-dashboard-enhanced-utils.property.test.ts(1054,56): error TS2322: Type '"viewer"' is not assignable to type 'UserRole'.
__tests__/finance-dashboard-enhanced-utils.property.test.ts(1065,61): error TS2322: Type '"admin"' is not assignable to type 'UserRole'.
__tests__/finance-dashboard-enhanced-utils.property.test.ts(1074,40): error TS2322: Type '"manager"' is not assignable to type 'UserRole'.
__tests__/finance-dashboard-enhanced-utils.property.test.ts(1074,58): error TS2322: Type '"sales"' is not assignable to type 'UserRole'.
__tests__/finance-dashboard-enhanced-utils.property.test.ts(1074,67): error TS2322: Type '"viewer"' is not assignable to type 'UserRole'.
__tests__/finance-dashboard-enhanced-utils.property.test.ts(1085,61): error TS2322: Type '"admin"' is not assignable to type 'UserRole'.
__tests__/finance-dashboard-enhanced-utils.property.test.ts(1094,40): error TS2322: Type '"manager"' is not assignable to type 'UserRole'.
__tests__/finance-dashboard-enhanced-utils.property.test.ts(1094,58): error TS2322: Type '"sales"' is not assignable to type 'UserRole'.
__tests__/finance-dashboard-enhanced-utils.property.test.ts(1094,67): error TS2322: Type '"viewer"' is not assignable to type 'UserRole'.
__tests__/finance-dashboard-enhanced-utils.property.test.ts(1105,61): error TS2322: Type '"admin"' is not assignable to type 'UserRole'.
__tests__/finance-dashboard-enhanced-utils.property.test.ts(1114,40): error TS2322: Type '"manager"' is not assignable to type 'UserRole'.
__tests__/finance-dashboard-enhanced-utils.property.test.ts(1114,58): error TS2322: Type '"sales"' is not assignable to type 'UserRole'.
__tests__/finance-dashboard-enhanced-utils.property.test.ts(1114,67): error TS2322: Type '"viewer"' is not assignable to type 'UserRole'.
__tests__/finance-dashboard-enhanced-utils.property.test.ts(1125,61): error TS2322: Type '"admin"' is not assignable to type 'UserRole'.
__tests__/finance-dashboard-enhanced-utils.property.test.ts(1125,70): error TS2322: Type '"manager"' is not assignable to type 'UserRole'.
__tests__/finance-dashboard-enhanced-utils.property.test.ts(1134,47): error TS2322: Type '"sales"' is not assignable to type 'UserRole'.
__tests__/finance-dashboard-enhanced-utils.property.test.ts(1134,56): error TS2322: Type '"viewer"' is not assignable to type 'UserRole'.
__tests__/jo-utils.test.ts(146,54): error TS2345: Argument of type '{ actual_amount: number | undefined; }[]' is not assignable to parameter of type 'Pick<{ actual_amount: number | null; category: string; confirmed_at: string | null; confirmed_by: string | null; created_at: string | null; description: string; estimated_amount: number; ... 10 more ...; vendor_id: string | null; }, "actual_amount">[]'.
  Type '{ actual_amount: number | undefined; }' is not assignable to type 'Pick<{ actual_amount: number | null; category: string; confirmed_at: string | null; confirmed_by: string | null; created_at: string | null; description: string; estimated_amount: number; ... 10 more ...; vendor_id: string | null; }, "actual_amount">'.
    Types of property 'actual_amount' are incompatible.
      Type 'number | undefined' is not assignable to type 'number | null'.
        Type 'undefined' is not assignable to type 'number | null'.
__tests__/jo-utils.test.ts(160,48): error TS2345: Argument of type '({ actual_amount: undefined; } | { actual_amount: number; })[]' is not assignable to parameter of type 'Pick<{ actual_amount: number | null; category: string; confirmed_at: string | null; confirmed_by: string | null; created_at: string | null; description: string; estimated_amount: number; ... 10 more ...; vendor_id: string | null; }, "actual_amount">[]'.
  Type '{ actual_amount: undefined; } | { actual_amount: number; }' is not assignable to type 'Pick<{ actual_amount: number | null; category: string; confirmed_at: string | null; confirmed_by: string | null; created_at: string | null; description: string; estimated_amount: number; ... 10 more ...; vendor_id: string | null; }, "actual_amount">'.
    Type '{ actual_amount: undefined; }' is not assignable to type 'Pick<{ actual_amount: number | null; category: string; confirmed_at: string | null; confirmed_by: string | null; created_at: string | null; description: string; estimated_amount: number; ... 10 more ...; vendor_id: string | null; }, "actual_amount">'.
      Types of property 'actual_amount' are incompatible.
        Type 'undefined' is not assignable to type 'number | null'.
__tests__/login.test.tsx(38,51): error TS2339: Property 'useSearchParams' does not exist on type 'MockedObject<Promise<ESModuleExports>>'.
__tests__/market-classification-utils.test.ts(52,7): error TS2322: Type 'Arbitrary<{ id: string; criteria_code: string; criteria_name: string; description: string | null; weight: number | null; is_active: boolean | null; display_order: number | null; created_at: null; auto_detect_rules: { ...; } | ... 2 more ... | null; }>' is not assignable to type 'Arbitrary<{ auto_detect_rules: Json; created_at: string | null; criteria_code: string; criteria_name: string; description: string | null; display_order: number | null; id: string; is_active: boolean | null; weight: number | null; }>'.
  Type '{ id: string; criteria_code: string; criteria_name: string; description: string | null; weight: number | null; is_active: boolean | null; display_order: number | null; created_at: null; auto_detect_rules: { ...; } | ... 2 more ... | null; }' is not assignable to type '{ auto_detect_rules: Json; created_at: string | null; criteria_code: string; criteria_name: string; description: string | null; display_order: number | null; id: string; is_active: boolean | null; weight: number | null; }'.
    Types of property 'auto_detect_rules' are incompatible.
      Type '{ field: "cargo_height_m" | "cargo_length_m" | "cargo_value" | "cargo_weight_kg" | "cargo_width_m" | "duration_days"; operator: ">" | "<" | ">=" | "<="; value: number; } | { field: "is_hazardous" | ... 1 more ... | "requires_special_permit"; operator: "="; value: boolean; } | { ...; } | null' is not assignable to type 'Json'.
        Type '{ field: "terrain_type"; operator: "in"; value: readonly ["mountain"] | readonly ["unpaved"] | readonly ["narrow"] | readonly ["mountain", "unpaved"] | readonly ["mountain", "unpaved", "narrow"]; }' is not assignable to type 'Json'.
          Type '{ field: "terrain_type"; operator: "in"; value: readonly ["mountain"] | readonly ["unpaved"] | readonly ["narrow"] | readonly ["mountain", "unpaved"] | readonly ["mountain", "unpaved", "narrow"]; }' is not assignable to type '{ [key: string]: Json | undefined; }'.
            Property 'value' is incompatible with index signature.
              Type 'readonly ["mountain"] | readonly ["unpaved"] | readonly ["narrow"] | readonly ["mountain", "unpaved"] | readonly ["mountain", "unpaved", "narrow"]' is not assignable to type 'Json | undefined'.
                Type 'readonly ["mountain"]' is not assignable to type 'Json | undefined'.
                  The type 'readonly ["mountain"]' is 'readonly' and cannot be assigned to the mutable type 'Json[]'.
__tests__/market-classification-utils.test.ts(261,15): error TS2322: Type '{ field: string; operator: string; value: readonly ["mountain"] | readonly ["unpaved"] | readonly ["narrow"] | readonly ["mountain", "unpaved"] | readonly ["mountain", "unpaved", "narrow"]; }' is not assignable to type 'Json'.
  Types of property 'value' are incompatible.
    Type 'readonly ["mountain"] | readonly ["unpaved"] | readonly ["narrow"] | readonly ["mountain", "unpaved"] | readonly ["mountain", "unpaved", "narrow"]' is not assignable to type 'Json | undefined'.
      Type 'readonly ["mountain"]' is not assignable to type 'Json | undefined'.
        The type 'readonly ["mountain"]' is 'readonly' and cannot be assigned to the mutable type 'Json[]'.
__tests__/market-classification-utils.test.ts(277,72): error TS2345: Argument of type '"normal" | "mountain" | "unpaved" | "narrow"' is not assignable to parameter of type 'never'.
  Type '"normal"' is not assignable to type 'never'.
__tests__/onboarding-actions.test.ts(73,80): error TS2345: Argument of type '"*"' is not assignable to parameter of type '"owner" | "finance" | "ops" | "admin" | "manager" | "sales"'.
__tests__/onboarding-actions.test.ts(243,42): error TS2367: This comparison appears to be unintentional because the types '"completed" | "skipped"' and '"pending"' have no overlap.
__tests__/onboarding-actions.test.ts(244,42): error TS2367: This comparison appears to be unintentional because the types '"completed" | "skipped"' and '"in_progress"' have no overlap.
__tests__/owner-permissions.test.ts(65,44): error TS2322: Type '"admin"' is not assignable to type 'UserRole'.
__tests__/owner-permissions.test.ts(65,53): error TS2322: Type '"manager"' is not assignable to type 'UserRole'.
__tests__/owner-permissions.test.ts(65,82): error TS2322: Type '"sales"' is not assignable to type 'UserRole'.
__tests__/owner-permissions.test.ts(65,91): error TS2322: Type '"viewer"' is not assignable to type 'UserRole'.
__tests__/owner-permissions.test.ts(77,40): error TS2322: Type '"admin"' is not assignable to type 'UserRole'.
__tests__/owner-permissions.test.ts(77,49): error TS2322: Type '"manager"' is not assignable to type 'UserRole'.
__tests__/owner-permissions.test.ts(77,78): error TS2322: Type '"sales"' is not assignable to type 'UserRole'.
__tests__/owner-permissions.test.ts(77,87): error TS2322: Type '"viewer"' is not assignable to type 'UserRole'.
__tests__/owner-permissions.test.ts(84,30): error TS2345: Argument of type '"admin"' is not assignable to parameter of type 'UserRole'.
__tests__/owner-permissions.test.ts(92,40): error TS2322: Type '"manager"' is not assignable to type 'UserRole'.
__tests__/owner-permissions.test.ts(92,69): error TS2322: Type '"sales"' is not assignable to type 'UserRole'.
__tests__/owner-permissions.test.ts(92,78): error TS2322: Type '"viewer"' is not assignable to type 'UserRole'.
__tests__/owner-permissions.test.ts(93,38): error TS2322: Type '"admin"' is not assignable to type 'UserRole'.
__tests__/owner-permissions.test.ts(93,47): error TS2322: Type '"manager"' is not assignable to type 'UserRole'.
__tests__/owner-permissions.test.ts(93,76): error TS2322: Type '"sales"' is not assignable to type 'UserRole'.
__tests__/owner-permissions.test.ts(93,85): error TS2322: Type '"viewer"' is not assignable to type 'UserRole'.
__tests__/owner-permissions.test.ts(141,7): error TS2322: Type '"viewer"' is not assignable to type 'UserRole'.
__tests__/owner-permissions.test.ts(168,44): error TS2322: Type '"admin"' is not assignable to type 'UserRole'.
__tests__/owner-permissions.test.ts(168,53): error TS2322: Type '"manager"' is not assignable to type 'UserRole'.
__tests__/owner-permissions.test.ts(168,82): error TS2322: Type '"sales"' is not assignable to type 'UserRole'.
__tests__/owner-permissions.test.ts(168,91): error TS2322: Type '"viewer"' is not assignable to type 'UserRole'.
__tests__/permissions.test.ts(15,3): error TS2322: Type '{ id: string; user_id: string | null; email: string; full_name: string | null; avatar_url: string | null; role: UserRole; department_scope?: DepartmentScope[] | undefined; ... 18 more ...; can_estimate_costs?: boolean | undefined; }' is not assignable to type 'UserProfile'.
  Types of property 'department_scope' are incompatible.
    Type 'DepartmentScope[] | undefined' is not assignable to type 'DepartmentScope[]'.
      Type 'undefined' is not assignable to type 'DepartmentScope[]'.
__tests__/pjo-itemized-financials.test.ts(26,25): error TS2345: Argument of type '{ id: string; pjo_id: string; description: string; quantity: number; unit: string; unit_price: number; subtotal: number; source_type: string; created_at: string; updated_at: string; }' is not assignable to parameter of type '{ created_at: string | null; description: string; id: string; notes: string | null; pjo_id: string; quantity: number; source_id: string | null; source_type: string | null; subtotal: number | null; unit: string; unit_price: number; updated_at: string | null; }'.
  Type '{ id: string; pjo_id: string; description: string; quantity: number; unit: string; unit_price: number; subtotal: number; source_type: string; created_at: string; updated_at: string; }' is missing the following properties from type '{ created_at: string | null; description: string; id: string; notes: string | null; pjo_id: string; quantity: number; source_id: string | null; source_type: string | null; subtotal: number | null; unit: string; unit_price: number; updated_at: string | null; }': notes, source_id
__tests__/pjo-itemized-financials.test.ts(42,25): error TS2345: Argument of type '{ id: string; pjo_id: string; description: string; quantity: number; unit: string; unit_price: number; subtotal: number; source_type: string; created_at: string; updated_at: string; }' is not assignable to parameter of type '{ created_at: string | null; description: string; id: string; notes: string | null; pjo_id: string; quantity: number; source_id: string | null; source_type: string | null; subtotal: number | null; unit: string; unit_price: number; updated_at: string | null; }'.
  Type '{ id: string; pjo_id: string; description: string; quantity: number; unit: string; unit_price: number; subtotal: number; source_type: string; created_at: string; updated_at: string; }' is missing the following properties from type '{ created_at: string | null; description: string; id: string; notes: string | null; pjo_id: string; quantity: number; source_id: string | null; source_type: string | null; subtotal: number | null; unit: string; unit_price: number; updated_at: string | null; }': notes, source_id
__tests__/pjo-itemized-financials.test.ts(58,25): error TS2345: Argument of type '{ id: string; pjo_id: string; description: string; quantity: number; unit: string; unit_price: number; subtotal: number; source_type: string; created_at: string; updated_at: string; }' is not assignable to parameter of type '{ created_at: string | null; description: string; id: string; notes: string | null; pjo_id: string; quantity: number; source_id: string | null; source_type: string | null; subtotal: number | null; unit: string; unit_price: number; updated_at: string | null; }'.
  Type '{ id: string; pjo_id: string; description: string; quantity: number; unit: string; unit_price: number; subtotal: number; source_type: string; created_at: string; updated_at: string; }' is missing the following properties from type '{ created_at: string | null; description: string; id: string; notes: string | null; pjo_id: string; quantity: number; source_id: string | null; source_type: string | null; subtotal: number | null; unit: string; unit_price: number; updated_at: string | null; }': notes, source_id
__tests__/pjo-itemized-financials.test.ts(78,22): error TS2345: Argument of type '{ id: string; pjo_id: string; category: string; description: string; estimated_amount: number; status: string; created_at: string; updated_at: string; }' is not assignable to parameter of type '{ actual_amount: number | null; category: string; confirmed_at: string | null; confirmed_by: string | null; created_at: string | null; description: string; estimated_amount: number; ... 10 more ...; vendor_id: string | null; }'.
  Type '{ id: string; pjo_id: string; category: string; description: string; estimated_amount: number; status: string; created_at: string; updated_at: string; }' is missing the following properties from type '{ actual_amount: number | null; category: string; confirmed_at: string | null; confirmed_by: string | null; created_at: string | null; description: string; estimated_amount: number; ... 10 more ...; vendor_id: string | null; }': actual_amount, confirmed_at, confirmed_by, estimated_by, and 6 more.
__tests__/pjo-itemized-financials.test.ts(92,22): error TS2345: Argument of type '{ id: string; pjo_id: string; category: string; description: string; estimated_amount: number; status: string; created_at: string; updated_at: string; }' is not assignable to parameter of type '{ actual_amount: number | null; category: string; confirmed_at: string | null; confirmed_by: string | null; created_at: string | null; description: string; estimated_amount: number; ... 10 more ...; vendor_id: string | null; }'.
  Type '{ id: string; pjo_id: string; category: string; description: string; estimated_amount: number; status: string; created_at: string; updated_at: string; }' is missing the following properties from type '{ actual_amount: number | null; category: string; confirmed_at: string | null; confirmed_by: string | null; created_at: string | null; description: string; estimated_amount: number; ... 10 more ...; vendor_id: string | null; }': actual_amount, confirmed_at, confirmed_by, estimated_by, and 6 more.
__tests__/pjo-itemized-financials.test.ts(106,22): error TS2345: Argument of type '{ id: string; pjo_id: string; category: string; description: string; estimated_amount: number; status: string; created_at: string; updated_at: string; }' is not assignable to parameter of type '{ actual_amount: number | null; category: string; confirmed_at: string | null; confirmed_by: string | null; created_at: string | null; description: string; estimated_amount: number; ... 10 more ...; vendor_id: string | null; }'.
  Type '{ id: string; pjo_id: string; category: string; description: string; estimated_amount: number; status: string; created_at: string; updated_at: string; }' is missing the following properties from type '{ actual_amount: number | null; category: string; confirmed_at: string | null; confirmed_by: string | null; created_at: string | null; description: string; estimated_amount: number; ... 10 more ...; vendor_id: string | null; }': actual_amount, confirmed_at, confirmed_by, estimated_by, and 6 more.
__tests__/pjo-itemized-financials.test.ts(133,25): error TS2345: Argument of type '{ id: string; pjo_id: string; description: string; quantity: number; unit: string; unit_price: number; subtotal: number; created_at: string; updated_at: string; }' is not assignable to parameter of type '{ created_at: string | null; description: string; id: string; notes: string | null; pjo_id: string; quantity: number; source_id: string | null; source_type: string | null; subtotal: number | null; unit: string; unit_price: number; updated_at: string | null; }'.
  Type '{ id: string; pjo_id: string; description: string; quantity: number; unit: string; unit_price: number; subtotal: number; created_at: string; updated_at: string; }' is missing the following properties from type '{ created_at: string | null; description: string; id: string; notes: string | null; pjo_id: string; quantity: number; source_id: string | null; source_type: string | null; subtotal: number | null; unit: string; unit_price: number; updated_at: string | null; }': notes, source_id, source_type
__tests__/pjo-itemized-financials.test.ts(145,22): error TS2345: Argument of type '{ id: string; pjo_id: string; category: string; description: string; estimated_amount: number; status: string; created_at: string; updated_at: string; }' is not assignable to parameter of type '{ actual_amount: number | null; category: string; confirmed_at: string | null; confirmed_by: string | null; created_at: string | null; description: string; estimated_amount: number; ... 10 more ...; vendor_id: string | null; }'.
  Type '{ id: string; pjo_id: string; category: string; description: string; estimated_amount: number; status: string; created_at: string; updated_at: string; }' is missing the following properties from type '{ actual_amount: number | null; category: string; confirmed_at: string | null; confirmed_by: string | null; created_at: string | null; description: string; estimated_amount: number; ... 10 more ...; vendor_id: string | null; }': actual_amount, confirmed_at, confirmed_by, estimated_by, and 6 more.
__tests__/pjo-itemized-financials.test.ts(173,9): error TS2740: Type '{ id: string; pjo_id: string; category: string; description: string; estimated_amount: number; actual_amount: null; status: string; created_at: string; updated_at: string; }' is missing the following properties from type '{ actual_amount: number | null; category: string; confirmed_at: string | null; confirmed_by: string | null; created_at: string | null; description: string; estimated_amount: number; ... 10 more ...; vendor_id: string | null; }': confirmed_at, confirmed_by, estimated_by, justification, and 5 more.
__tests__/pjo-itemized-financials.test.ts(184,9): error TS2740: Type '{ id: string; pjo_id: string; category: string; description: string; estimated_amount: number; actual_amount: null; status: string; created_at: string; updated_at: string; }' is missing the following properties from type '{ actual_amount: number | null; category: string; confirmed_at: string | null; confirmed_by: string | null; created_at: string | null; description: string; estimated_amount: number; ... 10 more ...; vendor_id: string | null; }': confirmed_at, confirmed_by, estimated_by, justification, and 5 more.
__tests__/pjo-itemized-financials.test.ts(195,9): error TS2740: Type '{ id: string; pjo_id: string; category: string; description: string; estimated_amount: number; actual_amount: null; status: string; created_at: string; updated_at: string; }' is missing the following properties from type '{ actual_amount: number | null; category: string; confirmed_at: string | null; confirmed_by: string | null; created_at: string | null; description: string; estimated_amount: number; ... 10 more ...; vendor_id: string | null; }': confirmed_at, confirmed_by, estimated_by, justification, and 5 more.
__tests__/pjo-itemized-financials.test.ts(257,9): error TS2740: Type '{ id: string; pjo_id: string; category: string; description: string; estimated_amount: number; actual_amount: number; status: string; created_at: string; updated_at: string; }' is missing the following properties from type '{ actual_amount: number | null; category: string; confirmed_at: string | null; confirmed_by: string | null; created_at: string | null; description: string; estimated_amount: number; ... 10 more ...; vendor_id: string | null; }': confirmed_at, confirmed_by, estimated_by, justification, and 5 more.
__tests__/pjo-itemized-financials.test.ts(268,9): error TS2740: Type '{ id: string; pjo_id: string; category: string; description: string; estimated_amount: number; actual_amount: number; status: string; created_at: string; updated_at: string; }' is missing the following properties from type '{ actual_amount: number | null; category: string; confirmed_at: string | null; confirmed_by: string | null; created_at: string | null; description: string; estimated_amount: number; ... 10 more ...; vendor_id: string | null; }': confirmed_at, confirmed_by, estimated_by, justification, and 5 more.
__tests__/pjo-itemized-financials.test.ts(300,9): error TS2740: Type '{ id: string; pjo_id: string; category: string; description: string; estimated_amount: number; actual_amount: number; status: string; created_at: string; updated_at: string; }' is missing the following properties from type '{ actual_amount: number | null; category: string; confirmed_at: string | null; confirmed_by: string | null; created_at: string | null; description: string; estimated_amount: number; ... 10 more ...; vendor_id: string | null; }': confirmed_at, confirmed_by, estimated_by, justification, and 5 more.
__tests__/pjo-itemized-financials.test.ts(311,9): error TS2740: Type '{ id: string; pjo_id: string; category: string; description: string; estimated_amount: number; actual_amount: null; status: string; created_at: string; updated_at: string; }' is missing the following properties from type '{ actual_amount: number | null; category: string; confirmed_at: string | null; confirmed_by: string | null; created_at: string | null; description: string; estimated_amount: number; ... 10 more ...; vendor_id: string | null; }': confirmed_at, confirmed_by, estimated_by, justification, and 5 more.
__tests__/pjo-itemized-financials.test.ts(333,9): error TS2740: Type '{ id: string; pjo_id: string; category: string; description: string; estimated_amount: number; actual_amount: number; status: string; created_at: string; updated_at: string; }' is missing the following properties from type '{ actual_amount: number | null; category: string; confirmed_at: string | null; confirmed_by: string | null; created_at: string | null; description: string; estimated_amount: number; ... 10 more ...; vendor_id: string | null; }': confirmed_at, confirmed_by, estimated_by, justification, and 5 more.
__tests__/pjo-itemized-financials.test.ts(344,9): error TS2740: Type '{ id: string; pjo_id: string; category: string; description: string; estimated_amount: number; actual_amount: number; status: string; created_at: string; updated_at: string; }' is missing the following properties from type '{ actual_amount: number | null; category: string; confirmed_at: string | null; confirmed_by: string | null; created_at: string | null; description: string; estimated_amount: number; ... 10 more ...; vendor_id: string | null; }': confirmed_at, confirmed_by, estimated_by, justification, and 5 more.
__tests__/pjo-itemized-financials.test.ts(381,9): error TS2739: Type '{ id: string; pjo_id: string; description: string; quantity: number; unit: string; unit_price: number; subtotal: number; created_at: string; updated_at: string; }' is missing the following properties from type '{ created_at: string | null; description: string; id: string; notes: string | null; pjo_id: string; quantity: number; source_id: string | null; source_type: string | null; subtotal: number | null; unit: string; unit_price: number; updated_at: string | null; }': notes, source_id, source_type
__tests__/pjo-itemized-financials.test.ts(395,9): error TS2740: Type '{ id: string; pjo_id: string; category: string; description: string; estimated_amount: number; actual_amount: number; status: string; created_at: string; updated_at: string; }' is missing the following properties from type '{ actual_amount: number | null; category: string; confirmed_at: string | null; confirmed_by: string | null; created_at: string | null; description: string; estimated_amount: number; ... 10 more ...; vendor_id: string | null; }': confirmed_at, confirmed_by, estimated_by, justification, and 5 more.
__tests__/pjo-itemized-financials.test.ts(406,9): error TS2740: Type '{ id: string; pjo_id: string; category: string; description: string; estimated_amount: number; actual_amount: number; status: string; created_at: string; updated_at: string; }' is missing the following properties from type '{ actual_amount: number | null; category: string; confirmed_at: string | null; confirmed_by: string | null; created_at: string | null; description: string; estimated_amount: number; ... 10 more ...; vendor_id: string | null; }': confirmed_at, confirmed_by, estimated_by, justification, and 5 more.
__tests__/pjo-itemized-financials.test.ts(417,9): error TS2740: Type '{ id: string; pjo_id: string; category: string; description: string; estimated_amount: number; actual_amount: number; status: string; created_at: string; updated_at: string; }' is missing the following properties from type '{ actual_amount: number | null; category: string; confirmed_at: string | null; confirmed_by: string | null; created_at: string | null; description: string; estimated_amount: number; ... 10 more ...; vendor_id: string | null; }': confirmed_at, confirmed_by, estimated_by, justification, and 5 more.
__tests__/pjo-itemized-financials.test.ts(462,9): error TS2739: Type '{ id: string; pjo_id: string; description: string; quantity: number; unit: string; unit_price: number; subtotal: number; created_at: string; updated_at: string; }' is missing the following properties from type '{ created_at: string | null; description: string; id: string; notes: string | null; pjo_id: string; quantity: number; source_id: string | null; source_type: string | null; subtotal: number | null; unit: string; unit_price: number; updated_at: string | null; }': notes, source_id, source_type
__tests__/pjo-utils.test.ts(159,7): error TS2322: Type '{ projects: { id: string; name: string; customers?: { id: string; name: string; } | null; } | null; quotation_id?: string | null | undefined; quotation?: { id: string; quotation_number: string; title: string; } | null | undefined; ... 68 more ...; workflow_status?: string | ... 1 more ... | undefined; }' is not assignable to type 'PJOWithRelations'.
  Types of property 'cargo_height_m' are incompatible.
    Type 'number | null | undefined' is not assignable to type 'number | null'.
      Type 'undefined' is not assignable to type 'number | null'.
__tests__/pjo-utils.test.ts(453,9): error TS2739: Type '{ id: string; pjo_id: string; description: string; quantity: number; unit: string; unit_price: number; subtotal: number; created_at: string; updated_at: string; }' is missing the following properties from type '{ created_at: string | null; description: string; id: string; notes: string | null; pjo_id: string; quantity: number; source_id: string | null; source_type: string | null; subtotal: number | null; unit: string; unit_price: number; updated_at: string | null; }': notes, source_id, source_type
__tests__/pjo-utils.test.ts(454,9): error TS2739: Type '{ id: string; pjo_id: string; description: string; quantity: number; unit: string; unit_price: number; subtotal: number; created_at: string; updated_at: string; }' is missing the following properties from type '{ created_at: string | null; description: string; id: string; notes: string | null; pjo_id: string; quantity: number; source_id: string | null; source_type: string | null; subtotal: number | null; unit: string; unit_price: number; updated_at: string | null; }': notes, source_id, source_type
__tests__/pjo-utils.test.ts(502,11): error TS2740: Type '{ pjo_id: string; category: string; description: string; status: string; created_at: string; updated_at: string; }' is missing the following properties from type 'Omit<{ actual_amount: number | null; category: string; confirmed_at: string | null; confirmed_by: string | null; created_at: string | null; description: string; estimated_amount: number; ... 10 more ...; vendor_id: string | null; }, "estimated_amount" | ... 1 more ... | "actual_amount">': notes, confirmed_at, confirmed_by, estimated_by, and 5 more.
__tests__/pjo-utils.test.ts(513,64): error TS2322: Type 'undefined' is not assignable to type 'number | null'.
__tests__/pjo-utils.test.ts(514,64): error TS2322: Type 'undefined' is not assignable to type 'number | null'.
__tests__/pjo-utils.test.ts(529,64): error TS2322: Type 'undefined' is not assignable to type 'number | null'.
__tests__/pjo-utils.test.ts(593,9): error TS2740: Type '{ id: string; pjo_id: string; category: string; description: string; estimated_amount: number; actual_amount: number; status: string; created_at: string; updated_at: string; }' is missing the following properties from type '{ actual_amount: number | null; category: string; confirmed_at: string | null; confirmed_by: string | null; created_at: string | null; description: string; estimated_amount: number; ... 10 more ...; vendor_id: string | null; }': confirmed_at, confirmed_by, estimated_by, justification, and 5 more.
__tests__/pjo-utils.test.ts(594,9): error TS2740: Type '{ id: string; pjo_id: string; category: string; description: string; estimated_amount: number; actual_amount: number; status: string; created_at: string; updated_at: string; }' is missing the following properties from type '{ actual_amount: number | null; category: string; confirmed_at: string | null; confirmed_by: string | null; created_at: string | null; description: string; estimated_amount: number; ... 10 more ...; vendor_id: string | null; }': confirmed_at, confirmed_by, estimated_by, justification, and 5 more.
__tests__/pjo-utils.test.ts(595,9): error TS2740: Type '{ id: string; pjo_id: string; category: string; description: string; estimated_amount: number; actual_amount: null; status: string; created_at: string; updated_at: string; }' is missing the following properties from type '{ actual_amount: number | null; category: string; confirmed_at: string | null; confirmed_by: string | null; created_at: string | null; description: string; estimated_amount: number; ... 10 more ...; vendor_id: string | null; }': confirmed_at, confirmed_by, estimated_by, justification, and 5 more.
__tests__/pjo-utils.test.ts(612,9): error TS2740: Type '{ id: string; pjo_id: string; category: string; description: string; estimated_amount: number; actual_amount: number; status: string; created_at: string; updated_at: string; }' is missing the following properties from type '{ actual_amount: number | null; category: string; confirmed_at: string | null; confirmed_by: string | null; created_at: string | null; description: string; estimated_amount: number; ... 10 more ...; vendor_id: string | null; }': confirmed_at, confirmed_by, estimated_by, justification, and 5 more.
__tests__/pjo-utils.test.ts(613,9): error TS2740: Type '{ id: string; pjo_id: string; category: string; description: string; estimated_amount: number; actual_amount: number; status: string; created_at: string; updated_at: string; }' is missing the following properties from type '{ actual_amount: number | null; category: string; confirmed_at: string | null; confirmed_by: string | null; created_at: string | null; description: string; estimated_amount: number; ... 10 more ...; vendor_id: string | null; }': confirmed_at, confirmed_by, estimated_by, justification, and 5 more.
__tests__/preview-components.test.tsx(9,53): error TS2322: Type '"manager"' is not assignable to type 'UserRole'.
__tests__/preview-components.test.tsx(41,29): error TS2322: Type '"admin"' is not assignable to type 'UserRole'.
__tests__/preview-components.test.tsx(89,11): error TS2322: Type '"admin"' is not assignable to type 'UserRole'.
__tests__/preview-context.test.tsx(10,53): error TS2322: Type '"manager"' is not assignable to type 'UserRole'.
__tests__/preview-context.test.tsx(11,50): error TS2322: Type '"manager"' is not assignable to type 'UserRole'.
__tests__/profitability-utils.test.ts(192,9): error TS2741: Property 'equipmentCost' is missing in type '{ joId: string; joNumber: string; customerName: string; projectName: string; revenue: number; directCost: number; overhead: number; netProfit: number; netMargin: number; createdAt: Date; }' but required in type 'JobProfitabilityData'.
__tests__/profitability-utils.test.ts(204,9): error TS2741: Property 'equipmentCost' is missing in type '{ joId: string; joNumber: string; customerName: string; projectName: string; revenue: number; directCost: number; overhead: number; netProfit: number; netMargin: number; createdAt: Date; }' but required in type 'JobProfitabilityData'.
__tests__/profitability-utils.test.ts(366,9): error TS2741: Property 'equipmentCost' is missing in type '{ joId: string; joNumber: string; customerName: string; projectName: string; revenue: number; directCost: number; overhead: number; netProfit: number; netMargin: number; createdAt: Date; }' but required in type 'JobProfitabilityData'.
__tests__/profitability-utils.test.ts(378,9): error TS2741: Property 'equipmentCost' is missing in type '{ joId: string; joNumber: string; customerName: string; projectName: string; revenue: number; directCost: number; overhead: number; netProfit: number; netMargin: number; createdAt: Date; }' but required in type 'JobProfitabilityData'.
__tests__/profitability-utils.test.ts(399,9): error TS2741: Property 'equipmentCost' is missing in type '{ joId: string; joNumber: string; customerName: string; projectName: string; revenue: number; directCost: number; overhead: number; netProfit: number; netMargin: number; createdAt: Date; }' but required in type 'JobProfitabilityData'.
__tests__/profitability-utils.test.ts(411,9): error TS2741: Property 'equipmentCost' is missing in type '{ joId: string; joNumber: string; customerName: string; projectName: string; revenue: number; directCost: number; overhead: number; netProfit: number; netMargin: number; createdAt: Date; }' but required in type 'JobProfitabilityData'.
__tests__/profitability-utils.test.ts(423,9): error TS2741: Property 'equipmentCost' is missing in type '{ joId: string; joNumber: string; customerName: string; projectName: string; revenue: number; directCost: number; overhead: number; netProfit: number; netMargin: number; createdAt: Date; }' but required in type 'JobProfitabilityData'.
__tests__/report-config-utils.test.ts(110,52): error TS2345: Argument of type '{ id: string; report_code: string; report_name: string; description: string | null; report_category: "finance" | "sales" | "operations" | "executive"; default_filters: {}; columns: readonly []; allowed_roles: ("owner" | ... 4 more ... | "manager")[]; ... 5 more ...; updated_at: string; }[]' is not assignable to parameter of type 'ReportConfigurationDB[]'.
  Type '{ id: string; report_code: string; report_name: string; description: string | null; report_category: "finance" | "sales" | "operations" | "executive"; default_filters: {}; columns: readonly []; allowed_roles: ("owner" | ... 4 more ... | "manager")[]; ... 5 more ...; updated_at: string; }' is not assignable to type 'ReportConfigurationDB'.
    Types of property 'columns' are incompatible.
      The type 'readonly []' is 'readonly' and cannot be assigned to the mutable type 'ReportColumnConfig[]'.
__tests__/report-config-utils.test.ts(134,52): error TS2345: Argument of type '{ id: string; report_code: string; report_name: string; description: string | null; report_category: "finance" | "sales" | "operations" | "executive"; default_filters: {}; columns: readonly []; allowed_roles: ("owner" | ... 4 more ... | "manager")[]; ... 5 more ...; updated_at: string; }[]' is not assignable to parameter of type 'ReportConfigurationDB[]'.
  Type '{ id: string; report_code: string; report_name: string; description: string | null; report_category: "finance" | "sales" | "operations" | "executive"; default_filters: {}; columns: readonly []; allowed_roles: ("owner" | ... 4 more ... | "manager")[]; ... 5 more ...; updated_at: string; }' is not assignable to type 'ReportConfigurationDB'.
    Types of property 'columns' are incompatible.
      The type 'readonly []' is 'readonly' and cannot be assigned to the mutable type 'ReportColumnConfig[]'.
__tests__/report-config-utils.test.ts(181,54): error TS2345: Argument of type '{ id: string; report_code: string; report_name: string; description: string | null; report_category: "finance" | "sales" | "operations" | "executive"; default_filters: {}; columns: readonly []; allowed_roles: ("owner" | ... 4 more ... | "manager")[]; ... 5 more ...; updated_at: string; }[]' is not assignable to parameter of type 'ReportConfigurationDB[]'.
  Type '{ id: string; report_code: string; report_name: string; description: string | null; report_category: "finance" | "sales" | "operations" | "executive"; default_filters: {}; columns: readonly []; allowed_roles: ("owner" | ... 4 more ... | "manager")[]; ... 5 more ...; updated_at: string; }' is not assignable to type 'ReportConfigurationDB'.
    Types of property 'columns' are incompatible.
      The type 'readonly []' is 'readonly' and cannot be assigned to the mutable type 'ReportColumnConfig[]'.
__tests__/report-config-utils.test.ts(202,54): error TS2345: Argument of type '{ id: string; report_code: string; report_name: string; description: string | null; report_category: "finance" | "sales" | "operations" | "executive"; default_filters: {}; columns: readonly []; allowed_roles: ("owner" | ... 4 more ... | "manager")[]; ... 5 more ...; updated_at: string; }[]' is not assignable to parameter of type 'ReportConfigurationDB[]'.
  Type '{ id: string; report_code: string; report_name: string; description: string | null; report_category: "finance" | "sales" | "operations" | "executive"; default_filters: {}; columns: readonly []; allowed_roles: ("owner" | ... 4 more ... | "manager")[]; ... 5 more ...; updated_at: string; }' is not assignable to type 'ReportConfigurationDB'.
    Types of property 'columns' are incompatible.
      The type 'readonly []' is 'readonly' and cannot be assigned to the mutable type 'ReportColumnConfig[]'.
__tests__/report-config-utils.test.ts(271,47): error TS2345: Argument of type '{ id: string; report_code: string; report_name: string; description: string | null; report_category: "finance" | "sales" | "operations" | "executive"; default_filters: {}; columns: readonly []; allowed_roles: ("owner" | ... 4 more ... | "manager")[]; ... 5 more ...; updated_at: string; }[]' is not assignable to parameter of type 'ReportConfigurationDB[]'.
  Type '{ id: string; report_code: string; report_name: string; description: string | null; report_category: "finance" | "sales" | "operations" | "executive"; default_filters: {}; columns: readonly []; allowed_roles: ("owner" | ... 4 more ... | "manager")[]; ... 5 more ...; updated_at: string; }' is not assignable to type 'ReportConfigurationDB'.
    Types of property 'columns' are incompatible.
      The type 'readonly []' is 'readonly' and cannot be assigned to the mutable type 'ReportColumnConfig[]'.
__tests__/report-config-utils.test.ts(280,47): error TS2345: Argument of type '"owner" | "finance" | "ops" | "viewer" | "sales" | "admin" | "manager"' is not assignable to parameter of type '"owner" | "finance" | "ops" | "sales" | "admin" | "manager"'.
  Type '"viewer"' is not assignable to type '"owner" | "finance" | "ops" | "sales" | "admin" | "manager"'.
__tests__/report-config-utils.test.ts(302,47): error TS2345: Argument of type '{ id: string; report_code: string; report_name: string; description: string | null; report_category: "finance" | "sales" | "operations" | "executive"; default_filters: {}; columns: readonly []; allowed_roles: ("owner" | ... 4 more ... | "manager")[]; ... 5 more ...; updated_at: string; }[]' is not assignable to parameter of type 'ReportConfigurationDB[]'.
  Type '{ id: string; report_code: string; report_name: string; description: string | null; report_category: "finance" | "sales" | "operations" | "executive"; default_filters: {}; columns: readonly []; allowed_roles: ("owner" | ... 4 more ... | "manager")[]; ... 5 more ...; updated_at: string; }' is not assignable to type 'ReportConfigurationDB'.
    Types of property 'columns' are incompatible.
      The type 'readonly []' is 'readonly' and cannot be assigned to the mutable type 'ReportColumnConfig[]'.
__tests__/report-config-utils.test.ts(303,47): error TS2345: Argument of type '{ id: string; report_code: string; report_name: string; description: string | null; report_category: "finance" | "sales" | "operations" | "executive"; default_filters: {}; columns: readonly []; allowed_roles: ("owner" | ... 4 more ... | "manager")[]; ... 5 more ...; updated_at: string; }[]' is not assignable to parameter of type 'ReportConfigurationDB[]'.
  Type '{ id: string; report_code: string; report_name: string; description: string | null; report_category: "finance" | "sales" | "operations" | "executive"; default_filters: {}; columns: readonly []; allowed_roles: ("owner" | ... 4 more ... | "manager")[]; ... 5 more ...; updated_at: string; }' is not assignable to type 'ReportConfigurationDB'.
    Types of property 'columns' are incompatible.
      The type 'readonly []' is 'readonly' and cannot be assigned to the mutable type 'ReportColumnConfig[]'.
__tests__/report-permissions.test.ts(14,32): error TS2322: Type '"admin"' is not assignable to type 'UserRole'.
__tests__/report-permissions.test.ts(14,41): error TS2322: Type '"manager"' is not assignable to type 'UserRole'.
__tests__/report-permissions.test.ts(14,70): error TS2322: Type '"sales"' is not assignable to type 'UserRole'.
__tests__/report-permissions.test.ts(14,79): error TS2322: Type '"viewer"' is not assignable to type 'UserRole'.
__tests__/report-permissions.test.ts(70,11): error TS2352: Conversion of type 'Arbitrary<"admin" | "manager">' to type 'Arbitrary<UserRole>' may be a mistake because neither type sufficiently overlaps with the other. If this was intentional, convert the expression to 'unknown' first.
  Type '"admin" | "manager"' is not comparable to type 'UserRole'.
    Type '"manager"' is not comparable to type 'UserRole'.
__tests__/report-permissions.test.ts(101,46): error TS2345: Argument of type '"sales"' is not assignable to parameter of type 'UserRole'.
__tests__/report-permissions.test.ts(139,47): error TS2345: Argument of type '"viewer"' is not assignable to parameter of type 'UserRole'.
__tests__/report-permissions.test.ts(230,26): error TS2345: Argument of type '"admin"' is not assignable to parameter of type 'UserRole'.
__tests__/report-permissions.test.ts(231,26): error TS2345: Argument of type '"manager"' is not assignable to parameter of type 'UserRole'.
__tests__/report-permissions.test.ts(234,26): error TS2345: Argument of type '"sales"' is not assignable to parameter of type 'UserRole'.
__tests__/report-permissions.test.ts(235,26): error TS2345: Argument of type '"viewer"' is not assignable to parameter of type 'UserRole'.
__tests__/report-permissions.test.ts(264,32): error TS2345: Argument of type '"sales"' is not assignable to parameter of type 'UserRole'.
__tests__/report-permissions.test.ts(265,32): error TS2345: Argument of type '"sales"' is not assignable to parameter of type 'UserRole'.
__tests__/report-permissions.test.ts(266,32): error TS2345: Argument of type '"sales"' is not assignable to parameter of type 'UserRole'.
__tests__/report-permissions.test.ts(267,32): error TS2345: Argument of type '"sales"' is not assignable to parameter of type 'UserRole'.
__tests__/report-permissions.test.ts(286,62): error TS2322: Type '"sales"' is not assignable to type 'UserRole'.
__tests__/report-permissions.test.ts(301,24): error TS2367: This comparison appears to be unintentional because the types '"owner" | "director" | "marketing_manager" | "finance_manager" | "operations_manager" | "sysadmin" | "administration" | "marketing" | "engineer" | "hr" | "hse"' and '"sales"' have no overlap.
__tests__/safety-permit-actions.test.ts(56,3): error TS2322: Type '(resolve: (value: { data: unknown; error: unknown; }) => void) => Record<string, Mock<Procedure | Constructable>>' is not assignable to type 'Mock<Procedure | Constructable>'.
  Type '(resolve: (value: { data: unknown; error: unknown; }) => void) => Record<string, Mock<Procedure | Constructable>>' is not assignable to type 'MockInstance<Procedure | Constructable> & { (...args: any[]): any; new (...args: any[]): any; } & {}'.
    Type '(resolve: (value: { data: unknown; error: unknown; }) => void) => Record<string, Mock<Procedure | Constructable>>' is not assignable to type 'MockInstance<Procedure | Constructable>'.
__tests__/sales-dashboard-utils.test.ts(968,50): error TS2339: Property 'sales' does not exist on type 'Record<UserRole, UserPermissions>'.
__tests__/sales-dashboard-utils.test.ts(969,51): error TS2345: Argument of type '"sales"' is not assignable to parameter of type 'UserRole'.
__tests__/sales-dashboard-utils.test.ts(981,50): error TS2339: Property 'sales' does not exist on type 'Record<UserRole, UserPermissions>'.
__tests__/sales-dashboard-utils.test.ts(982,51): error TS2345: Argument of type '"sales"' is not assignable to parameter of type 'UserRole'.
__tests__/sales-dashboard-utils.test.ts(1009,57): error TS2345: Argument of type '"sales"' is not assignable to parameter of type 'UserRole'.
__tests__/system-audit-utils.property.test.ts(46,3): error TS2345: Argument of type '"cancel"' is not assignable to parameter of type 'AuditAction'.
__tests__/system-audit-utils.property.test.ts(53,3): error TS2345: Argument of type '"success"' is not assignable to parameter of type 'AuditStatus'.
__tests__/system-audit-utils.property.test.ts(117,3): error TS2322: Type 'Arbitrary<{ id: string; userId?: string | undefined; userName?: string | undefined; userEmail?: string | undefined; userRole?: UserRole | undefined; action: AuditAction; ... 35 more ...; metadata: {}; }>' is not assignable to type 'Arbitrary<AuditLogEntry>'.
  Type '{ id: string; userId?: string | undefined; userName?: string | undefined; userEmail?: string | undefined; userRole?: UserRole | undefined; action: AuditAction; module: string; recordId?: string | undefined; recordType?: string | undefined; recordNumber?: string | undefined; ... 31 more ...; metadata: {}; }' is not assignable to type 'AuditLogEntry'.
    Types of property 'entity_id' are incompatible.
      Type 'string | null' is not assignable to type 'string | undefined'.
        Type 'null' is not assignable to type 'string | undefined'.
__tests__/system-audit-utils.property.test.ts(451,40): error TS2769: No overload matches this call.
  Overload 1 of 4, '(value: string | number | Date): Date', gave the following error.
    Argument of type 'string | undefined' is not assignable to parameter of type 'string | number | Date'.
      Type 'undefined' is not assignable to type 'string | number | Date'.
  Overload 2 of 4, '(value: string | number): Date', gave the following error.
    Argument of type 'string | undefined' is not assignable to parameter of type 'string | number'.
      Type 'undefined' is not assignable to type 'string | number'.
__tests__/system-audit-utils.property.test.ts(548,39): error TS2769: No overload matches this call.
  Overload 1 of 4, '(value: string | number | Date): Date', gave the following error.
    Argument of type 'string | undefined' is not assignable to parameter of type 'string | number | Date'.
      Type 'undefined' is not assignable to type 'string | number | Date'.
  Overload 2 of 4, '(value: string | number): Date', gave the following error.
    Argument of type 'string | undefined' is not assignable to parameter of type 'string | number'.
      Type 'undefined' is not assignable to type 'string | number'.
__tests__/system-audit-utils.property.test.ts(549,39): error TS2769: No overload matches this call.
  Overload 1 of 4, '(value: string | number | Date): Date', gave the following error.
    Argument of type 'string | undefined' is not assignable to parameter of type 'string | number | Date'.
      Type 'undefined' is not assignable to type 'string | number | Date'.
  Overload 2 of 4, '(value: string | number): Date', gave the following error.
    Argument of type 'string | undefined' is not assignable to parameter of type 'string | number'.
      Type 'undefined' is not assignable to type 'string | number'.
__tests__/system-audit-utils.property.test.ts(580,53): error TS2345: Argument of type '{ page: number; page_size: number; }' is not assignable to parameter of type 'AuditLogPagination'.
  Property 'pageSize' is missing in type '{ page: number; page_size: number; }' but required in type 'AuditLogPagination'.
__tests__/system-audit-utils.property.test.ts(582,18): error TS18048: 'result.data' is possibly 'undefined'.
__tests__/system-audit-utils.property.test.ts(583,25): error TS2551: Property 'page_size' does not exist on type 'PaginatedAuditLogs'. Did you mean 'pageSize'?
__tests__/system-audit-utils.property.test.ts(597,53): error TS2345: Argument of type '{ page: number; page_size: number; }' is not assignable to parameter of type 'AuditLogPagination'.
  Property 'pageSize' is missing in type '{ page: number; page_size: number; }' but required in type 'AuditLogPagination'.
__tests__/system-audit-utils.property.test.ts(600,25): error TS2551: Property 'total_pages' does not exist on type 'PaginatedAuditLogs'. Did you mean 'totalPages'?
__tests__/system-audit-utils.property.test.ts(651,39): error TS2769: No overload matches this call.
  Overload 1 of 4, '(value: string | number | Date): Date', gave the following error.
    Argument of type 'string | undefined' is not assignable to parameter of type 'string | number | Date'.
      Type 'undefined' is not assignable to type 'string | number | Date'.
  Overload 2 of 4, '(value: string | number): Date', gave the following error.
    Argument of type 'string | undefined' is not assignable to parameter of type 'string | number'.
      Type 'undefined' is not assignable to type 'string | number'.
__tests__/system-audit-utils.property.test.ts(652,39): error TS2769: No overload matches this call.
  Overload 1 of 4, '(value: string | number | Date): Date', gave the following error.
    Argument of type 'string | undefined' is not assignable to parameter of type 'string | number | Date'.
      Type 'undefined' is not assignable to type 'string | number | Date'.
  Overload 2 of 4, '(value: string | number): Date', gave the following error.
    Argument of type 'string | undefined' is not assignable to parameter of type 'string | number'.
      Type 'undefined' is not assignable to type 'string | number'.
__tests__/template-actions.property.test.ts(37,7): error TS2322: Type 'Arbitrary<{ description: string | undefined; template_code: string; template_name: string; document_type: "packing_list" | "bill_of_lading" | "commercial_invoice" | "coo" | "insurance_cert" | "shipping_instruction" | "cargo_manifest"; ... 4 more ...; include_company_header: boolean; }>' is not assignable to type 'Arbitrary<TemplateFormData>'.
  Type '{ description: string | undefined; template_code: string; template_name: string; document_type: "packing_list" | "bill_of_lading" | "commercial_invoice" | "coo" | "insurance_cert" | "shipping_instruction" | "cargo_manifest"; ... 4 more ...; include_company_header: boolean; }' is not assignable to type 'TemplateFormData'.
    Types of property 'placeholders' are incompatible.
      The type 'readonly [{ readonly key: "test"; readonly label: "Test"; readonly source: "manual"; }]' is 'readonly' and cannot be assigned to the mutable type 'PlaceholderDefinition[]'.
__tests__/vendor-permissions.test.ts(4,3): error TS2305: Module '"@/lib/permissions"' has no exported member 'canViewVendors'.
__tests__/vendor-permissions.test.ts(5,3): error TS2305: Module '"@/lib/permissions"' has no exported member 'canCreateVendor'.
__tests__/vendor-permissions.test.ts(6,3): error TS2305: Module '"@/lib/permissions"' has no exported member 'canEditVendor'.
__tests__/vendor-permissions.test.ts(7,3): error TS2305: Module '"@/lib/permissions"' has no exported member 'canDeleteVendor'.
__tests__/vendor-permissions.test.ts(8,3): error TS2305: Module '"@/lib/permissions"' has no exported member 'canVerifyVendor'.
__tests__/vendor-permissions.test.ts(9,3): error TS2305: Module '"@/lib/permissions"' has no exported member 'canSetPreferredVendor'.
__tests__/vendor-permissions.test.ts(10,3): error TS2305: Module '"@/lib/permissions"' has no exported member 'canAddVendorEquipment'.
__tests__/vendor-permissions.test.ts(11,3): error TS2305: Module '"@/lib/permissions"' has no exported member 'canRateVendor'.
__tests__/vendor-permissions.test.ts(12,3): error TS2305: Module '"@/lib/permissions"' has no exported member 'canViewVendorBankDetails'.
__tests__/vendor-permissions.test.ts(13,3): error TS2305: Module '"@/lib/permissions"' has no exported member 'canSeeVendorsNav'.
__tests__/vendor-permissions.test.ts(20,3): error TS2740: Type '{ id: string; user_id: string; email: string; full_name: string; avatar_url: null; role: UserRole; custom_dashboard: "default"; is_active: true; created_at: string; updated_at: string; ... 7 more ...; can_fill_costs: boolean; }' is missing the following properties from type 'UserProfile': department_scope, can_see_actual_costs, can_approve_jo, can_approve_bkk, and 4 more.
__tests__/vendor-permissions.test.ts(42,41): error TS2322: Type '"admin"' is not assignable to type 'UserRole'.
__tests__/vendor-permissions.test.ts(42,50): error TS2322: Type '"manager"' is not assignable to type 'UserRole'.
__tests__/vendor-permissions.test.ts(42,79): error TS2322: Type '"sales"' is not assignable to type 'UserRole'.
__tests__/vendor-permissions.test.ts(42,88): error TS2322: Type '"viewer"' is not assignable to type 'UserRole'.
__tests__/vendor-permissions.test.ts(71,50): error TS2322: Type '"admin"' is not assignable to type 'UserRole'.
__tests__/vendor-permissions.test.ts(72,40): error TS2322: Type '"manager"' is not assignable to type 'UserRole'.
__tests__/vendor-permissions.test.ts(72,62): error TS2322: Type '"sales"' is not assignable to type 'UserRole'.
__tests__/vendor-permissions.test.ts(72,71): error TS2322: Type '"viewer"' is not assignable to type 'UserRole'.
__tests__/vendor-permissions.test.ts(89,50): error TS2322: Type '"admin"' is not assignable to type 'UserRole'.
__tests__/vendor-permissions.test.ts(89,59): error TS2322: Type '"manager"' is not assignable to type 'UserRole'.
__tests__/vendor-permissions.test.ts(90,58): error TS2322: Type '"sales"' is not assignable to type 'UserRole'.
__tests__/vendor-permissions.test.ts(90,67): error TS2322: Type '"viewer"' is not assignable to type 'UserRole'.
__tests__/vendor-permissions.test.ts(105,50): error TS2322: Type '"admin"' is not assignable to type 'UserRole'.
__tests__/vendor-permissions.test.ts(106,40): error TS2322: Type '"manager"' is not assignable to type 'UserRole'.
__tests__/vendor-permissions.test.ts(106,69): error TS2322: Type '"sales"' is not assignable to type 'UserRole'.
__tests__/vendor-permissions.test.ts(106,78): error TS2322: Type '"viewer"' is not assignable to type 'UserRole'.
__tests__/vendor-permissions.test.ts(121,50): error TS2322: Type '"admin"' is not assignable to type 'UserRole'.
__tests__/vendor-permissions.test.ts(122,40): error TS2322: Type '"manager"' is not assignable to type 'UserRole'.
__tests__/vendor-permissions.test.ts(122,69): error TS2322: Type '"sales"' is not assignable to type 'UserRole'.
__tests__/vendor-permissions.test.ts(122,78): error TS2322: Type '"viewer"' is not assignable to type 'UserRole'.
__tests__/vendor-permissions.test.ts(137,50): error TS2322: Type '"admin"' is not assignable to type 'UserRole'.
__tests__/vendor-permissions.test.ts(137,59): error TS2322: Type '"manager"' is not assignable to type 'UserRole'.
__tests__/vendor-permissions.test.ts(138,58): error TS2322: Type '"sales"' is not assignable to type 'UserRole'.
__tests__/vendor-permissions.test.ts(138,67): error TS2322: Type '"viewer"' is not assignable to type 'UserRole'.
__tests__/vendor-permissions.test.ts(153,50): error TS2322: Type '"admin"' is not assignable to type 'UserRole'.
__tests__/vendor-permissions.test.ts(153,59): error TS2322: Type '"manager"' is not assignable to type 'UserRole'.
__tests__/vendor-permissions.test.ts(154,51): error TS2322: Type '"sales"' is not assignable to type 'UserRole'.
__tests__/vendor-permissions.test.ts(154,60): error TS2322: Type '"viewer"' is not assignable to type 'UserRole'.
__tests__/vendor-permissions.test.ts(169,50): error TS2322: Type '"admin"' is not assignable to type 'UserRole'.
__tests__/vendor-permissions.test.ts(169,59): error TS2322: Type '"manager"' is not assignable to type 'UserRole'.
__tests__/vendor-permissions.test.ts(170,40): error TS2322: Type '"sales"' is not assignable to type 'UserRole'.
__tests__/vendor-permissions.test.ts(170,49): error TS2322: Type '"viewer"' is not assignable to type 'UserRole'.
__tests__/vendor-permissions.test.ts(185,50): error TS2322: Type '"admin"' is not assignable to type 'UserRole'.
__tests__/vendor-permissions.test.ts(185,59): error TS2322: Type '"manager"' is not assignable to type 'UserRole'.
__tests__/vendor-permissions.test.ts(186,47): error TS2322: Type '"sales"' is not assignable to type 'UserRole'.
__tests__/vendor-permissions.test.ts(186,56): error TS2322: Type '"viewer"' is not assignable to type 'UserRole'.
__tests__/vendor-permissions.test.ts(265,37): error TS2367: This comparison appears to be unintentional because the types 'UserRole' and '"viewer"' have no overlap.
__tests__/vendor-permissions.test.ts(274,41): error TS2345: Argument of type '"viewer"' is not assignable to parameter of type 'UserRole'.
__tests__/vendor-permissions.test.ts(279,52): error TS2322: Type '"admin"' is not assignable to type 'UserRole'.
__tests__/vendor-permissions.test.ts(279,61): error TS2322: Type '"manager"' is not assignable to type 'UserRole'.
__tests__/vendor-permissions.test.ts(279,90): error TS2322: Type '"sales"' is not assignable to type 'UserRole'.
__tests__/vendor-utils.test.ts(1133,60): error TS2367: This comparison appears to be unintentional because the types '"pending" | "approved" | "rejected" | "released" | "cancelled"' and '"settled"' have no overlap.
__tests__/vendor-utils.test.ts(1135,30): error TS2367: This comparison appears to be unintentional because the types '"pending" | "approved" | "rejected" | "released" | "cancelled"' and '"settled"' have no overlap.
__tests__/webhook-executor.property.test.ts(60,59): error TS2339: Property 'is_active' does not exist on type 'never'.
__tests__/webhook-executor.property.test.ts(277,15): error TS18048: 'log.execution_time_ms' is possibly 'undefined'.
app/(main)/admin/errors/page.tsx(63,9): error TS2322: Type '{ [key: string]: unknown; id: string; error_code?: string | undefined; error_hash?: string | null | undefined; timestamp?: string | undefined; error_type?: string | undefined; error_message?: string | undefined; ... 5 more ...; last_seen_at?: string | ... 1 more ... | undefined; }[]' is not assignable to type 'ErrorRecord[]'.
  Type '{ [key: string]: unknown; id: string; error_code?: string | undefined; error_hash?: string | null | undefined; timestamp?: string | undefined; error_type?: string | undefined; error_message?: string | undefined; ... 5 more ...; last_seen_at?: string | ... 1 more ... | undefined; }' is not assignable to type 'ErrorRecord'.
    Types of property 'status' are incompatible.
      Type 'string | null | undefined' is not assignable to type 'ErrorStatus | null | undefined'.
        Type 'string' is not assignable to type 'ErrorStatus | null | undefined'.
app/(main)/admin/jobs/page.tsx(49,9): error TS2322: Type '{ error_message: string; error_stack: string | null; failed_at: string; id: string; job_data: Json; job_id: string | null; job_type: string; max_retries: number | null; next_retry_at: string | null; resolved_at: string | null; retry_count: number | null; status: string | null; }[]' is not assignable to type 'JobFailure[]'.
  Type '{ error_message: string; error_stack: string | null; failed_at: string; id: string; job_data: Json; job_id: string | null; job_type: string; max_retries: number | null; next_retry_at: string | null; resolved_at: string | null; retry_count: number | null; status: string | null; }' is not assignable to type 'JobFailure'.
    Types of property 'job_data' are incompatible.
      Type 'Json' is not assignable to type 'Record<string, unknown> | null'.
        Type 'string' is not assignable to type 'Record<string, unknown>'.
app/(main)/admin/recovery/page.tsx(49,9): error TS2322: Type '{ deleted_at: string; deleted_by: string | null; id: string; purge_after: string | null; record_data: Json; recovered_at: string | null; recovered_by: string | null; source_id: string; source_table: string; }[]' is not assignable to type 'DeletedRecord[]'.
  Type '{ deleted_at: string; deleted_by: string | null; id: string; purge_after: string | null; record_data: Json; recovered_at: string | null; recovered_by: string | null; source_id: string; source_table: string; }' is not assignable to type 'DeletedRecord'.
    Types of property 'record_data' are incompatible.
      Type 'Json' is not assignable to type 'Record<string, unknown>'.
        Type 'null' is not assignable to type 'Record<string, unknown>'.
app/(main)/agency/bookings/[id]/edit/page.tsx(66,9): error TS2740: Type 'ActionResult<ShippingLine[]>' is missing the following properties from type 'ShippingLine[]': length, pop, push, concat, and 35 more.
app/(main)/agency/bookings/[id]/edit/page.tsx(67,9): error TS2740: Type 'ActionResult<Port[]>' is missing the following properties from type 'Port[]': length, pop, push, concat, and 35 more.
app/(main)/agency/bookings/bookings-client.tsx(113,28): error TS2740: Type 'BookingStats' is missing the following properties from type '{ total: number; draft: number; requested: number; confirmed: number; shipped: number; completed: number; cancelled: number; }': total, draft, requested, confirmed, and 3 more.
app/(main)/agency/bookings/bookings-client.tsx(222,15): error TS2322: Type '{ key: string; booking: FreightBooking; onClick: () => string; }' is not assignable to type 'IntrinsicAttributes & BookingCardProps'.
  Property 'onClick' does not exist on type 'IntrinsicAttributes & BookingCardProps'.
app/(main)/agency/bookings/new/page.tsx(45,9): error TS2740: Type 'ActionResult<ShippingLine[]>' is missing the following properties from type 'ShippingLine[]': length, pop, push, concat, and 35 more.
app/(main)/agency/bookings/new/page.tsx(46,9): error TS2740: Type 'ActionResult<Port[]>' is missing the following properties from type 'Port[]': length, pop, push, concat, and 35 more.
app/(main)/agency/bookings/page.tsx(26,9): error TS2740: Type '{ total: number; draft: number; requested: number; confirmed: number; shipped: number; completed: number; cancelled: number; }' is missing the following properties from type 'BookingStats': totalBookings, draftCount, requestedCount, confirmedCount, and 3 more.
app/(main)/agency/bookings/page.tsx(27,9): error TS2740: Type 'ActionResult<ShippingLine[]>' is missing the following properties from type 'ShippingLine[]': length, pop, push, concat, and 35 more.
app/(main)/dashboard/actions.ts(455,41): error TS2345: Argument of type '{ status: string; total_revenue_calculated: number | null; is_active: boolean | null; }[]' is not assignable to parameter of type '{ status: string; total_revenue_calculated?: number | null | undefined; is_active?: boolean | undefined; }[]'.
  Type '{ status: string; total_revenue_calculated: number | null; is_active: boolean | null; }' is not assignable to type '{ status: string; total_revenue_calculated?: number | null | undefined; is_active?: boolean | undefined; }'.
    Types of property 'is_active' are incompatible.
      Type 'boolean | null' is not assignable to type 'boolean | undefined'.
        Type 'null' is not assignable to type 'boolean | undefined'.
app/(main)/dashboard/actions.ts(544,9): error TS2322: Type '{ id: string; status: string; total_estimated_revenue: number; total_revenue_calculated: number | null; is_active: boolean | null; created_at: string | null; rejection_reason: string | null; converted_to_jo: boolean | null; }[]' is not assignable to type 'PJOInput[]'.
  Type '{ id: string; status: string; total_estimated_revenue: number; total_revenue_calculated: number | null; is_active: boolean | null; created_at: string | null; rejection_reason: string | null; converted_to_jo: boolean | null; }' is not assignable to type 'PJOInput'.
    Types of property 'is_active' are incompatible.
      Type 'boolean | null' is not assignable to type 'boolean | undefined'.
        Type 'null' is not assignable to type 'boolean | undefined'.
app/(main)/dashboard/actions.ts(556,9): error TS2322: Type '{ id: string; pjo_number: string; status: string; total_estimated_revenue: number; total_revenue_calculated: number | null; is_active: boolean | null; created_at: string | null; customer_name: string | undefined; projects: { ...; } | null; }[]' is not assignable to type 'PJOWithCustomer[]'.
  Type '{ id: string; pjo_number: string; status: string; total_estimated_revenue: number; total_revenue_calculated: number | null; is_active: boolean | null; created_at: string | null; customer_name: string | undefined; projects: { ...; } | null; }' is not assignable to type 'PJOWithCustomer'.
    Types of property 'is_active' are incompatible.
      Type 'boolean | null' is not assignable to type 'boolean | undefined'.
        Type 'null' is not assignable to type 'boolean | undefined'.
app/(main)/dashboard/assets/page.tsx(31,33): error TS2322: Type 'string' is not assignable to type 'UserRole'.
app/(main)/dashboard/page.tsx(69,9): error TS2322: Type '{ userMetrics: { totalUsers: number; activeUsers: number; inactiveUsers: number; pendingUsers: number; usersByRole: { owner: number; director: number; manager: number; sysadmin: number; administration: number; ... 5 more ...; hse: number; }; }; recentLogins: { ...; }[]; systemKPIs: { ...; }; }' is not assignable to type '{ userMetrics: { totalUsers: number; activeUsers: number; inactiveUsers: number; pendingUsers: number; usersByRole: Record<UserRole, number>; }; recentLogins: { id: string; email: string; fullName: string | null; lastLoginAt: string | null; }[]; systemKPIs: { ...; }; }'.
  The types of 'userMetrics.usersByRole' are incompatible between these types.
    Type '{ owner: number; director: number; manager: number; sysadmin: number; administration: number; finance: number; marketing: number; ops: number; engineer: number; hr: number; hse: number; }' is missing the following properties from type 'Record<UserRole, number>': marketing_manager, finance_manager, operations_manager
app/(main)/engineering/jmp/page.tsx(19,16): error TS2322: Type '{ initialJmps: JmpWithRelations[]; customers: { id: string; name: string; }[]; }' is not assignable to type 'IntrinsicAttributes & JmpListProps'.
  Property 'initialJmps' does not exist on type 'IntrinsicAttributes & JmpListProps'.
app/(main)/equipment/[id]/assign/page.tsx(33,55): error TS2345: Argument of type 'string | null' is not assignable to parameter of type 'string'.
  Type 'null' is not assignable to type 'string'.
app/(main)/equipment/[id]/assign/page.tsx(51,7): error TS2322: Type '{ accumulated_depreciation: number | null; asset_code: string; asset_name: string; assigned_to_employee_id: string | null; assigned_to_job_id: string | null; axle_configuration: string | null; ... 41 more ...; year_manufactured: number | null; }' is not assignable to type 'Asset'.
  Types of property 'salvage_value' are incompatible.
    Type 'number | null' is not assignable to type 'number'.
      Type 'null' is not assignable to type 'number'.
app/(main)/equipment/[id]/depreciation/depreciation-client.tsx(65,9): error TS2322: Type 'string' is not assignable to type 'DepreciationMethod'.
app/(main)/equipment/maintenance/[id]/maintenance-detail-client.tsx(122,60): error TS2551: Property 'assetCode' does not exist on type 'Asset'. Did you mean 'asset_code'?
app/(main)/equipment/maintenance/[id]/maintenance-detail-client.tsx(126,60): error TS2551: Property 'assetName' does not exist on type 'Asset'. Did you mean 'asset_name'?
app/(main)/equipment/maintenance/[id]/maintenance-detail-client.tsx(128,28): error TS2551: Property 'registrationNumber' does not exist on type 'Asset'. Did you mean 'registration_number'?
app/(main)/equipment/maintenance/[id]/maintenance-detail-client.tsx(131,61): error TS2551: Property 'registrationNumber' does not exist on type 'Asset'. Did you mean 'registration_number'?
app/(main)/equipment/new/page.tsx(23,35): error TS2345: Argument of type '{ avatar_url: string | null; can_approve_bkk: boolean | null; can_approve_jo: boolean | null; can_approve_pjo: boolean; can_check_bkk: boolean | null; can_check_jo: boolean | null; ... 21 more ...; user_id: string | null; }' is not assignable to parameter of type 'UserProfile'.
  Types of property 'role' are incompatible.
    Type 'string' is not assignable to type 'UserRole'.
app/(main)/hr/attendance/actions.ts(289,38): error TS2345: Argument of type 'string | null' is not assignable to parameter of type 'string'.
  Type 'null' is not assignable to type 'string'.
app/(main)/hr/employees/[id]/edit/page.tsx(37,24): error TS2345: Argument of type '{ avatar_url: string | null; can_approve_bkk: boolean | null; can_approve_jo: boolean | null; can_approve_pjo: boolean; can_check_bkk: boolean | null; can_check_jo: boolean | null; ... 21 more ...; user_id: string | null; } | null' is not assignable to parameter of type 'UserProfile | null'.
  Type '{ avatar_url: string | null; can_approve_bkk: boolean | null; can_approve_jo: boolean | null; can_approve_pjo: boolean; can_check_bkk: boolean | null; can_check_jo: boolean | null; ... 21 more ...; user_id: string | null; }' is not assignable to type 'UserProfile'.
    Types of property 'role' are incompatible.
      Type 'string' is not assignable to type 'UserRole'.
app/(main)/hr/employees/[id]/edit/page.tsx(58,47): error TS2345: Argument of type '{ avatar_url: string | null; can_approve_bkk: boolean | null; can_approve_jo: boolean | null; can_approve_pjo: boolean; can_check_bkk: boolean | null; can_check_jo: boolean | null; ... 21 more ...; user_id: string | null; } | null' is not assignable to parameter of type 'UserProfile | null'.
  Type '{ avatar_url: string | null; can_approve_bkk: boolean | null; can_approve_jo: boolean | null; can_approve_pjo: boolean; can_check_bkk: boolean | null; can_check_jo: boolean | null; ... 21 more ...; user_id: string | null; }' is not assignable to type 'UserProfile'.
    Types of property 'role' are incompatible.
      Type 'string' is not assignable to type 'UserRole'.
app/(main)/hr/employees/[id]/page.tsx(33,25): error TS2345: Argument of type '{ avatar_url: string | null; can_approve_bkk: boolean | null; can_approve_jo: boolean | null; can_approve_pjo: boolean; can_check_bkk: boolean | null; can_check_jo: boolean | null; ... 21 more ...; user_id: string | null; } | null' is not assignable to parameter of type 'UserProfile | null'.
  Type '{ avatar_url: string | null; can_approve_bkk: boolean | null; can_approve_jo: boolean | null; can_approve_pjo: boolean; can_check_bkk: boolean | null; can_check_jo: boolean | null; ... 21 more ...; user_id: string | null; }' is not assignable to type 'UserProfile'.
    Types of property 'role' are incompatible.
      Type 'string' is not assignable to type 'UserRole'.
app/(main)/hr/employees/[id]/page.tsx(48,35): error TS2345: Argument of type '{ avatar_url: string | null; can_approve_bkk: boolean | null; can_approve_jo: boolean | null; can_approve_pjo: boolean; can_check_bkk: boolean | null; can_check_jo: boolean | null; ... 21 more ...; user_id: string | null; } | null' is not assignable to parameter of type 'UserProfile | null'.
  Type '{ avatar_url: string | null; can_approve_bkk: boolean | null; can_approve_jo: boolean | null; can_approve_pjo: boolean; can_check_bkk: boolean | null; can_check_jo: boolean | null; ... 21 more ...; user_id: string | null; }' is not assignable to type 'UserProfile'.
    Types of property 'role' are incompatible.
      Type 'string' is not assignable to type 'UserRole'.
app/(main)/hr/employees/[id]/page.tsx(49,47): error TS2345: Argument of type '{ avatar_url: string | null; can_approve_bkk: boolean | null; can_approve_jo: boolean | null; can_approve_pjo: boolean; can_check_bkk: boolean | null; can_check_jo: boolean | null; ... 21 more ...; user_id: string | null; } | null' is not assignable to parameter of type 'UserProfile | null'.
  Type '{ avatar_url: string | null; can_approve_bkk: boolean | null; can_approve_jo: boolean | null; can_approve_pjo: boolean; can_check_bkk: boolean | null; can_check_jo: boolean | null; ... 21 more ...; user_id: string | null; }' is not assignable to type 'UserProfile'.
    Types of property 'role' are incompatible.
      Type 'string' is not assignable to type 'UserRole'.
app/(main)/hr/employees/actions.ts(54,18): error TS2352: Conversion of type '{ address: string | null; bank_account: string | null; bank_account_name: string | null; bank_name: string | null; base_salary: number | null; city: string | null; created_at: string | null; ... 35 more ...; reporting_manager: { ...; } | null; }[]' to type 'EmployeeWithRelations[]' may be a mistake because neither type sufficiently overlaps with the other. If this was intentional, convert the expression to 'unknown' first.
  Type '{ address: string | null; bank_account: string | null; bank_account_name: string | null; bank_name: string | null; base_salary: number | null; city: string | null; created_at: string | null; ... 35 more ...; reporting_manager: { ...; } | null; }' is not comparable to type 'EmployeeWithRelations'.
    Types of property 'documents' are incompatible.
      Type 'Json' is not comparable to type 'EmployeeDocument[]'.
        Type 'Json[]' is not comparable to type 'EmployeeDocument[]'.
          Type 'Json' is not comparable to type 'EmployeeDocument'.
            Type 'Json[]' is missing the following properties from type 'EmployeeDocument': type, url, expiry
app/(main)/hr/employees/actions.ts(81,18): error TS2352: Conversion of type '{ address: string | null; bank_account: string | null; bank_account_name: string | null; bank_name: string | null; base_salary: number | null; city: string | null; created_at: string | null; ... 35 more ...; reporting_manager: { ...; } | null; }' to type 'EmployeeWithRelations' may be a mistake because neither type sufficiently overlaps with the other. If this was intentional, convert the expression to 'unknown' first.
  Types of property 'documents' are incompatible.
    Type 'Json' is not comparable to type 'EmployeeDocument[]'.
      Type 'Json[]' is not comparable to type 'EmployeeDocument[]'.
        Type 'Json' is not comparable to type 'EmployeeDocument'.
          Type 'Json[]' is missing the following properties from type 'EmployeeDocument': type, url, expiry
app/(main)/hr/employees/actions.ts(175,13): error TS2769: No overload matches this call.
  Overload 1 of 2, '(values: { address?: string | null | undefined; bank_account?: string | null | undefined; bank_account_name?: string | null | undefined; bank_name?: string | null | undefined; base_salary?: number | ... 1 more ... | undefined; ... 34 more ...; user_id?: string | ... 1 more ... | undefined; }, options?: { ...; } | undefined): PostgrestFilterBuilder<...>', gave the following error.
    Argument of type '{ full_name: string; nickname: string | null; id_number: string | null; tax_id: string | null; date_of_birth: string | null; place_of_birth: string | null; gender: Gender | null; ... 22 more ...; status: string; }' is not assignable to parameter of type '{ address?: string | null | undefined; bank_account?: string | null | undefined; bank_account_name?: string | null | undefined; bank_name?: string | null | undefined; base_salary?: number | ... 1 more ... | undefined; ... 34 more ...; user_id?: string | ... 1 more ... | undefined; }'.
      Property 'employee_code' is missing in type '{ full_name: string; nickname: string | null; id_number: string | null; tax_id: string | null; date_of_birth: string | null; place_of_birth: string | null; gender: Gender | null; ... 22 more ...; status: string; }' but required in type '{ address?: string | null | undefined; bank_account?: string | null | undefined; bank_account_name?: string | null | undefined; bank_name?: string | null | undefined; base_salary?: number | ... 1 more ... | undefined; ... 34 more ...; user_id?: string | ... 1 more ... | undefined; }'.
  Overload 2 of 2, '(values: { address?: string | null | undefined; bank_account?: string | null | undefined; bank_account_name?: string | null | undefined; bank_name?: string | null | undefined; base_salary?: number | ... 1 more ... | undefined; ... 34 more ...; user_id?: string | ... 1 more ... | undefined; }[], options?: { ...; } | undefined): PostgrestFilterBuilder<...>', gave the following error.
    Argument of type '{ full_name: string; nickname: string | null; id_number: string | null; tax_id: string | null; date_of_birth: string | null; place_of_birth: string | null; gender: Gender | null; ... 22 more ...; status: string; }' is not assignable to parameter of type '{ address?: string | null | undefined; bank_account?: string | null | undefined; bank_account_name?: string | null | undefined; bank_name?: string | null | undefined; base_salary?: number | ... 1 more ... | undefined; ... 34 more ...; user_id?: string | ... 1 more ... | undefined; }[]'.
      Type '{ full_name: string; nickname: string | null; id_number: string | null; tax_id: string | null; date_of_birth: string | null; place_of_birth: string | null; gender: Gender | null; ... 22 more ...; status: string; }' is missing the following properties from type '{ address?: string | null | undefined; bank_account?: string | null | undefined; bank_account_name?: string | null | undefined; bank_name?: string | null | undefined; base_salary?: number | ... 1 more ... | undefined; ... 34 more ...; user_id?: string | ... 1 more ... | undefined; }[]': length, pop, push, concat, and 35 more.
app/(main)/hr/employees/actions.ts(188,37): error TS2352: Conversion of type '{ address: string | null; bank_account: string | null; bank_account_name: string | null; bank_name: string | null; base_salary: number | null; city: string | null; created_at: string | null; ... 32 more ...; user_id: string | null; }' to type 'Employee' may be a mistake because neither type sufficiently overlaps with the other. If this was intentional, convert the expression to 'unknown' first.
  Types of property 'documents' are incompatible.
    Type 'Json' is not comparable to type 'EmployeeDocument[]'.
      Type 'Json[]' is not comparable to type 'EmployeeDocument[]'.
        Type 'Json' is not comparable to type 'EmployeeDocument'.
          Type 'Json[]' is missing the following properties from type 'EmployeeDocument': type, url, expiry
app/(main)/hr/employees/actions.ts(482,12): error TS2322: Type '{ id: string; email: string; full_name: string | null; }[]' is not assignable to type '{ id: string; email: string; full_name: string; }[]'.
  Type '{ id: string; email: string; full_name: string | null; }' is not assignable to type '{ id: string; email: string; full_name: string; }'.
    Types of property 'full_name' are incompatible.
      Type 'string | null' is not assignable to type 'string'.
        Type 'null' is not assignable to type 'string'.
app/(main)/hr/employees/new/page.tsx(32,26): error TS2345: Argument of type '{ avatar_url: string | null; can_approve_bkk: boolean | null; can_approve_jo: boolean | null; can_approve_pjo: boolean; can_check_bkk: boolean | null; can_check_jo: boolean | null; ... 21 more ...; user_id: string | null; } | null' is not assignable to parameter of type 'UserProfile | null'.
  Type '{ avatar_url: string | null; can_approve_bkk: boolean | null; can_approve_jo: boolean | null; can_approve_pjo: boolean; can_check_bkk: boolean | null; can_check_jo: boolean | null; ... 21 more ...; user_id: string | null; }' is not assignable to type 'UserProfile'.
    Types of property 'role' are incompatible.
      Type 'string' is not assignable to type 'UserRole'.
app/(main)/hr/employees/new/page.tsx(49,47): error TS2345: Argument of type '{ avatar_url: string | null; can_approve_bkk: boolean | null; can_approve_jo: boolean | null; can_approve_pjo: boolean; can_check_bkk: boolean | null; can_check_jo: boolean | null; ... 21 more ...; user_id: string | null; } | null' is not assignable to parameter of type 'UserProfile | null'.
  Type '{ avatar_url: string | null; can_approve_bkk: boolean | null; can_approve_jo: boolean | null; can_approve_pjo: boolean; can_check_bkk: boolean | null; can_check_jo: boolean | null; ... 21 more ...; user_id: string | null; }' is not assignable to type 'UserProfile'.
    Types of property 'role' are incompatible.
      Type 'string' is not assignable to type 'UserRole'.
app/(main)/hr/employees/page.tsx(53,39): error TS2345: Argument of type '{ avatar_url: string | null; can_approve_bkk: boolean | null; can_approve_jo: boolean | null; can_approve_pjo: boolean; can_check_bkk: boolean | null; can_check_jo: boolean | null; ... 21 more ...; user_id: string | null; } | null' is not assignable to parameter of type 'UserProfile | null'.
  Type '{ avatar_url: string | null; can_approve_bkk: boolean | null; can_approve_jo: boolean | null; can_approve_pjo: boolean; can_check_bkk: boolean | null; can_check_jo: boolean | null; ... 21 more ...; user_id: string | null; }' is not assignable to type 'UserProfile'.
    Types of property 'role' are incompatible.
      Type 'string' is not assignable to type 'UserRole'.
app/(main)/hr/employees/page.tsx(54,35): error TS2345: Argument of type '{ avatar_url: string | null; can_approve_bkk: boolean | null; can_approve_jo: boolean | null; can_approve_pjo: boolean; can_check_bkk: boolean | null; can_check_jo: boolean | null; ... 21 more ...; user_id: string | null; } | null' is not assignable to parameter of type 'UserProfile | null'.
  Type '{ avatar_url: string | null; can_approve_bkk: boolean | null; can_approve_jo: boolean | null; can_approve_pjo: boolean; can_check_bkk: boolean | null; can_check_jo: boolean | null; ... 21 more ...; user_id: string | null; }' is not assignable to type 'UserProfile'.
    Types of property 'role' are incompatible.
      Type 'string' is not assignable to type 'UserRole'.
app/(main)/hr/layout.tsx(30,25): error TS2345: Argument of type '{ avatar_url: string | null; can_approve_bkk: boolean | null; can_approve_jo: boolean | null; can_approve_pjo: boolean; can_check_bkk: boolean | null; can_check_jo: boolean | null; ... 21 more ...; user_id: string | null; }' is not assignable to parameter of type 'UserProfile'.
  Types of property 'role' are incompatible.
    Type 'string' is not assignable to type 'UserRole'.
app/(main)/hr/leave/actions.ts(39,3): error TS2322: Type '{ allow_carry_over: boolean | null; created_at: string | null; default_days_per_year: number | null; id: string; is_active: boolean | null; is_paid: boolean | null; max_carry_over_days: number | null; ... 4 more ...; type_name: string; }[]' is not assignable to type 'LeaveType[]'.
  Type '{ allow_carry_over: boolean | null; created_at: string | null; default_days_per_year: number | null; id: string; is_active: boolean | null; is_paid: boolean | null; max_carry_over_days: number | null; ... 4 more ...; type_name: string; }' is not assignable to type 'LeaveType'.
    Types of property 'default_days_per_year' are incompatible.
      Type 'number | null' is not assignable to type 'number'.
        Type 'null' is not assignable to type 'number'.
app/(main)/hr/leave/actions.ts(59,3): error TS2322: Type '{ allow_carry_over: boolean | null; created_at: string | null; default_days_per_year: number | null; id: string; is_active: boolean | null; is_paid: boolean | null; max_carry_over_days: number | null; ... 4 more ...; type_name: string; }' is not assignable to type 'LeaveType'.
  Types of property 'default_days_per_year' are incompatible.
    Type 'number | null' is not assignable to type 'number'.
      Type 'null' is not assignable to type 'number'.
app/(main)/hr/leave/actions.ts(90,3): error TS2322: Type '{ available_days: number | null; carried_over_days: number | null; created_at: string | null; employee_id: string; entitled_days: number; id: string; leave_type_id: string; pending_days: number | null; updated_at: string | null; used_days: number | null; year: number; leave_type: { ...; }; }[]' is not assignable to type 'LeaveBalance[]'.
  Type '{ available_days: number | null; carried_over_days: number | null; created_at: string | null; employee_id: string; entitled_days: number; id: string; leave_type_id: string; pending_days: number | null; updated_at: string | null; used_days: number | null; year: number; leave_type: { ...; }; }' is not assignable to type 'LeaveBalance'.
    Types of property 'used_days' are incompatible.
      Type 'number | null' is not assignable to type 'number'.
        Type 'null' is not assignable to type 'number'.
app/(main)/hr/leave/actions.ts(120,3): error TS2322: Type '{ available_days: number | null; carried_over_days: number | null; created_at: string | null; employee_id: string; entitled_days: number; id: string; leave_type_id: string; pending_days: number | null; updated_at: string | null; used_days: number | null; year: number; leave_type: { ...; }; } | null' is not assignable to type 'LeaveBalance | null'.
  Type '{ available_days: number | null; carried_over_days: number | null; created_at: string | null; employee_id: string; entitled_days: number; id: string; leave_type_id: string; pending_days: number | null; updated_at: string | null; used_days: number | null; year: number; leave_type: { ...; }; }' is not assignable to type 'LeaveBalance'.
    Types of property 'used_days' are incompatible.
      Type 'number | null' is not assignable to type 'number'.
        Type 'null' is not assignable to type 'number'.
app/(main)/hr/leave/actions.ts(162,42): error TS2345: Argument of type '{ available_days: number | null; carried_over_days: number | null; created_at: string | null; employee_id: string; entitled_days: number; id: string; leave_type_id: string; pending_days: number | null; updated_at: string | null; used_days: number | null; year: number; leave_type: { ...; }; }' is not assignable to parameter of type 'LeaveBalance'.
  Types of property 'used_days' are incompatible.
    Type 'number | null' is not assignable to type 'number'.
      Type 'null' is not assignable to type 'number'.
app/(main)/hr/leave/actions.ts(168,10): error TS2769: No overload matches this call.
  Overload 1 of 2, '(values: { available_days?: number | null | undefined; carried_over_days?: number | null | undefined; created_at?: string | null | undefined; employee_id: string; entitled_days: number; id?: string | undefined; ... 4 more ...; year: number; }, options?: { ...; } | undefined): PostgrestFilterBuilder<...>', gave the following error.
    Type 'number | null' is not assignable to type 'number'.
      Type 'null' is not assignable to type 'number'.
  Overload 2 of 2, '(values: { available_days?: number | null | undefined; carried_over_days?: number | null | undefined; created_at?: string | null | undefined; employee_id: string; entitled_days: number; id?: string | undefined; ... 4 more ...; year: number; }[], options?: { ...; } | undefined): PostgrestFilterBuilder<...>', gave the following error.
    Object literal may only specify known properties, and 'employee_id' does not exist in type '{ available_days?: number | null | undefined; carried_over_days?: number | null | undefined; created_at?: string | null | undefined; employee_id: string; entitled_days: number; id?: string | undefined; ... 4 more ...; year: number; }[]'.
app/(main)/hr/leave/actions.ts(209,27): error TS2339: Property 'date' does not exist on type 'SelectQueryError<"column 'date' does not exist on 'holidays'.">'.
app/(main)/hr/leave/actions.ts(314,29): error TS2322: Type '{ approved_at: string | null; approved_by: string | null; attachment_url: string | null; created_at: string | null; emergency_contact: string | null; employee_id: string; end_date: string; ... 12 more ...; updated_at: string | null; }' is not assignable to type 'LeaveRequest'.
  Types of property 'request_number' are incompatible.
    Type 'string | null' is not assignable to type 'string'.
      Type 'null' is not assignable to type 'string'.
app/(main)/hr/leave/actions.ts(375,25): error TS18047: 'balance.pending_days' is possibly 'null'.
app/(main)/hr/leave/actions.ts(376,22): error TS18047: 'balance.used_days' is possibly 'null'.
app/(main)/hr/leave/actions.ts(479,25): error TS18047: 'balance.pending_days' is possibly 'null'.
app/(main)/hr/leave/actions.ts(560,25): error TS18047: 'balance.pending_days' is possibly 'null'.
app/(main)/hr/leave/actions.ts(609,10): error TS2769: No overload matches this call.
  Overload 1 of 2, '(values: { attendance_date: string; clock_in?: string | null | undefined; clock_in_location?: string | null | undefined; clock_out?: string | null | undefined; clock_out_location?: string | null | undefined; ... 12 more ...; work_hours?: number | ... 1 more ... | undefined; }, options?: { ...; } | undefined): PostgrestFilterBuilder<...>', gave the following error.
    Object literal may only specify known properties, and 'date' does not exist in type '{ attendance_date: string; clock_in?: string | null | undefined; clock_in_location?: string | null | undefined; clock_out?: string | null | undefined; clock_out_location?: string | null | undefined; ... 12 more ...; work_hours?: number | ... 1 more ... | undefined; }'.
  Overload 2 of 2, '(values: { attendance_date: string; clock_in?: string | null | undefined; clock_in_location?: string | null | undefined; clock_out?: string | null | undefined; clock_out_location?: string | null | undefined; ... 12 more ...; work_hours?: number | ... 1 more ... | undefined; }[], options?: { ...; } | undefined): PostgrestFilterBuilder<...>', gave the following error.
    Object literal may only specify known properties, and 'employee_id' does not exist in type '{ attendance_date: string; clock_in?: string | null | undefined; clock_in_location?: string | null | undefined; clock_out?: string | null | undefined; clock_out_location?: string | null | undefined; ... 12 more ...; work_hours?: number | ... 1 more ... | undefined; }[]'.
app/(main)/hr/leave/actions.ts(671,3): error TS2322: Type '{ approved_at: string | null; approved_by: string | null; attachment_url: string | null; created_at: string | null; emergency_contact: string | null; employee_id: string; end_date: string; ... 15 more ...; handover_employee: { ...; } | null; }[]' is not assignable to type 'LeaveRequest[]'.
  Type '{ approved_at: string | null; approved_by: string | null; attachment_url: string | null; created_at: string | null; emergency_contact: string | null; employee_id: string; end_date: string; ... 15 more ...; handover_employee: { ...; } | null; }' is not assignable to type 'LeaveRequest'.
    Types of property 'request_number' are incompatible.
      Type 'string | null' is not assignable to type 'string'.
        Type 'null' is not assignable to type 'string'.
app/(main)/hr/leave/actions.ts(724,3): error TS2322: Type '{ approved_at: string | null; approved_by: string | null; attachment_url: string | null; created_at: string | null; emergency_contact: string | null; employee_id: string; end_date: string; ... 15 more ...; handover_employee: { ...; } | null; }' is not assignable to type 'LeaveRequest'.
  Types of property 'request_number' are incompatible.
    Type 'string | null' is not assignable to type 'string'.
      Type 'null' is not assignable to type 'string'.
app/(main)/hr/leave/actions.ts(744,3): error TS2322: Type 'SelectQueryError<"column 'department' does not exist on 'employees'.">[]' is not assignable to type '{ id: string; full_name: string; department: string; }[]'.
  Type '{ error: true; } & String' is missing the following properties from type '{ id: string; full_name: string; department: string; }': id, full_name, department
app/(main)/hr/payroll/actions.ts(44,3): error TS2322: Type '{ calculation_type: string | null; component_code: string; component_name: string; component_type: string; created_at: string | null; default_amount: number | null; display_order: number | null; ... 5 more ...; percentage_rate: number | null; }[]' is not assignable to type 'PayrollComponent[]'.
  Type '{ calculation_type: string | null; component_code: string; component_name: string; component_type: string; created_at: string | null; default_amount: number | null; display_order: number | null; ... 5 more ...; percentage_rate: number | null; }' is not assignable to type 'PayrollComponent'.
    Types of property 'component_type' are incompatible.
      Type 'string' is not assignable to type 'ComponentType'.
app/(main)/hr/payroll/actions.ts(73,3): error TS2322: Type '{ component_id: string; created_at: string | null; custom_amount: number | null; custom_rate: number | null; effective_from: string | null; effective_to: string | null; employee_id: string; id: string; is_active: boolean | null; updated_at: string | null; component: { ...; }; }[]' is not assignable to type 'EmployeePayrollSetup[]'.
  Type '{ component_id: string; created_at: string | null; custom_amount: number | null; custom_rate: number | null; effective_from: string | null; effective_to: string | null; employee_id: string; id: string; is_active: boolean | null; updated_at: string | null; component: { ...; }; }' is not assignable to type 'EmployeePayrollSetup'.
    Types of property 'custom_amount' are incompatible.
      Type 'number | null' is not assignable to type 'number | undefined'.
        Type 'null' is not assignable to type 'number | undefined'.
app/(main)/hr/payroll/actions.ts(131,3): error TS2322: Type '{ approved_at: string | null; approved_by: string | null; created_at: string | null; employee_count: number | null; end_date: string; id: string; pay_date: string; period_month: number; ... 10 more ...; updated_at: string | null; }[]' is not assignable to type 'PayrollPeriod[]'.
  Type '{ approved_at: string | null; approved_by: string | null; created_at: string | null; employee_count: number | null; end_date: string; id: string; pay_date: string; period_month: number; ... 10 more ...; updated_at: string | null; }' is not assignable to type 'PayrollPeriod'.
    Types of property 'status' are incompatible.
      Type 'string | null' is not assignable to type 'PayrollPeriodStatus'.
        Type 'null' is not assignable to type 'PayrollPeriodStatus'.
app/(main)/hr/payroll/actions.ts(151,3): error TS2322: Type '{ approved_at: string | null; approved_by: string | null; created_at: string | null; employee_count: number | null; end_date: string; id: string; pay_date: string; period_month: number; ... 10 more ...; updated_at: string | null; }' is not assignable to type 'PayrollPeriod'.
  Types of property 'status' are incompatible.
    Type 'string | null' is not assignable to type 'PayrollPeriodStatus'.
      Type 'null' is not assignable to type 'PayrollPeriodStatus'.
app/(main)/hr/payroll/actions.ts(208,27): error TS2322: Type '{ approved_at: string | null; approved_by: string | null; created_at: string | null; employee_count: number | null; end_date: string; id: string; pay_date: string; period_month: number; ... 10 more ...; updated_at: string | null; }' is not assignable to type 'PayrollPeriod'.
  Types of property 'status' are incompatible.
    Type 'string | null' is not assignable to type 'PayrollPeriodStatus'.
      Type 'null' is not assignable to type 'PayrollPeriodStatus'.
app/(main)/hr/payroll/actions.ts(245,3): error TS2322: Type '{ absent_days: number | null; bank_account: string | null; bank_account_name: string | null; bank_name: string | null; company_contributions: Json; created_at: string | null; ... 16 more ...; employee: { ...; }; }[]' is not assignable to type 'PayrollRecord[]'.
  Type '{ absent_days: number | null; bank_account: string | null; bank_account_name: string | null; bank_name: string | null; company_contributions: Json; created_at: string | null; ... 16 more ...; employee: { ...; }; }' is not assignable to type 'PayrollRecord'.
    Types of property 'work_days' are incompatible.
      Type 'number | null' is not assignable to type 'number'.
        Type 'null' is not assignable to type 'number'.
app/(main)/hr/payroll/actions.ts(279,3): error TS2322: Type '{ absent_days: number | null; bank_account: string | null; bank_account_name: string | null; bank_name: string | null; company_contributions: Json; created_at: string | null; ... 17 more ...; period: { ...; }; }' is not assignable to type 'PayrollRecord'.
  Types of property 'work_days' are incompatible.
    Type 'number | null' is not assignable to type 'number'.
      Type 'null' is not assignable to type 'number'.
app/(main)/hr/payroll/actions.ts(335,7): error TS2769: No overload matches this call.
  Overload 2 of 2, '(values: { absent_days?: number | null | undefined; bank_account?: string | null | undefined; bank_account_name?: string | null | undefined; bank_name?: string | null | undefined; company_contributions?: Json | undefined; ... 16 more ...; work_days?: number | ... 1 more ... | undefined; }[], options?: { ...; } | undefined): PostgrestFilterBuilder<...>', gave the following error.
    Object literal may only specify known properties, and 'period_id' does not exist in type '{ absent_days?: number | null | undefined; bank_account?: string | null | undefined; bank_account_name?: string | null | undefined; bank_name?: string | null | undefined; company_contributions?: Json | undefined; ... 16 more ...; work_days?: number | ... 1 more ... | undefined; }[]'.
app/(main)/hr/payroll/actions.ts(366,27): error TS2322: Type '{ absent_days: number | null; bank_account: string | null; bank_account_name: string | null; bank_name: string | null; company_contributions: Json; created_at: string | null; ... 15 more ...; work_days: number | null; }' is not assignable to type 'PayrollRecord'.
  Types of property 'work_days' are incompatible.
    Type 'number | null' is not assignable to type 'number'.
      Type 'null' is not assignable to type 'number'.
app/(main)/hr/payroll/actions.ts(539,29): error TS2322: Type '{ generated_at: string | null; id: string; payroll_record_id: string; pdf_url: string | null; slip_number: string; }' is not assignable to type 'SalarySlip'.
  Types of property 'pdf_url' are incompatible.
    Type 'string | null' is not assignable to type 'string | undefined'.
      Type 'null' is not assignable to type 'string | undefined'.
app/(main)/hr/payroll/actions.ts(558,27): error TS2322: Type '{ generated_at: string | null; id: string; payroll_record_id: string; pdf_url: string | null; slip_number: string; }' is not assignable to type 'SalarySlip'.
  Types of property 'pdf_url' are incompatible.
    Type 'string | null' is not assignable to type 'string | undefined'.
      Type 'null' is not assignable to type 'string | undefined'.
app/(main)/hr/payroll/actions.ts(577,3): error TS2322: Type '{ generated_at: string | null; id: string; payroll_record_id: string; pdf_url: string | null; slip_number: string; }' is not assignable to type 'SalarySlip'.
  Types of property 'pdf_url' are incompatible.
    Type 'string | null' is not assignable to type 'string | undefined'.
      Type 'null' is not assignable to type 'string | undefined'.
app/(main)/hr/skills/actions.ts(33,3): error TS2322: Type '{ category_code: string; category_name: string; created_at: string | null; description: string | null; display_order: number | null; id: string; is_active: boolean | null; }[]' is not assignable to type 'SkillCategory[]'.
  Type '{ category_code: string; category_name: string; created_at: string | null; description: string | null; display_order: number | null; id: string; is_active: boolean | null; }' is not assignable to type 'SkillCategory'.
    Types of property 'is_active' are incompatible.
      Type 'boolean | null' is not assignable to type 'boolean'.
        Type 'null' is not assignable to type 'boolean'.
app/(main)/hr/skills/actions.ts(57,3): error TS2322: Type '{ category_id: string | null; certification_validity_months: number | null; created_at: string | null; criticality: string | null; description: string | null; id: string; is_active: boolean | null; ... 4 more ...; category: { ...; } | null; }[]' is not assignable to type 'Skill[]'.
  Type '{ category_id: string | null; certification_validity_months: number | null; created_at: string | null; criticality: string | null; description: string | null; id: string; is_active: boolean | null; ... 4 more ...; category: { ...; } | null; }' is not assignable to type 'Skill'.
    Types of property 'requires_certification' are incompatible.
      Type 'boolean | null' is not assignable to type 'boolean'.
        Type 'null' is not assignable to type 'boolean'.
app/(main)/hr/skills/actions.ts(77,3): error TS2322: Type '{ category_id: string | null; certification_validity_months: number | null; created_at: string | null; criticality: string | null; description: string | null; id: string; is_active: boolean | null; ... 4 more ...; category: { ...; } | null; }' is not assignable to type 'Skill'.
  Types of property 'requires_certification' are incompatible.
    Type 'boolean | null' is not assignable to type 'boolean'.
      Type 'null' is not assignable to type 'boolean'.
app/(main)/hr/skills/actions.ts(104,3): error TS2322: Type '{ certificate_url: string | null; certification_date: string | null; certification_number: string | null; created_at: string | null; employee_id: string; expiry_date: string | null; ... 8 more ...; skill: { ...; }; }[]' is not assignable to type 'EmployeeSkill[]'.
  Type '{ certificate_url: string | null; certification_date: string | null; certification_number: string | null; created_at: string | null; employee_id: string; expiry_date: string | null; ... 8 more ...; skill: { ...; }; }' is not assignable to type 'EmployeeSkill'.
    Types of property 'level' are incompatible.
      Type 'string | null' is not assignable to type 'ProficiencyLevel'.
        Type 'null' is not assignable to type 'ProficiencyLevel'.
app/(main)/hr/skills/actions.ts(231,3): error TS2322: Type '{ category_name: string | null; criticality: string | null; current_coverage_percent: number | null; gap_percent: number | null; ops_staff_count: number | null; requires_certification: boolean | null; ... 4 more ...; target_coverage_percent: number | null; }[]' is not assignable to type 'SkillGapAnalysis[]'.
  Type '{ category_name: string | null; criticality: string | null; current_coverage_percent: number | null; gap_percent: number | null; ops_staff_count: number | null; requires_certification: boolean | null; ... 4 more ...; target_coverage_percent: number | null; }' is not assignable to type 'SkillGapAnalysis'.
    Types of property 'skill_id' are incompatible.
      Type 'string | null' is not assignable to type 'string'.
        Type 'null' is not assignable to type 'string'.
app/(main)/hr/skills/actions.ts(254,3): error TS2322: Type '{ certification_date: string | null; certification_number: string | null; days_until_expiry: number | null; employee_code: string | null; employee_id: string | null; employee_name: string | null; ... 5 more ...; skill_name: string | null; }[]' is not assignable to type 'ExpiringCertification[]'.
  Type '{ certification_date: string | null; certification_number: string | null; days_until_expiry: number | null; employee_code: string | null; employee_id: string | null; employee_name: string | null; ... 5 more ...; skill_name: string | null; }' is not assignable to type 'ExpiringCertification'.
    Types of property 'id' are incompatible.
      Type 'string | null' is not assignable to type 'string'.
        Type 'null' is not assignable to type 'string'.
app/(main)/hse/documents/page.tsx(22,9): error TS2322: Type 'DocumentStatistics | { totalDocuments: number; approvedDocuments: number; pendingReview: number; expiringWithin30Days: number; byCategory: {}; byStatus: {}; }' is not assignable to type 'DocumentStatistics'.
  Type '{ totalDocuments: number; approvedDocuments: number; pendingReview: number; expiringWithin30Days: number; byCategory: {}; byStatus: {}; }' is not assignable to type 'DocumentStatistics'.
    Types of property 'byStatus' are incompatible.
      Type '{}' is missing the following properties from type 'Record<DocumentStatus, number>': draft, archived, approved, expired, and 2 more.
app/(main)/hse/permits/page.tsx(20,9): error TS2322: Type 'PermitStatistics | { totalPermits: number; activePermits: number; pendingApproval: number; completedThisMonth: number; byType: {}; byStatus: {}; }' is not assignable to type 'PermitStatistics'.
  Type '{ totalPermits: number; activePermits: number; pendingApproval: number; completedThisMonth: number; byType: {}; byStatus: {}; }' is not assignable to type 'PermitStatistics'.
    Types of property 'byType' are incompatible.
      Type '{}' is missing the following properties from type 'Record<PermitType, number>': hot_work, confined_space, height_work, excavation, and 2 more.
app/(main)/hse/ppe/issuance/page.tsx(45,13): error TS2322: Type '{ id: string; employee_code: string; full_name: string; status: string | null; }[]' is not assignable to type 'PPEEmployee[]'.
  Type '{ id: string; employee_code: string; full_name: string; status: string | null; }' is not assignable to type 'PPEEmployee'.
    Types of property 'status' are incompatible.
      Type 'string | null' is not assignable to type 'string'.
        Type 'null' is not assignable to type 'string'.
app/(main)/hse/training/courses/page.tsx(122,47): error TS2322: Type '{ courses: TrainingCourse[]; onRefresh: () => Promise<void>; }' is not assignable to type 'IntrinsicAttributes & CourseListProps'.
  Property 'onRefresh' does not exist on type 'IntrinsicAttributes & CourseListProps'.
app/(main)/job-orders/actions.ts(98,10): error TS2352: Conversion of type 'SelectQueryError<"column 'notes' does not exist on 'job_orders'.">' to type 'JobOrderWithRelations' may be a mistake because neither type sufficiently overlaps with the other. If this was intentional, convert the expression to 'unknown' first.
  Type '{ error: true; } & String' is missing the following properties from type 'JobOrderWithRelations': amount, approved_at, approved_by, checked_at, and 30 more.
app/(main)/job-orders/overhead-actions.ts(38,32): error TS2339: Property 'total_revenue' does not exist on type 'SelectQueryError<"column 'total_revenue' does not exist on 'job_orders'.">'.
app/(main)/job-orders/overhead-actions.ts(39,34): error TS2339: Property 'total_cost' does not exist on type 'SelectQueryError<"column 'total_revenue' does not exist on 'job_orders'.">'.
app/(main)/job-orders/overhead-actions.ts(86,61): error TS18047: 'cat.default_rate' is possibly 'null'.
app/(main)/job-orders/overhead-actions.ts(87,79): error TS2345: Argument of type 'number | null' is not assignable to parameter of type 'number'.
  Type 'null' is not assignable to type 'number'.
app/(main)/job-orders/overhead-actions.ts(93,11): error TS2322: Type 'number | null' is not assignable to type 'number'.
  Type 'null' is not assignable to type 'number'.
app/(main)/job-orders/overhead-actions.ts(274,32): error TS2339: Property 'total_revenue' does not exist on type 'SelectQueryError<"column 'total_revenue' does not exist on 'job_orders'.">'.
app/(main)/job-orders/overhead-actions.ts(275,36): error TS2339: Property 'total_cost' does not exist on type 'SelectQueryError<"column 'total_revenue' does not exist on 'job_orders'.">'.
app/(main)/job-orders/overhead-actions.ts(285,35): error TS2339: Property 'total_overhead' does not exist on type 'SelectQueryError<"column 'total_revenue' does not exist on 'job_orders'.">'.
app/(main)/job-orders/overhead-actions.ts(286,31): error TS2339: Property 'net_profit' does not exist on type 'SelectQueryError<"column 'total_revenue' does not exist on 'job_orders'.">'.
app/(main)/job-orders/overhead-actions.ts(287,31): error TS2339: Property 'net_margin' does not exist on type 'SelectQueryError<"column 'total_revenue' does not exist on 'job_orders'.">'.
app/(main)/proforma-jo/[id]/costs/costs-client.tsx(54,22): error TS2345: Argument of type '(prev: { actual_amount: number | null; category: string; confirmed_at: string | null; confirmed_by: string | null; created_at: string | null; description: string; estimated_amount: number; ... 10 more ...; vendor_id: string | null; }[]) => ({ ...; } | { ...; })[]' is not assignable to parameter of type 'SetStateAction<{ actual_amount: number | null; category: string; confirmed_at: string | null; confirmed_by: string | null; created_at: string | null; description: string; estimated_amount: number; ... 10 more ...; vendor_id: string | null; }[]>'.
  Type '(prev: { actual_amount: number | null; category: string; confirmed_at: string | null; confirmed_by: string | null; created_at: string | null; description: string; estimated_amount: number; ... 10 more ...; vendor_id: string | null; }[]) => ({ ...; } | { ...; })[]' is not assignable to type '(prevState: { actual_amount: number | null; category: string; confirmed_at: string | null; confirmed_by: string | null; created_at: string | null; description: string; estimated_amount: number; ... 10 more ...; vendor_id: string | null; }[]) => { ...; }[]'.
    Type '({ actual_amount: number | null; category: string; confirmed_at: string | null; confirmed_by: string | null; created_at: string | null; description: string; estimated_amount: number; ... 10 more ...; vendor_id: string | null; } | { ...; })[]' is not assignable to type '{ actual_amount: number | null; category: string; confirmed_at: string | null; confirmed_by: string | null; created_at: string | null; description: string; estimated_amount: number; ... 10 more ...; vendor_id: string | null; }[]'.
      Type '{ actual_amount: number | null; category: string; confirmed_at: string | null; confirmed_by: string | null; created_at: string | null; description: string; estimated_amount: number; ... 10 more ...; vendor_id: string | null; } | { ...; }' is not assignable to type '{ actual_amount: number | null; category: string; confirmed_at: string | null; confirmed_by: string | null; created_at: string | null; description: string; estimated_amount: number; ... 10 more ...; vendor_id: string | null; }'.
        Type '{ actual_amount: number; variance: number; variance_pct: number; status: CostItemStatus; confirmed_at: string; justification: string | undefined; category: string; confirmed_by: string | null; ... 9 more ...; vendor_id: string | null; }' is not assignable to type '{ actual_amount: number | null; category: string; confirmed_at: string | null; confirmed_by: string | null; created_at: string | null; description: string; estimated_amount: number; ... 10 more ...; vendor_id: string | null; }'.
          Types of property 'justification' are incompatible.
            Type 'string | undefined' is not assignable to type 'string | null'.
              Type 'undefined' is not assignable to type 'string | null'.
app/(main)/proforma-jo/[id]/page.tsx(50,26): error TS2554: Expected 1 arguments, but got 0.
app/(main)/proforma-jo/[id]/page.tsx(51,24): error TS2554: Expected 1 arguments, but got 0.
app/(main)/proforma-jo/classification-actions.ts(51,7): error TS2322: Type 'ComplexityFactor[]' is not assignable to type 'Json | undefined'.
  Type 'ComplexityFactor[]' is not assignable to type 'Json[]'.
    Type 'ComplexityFactor' is not assignable to type 'Json'.
      Type 'ComplexityFactor' is not assignable to type '{ [key: string]: Json | undefined; }'.
        Index signature for type 'string' is missing in type 'ComplexityFactor'.
app/(main)/proforma-jo/classification-actions.ts(99,28): error TS2352: Conversion of type 'string | number | boolean | { [key: string]: Json | undefined; } | Json[] | null' to type 'ComplexityFactor[]' may be a mistake because neither type sufficiently overlaps with the other. If this was intentional, convert the expression to 'unknown' first.
  Type 'Json[]' is not comparable to type 'ComplexityFactor[]'.
    Type 'Json' is not comparable to type 'ComplexityFactor'.
      Type 'Json[]' is missing the following properties from type 'ComplexityFactor': criteria_code, criteria_name, weight, triggered_value
app/(main)/proforma-jo/conversion-actions.ts(23,9): error TS2561: Object literal may only specify known properties, but 'total_revenue' does not exist in type '{ totalRevenue: number; totalCost: number; estimatedProfit: number; profitMargin: number; }'. Did you mean to write 'totalRevenue'?
app/(main)/proforma-jo/conversion-actions.ts(90,7): error TS2561: Object literal may only specify known properties, but 'total_revenue' does not exist in type '{ totalRevenue: number; totalCost: number; estimatedProfit: number; profitMargin: number; }'. Did you mean to write 'totalRevenue'?
app/(main)/proforma-jo/conversion-actions.ts(107,21): error TS18048: 'readiness.blockers' is possibly 'undefined'.
app/(main)/proforma-jo/conversion-actions.ts(153,15): error TS18048: 'readiness.summary' is possibly 'undefined'.
app/(main)/proforma-jo/conversion-actions.ts(153,33): error TS2551: Property 'total_revenue' does not exist on type '{ totalRevenue: number; totalCost: number; estimatedProfit: number; profitMargin: number; }'. Did you mean 'totalRevenue'?
app/(main)/proforma-jo/conversion-actions.ts(154,22): error TS18048: 'readiness.summary' is possibly 'undefined'.
app/(main)/proforma-jo/conversion-actions.ts(154,40): error TS2551: Property 'total_revenue' does not exist on type '{ totalRevenue: number; totalCost: number; estimatedProfit: number; profitMargin: number; }'. Did you mean 'totalRevenue'?
app/(main)/proforma-jo/conversion-actions.ts(155,19): error TS18048: 'readiness.summary' is possibly 'undefined'.
app/(main)/proforma-jo/conversion-actions.ts(155,37): error TS2551: Property 'total_cost' does not exist on type '{ totalRevenue: number; totalCost: number; estimatedProfit: number; profitMargin: number; }'. Did you mean 'totalCost'?
app/(main)/proforma-jo/engineering-actions.ts(160,36): error TS2345: Argument of type 'string | null' is not assignable to parameter of type 'string'.
  Type 'null' is not assignable to type 'string'.
app/(main)/proforma-jo/engineering-actions.ts(236,36): error TS2345: Argument of type 'string | null' is not assignable to parameter of type 'string'.
  Type 'null' is not assignable to type 'string'.
app/(main)/proforma-jo/engineering-actions.ts(582,36): error TS2345: Argument of type 'string | null' is not assignable to parameter of type 'string'.
  Type 'null' is not assignable to type 'string'.
app/(main)/quotations/[id]/page.tsx(56,7): error TS2322: Type '{ cargo_height_m: number | null; cargo_length_m: number | null; cargo_value: number | null; cargo_weight_kg: number | null; cargo_width_m: number | null; commodity: string | null; ... 54 more ...; created_by_user: { ...; } | null; }' is not assignable to type 'QuotationWithRelations'.
  Types of property 'project' are incompatible.
    Type '{ id: string; name: string; } | null' is not assignable to type '{ id: string; name: string; } | undefined'.
      Type 'null' is not assignable to type '{ id: string; name: string; } | undefined'.
app/(main)/quotations/page.tsx(59,7): error TS2322: Type '{ cargo_height_m: number | null; cargo_length_m: number | null; cargo_value: number | null; cargo_weight_kg: number | null; cargo_width_m: number | null; commodity: string | null; ... 50 more ...; project: { ...; } | null; }[]' is not assignable to type 'QuotationWithRelations[]'.
  Type '{ cargo_height_m: number | null; cargo_length_m: number | null; cargo_value: number | null; cargo_weight_kg: number | null; cargo_width_m: number | null; commodity: string | null; ... 50 more ...; project: { ...; } | null; }' is not assignable to type 'QuotationWithRelations'.
    Types of property 'project' are incompatible.
      Type '{ id: string; name: string; } | null' is not assignable to type '{ id: string; name: string; } | undefined'.
        Type 'null' is not assignable to type '{ id: string; name: string; } | undefined'.
app/(main)/reports/ar-aging/page.tsx(59,43): error TS2345: Argument of type '{ id: string; invoice_number: string; invoice_date: string | null; due_date: string; total_amount: number; customers: { name: string; }; }[]' is not assignable to parameter of type 'InvoiceData[]'.
  Type '{ id: string; invoice_number: string; invoice_date: string | null; due_date: string; total_amount: number; customers: { name: string; }; }' is not assignable to type 'InvoiceData'.
    Types of property 'invoice_date' are incompatible.
      Type 'string | null' is not assignable to type 'string'.
        Type 'null' is not assignable to type 'string'.
app/(main)/reports/cost-analysis/page.tsx(55,15): error TS7053: Element implicitly has an 'any' type because expression of type '0' can't be used to index type '{ id: string; }'.
  Property '0' does not exist on type '{ id: string; }'.
app/(main)/reports/customer-acquisition/page.tsx(64,33): error TS2339: Property 'reduce' does not exist on type 'never[] | { final_revenue: number | null; }'.
  Property 'reduce' does not exist on type '{ final_revenue: number | null; }'.
app/(main)/reports/customer-acquisition/page.tsx(64,41): error TS7006: Parameter 'joSum' implicitly has an 'any' type.
app/(main)/reports/customer-acquisition/page.tsx(64,48): error TS7006: Parameter 'jo' implicitly has an 'any' type.
app/(main)/reports/outstanding-invoices/page.tsx(60,33): error TS2769: No overload matches this call.
  Overload 1 of 4, '(value: string | number | Date): Date', gave the following error.
    Argument of type 'string | null' is not assignable to parameter of type 'string | number | Date'.
      Type 'null' is not assignable to type 'string | number | Date'.
  Overload 2 of 4, '(value: string | number): Date', gave the following error.
    Argument of type 'string | null' is not assignable to parameter of type 'string | number'.
      Type 'null' is not assignable to type 'string | number'.
app/(main)/reports/profit-loss/page.tsx(83,38): error TS2345: Argument of type '{ description: string; subtotal: number | null; unit: string; }[]' is not assignable to parameter of type 'RevenueItem[]'.
  Type '{ description: string; subtotal: number | null; unit: string; }' is not assignable to type 'RevenueItem'.
    Types of property 'subtotal' are incompatible.
      Type 'number | null' is not assignable to type 'number'.
        Type 'null' is not assignable to type 'number'.
app/(main)/reports/vendor-performance/page.tsx(57,15): error TS7053: Element implicitly has an 'any' type because expression of type '0' can't be used to index type '{ id: string; }'.
  Property '0' does not exist on type '{ id: string; }'.
app/(main)/settings/audit-logs/audit-logs-client.tsx(149,18): error TS2345: Argument of type 'AuditLogStats' is not assignable to parameter of type 'SetStateAction<AuditStats | null>'.
  Type 'AuditLogStats' is missing the following properties from type 'AuditStats': entries_by_entity_type, top_users, failure_rate
app/(main)/settings/audit-logs/page.tsx(75,9): error TS2322: Type 'PaginatedAuditLogs | { data: never[]; total: number; page: number; page_size: number; total_pages: number; }' is not assignable to type 'PaginatedAuditLogs'.
  Type '{ data: never[]; total: number; page: number; page_size: number; total_pages: number; }' is missing the following properties from type 'PaginatedAuditLogs': logs, pageSize, totalPages, hasMore
app/(main)/settings/preferences/actions.ts(86,17): error TS2322: Type 'Record<string, unknown>' is not assignable to type 'Json | undefined'.
  Type 'Record<string, unknown>' is missing the following properties from type 'Json[]': length, pop, push, concat, and 35 more.
app/(main)/settings/preferences/actions.ts(116,17): error TS2322: Type 'Record<string, unknown>' is not assignable to type 'Json | undefined'.
  Type 'Record<string, unknown>' is missing the following properties from type 'Json[]': length, pop, push, concat, and 35 more.
app/(main)/vendors/actions.ts(107,9): error TS2322: Type '{ vendor_type: VendorType; equipment_count: number; ratings_count: number; address: string | null; average_rating: number | null; bank_account: string | null; bank_account_name: string | null; ... 32 more ...; vendor_ratings: { ...; }[]; }[]' is not assignable to type 'VendorWithStats[]'.
  Type '{ vendor_type: VendorType; equipment_count: number; ratings_count: number; address: string | null; average_rating: number | null; bank_account: string | null; bank_account_name: string | null; ... 32 more ...; vendor_ratings: { ...; }[]; }' is not assignable to type 'VendorWithStats'.
    Types of property 'is_active' are incompatible.
      Type 'boolean | null' is not assignable to type 'boolean'.
        Type 'null' is not assignable to type 'boolean'.
app/(main)/vendors/actions.ts(140,9): error TS2322: Type '{ vendor_type: VendorType; equipment: VendorEquipment[]; equipment_count: number; ratings_count: number; address: string | null; average_rating: number | null; bank_account: string | null; ... 33 more ...; vendor_ratings: { ...; }[]; }' is not assignable to type 'VendorWithStats'.
  Types of property 'is_active' are incompatible.
    Type 'boolean | null' is not assignable to type 'boolean'.
      Type 'null' is not assignable to type 'boolean'.
app/(main)/vendors/actions.ts(177,12): error TS2322: Type '{ vendor_type: VendorType; address: string | null; average_rating: number | null; bank_account: string | null; bank_account_name: string | null; bank_branch: string | null; ... 29 more ...; website: string | null; }[]' is not assignable to type 'Vendor[]'.
  Type '{ vendor_type: VendorType; address: string | null; average_rating: number | null; bank_account: string | null; bank_account_name: string | null; bank_branch: string | null; bank_name: string | null; ... 28 more ...; website: string | null; }' is not assignable to type 'Vendor'.
    Types of property 'is_active' are incompatible.
      Type 'boolean | null' is not assignable to type 'boolean'.
        Type 'null' is not assignable to type 'boolean'.
app/(main)/vendors/actions.ts(200,12): error TS2322: Type '{ vendor_type: VendorType; address: string | null; average_rating: number | null; bank_account: string | null; bank_account_name: string | null; bank_branch: string | null; ... 29 more ...; website: string | null; }[]' is not assignable to type 'Vendor[]'.
  Type '{ vendor_type: VendorType; address: string | null; average_rating: number | null; bank_account: string | null; bank_account_name: string | null; bank_branch: string | null; bank_name: string | null; ... 28 more ...; website: string | null; }' is not assignable to type 'Vendor'.
    Types of property 'is_active' are incompatible.
      Type 'boolean | null' is not assignable to type 'boolean'.
        Type 'null' is not assignable to type 'boolean'.
app/(main)/vendors/actions.ts(292,12): error TS2322: Type '{ address: string | null; average_rating: number | null; bank_account: string | null; bank_account_name: string | null; bank_branch: string | null; bank_name: string | null; business_license: string | null; ... 28 more ...; website: string | null; }' is not assignable to type 'Vendor'.
  Types of property 'vendor_type' are incompatible.
    Type 'string' is not assignable to type 'VendorType'.
app/(main)/vendors/document-actions.ts(65,12): error TS2322: Type '{ document_type: DocumentType; created_at: string | null; document_name: string | null; expiry_date: string | null; file_url: string | null; id: string; uploaded_by: string | null; vendor_id: string; }[]' is not assignable to type 'VendorDocument[]'.
  Type '{ document_type: DocumentType; created_at: string | null; document_name: string | null; expiry_date: string | null; file_url: string | null; id: string; uploaded_by: string | null; vendor_id: string; }' is not assignable to type 'VendorDocument'.
    Types of property 'created_at' are incompatible.
      Type 'string | null' is not assignable to type 'string'.
        Type 'null' is not assignable to type 'string'.
app/(main)/vendors/document-actions.ts(87,12): error TS2322: Type '{ document_type: DocumentType; created_at: string | null; document_name: string | null; expiry_date: string | null; file_url: string | null; id: string; uploaded_by: string | null; vendor_id: string; } | null' is not assignable to type 'VendorDocument | null'.
  Type '{ document_type: DocumentType; created_at: string | null; document_name: string | null; expiry_date: string | null; file_url: string | null; id: string; uploaded_by: string | null; vendor_id: string; }' is not assignable to type 'VendorDocument'.
    Types of property 'created_at' are incompatible.
      Type 'string | null' is not assignable to type 'string'.
        Type 'null' is not assignable to type 'string'.
app/(main)/vendors/document-actions.ts(190,12): error TS2322: Type '{ document_type: DocumentType; created_at: string | null; document_name: string | null; expiry_date: string | null; file_url: string | null; id: string; uploaded_by: string | null; vendor_id: string; } | undefined' is not assignable to type 'VendorDocument | undefined'.
  Type '{ document_type: DocumentType; created_at: string | null; document_name: string | null; expiry_date: string | null; file_url: string | null; id: string; uploaded_by: string | null; vendor_id: string; }' is not assignable to type 'VendorDocument'.
    Types of property 'created_at' are incompatible.
      Type 'string | null' is not assignable to type 'string'.
        Type 'null' is not assignable to type 'string'.
app/(main)/vendors/document-actions.ts(297,12): error TS2322: Type '{ document_type: DocumentType; created_at: string | null; document_name: string | null; expiry_date: string | null; file_url: string | null; id: string; uploaded_by: string | null; vendor_id: string; }[]' is not assignable to type 'VendorDocument[]'.
  Type '{ document_type: DocumentType; created_at: string | null; document_name: string | null; expiry_date: string | null; file_url: string | null; id: string; uploaded_by: string | null; vendor_id: string; }' is not assignable to type 'VendorDocument'.
    Types of property 'created_at' are incompatible.
      Type 'string | null' is not assignable to type 'string'.
        Type 'null' is not assignable to type 'string'.
app/(main)/vendors/equipment-actions.ts(63,12): error TS2322: Type '{ equipment_type: EquipmentType; condition: EquipmentCondition; brand: string | null; capacity_description: string | null; capacity_kg: number | null; ... 17 more ...; year_made: number | null; }[]' is not assignable to type 'VendorEquipment[]'.
  Type '{ equipment_type: EquipmentType; condition: EquipmentCondition; brand: string | null; capacity_description: string | null; capacity_kg: number | null; capacity_m3: number | null; ... 16 more ...; year_made: number | null; }' is not assignable to type 'VendorEquipment'.
    Types of property 'is_available' are incompatible.
      Type 'boolean | null' is not assignable to type 'boolean'.
        Type 'null' is not assignable to type 'boolean'.
app/(main)/vendors/equipment-actions.ts(85,12): error TS2322: Type '{ equipment_type: EquipmentType; condition: EquipmentCondition; brand: string | null; capacity_description: string | null; capacity_kg: number | null; ... 17 more ...; year_made: number | null; } | null' is not assignable to type 'VendorEquipment | null'.
  Type '{ equipment_type: EquipmentType; condition: EquipmentCondition; brand: string | null; capacity_description: string | null; capacity_kg: number | null; capacity_m3: number | null; ... 16 more ...; year_made: number | null; }' is not assignable to type 'VendorEquipment'.
    Types of property 'is_available' are incompatible.
      Type 'boolean | null' is not assignable to type 'boolean'.
        Type 'null' is not assignable to type 'boolean'.
app/(main)/vendors/equipment-actions.ts(116,12): error TS2322: Type '{ equipment_type: EquipmentType; condition: EquipmentCondition; brand: string | null; capacity_description: string | null; capacity_kg: number | null; ... 17 more ...; year_made: number | null; }[]' is not assignable to type 'VendorEquipment[]'.
  Type '{ equipment_type: EquipmentType; condition: EquipmentCondition; brand: string | null; capacity_description: string | null; capacity_kg: number | null; capacity_m3: number | null; ... 16 more ...; year_made: number | null; }' is not assignable to type 'VendorEquipment'.
    Types of property 'is_available' are incompatible.
      Type 'boolean | null' is not assignable to type 'boolean'.
        Type 'null' is not assignable to type 'boolean'.
app/(main)/vendors/equipment-actions.ts(168,12): error TS2322: Type '{ equipment_type: EquipmentType; condition: EquipmentCondition; brand: string | null; capacity_description: string | null; capacity_kg: number | null; ... 17 more ...; year_made: number | null; } | undefined' is not assignable to type 'VendorEquipment | undefined'.
  Type '{ equipment_type: EquipmentType; condition: EquipmentCondition; brand: string | null; capacity_description: string | null; capacity_kg: number | null; capacity_m3: number | null; ... 16 more ...; year_made: number | null; }' is not assignable to type 'VendorEquipment'.
    Types of property 'is_available' are incompatible.
      Type 'boolean | null' is not assignable to type 'boolean'.
        Type 'null' is not assignable to type 'boolean'.
app/actions/agency-actions.ts(101,15): error TS2769: No overload matches this call.
  Overload 1 of 2, '(values: { booking_portal_url?: string | null | undefined; contacts?: Json | undefined; created_at?: string | null | undefined; credit_days?: number | null | undefined; credit_limit?: number | ... 1 more ... | undefined; ... 19 more ...; website?: string | ... 1 more ... | undefined; }, options?: { ...; } | undefined): PostgrestFilterBuilder<...>', gave the following error.
    Argument of type '{ line_code: string; line_name: string; head_office_address: string | undefined; head_office_country: string | undefined; website: string | undefined; booking_portal_url: string | undefined; ... 13 more ...; notes: string | undefined; }' is not assignable to parameter of type '{ booking_portal_url?: string | null | undefined; contacts?: Json | undefined; created_at?: string | null | undefined; credit_days?: number | null | undefined; credit_limit?: number | ... 1 more ... | undefined; ... 19 more ...; website?: string | ... 1 more ... | undefined; }'.
      Types of property 'contacts' are incompatible.
        Type 'ShippingLineContact[]' is not assignable to type 'Json | undefined'.
          Type 'ShippingLineContact[]' is not assignable to type 'Json[]'.
            Type 'ShippingLineContact' is not assignable to type 'Json'.
              Type 'ShippingLineContact' is not assignable to type '{ [key: string]: Json | undefined; }'.
                Index signature for type 'string' is missing in type 'ShippingLineContact'.
  Overload 2 of 2, '(values: { booking_portal_url?: string | null | undefined; contacts?: Json | undefined; created_at?: string | null | undefined; credit_days?: number | null | undefined; credit_limit?: number | ... 1 more ... | undefined; ... 19 more ...; website?: string | ... 1 more ... | undefined; }[], options?: { ...; } | undefined): PostgrestFilterBuilder<...>', gave the following error.
    Argument of type '{ line_code: string; line_name: string; head_office_address: string | undefined; head_office_country: string | undefined; website: string | undefined; booking_portal_url: string | undefined; ... 13 more ...; notes: string | undefined; }' is not assignable to parameter of type '{ booking_portal_url?: string | null | undefined; contacts?: Json | undefined; created_at?: string | null | undefined; credit_days?: number | null | undefined; credit_limit?: number | ... 1 more ... | undefined; ... 19 more ...; website?: string | ... 1 more ... | undefined; }[]'.
      Type '{ line_code: string; line_name: string; head_office_address: string | undefined; head_office_country: string | undefined; website: string | undefined; booking_portal_url: string | undefined; ... 13 more ...; notes: string | undefined; }' is missing the following properties from type '{ booking_portal_url?: string | null | undefined; contacts?: Json | undefined; created_at?: string | null | undefined; credit_days?: number | null | undefined; credit_limit?: number | ... 1 more ... | undefined; ... 19 more ...; website?: string | ... 1 more ... | undefined; }[]': length, pop, push, concat, and 35 more.
app/actions/agency-actions.ts(136,15): error TS2345: Argument of type '{ updated_at: string; line_code: string; line_name: string; head_office_address: string | undefined; head_office_country: string | undefined; website: string | undefined; booking_portal_url: string | undefined; ... 13 more ...; notes: string | undefined; }' is not assignable to parameter of type '{ booking_portal_url?: string | null | undefined; contacts?: Json | undefined; created_at?: string | null | undefined; credit_days?: number | null | undefined; credit_limit?: number | ... 1 more ... | undefined; ... 19 more ...; website?: string | ... 1 more ... | undefined; }'.
  Types of property 'contacts' are incompatible.
    Type 'ShippingLineContact[]' is not assignable to type 'Json | undefined'.
      Type 'ShippingLineContact[]' is not assignable to type 'Json[]'.
        Type 'ShippingLineContact' is not assignable to type 'Json'.
          Type 'ShippingLineContact' is not assignable to type '{ [key: string]: Json | undefined; }'.
            Index signature for type 'string' is missing in type 'ShippingLineContact'.
app/actions/agency-actions.ts(309,15): error TS2769: No overload matches this call.
  Overload 1 of 2, '(values: { address?: string | null | undefined; agent_code: string; agent_name: string; bank_account?: string | null | undefined; bank_name?: string | null | undefined; bank_swift?: string | null | undefined; ... 21 more ...; website?: string | ... 1 more ... | undefined; }, options?: { ...; } | undefined): PostgrestFilterBuilder<...>', gave the following error.
    Argument of type '{ agent_code: string; agent_name: string; port_id: string | undefined; port_name: string; port_country: string; address: string | undefined; phone: string | undefined; email: string | undefined; ... 13 more ...; notes: string | undefined; }' is not assignable to parameter of type '{ address?: string | null | undefined; agent_code: string; agent_name: string; bank_account?: string | null | undefined; bank_name?: string | null | undefined; bank_swift?: string | null | undefined; ... 21 more ...; website?: string | ... 1 more ... | undefined; }'.
      Types of property 'contacts' are incompatible.
        Type 'AgentContact[]' is not assignable to type 'Json | undefined'.
          Type 'AgentContact[]' is not assignable to type 'Json[]'.
            Type 'AgentContact' is not assignable to type 'Json'.
              Type 'AgentContact' is not assignable to type '{ [key: string]: Json | undefined; }'.
                Index signature for type 'string' is missing in type 'AgentContact'.
  Overload 2 of 2, '(values: { address?: string | null | undefined; agent_code: string; agent_name: string; bank_account?: string | null | undefined; bank_name?: string | null | undefined; bank_swift?: string | null | undefined; ... 21 more ...; website?: string | ... 1 more ... | undefined; }[], options?: { ...; } | undefined): PostgrestFilterBuilder<...>', gave the following error.
    Argument of type '{ agent_code: string; agent_name: string; port_id: string | undefined; port_name: string; port_country: string; address: string | undefined; phone: string | undefined; email: string | undefined; ... 13 more ...; notes: string | undefined; }' is not assignable to parameter of type '{ address?: string | null | undefined; agent_code: string; agent_name: string; bank_account?: string | null | undefined; bank_name?: string | null | undefined; bank_swift?: string | null | undefined; ... 21 more ...; website?: string | ... 1 more ... | undefined; }[]'.
      Type '{ agent_code: string; agent_name: string; port_id: string | undefined; port_name: string; port_country: string; address: string | undefined; phone: string | undefined; email: string | undefined; ... 13 more ...; notes: string | undefined; }' is missing the following properties from type '{ address?: string | null | undefined; agent_code: string; agent_name: string; bank_account?: string | null | undefined; bank_name?: string | null | undefined; bank_swift?: string | null | undefined; ... 21 more ...; website?: string | ... 1 more ... | undefined; }[]': length, pop, push, concat, and 35 more.
app/actions/agency-actions.ts(343,15): error TS2345: Argument of type '{ updated_at: string; agent_code: string; agent_name: string; port_id: string | undefined; port_name: string; port_country: string; address: string | undefined; phone: string | undefined; ... 14 more ...; notes: string | undefined; }' is not assignable to parameter of type '{ address?: string | null | undefined; agent_code?: string | undefined; agent_name?: string | undefined; bank_account?: string | null | undefined; bank_name?: string | null | undefined; ... 22 more ...; website?: string | ... 1 more ... | undefined; }'.
  Types of property 'contacts' are incompatible.
    Type 'AgentContact[]' is not assignable to type 'Json | undefined'.
      Type 'AgentContact[]' is not assignable to type 'Json[]'.
        Type 'AgentContact' is not assignable to type 'Json'.
          Type 'AgentContact' is not assignable to type '{ [key: string]: Json | undefined; }'.
            Index signature for type 'string' is missing in type 'AgentContact'.
app/actions/agency-actions.ts(517,15): error TS2769: No overload matches this call.
  Overload 1 of 2, '(values: { address?: string | null | undefined; city?: string | null | undefined; contacts?: Json | undefined; country?: string | null | undefined; coverage_areas?: Json | undefined; ... 17 more ...; updated_at?: string | ... 1 more ... | undefined; }, options?: { ...; } | undefined): PostgrestFilterBuilder<...>', gave the following error.
    Argument of type '{ provider_code: string; provider_name: string; provider_type: ProviderType; city: string | undefined; province: string | undefined; country: string; address: string | undefined; ... 11 more ...; notes: string | undefined; }' is not assignable to parameter of type '{ address?: string | null | undefined; city?: string | null | undefined; contacts?: Json | undefined; country?: string | null | undefined; coverage_areas?: Json | undefined; ... 17 more ...; updated_at?: string | ... 1 more ... | undefined; }'.
      Types of property 'contacts' are incompatible.
        Type 'ProviderContact[]' is not assignable to type 'Json | undefined'.
          Type 'ProviderContact[]' is not assignable to type 'Json[]'.
            Type 'ProviderContact' is not assignable to type 'Json'.
              Type 'ProviderContact' is not assignable to type '{ [key: string]: Json | undefined; }'.
                Index signature for type 'string' is missing in type 'ProviderContact'.
  Overload 2 of 2, '(values: { address?: string | null | undefined; city?: string | null | undefined; contacts?: Json | undefined; country?: string | null | undefined; coverage_areas?: Json | undefined; ... 17 more ...; updated_at?: string | ... 1 more ... | undefined; }[], options?: { ...; } | undefined): PostgrestFilterBuilder<...>', gave the following error.
    Argument of type '{ provider_code: string; provider_name: string; provider_type: ProviderType; city: string | undefined; province: string | undefined; country: string; address: string | undefined; ... 11 more ...; notes: string | undefined; }' is not assignable to parameter of type '{ address?: string | null | undefined; city?: string | null | undefined; contacts?: Json | undefined; country?: string | null | undefined; coverage_areas?: Json | undefined; ... 17 more ...; updated_at?: string | ... 1 more ... | undefined; }[]'.
      Type '{ provider_code: string; provider_name: string; provider_type: ProviderType; city: string | undefined; province: string | undefined; country: string; address: string | undefined; ... 11 more ...; notes: string | undefined; }' is missing the following properties from type '{ address?: string | null | undefined; city?: string | null | undefined; contacts?: Json | undefined; country?: string | null | undefined; coverage_areas?: Json | undefined; ... 17 more ...; updated_at?: string | ... 1 more ... | undefined; }[]': length, pop, push, concat, and 35 more.
app/actions/agency-actions.ts(551,15): error TS2345: Argument of type '{ updated_at: string; provider_code: string; provider_name: string; provider_type: ProviderType; city: string | undefined; province: string | undefined; country: string; ... 12 more ...; notes: string | undefined; }' is not assignable to parameter of type '{ address?: string | null | undefined; city?: string | null | undefined; contacts?: Json | undefined; country?: string | null | undefined; coverage_areas?: Json | undefined; ... 17 more ...; updated_at?: string | ... 1 more ... | undefined; }'.
  Types of property 'contacts' are incompatible.
    Type 'ProviderContact[]' is not assignable to type 'Json | undefined'.
      Type 'ProviderContact[]' is not assignable to type 'Json[]'.
        Type 'ProviderContact' is not assignable to type 'Json'.
          Type 'ProviderContact' is not assignable to type '{ [key: string]: Json | undefined; }'.
            Index signature for type 'string' is missing in type 'ProviderContact'.
app/actions/agency-actions.ts(725,7): error TS2345: Argument of type 'number[]' is not assignable to parameter of type 'SurchargeItem[]'.
  Type 'number' is not assignable to type 'SurchargeItem'.
app/actions/agency-actions.ts(732,15): error TS2769: No overload matches this call.
  Overload 1 of 2, '(values: { baf?: number | null | undefined; caf?: number | null | undefined; container_type: string; created_at?: string | null | undefined; currency?: string | null | undefined; destination_port_id: string; ... 14 more ...; valid_to: string; }, options?: { ...; } | undefined): PostgrestFilterBuilder<...>', gave the following error.
    Argument of type '{ shipping_line_id: string; origin_port_id: string; destination_port_id: string; container_type: ContainerType; ocean_freight: number; currency: string; baf: number; caf: number; ... 9 more ...; notes: string | undefined; }' is not assignable to parameter of type '{ baf?: number | null | undefined; caf?: number | null | undefined; container_type: string; created_at?: string | null | undefined; currency?: string | null | undefined; destination_port_id: string; ... 14 more ...; valid_to: string; }'.
      Types of property 'other_surcharges' are incompatible.
        Type 'SurchargeItem[]' is not assignable to type 'Json | undefined'.
          Type 'SurchargeItem[]' is not assignable to type 'Json[]'.
            Type 'SurchargeItem' is not assignable to type 'Json'.
              Type 'SurchargeItem' is not assignable to type '{ [key: string]: Json | undefined; }'.
                Index signature for type 'string' is missing in type 'SurchargeItem'.
  Overload 2 of 2, '(values: { baf?: number | null | undefined; caf?: number | null | undefined; container_type: string; created_at?: string | null | undefined; currency?: string | null | undefined; destination_port_id: string; ... 14 more ...; valid_to: string; }[], options?: { ...; } | undefined): PostgrestFilterBuilder<...>', gave the following error.
    Argument of type '{ shipping_line_id: string; origin_port_id: string; destination_port_id: string; container_type: ContainerType; ocean_freight: number; currency: string; baf: number; caf: number; ... 9 more ...; notes: string | undefined; }' is not assignable to parameter of type '{ baf?: number | null | undefined; caf?: number | null | undefined; container_type: string; created_at?: string | null | undefined; currency?: string | null | undefined; destination_port_id: string; ... 14 more ...; valid_to: string; }[]'.
      Type '{ shipping_line_id: string; origin_port_id: string; destination_port_id: string; container_type: ContainerType; ocean_freight: number; currency: string; baf: number; caf: number; ... 9 more ...; notes: string | undefined; }' is missing the following properties from type '{ baf?: number | null | undefined; caf?: number | null | undefined; container_type: string; created_at?: string | null | undefined; currency?: string | null | undefined; destination_port_id: string; ... 14 more ...; valid_to: string; }[]': length, pop, push, concat, and 35 more.
app/actions/agency-actions.ts(766,7): error TS2345: Argument of type 'number[]' is not assignable to parameter of type 'SurchargeItem[]'.
  Type 'number' is not assignable to type 'SurchargeItem'.
app/actions/agency-actions.ts(773,28): error TS2353: Object literal may only specify known properties, and 'updated_at' does not exist in type '{ baf?: number | null | undefined; caf?: number | null | undefined; container_type?: string | undefined; created_at?: string | null | undefined; currency?: string | null | undefined; ... 15 more ...; valid_to?: string | undefined; }'.
app/actions/audit-actions.ts(154,7): error TS2561: Object literal may only specify known properties, but 'page_size' does not exist in type 'PaginatedAuditLogs'. Did you mean to write 'pageSize'?
app/actions/audit-actions.ts(248,11): error TS2322: Type 'string' is not assignable to type 'UserRole | undefined'.
app/actions/audit-actions.ts(286,15): error TS2769: No overload matches this call.
  Overload 1 of 2, '(values: { action_type: string; created_at?: string | null | undefined; details?: Json | undefined; document_id: string; document_number: string; document_type: string; id?: string | undefined; user_id?: string | ... 1 more ... | undefined; user_name: string; }, options?: { ...; } | undefined): PostgrestFilterBuilder<...>', gave the following error.
    Argument of type '{ user_id: string | undefined; user_email: string | undefined; user_role: UserRole | undefined; action: AuditAction; module: string; entity_type: string; entity_id: string | undefined; ... 12 more ...; metadata: Record<...>; }' is not assignable to parameter of type '{ action_type: string; created_at?: string | null | undefined; details?: Json | undefined; document_id: string; document_number: string; document_type: string; id?: string | undefined; user_id?: string | ... 1 more ... | undefined; user_name: string; }'.
      Type '{ user_id: string | undefined; user_email: string | undefined; user_role: UserRole | undefined; action: AuditAction; module: string; entity_type: string; entity_id: string | undefined; ... 12 more ...; metadata: Record<...>; }' is missing the following properties from type '{ action_type: string; created_at?: string | null | undefined; details?: Json | undefined; document_id: string; document_number: string; document_type: string; id?: string | undefined; user_id?: string | ... 1 more ... | undefined; user_name: string; }': action_type, document_id, document_number, document_type, user_name
  Overload 2 of 2, '(values: { action_type: string; created_at?: string | null | undefined; details?: Json | undefined; document_id: string; document_number: string; document_type: string; id?: string | undefined; user_id?: string | ... 1 more ... | undefined; user_name: string; }[], options?: { ...; } | undefined): PostgrestFilterBuilder<...>', gave the following error.
    Argument of type '{ user_id: string | undefined; user_email: string | undefined; user_role: UserRole | undefined; action: AuditAction; module: string; entity_type: string; entity_id: string | undefined; ... 12 more ...; metadata: Record<...>; }' is not assignable to parameter of type '{ action_type: string; created_at?: string | null | undefined; details?: Json | undefined; document_id: string; document_number: string; document_type: string; id?: string | undefined; user_id?: string | ... 1 more ... | undefined; user_name: string; }[]'.
      Type '{ user_id: string | undefined; user_email: string | undefined; user_role: UserRole | undefined; action: AuditAction; module: string; entity_type: string; entity_id: string | undefined; ... 12 more ...; metadata: Record<...>; }' is missing the following properties from type '{ action_type: string; created_at?: string | null | undefined; details?: Json | undefined; document_id: string; document_number: string; document_type: string; id?: string | undefined; user_id?: string | ... 1 more ... | undefined; user_name: string; }[]': length, pop, push, concat, and 35 more.
app/actions/audit-actions.ts(340,26): error TS2339: Property 'action' does not exist on type '{ action_type: string; created_at: string | null; details: Json; document_id: string; document_number: string; document_type: string; id: string; user_id: string | null; user_name: string; }'.
app/actions/audit-actions.ts(347,30): error TS2339: Property 'module' does not exist on type '{ action_type: string; created_at: string | null; details: Json; document_id: string; document_number: string; document_type: string; id: string; user_id: string | null; user_name: string; }'.
app/actions/audit-actions.ts(357,30): error TS2339: Property 'entity_type' does not exist on type '{ action_type: string; created_at: string | null; details: Json; document_id: string; document_number: string; document_type: string; id: string; user_id: string | null; user_name: string; }'.
app/actions/audit-actions.ts(369,57): error TS2339: Property 'user_email' does not exist on type '{ action_type: string; created_at: string | null; details: Json; document_id: string; document_number: string; document_type: string; id: string; user_id: string | null; user_name: string; }'.
app/actions/audit-actions.ts(380,45): error TS2339: Property 'status' does not exist on type '{ action_type: string; created_at: string | null; details: Json; document_id: string; document_number: string; document_type: string; id: string; user_id: string | null; user_name: string; }'.
app/actions/audit-actions.ts(386,7): error TS2322: Type '{ module: string; count: number; }[]' is not assignable to type 'Record<string, number>'.
  Index signature for type 'string' is missing in type '{ module: string; count: number; }[]'.
app/actions/audit-actions.ts(523,63): error TS2339: Property 'module' does not exist on type 'SelectQueryError<"column 'module' does not exist on 'activity_log'.">'.
app/actions/audit-actions.ts(531,71): error TS2339: Property 'entity_type' does not exist on type 'SelectQueryError<"column 'entity_type' does not exist on 'activity_log'.">'.
app/actions/audit-actions.ts(539,63): error TS2339: Property 'action' does not exist on type 'SelectQueryError<"column 'action' does not exist on 'activity_log'.">'.
app/actions/booking-actions.ts(219,15): error TS2769: No overload matches this call.
  Overload 1 of 2, '(values: { booking_number: string; cargo_description: string; cargo_height_m?: number | null | undefined; cargo_length_m?: number | null | undefined; cargo_width_m?: number | null | undefined; ... 41 more ...; voyage_number?: string | ... 1 more ... | undefined; }, options?: { ...; } | undefined): PostgrestFilterBuilder<...>', gave the following error.
    Argument of type '{ job_order_id: string | null; quotation_id: string | null; customer_id: string | null; shipping_line_id: string; carrier_booking_number: string | null; origin_port_id: string; ... 34 more ...; status: string; }' is not assignable to parameter of type '{ booking_number: string; cargo_description: string; cargo_height_m?: number | null | undefined; cargo_length_m?: number | null | undefined; cargo_width_m?: number | null | undefined; ... 41 more ...; voyage_number?: string | ... 1 more ... | undefined; }'.
      Property 'booking_number' is missing in type '{ job_order_id: string | null; quotation_id: string | null; customer_id: string | null; shipping_line_id: string; carrier_booking_number: string | null; origin_port_id: string; ... 34 more ...; status: string; }' but required in type '{ booking_number: string; cargo_description: string; cargo_height_m?: number | null | undefined; cargo_length_m?: number | null | undefined; cargo_width_m?: number | null | undefined; ... 41 more ...; voyage_number?: string | ... 1 more ... | undefined; }'.
  Overload 2 of 2, '(values: { booking_number: string; cargo_description: string; cargo_height_m?: number | null | undefined; cargo_length_m?: number | null | undefined; cargo_width_m?: number | null | undefined; ... 41 more ...; voyage_number?: string | ... 1 more ... | undefined; }[], options?: { ...; } | undefined): PostgrestFilterBuilder<...>', gave the following error.
    Argument of type '{ job_order_id: string | null; quotation_id: string | null; customer_id: string | null; shipping_line_id: string; carrier_booking_number: string | null; origin_port_id: string; ... 34 more ...; status: string; }' is not assignable to parameter of type '{ booking_number: string; cargo_description: string; cargo_height_m?: number | null | undefined; cargo_length_m?: number | null | undefined; cargo_width_m?: number | null | undefined; ... 41 more ...; voyage_number?: string | ... 1 more ... | undefined; }[]'.
      Type '{ job_order_id: string | null; quotation_id: string | null; customer_id: string | null; shipping_line_id: string; carrier_booking_number: string | null; origin_port_id: string; ... 34 more ...; status: string; }' is missing the following properties from type '{ booking_number: string; cargo_description: string; cargo_height_m?: number | null | undefined; cargo_length_m?: number | null | undefined; cargo_width_m?: number | null | undefined; ... 41 more ...; voyage_number?: string | ... 1 more ... | undefined; }[]': length, pop, push, concat, and 35 more.
app/actions/booking-actions.ts(233,48): error TS2345: Argument of type '{ booking_number: string; cargo_description: string; cargo_height_m: number | null; cargo_length_m: number | null; cargo_width_m: number | null; carrier_booking_number: string | null; ... 45 more ...; job_orders: { ...; } | null; }' is not assignable to parameter of type 'FreightBookingRow & { shipping_lines?: { line_name: string; line_code: string; } | undefined; origin_port?: { port_name: string; port_code: string; } | undefined; destination_port?: { ...; } | undefined; customers?: { ...; } | undefined; job_orders?: { ...; } | undefined; }'.
  Type '{ booking_number: string; cargo_description: string; cargo_height_m: number | null; cargo_length_m: number | null; cargo_width_m: number | null; carrier_booking_number: string | null; ... 45 more ...; job_orders: { ...; } | null; }' is not assignable to type 'FreightBookingRow'.
    Types of property 'job_order_id' are incompatible.
      Type 'string | null' is not assignable to type 'string | undefined'.
        Type 'null' is not assignable to type 'string | undefined'.
app/actions/booking-actions.ts(301,15): error TS2345: Argument of type '{ job_order_id: string | null; quotation_id: string | null; customer_id: string | null; shipping_line_id: string; carrier_booking_number: string | null; origin_port_id: string; ... 34 more ...; updated_at: string; }' is not assignable to parameter of type '{ booking_number?: string | undefined; cargo_description?: string | undefined; cargo_height_m?: number | null | undefined; cargo_length_m?: number | null | undefined; cargo_width_m?: number | ... 1 more ... | undefined; ... 41 more ...; voyage_number?: string | ... 1 more ... | undefined; }'.
  Types of property 'dangerous_goods' are incompatible.
    Type 'DangerousGoodsInfo | null' is not assignable to type 'Json | undefined'.
      Type 'DangerousGoodsInfo' is not assignable to type 'Json | undefined'.
        Type 'DangerousGoodsInfo' is not assignable to type '{ [key: string]: Json | undefined; }'.
          Index signature for type 'string' is missing in type 'DangerousGoodsInfo'.
app/actions/booking-actions.ts(317,48): error TS2345: Argument of type '{ booking_number: string; cargo_description: string; cargo_height_m: number | null; cargo_length_m: number | null; cargo_width_m: number | null; carrier_booking_number: string | null; ... 45 more ...; job_orders: { ...; } | null; }' is not assignable to parameter of type 'FreightBookingRow & { shipping_lines?: { line_name: string; line_code: string; } | undefined; origin_port?: { port_name: string; port_code: string; } | undefined; destination_port?: { ...; } | undefined; customers?: { ...; } | undefined; job_orders?: { ...; } | undefined; }'.
  Type '{ booking_number: string; cargo_description: string; cargo_height_m: number | null; cargo_length_m: number | null; cargo_width_m: number | null; carrier_booking_number: string | null; ... 45 more ...; job_orders: { ...; } | null; }' is not assignable to type 'FreightBookingRow'.
    Types of property 'job_order_id' are incompatible.
      Type 'string | null' is not assignable to type 'string | undefined'.
        Type 'null' is not assignable to type 'string | undefined'.
app/actions/booking-actions.ts(342,32): error TS2345: Argument of type '{ booking_number: string; cargo_description: string; cargo_height_m: number | null; cargo_length_m: number | null; cargo_width_m: number | null; carrier_booking_number: string | null; ... 45 more ...; job_orders: { ...; } | null; }' is not assignable to parameter of type 'FreightBookingRow & { shipping_lines?: { line_name: string; line_code: string; } | undefined; origin_port?: { port_name: string; port_code: string; } | undefined; destination_port?: { ...; } | undefined; customers?: { ...; } | undefined; job_orders?: { ...; } | undefined; }'.
  Type '{ booking_number: string; cargo_description: string; cargo_height_m: number | null; cargo_length_m: number | null; cargo_width_m: number | null; carrier_booking_number: string | null; ... 45 more ...; job_orders: { ...; } | null; }' is not assignable to type 'FreightBookingRow'.
    Types of property 'job_order_id' are incompatible.
      Type 'string | null' is not assignable to type 'string | undefined'.
        Type 'null' is not assignable to type 'string | undefined'.
app/actions/booking-actions.ts(403,29): error TS2345: Argument of type '(row: FreightBookingRow & { shipping_lines?: { line_name: string; line_code: string; } | undefined; origin_port?: { port_name: string; port_code: string; } | undefined; destination_port?: { ...; } | undefined; customers?: { ...; } | undefined; job_orders?: { ...; } | undefined; }) => FreightBooking' is not assignable to parameter of type '(value: { booking_number: string; cargo_description: string; cargo_height_m: number | null; cargo_length_m: number | null; cargo_width_m: number | null; carrier_booking_number: string | null; ... 45 more ...; job_orders: { ...; } | null; }, index: number, array: { ...; }[]) => FreightBooking'.
  Types of parameters 'row' and 'value' are incompatible.
    Type '{ booking_number: string; cargo_description: string; cargo_height_m: number | null; cargo_length_m: number | null; cargo_width_m: number | null; carrier_booking_number: string | null; ... 45 more ...; job_orders: { ...; } | null; }' is not assignable to type 'FreightBookingRow & { shipping_lines?: { line_name: string; line_code: string; } | undefined; origin_port?: { port_name: string; port_code: string; } | undefined; destination_port?: { ...; } | undefined; customers?: { ...; } | undefined; job_orders?: { ...; } | undefined; }'.
      Type '{ booking_number: string; cargo_description: string; cargo_height_m: number | null; cargo_length_m: number | null; cargo_width_m: number | null; carrier_booking_number: string | null; ... 45 more ...; job_orders: { ...; } | null; }' is not assignable to type 'FreightBookingRow'.
        Types of property 'job_order_id' are incompatible.
          Type 'string | null' is not assignable to type 'string | undefined'.
            Type 'null' is not assignable to type 'string | undefined'.
app/actions/booking-actions.ts(455,66): error TS2345: Argument of type '{ booking_number: string; cargo_description: string; cargo_height_m: number | null; cargo_length_m: number | null; cargo_width_m: number | null; carrier_booking_number: string | null; ... 40 more ...; voyage_number: string | null; }' is not assignable to parameter of type 'FreightBookingRow & { shipping_lines?: { line_name: string; line_code: string; } | undefined; origin_port?: { port_name: string; port_code: string; } | undefined; destination_port?: { ...; } | undefined; customers?: { ...; } | undefined; job_orders?: { ...; } | undefined; }'.
  Type '{ booking_number: string; cargo_description: string; cargo_height_m: number | null; cargo_length_m: number | null; cargo_width_m: number | null; carrier_booking_number: string | null; ... 40 more ...; voyage_number: string | null; }' is not assignable to type 'FreightBookingRow'.
    Types of property 'job_order_id' are incompatible.
      Type 'string | null' is not assignable to type 'string | undefined'.
        Type 'null' is not assignable to type 'string | undefined'.
app/actions/booking-actions.ts(468,37): error TS2345: Argument of type 'string | null' is not assignable to parameter of type 'string'.
  Type 'null' is not assignable to type 'string'.
app/actions/booking-actions.ts(491,48): error TS2345: Argument of type '{ booking_number: string; cargo_description: string; cargo_height_m: number | null; cargo_length_m: number | null; cargo_width_m: number | null; carrier_booking_number: string | null; ... 45 more ...; job_orders: { ...; } | null; }' is not assignable to parameter of type 'FreightBookingRow & { shipping_lines?: { line_name: string; line_code: string; } | undefined; origin_port?: { port_name: string; port_code: string; } | undefined; destination_port?: { ...; } | undefined; customers?: { ...; } | undefined; job_orders?: { ...; } | undefined; }'.
  Type '{ booking_number: string; cargo_description: string; cargo_height_m: number | null; cargo_length_m: number | null; cargo_width_m: number | null; carrier_booking_number: string | null; ... 45 more ...; job_orders: { ...; } | null; }' is not assignable to type 'FreightBookingRow'.
    Types of property 'job_order_id' are incompatible.
      Type 'string | null' is not assignable to type 'string | undefined'.
        Type 'null' is not assignable to type 'string | undefined'.
app/actions/booking-actions.ts(544,48): error TS2345: Argument of type '{ booking_number: string; cargo_description: string; cargo_height_m: number | null; cargo_length_m: number | null; cargo_width_m: number | null; carrier_booking_number: string | null; ... 45 more ...; job_orders: { ...; } | null; }' is not assignable to parameter of type 'FreightBookingRow & { shipping_lines?: { line_name: string; line_code: string; } | undefined; origin_port?: { port_name: string; port_code: string; } | undefined; destination_port?: { ...; } | undefined; customers?: { ...; } | undefined; job_orders?: { ...; } | undefined; }'.
  Type '{ booking_number: string; cargo_description: string; cargo_height_m: number | null; cargo_length_m: number | null; cargo_width_m: number | null; carrier_booking_number: string | null; ... 45 more ...; job_orders: { ...; } | null; }' is not assignable to type 'FreightBookingRow'.
    Types of property 'job_order_id' are incompatible.
      Type 'string | null' is not assignable to type 'string | undefined'.
        Type 'null' is not assignable to type 'string | undefined'.
app/actions/booking-actions.ts(596,48): error TS2345: Argument of type '{ booking_number: string; cargo_description: string; cargo_height_m: number | null; cargo_length_m: number | null; cargo_width_m: number | null; carrier_booking_number: string | null; ... 45 more ...; job_orders: { ...; } | null; }' is not assignable to parameter of type 'FreightBookingRow & { shipping_lines?: { line_name: string; line_code: string; } | undefined; origin_port?: { port_name: string; port_code: string; } | undefined; destination_port?: { ...; } | undefined; customers?: { ...; } | undefined; job_orders?: { ...; } | undefined; }'.
  Type '{ booking_number: string; cargo_description: string; cargo_height_m: number | null; cargo_length_m: number | null; cargo_width_m: number | null; carrier_booking_number: string | null; ... 45 more ...; job_orders: { ...; } | null; }' is not assignable to type 'FreightBookingRow'.
    Types of property 'job_order_id' are incompatible.
      Type 'string | null' is not assignable to type 'string | undefined'.
        Type 'null' is not assignable to type 'string | undefined'.
app/actions/booking-actions.ts(646,48): error TS2345: Argument of type '{ booking_number: string; cargo_description: string; cargo_height_m: number | null; cargo_length_m: number | null; cargo_width_m: number | null; carrier_booking_number: string | null; ... 45 more ...; job_orders: { ...; } | null; }' is not assignable to parameter of type 'FreightBookingRow & { shipping_lines?: { line_name: string; line_code: string; } | undefined; origin_port?: { port_name: string; port_code: string; } | undefined; destination_port?: { ...; } | undefined; customers?: { ...; } | undefined; job_orders?: { ...; } | undefined; }'.
  Type '{ booking_number: string; cargo_description: string; cargo_height_m: number | null; cargo_length_m: number | null; cargo_width_m: number | null; carrier_booking_number: string | null; ... 45 more ...; job_orders: { ...; } | null; }' is not assignable to type 'FreightBookingRow'.
    Types of property 'job_order_id' are incompatible.
      Type 'string | null' is not assignable to type 'string | undefined'.
        Type 'null' is not assignable to type 'string | undefined'.
app/actions/booking-actions.ts(695,48): error TS2345: Argument of type '{ booking_number: string; cargo_description: string; cargo_height_m: number | null; cargo_length_m: number | null; cargo_width_m: number | null; carrier_booking_number: string | null; ... 45 more ...; job_orders: { ...; } | null; }' is not assignable to parameter of type 'FreightBookingRow & { shipping_lines?: { line_name: string; line_code: string; } | undefined; origin_port?: { port_name: string; port_code: string; } | undefined; destination_port?: { ...; } | undefined; customers?: { ...; } | undefined; job_orders?: { ...; } | undefined; }'.
  Type '{ booking_number: string; cargo_description: string; cargo_height_m: number | null; cargo_length_m: number | null; cargo_width_m: number | null; carrier_booking_number: string | null; ... 45 more ...; job_orders: { ...; } | null; }' is not assignable to type 'FreightBookingRow'.
    Types of property 'job_order_id' are incompatible.
      Type 'string | null' is not assignable to type 'string | undefined'.
        Type 'null' is not assignable to type 'string | undefined'.
app/actions/booking-actions.ts(725,15): error TS2769: No overload matches this call.
  Overload 1 of 2, '(values: { booking_id: string; cargo_description?: string | null | undefined; cargo_dimensions?: Json | undefined; container_number?: string | null | undefined; container_type: string; ... 7 more ...; status?: string | ... 1 more ... | undefined; }, options?: { ...; } | undefined): PostgrestFilterBuilder<...>', gave the following error.
    Argument of type '{ booking_id: string; container_number: string | null; container_type: ContainerType; seal_number: string | null; packages_count: number | null; package_type: string | null; gross_weight_kg: number | null; cargo_description: string | null; cargo_dimensions: CargoDimensions | null; status: string; }' is not assignable to parameter of type '{ booking_id: string; cargo_description?: string | null | undefined; cargo_dimensions?: Json | undefined; container_number?: string | null | undefined; container_type: string; ... 7 more ...; status?: string | ... 1 more ... | undefined; }'.
      Types of property 'cargo_dimensions' are incompatible.
        Type 'CargoDimensions | null' is not assignable to type 'Json | undefined'.
          Type 'CargoDimensions' is not assignable to type 'Json | undefined'.
            Type 'CargoDimensions' is not assignable to type '{ [key: string]: Json | undefined; }'.
              Index signature for type 'string' is missing in type 'CargoDimensions'.
  Overload 2 of 2, '(values: { booking_id: string; cargo_description?: string | null | undefined; cargo_dimensions?: Json | undefined; container_number?: string | null | undefined; container_type: string; ... 7 more ...; status?: string | ... 1 more ... | undefined; }[], options?: { ...; } | undefined): PostgrestFilterBuilder<...>', gave the following error.
    Argument of type '{ booking_id: string; container_number: string | null; container_type: ContainerType; seal_number: string | null; packages_count: number | null; package_type: string | null; gross_weight_kg: number | null; cargo_description: string | null; cargo_dimensions: CargoDimensions | null; status: string; }' is not assignable to parameter of type '{ booking_id: string; cargo_description?: string | null | undefined; cargo_dimensions?: Json | undefined; container_number?: string | null | undefined; container_type: string; ... 7 more ...; status?: string | ... 1 more ... | undefined; }[]'.
      Type '{ booking_id: string; container_number: string | null; container_type: ContainerType; seal_number: string | null; packages_count: number | null; package_type: string | null; gross_weight_kg: number | null; cargo_description: string | null; cargo_dimensions: CargoDimensions | null; status: string; }' is missing the following properties from type '{ booking_id: string; cargo_description?: string | null | undefined; cargo_dimensions?: Json | undefined; container_number?: string | null | undefined; container_type: string; ... 7 more ...; status?: string | ... 1 more ... | undefined; }[]': length, pop, push, concat, and 35 more.
app/actions/booking-actions.ts(732,50): error TS2345: Argument of type '{ booking_id: string; cargo_description: string | null; cargo_dimensions: Json; container_number: string | null; container_type: string; created_at: string | null; current_location: string | null; ... 5 more ...; status: string | null; }' is not assignable to parameter of type 'BookingContainerRow'.
  Types of property 'container_number' are incompatible.
    Type 'string | null' is not assignable to type 'string | undefined'.
      Type 'null' is not assignable to type 'string | undefined'.
app/actions/booking-actions.ts(756,15): error TS2345: Argument of type '{ container_number: string | null; container_type: ContainerType; seal_number: string | null; packages_count: number | null; package_type: string | null; gross_weight_kg: number | null; cargo_description: string | null; cargo_dimensions: CargoDimensions | null; }' is not assignable to parameter of type '{ booking_id?: string | undefined; cargo_description?: string | null | undefined; cargo_dimensions?: Json | undefined; container_number?: string | null | undefined; container_type?: string | undefined; ... 7 more ...; status?: string | ... 1 more ... | undefined; }'.
  Types of property 'cargo_dimensions' are incompatible.
    Type 'CargoDimensions | null' is not assignable to type 'Json | undefined'.
      Type 'CargoDimensions' is not assignable to type 'Json | undefined'.
        Type 'CargoDimensions' is not assignable to type '{ [key: string]: Json | undefined; }'.
          Index signature for type 'string' is missing in type 'CargoDimensions'.
app/actions/booking-actions.ts(764,50): error TS2345: Argument of type '{ booking_id: string; cargo_description: string | null; cargo_dimensions: Json; container_number: string | null; container_type: string; created_at: string | null; current_location: string | null; ... 5 more ...; status: string | null; }' is not assignable to parameter of type 'BookingContainerRow'.
  Types of property 'container_number' are incompatible.
    Type 'string | null' is not assignable to type 'string | undefined'.
      Type 'null' is not assignable to type 'string | undefined'.
app/actions/booking-actions.ts(801,29): error TS2345: Argument of type '(row: BookingContainerRow) => BookingContainer' is not assignable to parameter of type '(value: { booking_id: string; cargo_description: string | null; cargo_dimensions: Json; container_number: string | null; container_type: string; created_at: string | null; current_location: string | null; ... 5 more ...; status: string | null; }, index: number, array: { ...; }[]) => BookingContainer'.
  Types of parameters 'row' and 'value' are incompatible.
    Type '{ booking_id: string; cargo_description: string | null; cargo_dimensions: Json; container_number: string | null; container_type: string; created_at: string | null; current_location: string | null; ... 5 more ...; status: string | null; }' is not assignable to type 'BookingContainerRow'.
      Types of property 'container_number' are incompatible.
        Type 'string | null' is not assignable to type 'string | undefined'.
          Type 'null' is not assignable to type 'string | undefined'.
app/actions/booking-actions.ts(822,24): error TS2352: Conversion of type '{ amendmentNumber: number; amendment_number: number; }[]' to type 'BookingAmendment[]' may be a mistake because neither type sufficiently overlaps with the other. If this was intentional, convert the expression to 'unknown' first.
  Type '{ amendmentNumber: number; amendment_number: number; }' is missing the following properties from type 'BookingAmendment': id, bookingId, amendmentType, description, and 4 more.
app/actions/booking-actions.ts(842,15): error TS2769: No overload matches this call.
  Overload 1 of 2, '(values: { amendment_number: number; amendment_type: string; approved_at?: string | null | undefined; approved_by?: string | null | undefined; booking_id: string; description: string; id?: string | undefined; ... 5 more ...; status?: string | ... 1 more ... | undefined; }, options?: { ...; } | undefined): PostgrestFilterBuilder<...>', gave the following error.
    Argument of type '{ booking_id: string; amendment_number: number; amendment_type: AmendmentType; description: string; old_values: Record<string, unknown>; new_values: Record<string, unknown>; notes: string | null; status: string; }' is not assignable to parameter of type '{ amendment_number: number; amendment_type: string; approved_at?: string | null | undefined; approved_by?: string | null | undefined; booking_id: string; description: string; id?: string | undefined; ... 5 more ...; status?: string | ... 1 more ... | undefined; }'.
      Types of property 'new_values' are incompatible.
        Type 'Record<string, unknown>' is not assignable to type 'Json | undefined'.
          Type 'Record<string, unknown>' is missing the following properties from type 'Json[]': length, pop, push, concat, and 35 more.
  Overload 2 of 2, '(values: { amendment_number: number; amendment_type: string; approved_at?: string | null | undefined; approved_by?: string | null | undefined; booking_id: string; description: string; id?: string | undefined; ... 5 more ...; status?: string | ... 1 more ... | undefined; }[], options?: { ...; } | undefined): PostgrestFilterBuilder<...>', gave the following error.
    Argument of type '{ booking_id: string; amendment_number: number; amendment_type: AmendmentType; description: string; old_values: Record<string, unknown>; new_values: Record<string, unknown>; notes: string | null; status: string; }' is not assignable to parameter of type '{ amendment_number: number; amendment_type: string; approved_at?: string | null | undefined; approved_by?: string | null | undefined; booking_id: string; description: string; id?: string | undefined; ... 5 more ...; status?: string | ... 1 more ... | undefined; }[]'.
      Type '{ booking_id: string; amendment_number: number; amendment_type: AmendmentType; description: string; old_values: Record<string, unknown>; new_values: Record<string, unknown>; notes: string | null; status: string; }' is missing the following properties from type '{ amendment_number: number; amendment_type: string; approved_at?: string | null | undefined; approved_by?: string | null | undefined; booking_id: string; description: string; id?: string | undefined; ... 5 more ...; status?: string | ... 1 more ... | undefined; }[]': length, pop, push, concat, and 35 more.
app/actions/booking-actions.ts(849,50): error TS2345: Argument of type '{ amendment_number: number; amendment_type: string; approved_at: string | null; approved_by: string | null; booking_id: string; description: string; id: string; new_values: Json; ... 4 more ...; status: string | null; }' is not assignable to parameter of type 'BookingAmendmentRow'.
  Types of property 'old_values' are incompatible.
    Type 'Json' is not assignable to type 'Record<string, unknown>'.
      Type 'null' is not assignable to type 'Record<string, unknown>'.
app/actions/booking-actions.ts(909,50): error TS2345: Argument of type '{ amendment_number: number; amendment_type: string; approved_at: string | null; approved_by: string | null; booking_id: string; description: string; id: string; new_values: Json; ... 4 more ...; status: string | null; }' is not assignable to parameter of type 'BookingAmendmentRow'.
  Types of property 'old_values' are incompatible.
    Type 'Json' is not assignable to type 'Record<string, unknown>'.
      Type 'null' is not assignable to type 'Record<string, unknown>'.
app/actions/booking-actions.ts(938,50): error TS2345: Argument of type '{ amendment_number: number; amendment_type: string; approved_at: string | null; approved_by: string | null; booking_id: string; description: string; id: string; new_values: Json; ... 4 more ...; status: string | null; }' is not assignable to parameter of type 'BookingAmendmentRow'.
  Types of property 'old_values' are incompatible.
    Type 'Json' is not assignable to type 'Record<string, unknown>'.
      Type 'null' is not assignable to type 'Record<string, unknown>'.
app/actions/booking-actions.ts(956,29): error TS2345: Argument of type '(row: BookingAmendmentRow) => BookingAmendment' is not assignable to parameter of type '(value: { amendment_number: number; amendment_type: string; approved_at: string | null; approved_by: string | null; booking_id: string; description: string; id: string; new_values: Json; ... 4 more ...; status: string | null; }, index: number, array: { ...; }[]) => BookingAmendment'.
  Types of parameters 'row' and 'value' are incompatible.
    Type '{ amendment_number: number; amendment_type: string; approved_at: string | null; approved_by: string | null; booking_id: string; description: string; id: string; new_values: Json; ... 4 more ...; status: string | null; }' is not assignable to type 'BookingAmendmentRow'.
      Types of property 'old_values' are incompatible.
        Type 'Json' is not assignable to type 'Record<string, unknown>'.
          Type 'null' is not assignable to type 'Record<string, unknown>'.
app/actions/booking-actions.ts(996,5): error TS2322: Type '{ id: string; shippingLineId: string; originPortId: string; destinationPortId: string; containerType: string; oceanFreight: number; currency: string | null; baf: number | null; caf: number | null; ... 14 more ...; destinationPort: SelectQueryError<...>; }[]' is not assignable to type 'ShippingRate[]'.
  Type '{ id: string; shippingLineId: string; originPortId: string; destinationPortId: string; containerType: string; oceanFreight: number; currency: string | null; baf: number | null; caf: number | null; ... 14 more ...; destinationPort: SelectQueryError<...>; }' is not assignable to type 'ShippingRate'.
    Types of property 'containerType' are incompatible.
      Type 'string' is not assignable to type 'ContainerType'.
app/actions/booking-actions.ts(1047,29): error TS2345: Argument of type '(row: BookingStatusHistoryRow) => BookingStatusHistory' is not assignable to parameter of type '(value: { booking_id: string; changed_at: string | null; changed_by: string | null; id: string; new_status: string; notes: string | null; old_status: string | null; }, index: number, array: { ...; }[]) => BookingStatusHistory'.
  Types of parameters 'row' and 'value' are incompatible.
    Type '{ booking_id: string; changed_at: string | null; changed_by: string | null; id: string; new_status: string; notes: string | null; old_status: string | null; }' is not assignable to type 'BookingStatusHistoryRow'.
      Types of property 'old_status' are incompatible.
        Type 'string | null' is not assignable to type 'string | undefined'.
          Type 'null' is not assignable to type 'string | undefined'.
app/actions/charge-type-actions.ts(75,62): error TS2345: Argument of type '(row: AgencyChargeTypeRow) => AgencyChargeType' is not assignable to parameter of type '(value: { charge_category: string; charge_code: string; charge_name: string; charge_type: string; created_at: string | null; default_currency: string | null; display_order: number | null; id: string; is_active: boolean | null; is_taxable: boolean | null; }, index: number, array: { ...; }[]) => AgencyChargeType'.
  Types of parameters 'row' and 'value' are incompatible.
    Type '{ charge_category: string; charge_code: string; charge_name: string; charge_type: string; created_at: string | null; default_currency: string | null; display_order: number | null; id: string; is_active: boolean | null; is_taxable: boolean | null; }' is not assignable to type 'AgencyChargeTypeRow'.
      Types of property 'default_currency' are incompatible.
        Type 'string | null' is not assignable to type 'string'.
          Type 'null' is not assignable to type 'string'.
app/actions/charge-type-actions.ts(116,62): error TS2345: Argument of type '(row: AgencyChargeTypeRow) => AgencyChargeType' is not assignable to parameter of type '(value: { charge_category: string; charge_code: string; charge_name: string; charge_type: string; created_at: string | null; default_currency: string | null; display_order: number | null; id: string; is_active: boolean | null; is_taxable: boolean | null; }, index: number, array: { ...; }[]) => AgencyChargeType'.
  Types of parameters 'row' and 'value' are incompatible.
    Type '{ charge_category: string; charge_code: string; charge_name: string; charge_type: string; created_at: string | null; default_currency: string | null; display_order: number | null; id: string; is_active: boolean | null; is_taxable: boolean | null; }' is not assignable to type 'AgencyChargeTypeRow'.
      Types of property 'default_currency' are incompatible.
        Type 'string | null' is not assignable to type 'string'.
          Type 'null' is not assignable to type 'string'.
app/actions/charge-type-actions.ts(267,7): error TS2322: Type 'string | null' is not assignable to type 'string | undefined'.
  Type 'null' is not assignable to type 'string | undefined'.
app/actions/charge-type-actions.ts(268,7): error TS2322: Type 'boolean | null' is not assignable to type 'boolean | undefined'.
  Type 'null' is not assignable to type 'boolean | undefined'.
app/actions/charge-type-actions.ts(269,7): error TS2322: Type 'number | null' is not assignable to type 'number | undefined'.
  Type 'null' is not assignable to type 'number | undefined'.
app/actions/feedback.ts(73,9): error TS2769: No overload matches this call.
  Overload 2 of 2, '(values: { actual_behavior?: string | null | undefined; affected_module?: string | null | undefined; assigned_at?: string | null | undefined; assigned_to?: string | null | undefined; browser_info?: Json | undefined; ... 33 more ...; updated_at?: string | ... 1 more ... | undefined; }[], options?: { ...; } | undefined): PostgrestFilterBuilder<...>', gave the following error.
    Object literal may only specify known properties, and 'feedback_type' does not exist in type '{ actual_behavior?: string | null | undefined; affected_module?: string | null | undefined; assigned_at?: string | null | undefined; assigned_to?: string | null | undefined; browser_info?: Json | undefined; ... 33 more ...; updated_at?: string | ... 1 more ... | undefined; }[]'.
app/actions/feedback.ts(75,37): error TS2339: Property 'full_name' does not exist on type 'SelectQueryError<"column 'department' does not exist on 'user_profiles'.">'.
app/actions/feedback.ts(77,37): error TS2339: Property 'role' does not exist on type 'SelectQueryError<"column 'department' does not exist on 'user_profiles'.">'.
app/actions/feedback.ts(78,43): error TS2339: Property 'department' does not exist on type 'SelectQueryError<"column 'department' does not exist on 'user_profiles'.">'.
app/actions/feedback.ts(112,16): error TS2339: Property 'full_name' does not exist on type 'SelectQueryError<"column 'department' does not exist on 'user_profiles'.">'.
app/actions/feedback.ts(196,35): error TS2589: Type instantiation is excessively deep and possibly infinite.
app/actions/feedback.ts(197,13): error TS2769: No overload matches this call.
  Overload 1 of 2, '(relation: "agency_service_providers" | "port_agents" | "prediction_models" | "user_profiles" | "alert_rules" | "kpi_definitions" | "bills_of_lading" | "freight_bookings" | "assets" | ... 211 more ... | "weekly_kpi_snapshots"): PostgrestQueryBuilder<...>', gave the following error.
    Argument of type '"feedback_with_comments"' is not assignable to parameter of type '"agency_service_providers" | "port_agents" | "prediction_models" | "user_profiles" | "alert_rules" | "kpi_definitions" | "bills_of_lading" | "freight_bookings" | "assets" | ... 211 more ... | "weekly_kpi_snapshots"'.
  Overload 2 of 2, '(relation: "active_bookings" | "shipment_profitability" | "asset_availability" | "asset_tco_summary" | "asset_utilization_monthly" | "maintenance_cost_summary" | "upcoming_maintenance" | ... 43 more ... | "upcoming_vessel_arrivals"): PostgrestQueryBuilder<...>', gave the following error.
    Argument of type '"feedback_with_comments"' is not assignable to parameter of type '"active_bookings" | "shipment_profitability" | "asset_availability" | "asset_tco_summary" | "asset_utilization_monthly" | "maintenance_cost_summary" | "upcoming_maintenance" | ... 43 more ... | "upcoming_vessel_arrivals"'.
app/actions/feedback.ts(273,17): error TS2589: Type instantiation is excessively deep and possibly infinite.
app/actions/feedback.ts(274,13): error TS2769: No overload matches this call.
  Overload 1 of 2, '(relation: "agency_service_providers" | "port_agents" | "prediction_models" | "user_profiles" | "alert_rules" | "kpi_definitions" | "bills_of_lading" | "freight_bookings" | "assets" | ... 211 more ... | "weekly_kpi_snapshots"): PostgrestQueryBuilder<...>', gave the following error.
    Argument of type '"feedback_with_comments"' is not assignable to parameter of type '"agency_service_providers" | "port_agents" | "prediction_models" | "user_profiles" | "alert_rules" | "kpi_definitions" | "bills_of_lading" | "freight_bookings" | "assets" | ... 211 more ... | "weekly_kpi_snapshots"'.
  Overload 2 of 2, '(relation: "active_bookings" | "shipment_profitability" | "asset_availability" | "asset_tco_summary" | "asset_utilization_monthly" | "maintenance_cost_summary" | "upcoming_maintenance" | ... 43 more ... | "upcoming_vessel_arrivals"): PostgrestQueryBuilder<...>', gave the following error.
    Argument of type '"feedback_with_comments"' is not assignable to parameter of type '"active_bookings" | "shipment_profitability" | "asset_availability" | "asset_tco_summary" | "asset_utilization_monthly" | "maintenance_cost_summary" | "upcoming_maintenance" | ... 43 more ... | "upcoming_vessel_arrivals"'.
app/actions/feedback.ts(530,9): error TS2345: Argument of type 'string | null' is not assignable to parameter of type 'Severity | null'.
  Type 'string' is not assignable to type 'Severity | null'.
app/actions/feedback.ts(740,35): error TS2352: Conversion of type '{ actual_behavior: string | null; affected_module: string | null; assigned_at: string | null; assigned_to: string | null; browser_info: Json; business_justification: string | null; ... 32 more ...; updated_at: string | null; }' to type 'FeedbackSubmission' may be a mistake because neither type sufficiently overlaps with the other. If this was intentional, convert the expression to 'unknown' first.
  Types of property 'screenshots' are incompatible.
    Type 'Json' is not comparable to type 'Screenshot[]'.
      Type 'Json[]' is not comparable to type 'Screenshot[]'.
        Type 'Json' is not comparable to type 'Screenshot'.
          Type 'Json[]' is missing the following properties from type 'Screenshot': url, filename, uploaded_at
app/actions/feedback.ts(774,29): error TS2322: Type '{ id: string; old_status: string | null; new_status: string; changed_by_name: string | null; changed_at: string | null; notes: string | null; }[]' is not assignable to type '{ id: string; old_status: FeedbackStatus | null; new_status: FeedbackStatus; changed_by_name: string | null; changed_at: string; notes: string | null; }[]'.
  Type '{ id: string; old_status: string | null; new_status: string; changed_by_name: string | null; changed_at: string | null; notes: string | null; }' is not assignable to type '{ id: string; old_status: FeedbackStatus | null; new_status: FeedbackStatus; changed_by_name: string | null; changed_at: string; notes: string | null; }'.
    Types of property 'old_status' are incompatible.
      Type 'string | null' is not assignable to type 'FeedbackStatus | null'.
        Type 'string' is not assignable to type 'FeedbackStatus | null'.
app/actions/job-failure-actions.ts(75,7): error TS18047: 'failure.retry_count' is possibly 'null'.
app/actions/job-failure-actions.ts(75,30): error TS18047: 'failure.max_retries' is possibly 'null'.
app/actions/job-failure-actions.ts(91,53): error TS2345: Argument of type 'number | null' is not assignable to parameter of type 'number'.
  Type 'null' is not assignable to type 'number'.
app/actions/job-failure-actions.ts(97,20): error TS18047: 'failure.retry_count' is possibly 'null'.
app/actions/login-history-actions.ts(133,13): error TS2352: Conversion of type '(SelectQueryError<"Invalid Relationships cannot infer result type"> | SelectQueryError<"Invalid RelationName cannot infer result type">)[]' to type 'LoginHistoryEntry[]' may be a mistake because neither type sufficiently overlaps with the other. If this was intentional, convert the expression to 'unknown' first.
  Type 'SelectQueryError<"Invalid Relationships cannot infer result type"> | SelectQueryError<"Invalid RelationName cannot infer result type">' is not comparable to type 'LoginHistoryEntry'.
    Type '{ error: true; } & String' is missing the following properties from type 'LoginHistoryEntry': id, user_id, login_at, logout_at, and 11 more.
app/actions/login-history-actions.ts(171,21): error TS2352: Conversion of type '(SelectQueryError<"Invalid Relationships cannot infer result type"> | SelectQueryError<"Invalid RelationName cannot infer result type">)[]' to type 'LoginHistoryEntry[]' may be a mistake because neither type sufficiently overlaps with the other. If this was intentional, convert the expression to 'unknown' first.
  Type 'SelectQueryError<"Invalid Relationships cannot infer result type"> | SelectQueryError<"Invalid RelationName cannot infer result type">' is not comparable to type 'LoginHistoryEntry'.
    Type '{ error: true; } & String' is missing the following properties from type 'LoginHistoryEntry': id, user_id, login_at, logout_at, and 11 more.
app/actions/login-history-actions.ts(213,35): error TS2352: Conversion of type 'SelectQueryError<"Invalid Relationships cannot infer result type"> | SelectQueryError<"Invalid RelationName cannot infer result type">' to type 'LoginHistoryEntry' may be a mistake because neither type sufficiently overlaps with the other. If this was intentional, convert the expression to 'unknown' first.
  Type '{ error: true; } & String' is missing the following properties from type 'LoginHistoryEntry': id, user_id, login_at, logout_at, and 11 more.
app/actions/login-history-actions.ts(255,59): error TS2339: Property 'login_at' does not exist on type 'SelectQueryError<"Invalid Relationships cannot infer result type"> | SelectQueryError<"Invalid RelationName cannot infer result type">'.
  Property 'login_at' does not exist on type 'SelectQueryError<"Invalid Relationships cannot infer result type">'.
app/actions/login-history-actions.ts(260,31): error TS2339: Property 'id' does not exist on type 'SelectQueryError<"Invalid Relationships cannot infer result type"> | SelectQueryError<"Invalid RelationName cannot infer result type">'.
  Property 'id' does not exist on type 'SelectQueryError<"Invalid Relationships cannot infer result type">'.
app/actions/login-history-actions.ts(266,35): error TS2352: Conversion of type 'SelectQueryError<"Invalid Relationships cannot infer result type"> | SelectQueryError<"Invalid RelationName cannot infer result type">' to type 'LoginHistoryEntry' may be a mistake because neither type sufficiently overlaps with the other. If this was intentional, convert the expression to 'unknown' first.
  Type '{ error: true; } & String' is missing the following properties from type 'LoginHistoryEntry': id, user_id, login_at, logout_at, and 11 more.
app/actions/login-history-actions.ts(299,35): error TS2352: Conversion of type 'SelectQueryError<"Invalid Relationships cannot infer result type"> | SelectQueryError<"Invalid RelationName cannot infer result type">' to type 'LoginHistoryEntry' may be a mistake because neither type sufficiently overlaps with the other. If this was intentional, convert the expression to 'unknown' first.
  Type '{ error: true; } & String' is missing the following properties from type 'LoginHistoryEntry': id, user_id, login_at, logout_at, and 11 more.
app/actions/login-history-actions.ts(355,21): error TS2352: Conversion of type '(SelectQueryError<"Invalid Relationships cannot infer result type"> | SelectQueryError<"Invalid RelationName cannot infer result type">)[]' to type 'LoginHistoryEntry[]' may be a mistake because neither type sufficiently overlaps with the other. If this was intentional, convert the expression to 'unknown' first.
  Type 'SelectQueryError<"Invalid Relationships cannot infer result type"> | SelectQueryError<"Invalid RelationName cannot infer result type">' is not comparable to type 'LoginHistoryEntry'.
    Type '{ error: true; } & String' is missing the following properties from type 'LoginHistoryEntry': id, user_id, login_at, logout_at, and 11 more.
app/actions/login-history-actions.ts(389,61): error TS2345: Argument of type '(d: { login_method: string; }) => string' is not assignable to parameter of type '(value: SelectQueryError<"Invalid Relationships cannot infer result type"> | SelectQueryError<"Invalid RelationName cannot infer result type">, index: number, array: (SelectQueryError<...> | SelectQueryError<...>)[]) => string'.
  Types of parameters 'd' and 'value' are incompatible.
    Type 'SelectQueryError<"Invalid Relationships cannot infer result type"> | SelectQueryError<"Invalid RelationName cannot infer result type">' is not assignable to type '{ login_method: string; }'.
      Property 'login_method' is missing in type '{ error: true; } & String' but required in type '{ login_method: string; }'.
app/actions/login-history-actions.ts(397,60): error TS2345: Argument of type '(d: { device_type: string; }) => string' is not assignable to parameter of type '(value: SelectQueryError<"Invalid Relationships cannot infer result type"> | SelectQueryError<"Invalid RelationName cannot infer result type">, index: number, array: (SelectQueryError<...> | SelectQueryError<...>)[]) => string'.
  Types of parameters 'd' and 'value' are incompatible.
    Type 'SelectQueryError<"Invalid Relationships cannot infer result type"> | SelectQueryError<"Invalid RelationName cannot infer result type">' is not assignable to type '{ device_type: string; }'.
      Property 'device_type' is missing in type '{ error: true; } & String' but required in type '{ device_type: string; }'.
app/actions/login-history-actions.ts(405,58): error TS2345: Argument of type '(d: { browser: string; }) => string' is not assignable to parameter of type '(value: SelectQueryError<"Invalid Relationships cannot infer result type"> | SelectQueryError<"Invalid RelationName cannot infer result type">, index: number, array: (SelectQueryError<...> | SelectQueryError<...>)[]) => string'.
  Types of parameters 'd' and 'value' are incompatible.
    Type 'SelectQueryError<"Invalid Relationships cannot infer result type"> | SelectQueryError<"Invalid RelationName cannot infer result type">' is not assignable to type '{ browser: string; }'.
      Property 'browser' is missing in type '{ error: true; } & String' but required in type '{ browser: string; }'.
app/actions/login-history-actions.ts(413,61): error TS2345: Argument of type '(d: { os: string; }) => string' is not assignable to parameter of type '(value: SelectQueryError<"Invalid Relationships cannot infer result type"> | SelectQueryError<"Invalid RelationName cannot infer result type">, index: number, array: (SelectQueryError<...> | SelectQueryError<...>)[]) => string'.
  Types of parameters 'd' and 'value' are incompatible.
    Type 'SelectQueryError<"Invalid Relationships cannot infer result type"> | SelectQueryError<"Invalid RelationName cannot infer result type">' is not assignable to type '{ os: string; }'.
      Property 'os' is missing in type '{ error: true; } & String' but required in type '{ os: string; }'.
app/actions/login-history-actions.ts(446,35): error TS2352: Conversion of type '(SelectQueryError<"Invalid Relationships cannot infer result type"> | SelectQueryError<"Invalid RelationName cannot infer result type">)[]' to type 'LoginHistoryEntry[]' may be a mistake because neither type sufficiently overlaps with the other. If this was intentional, convert the expression to 'unknown' first.
  Type 'SelectQueryError<"Invalid Relationships cannot infer result type"> | SelectQueryError<"Invalid RelationName cannot infer result type">' is not comparable to type 'LoginHistoryEntry'.
    Type '{ error: true; } & String' is missing the following properties from type 'LoginHistoryEntry': id, user_id, login_at, logout_at, and 11 more.
app/actions/login-history-actions.ts(476,35): error TS2352: Conversion of type '(SelectQueryError<"Invalid Relationships cannot infer result type"> | SelectQueryError<"Invalid RelationName cannot infer result type">)[]' to type 'LoginHistoryEntry[]' may be a mistake because neither type sufficiently overlaps with the other. If this was intentional, convert the expression to 'unknown' first.
  Type 'SelectQueryError<"Invalid Relationships cannot infer result type"> | SelectQueryError<"Invalid RelationName cannot infer result type">' is not comparable to type 'LoginHistoryEntry'.
    Type '{ error: true; } & String' is missing the following properties from type 'LoginHistoryEntry': id, user_id, login_at, logout_at, and 11 more.
app/actions/login-history-actions.ts(508,21): error TS2352: Conversion of type '(SelectQueryError<"Invalid Relationships cannot infer result type"> | SelectQueryError<"Invalid RelationName cannot infer result type">)[]' to type 'LoginHistoryEntry[]' may be a mistake because neither type sufficiently overlaps with the other. If this was intentional, convert the expression to 'unknown' first.
  Type 'SelectQueryError<"Invalid Relationships cannot infer result type"> | SelectQueryError<"Invalid RelationName cannot infer result type">' is not comparable to type 'LoginHistoryEntry'.
    Type '{ error: true; } & String' is missing the following properties from type 'LoginHistoryEntry': id, user_id, login_at, logout_at, and 11 more.
app/actions/notification-template-actions.ts(18,74): error TS2344: Type 'Record<string, unknown>' does not satisfy the constraint 'string'.
app/actions/notification-template-actions.ts(31,20): error TS2352: Conversion of type 'SupabaseClient<Database, "public", "public", { Tables: { activity_log: { Row: { action_type: string; created_at: string | null; details: Json; document_id: string; document_number: string; document_type: string; id: string; user_id: string | null; user_name: string; }; Insert: { ...; }; Update: { ...; }; Relationshi...' to type 'AnySupabaseClient' may be a mistake because neither type sufficiently overlaps with the other. If this was intentional, convert the expression to 'unknown' first.
  Type 'string' is not comparable to type 'Record<string, unknown>'.
app/actions/notification-template-actions.ts(52,20): error TS2352: Conversion of type 'SupabaseClient<Database, "public", "public", { Tables: { activity_log: { Row: { action_type: string; created_at: string | null; details: Json; document_id: string; document_number: string; document_type: string; id: string; user_id: string | null; user_name: string; }; Insert: { ...; }; Update: { ...; }; Relationshi...' to type 'AnySupabaseClient' may be a mistake because neither type sufficiently overlaps with the other. If this was intentional, convert the expression to 'unknown' first.
  Type 'string' is not comparable to type 'Record<string, unknown>'.
app/actions/notification-template-actions.ts(73,20): error TS2352: Conversion of type 'SupabaseClient<Database, "public", "public", { Tables: { activity_log: { Row: { action_type: string; created_at: string | null; details: Json; document_id: string; document_number: string; document_type: string; id: string; user_id: string | null; user_name: string; }; Insert: { ...; }; Update: { ...; }; Relationshi...' to type 'AnySupabaseClient' may be a mistake because neither type sufficiently overlaps with the other. If this was intentional, convert the expression to 'unknown' first.
  Type 'string' is not comparable to type 'Record<string, unknown>'.
app/actions/notification-template-actions.ts(94,20): error TS2352: Conversion of type 'SupabaseClient<Database, "public", "public", { Tables: { activity_log: { Row: { action_type: string; created_at: string | null; details: Json; document_id: string; document_number: string; document_type: string; id: string; user_id: string | null; user_name: string; }; Insert: { ...; }; Update: { ...; }; Relationshi...' to type 'AnySupabaseClient' may be a mistake because neither type sufficiently overlaps with the other. If this was intentional, convert the expression to 'unknown' first.
  Type 'string' is not comparable to type 'Record<string, unknown>'.
app/actions/notification-template-actions.ts(115,20): error TS2352: Conversion of type 'SupabaseClient<Database, "public", "public", { Tables: { activity_log: { Row: { action_type: string; created_at: string | null; details: Json; document_id: string; document_number: string; document_type: string; id: string; user_id: string | null; user_name: string; }; Insert: { ...; }; Update: { ...; }; Relationshi...' to type 'AnySupabaseClient' may be a mistake because neither type sufficiently overlaps with the other. If this was intentional, convert the expression to 'unknown' first.
  Type 'string' is not comparable to type 'Record<string, unknown>'.
app/actions/notification-template-actions.ts(143,20): error TS2352: Conversion of type 'SupabaseClient<Database, "public", "public", { Tables: { activity_log: { Row: { action_type: string; created_at: string | null; details: Json; document_id: string; document_number: string; document_type: string; id: string; user_id: string | null; user_name: string; }; Insert: { ...; }; Update: { ...; }; Relationshi...' to type 'AnySupabaseClient' may be a mistake because neither type sufficiently overlaps with the other. If this was intentional, convert the expression to 'unknown' first.
  Type 'string' is not comparable to type 'Record<string, unknown>'.
app/actions/notification-template-actions.ts(147,13): error TS2769: No overload matches this call.
  Overload 1 of 2, '(values: never, options?: { count?: "estimated" | "exact" | "planned" | undefined; } | undefined): PostgrestFilterBuilder<{ PostgrestVersion: "12"; }, never, never, null, "notification_templates", never, "POST">', gave the following error.
    Argument of type 'NotificationTemplateInsert' is not assignable to parameter of type 'never'.
  Overload 2 of 2, '(values: never[], options?: { count?: "estimated" | "exact" | "planned" | undefined; defaultToNull?: boolean | undefined; } | undefined): PostgrestFilterBuilder<{ PostgrestVersion: "12"; }, never, never, null, "notification_templates", never, "POST">', gave the following error.
    Argument of type 'NotificationTemplateInsert' is not assignable to parameter of type 'never[]'.
      Type 'NotificationTemplateInsert' is missing the following properties from type 'never[]': length, pop, push, concat, and 35 more.
app/actions/notification-template-actions.ts(174,20): error TS2352: Conversion of type 'SupabaseClient<Database, "public", "public", { Tables: { activity_log: { Row: { action_type: string; created_at: string | null; details: Json; document_id: string; document_number: string; document_type: string; id: string; user_id: string | null; user_name: string; }; Insert: { ...; }; Update: { ...; }; Relationshi...' to type 'AnySupabaseClient' may be a mistake because neither type sufficiently overlaps with the other. If this was intentional, convert the expression to 'unknown' first.
  Type 'string' is not comparable to type 'Record<string, unknown>'.
app/actions/notification-template-actions.ts(178,13): error TS2345: Argument of type 'NotificationTemplateUpdate' is not assignable to parameter of type 'never'.
app/actions/notification-template-actions.ts(198,20): error TS2352: Conversion of type 'SupabaseClient<Database, "public", "public", { Tables: { activity_log: { Row: { action_type: string; created_at: string | null; details: Json; document_id: string; document_number: string; document_type: string; id: string; user_id: string | null; user_name: string; }; Insert: { ...; }; Update: { ...; }; Relationshi...' to type 'AnySupabaseClient' may be a mistake because neither type sufficiently overlaps with the other. If this was intentional, convert the expression to 'unknown' first.
  Type 'string' is not comparable to type 'Record<string, unknown>'.
app/actions/notification-template-actions.ts(202,13): error TS2345: Argument of type '{ is_active: boolean; }' is not assignable to parameter of type 'never'.
app/actions/notification-template-actions.ts(219,20): error TS2352: Conversion of type 'SupabaseClient<Database, "public", "public", { Tables: { activity_log: { Row: { action_type: string; created_at: string | null; details: Json; document_id: string; document_number: string; document_type: string; id: string; user_id: string | null; user_name: string; }; Insert: { ...; }; Update: { ...; }; Relationshi...' to type 'AnySupabaseClient' may be a mistake because neither type sufficiently overlaps with the other. If this was intentional, convert the expression to 'unknown' first.
  Type 'string' is not comparable to type 'Record<string, unknown>'.
app/actions/notification-template-actions.ts(223,13): error TS2345: Argument of type '{ is_active: boolean; }' is not assignable to parameter of type 'never'.
app/actions/notification-template-actions.ts(240,20): error TS2352: Conversion of type 'SupabaseClient<Database, "public", "public", { Tables: { activity_log: { Row: { action_type: string; created_at: string | null; details: Json; document_id: string; document_number: string; document_type: string; id: string; user_id: string | null; user_name: string; }; Insert: { ...; }; Update: { ...; }; Relationshi...' to type 'AnySupabaseClient' may be a mistake because neither type sufficiently overlaps with the other. If this was intentional, convert the expression to 'unknown' first.
  Type 'string' is not comparable to type 'Record<string, unknown>'.
app/actions/notification-workflow-actions.ts(20,74): error TS2344: Type 'Record<string, unknown>' does not satisfy the constraint 'string'.
app/actions/notification-workflow-actions.ts(267,20): error TS2352: Conversion of type 'SupabaseClient<Database, "public", "public", { Tables: { activity_log: { Row: { action_type: string; created_at: string | null; details: Json; document_id: string; document_number: string; document_type: string; id: string; user_id: string | null; user_name: string; }; Insert: { ...; }; Update: { ...; }; Relationshi...' to type 'AnySupabaseClient' may be a mistake because neither type sufficiently overlaps with the other. If this was intentional, convert the expression to 'unknown' first.
  Type 'string' is not comparable to type 'Record<string, unknown>'.
app/actions/notification-workflow-actions.ts(298,20): error TS2352: Conversion of type 'SupabaseClient<Database, "public", "public", { Tables: { activity_log: { Row: { action_type: string; created_at: string | null; details: Json; document_id: string; document_number: string; document_type: string; id: string; user_id: string | null; user_name: string; }; Insert: { ...; }; Update: { ...; }; Relationshi...' to type 'AnySupabaseClient' may be a mistake because neither type sufficiently overlaps with the other. If this was intentional, convert the expression to 'unknown' first.
  Type 'string' is not comparable to type 'Record<string, unknown>'.
app/actions/notification-workflow-actions.ts(302,6): error TS2769: No overload matches this call.
  Overload 1 of 2, '(values: never, options?: { onConflict?: string | undefined; ignoreDuplicates?: boolean | undefined; count?: "estimated" | "exact" | "planned" | undefined; } | undefined): PostgrestFilterBuilder<{ ...; }, ... 5 more ..., "POST">', gave the following error.
    Argument of type '{ updated_at: string; email_enabled?: boolean; whatsapp_enabled?: boolean; in_app_enabled?: boolean; push_enabled?: boolean; quiet_hours_start?: string | null; quiet_hours_end?: string | null; digest_frequency?: "immediate" | "hourly" | "daily"; user_id: string; event_type: EventType; }' is not assignable to parameter of type 'never'.
  Overload 2 of 2, '(values: never[], options?: { onConflict?: string | undefined; ignoreDuplicates?: boolean | undefined; count?: "estimated" | "exact" | "planned" | undefined; defaultToNull?: boolean | undefined; } | undefined): PostgrestFilterBuilder<...>', gave the following error.
    Object literal may only specify known properties, and 'updated_at' does not exist in type 'never[]'.
app/actions/notification-workflow-actions.ts(335,20): error TS2352: Conversion of type 'SupabaseClient<Database, "public", "public", { Tables: { activity_log: { Row: { action_type: string; created_at: string | null; details: Json; document_id: string; document_number: string; document_type: string; id: string; user_id: string | null; user_name: string; }; Insert: { ...; }; Update: { ...; }; Relationshi...' to type 'AnySupabaseClient' may be a mistake because neither type sufficiently overlaps with the other. If this was intentional, convert the expression to 'unknown' first.
  Type 'string' is not comparable to type 'Record<string, unknown>'.
app/actions/notification-workflow-actions.ts(349,13): error TS2769: No overload matches this call.
  Overload 1 of 2, '(values: never, options?: { onConflict?: string | undefined; ignoreDuplicates?: boolean | undefined; count?: "estimated" | "exact" | "planned" | undefined; } | undefined): PostgrestFilterBuilder<{ ...; }, ... 5 more ..., "POST">', gave the following error.
    Argument of type '{ user_id: string; event_type: EventType; email_enabled: boolean | undefined; whatsapp_enabled: boolean | undefined; in_app_enabled: boolean | undefined; push_enabled: boolean | undefined; updated_at: string; }[]' is not assignable to parameter of type 'never'.
  Overload 2 of 2, '(values: never[], options?: { onConflict?: string | undefined; ignoreDuplicates?: boolean | undefined; count?: "estimated" | "exact" | "planned" | undefined; defaultToNull?: boolean | undefined; } | undefined): PostgrestFilterBuilder<...>', gave the following error.
    Argument of type '{ user_id: string; event_type: EventType; email_enabled: boolean | undefined; whatsapp_enabled: boolean | undefined; in_app_enabled: boolean | undefined; push_enabled: boolean | undefined; updated_at: string; }[]' is not assignable to parameter of type 'never[]'.
      Type '{ user_id: string; event_type: EventType; email_enabled: boolean | undefined; whatsapp_enabled: boolean | undefined; in_app_enabled: boolean | undefined; push_enabled: boolean | undefined; updated_at: string; }' is not assignable to type 'never'.
app/actions/notification-workflow-actions.ts(374,20): error TS2352: Conversion of type 'SupabaseClient<Database, "public", "public", { Tables: { activity_log: { Row: { action_type: string; created_at: string | null; details: Json; document_id: string; document_number: string; document_type: string; id: string; user_id: string | null; user_name: string; }; Insert: { ...; }; Update: { ...; }; Relationshi...' to type 'AnySupabaseClient' may be a mistake because neither type sufficiently overlaps with the other. If this was intentional, convert the expression to 'unknown' first.
  Type 'string' is not comparable to type 'Record<string, unknown>'.
app/actions/notification-workflow-actions.ts(420,20): error TS2352: Conversion of type 'SupabaseClient<Database, "public", "public", { Tables: { activity_log: { Row: { action_type: string; created_at: string | null; details: Json; document_id: string; document_number: string; document_type: string; id: string; user_id: string | null; user_name: string; }; Insert: { ...; }; Update: { ...; }; Relationshi...' to type 'AnySupabaseClient' may be a mistake because neither type sufficiently overlaps with the other. If this was intentional, convert the expression to 'unknown' first.
  Type 'string' is not comparable to type 'Record<string, unknown>'.
app/actions/profitability-actions.ts(177,67): error TS2345: Argument of type '(row: ShipmentProfitabilityRow) => ShipmentProfitability' is not assignable to parameter of type '(value: { booking_id: string | null; booking_number: string | null; cost_tax: number | null; customer_id: string | null; customer_name: string | null; gross_profit: number | null; ... 6 more ...; total_revenue: number | null; }, index: number, array: { ...; }[]) => ShipmentProfitability'.
  Types of parameters 'row' and 'value' are incompatible.
    Type '{ booking_id: string | null; booking_number: string | null; cost_tax: number | null; customer_id: string | null; customer_name: string | null; gross_profit: number | null; jo_number: string | null; ... 5 more ...; total_revenue: number | null; }' is not assignable to type 'ShipmentProfitabilityRow'.
      Types of property 'booking_id' are incompatible.
        Type 'string | null' is not assignable to type 'string'.
          Type 'null' is not assignable to type 'string'.
app/actions/recovery-actions.ts(86,11): error TS2769: No overload matches this call.
  Overload 1 of 2, '(relation: "agency_service_providers" | "port_agents" | "prediction_models" | "user_profiles" | "alert_rules" | "kpi_definitions" | "bills_of_lading" | "freight_bookings" | "assets" | ... 211 more ... | "weekly_kpi_snapshots"): PostgrestQueryBuilder<...>', gave the following error.
    Argument of type 'string' is not assignable to parameter of type '"agency_service_providers" | "port_agents" | "prediction_models" | "user_profiles" | "alert_rules" | "kpi_definitions" | "bills_of_lading" | "freight_bookings" | "assets" | ... 211 more ... | "weekly_kpi_snapshots"'.
  Overload 2 of 2, '(relation: "active_bookings" | "shipment_profitability" | "asset_availability" | "asset_tco_summary" | "asset_utilization_monthly" | "maintenance_cost_summary" | "upcoming_maintenance" | ... 43 more ... | "upcoming_vessel_arrivals"): PostgrestQueryBuilder<...>', gave the following error.
    Argument of type 'string' is not assignable to parameter of type '"active_bookings" | "shipment_profitability" | "asset_availability" | "asset_tco_summary" | "asset_utilization_monthly" | "maintenance_cost_summary" | "upcoming_maintenance" | ... 43 more ... | "upcoming_vessel_arrivals"'.
app/actions/recovery-actions.ts(162,39): error TS18047: 'r.purge_after' is possibly 'null'.
app/actions/shipment-cost-actions.ts(70,52): error TS2345: Argument of type '(row: ShipmentCostRow & { agency_charge_types?: Record<string, unknown>; }) => ShipmentCost' is not assignable to parameter of type '(value: { amount: number; amount_idr: number | null; bl_id: string | null; booking_id: string | null; charge_type_id: string; created_at: string | null; created_by: string | null; currency: string | null; ... 19 more ...; agency_charge_types: { ...; }; }, index: number, array: { ...; }[]) => ShipmentCost'.
  Types of parameters 'row' and 'value' are incompatible.
    Type '{ amount: number; amount_idr: number | null; bl_id: string | null; booking_id: string | null; charge_type_id: string; created_at: string | null; created_by: string | null; currency: string | null; ... 19 more ...; agency_charge_types: { ...; }; }' is not assignable to type 'ShipmentCostRow & { agency_charge_types?: Record<string, unknown> | undefined; }'.
      Type '{ amount: number; amount_idr: number | null; bl_id: string | null; booking_id: string | null; charge_type_id: string; created_at: string | null; created_by: string | null; currency: string | null; ... 19 more ...; agency_charge_types: { ...; }; }' is not assignable to type 'ShipmentCostRow'.
        Types of property 'booking_id' are incompatible.
          Type 'string | null' is not assignable to type 'string | undefined'.
            Type 'null' is not assignable to type 'string | undefined'.
app/actions/shipment-cost-actions.ts(205,15): error TS2769: No overload matches this call.
  Overload 1 of 2, '(values: { amount: number; amount_idr?: number | null | undefined; bl_id?: string | null | undefined; booking_id?: string | null | undefined; charge_type_id: string; created_at?: string | null | undefined; ... 20 more ...; vendor_name?: string | ... 1 more ... | undefined; }, options?: { ...; } | undefined): PostgrestFilterBuilder<...>', gave the following error.
    Argument of type 'Record<string, unknown>' is not assignable to parameter of type '{ amount: number; amount_idr?: number | null | undefined; bl_id?: string | null | undefined; booking_id?: string | null | undefined; charge_type_id: string; created_at?: string | null | undefined; ... 20 more ...; vendor_name?: string | ... 1 more ... | undefined; }'.
      Type 'Record<string, unknown>' is missing the following properties from type '{ amount: number; amount_idr?: number | null | undefined; bl_id?: string | null | undefined; booking_id?: string | null | undefined; charge_type_id: string; created_at?: string | null | undefined; ... 20 more ...; vendor_name?: string | ... 1 more ... | undefined; }': amount, charge_type_id, unit_price
  Overload 2 of 2, '(values: { amount: number; amount_idr?: number | null | undefined; bl_id?: string | null | undefined; booking_id?: string | null | undefined; charge_type_id: string; created_at?: string | null | undefined; ... 20 more ...; vendor_name?: string | ... 1 more ... | undefined; }[], options?: { ...; } | undefined): PostgrestFilterBuilder<...>', gave the following error.
    Argument of type 'Record<string, unknown>' is not assignable to parameter of type '{ amount: number; amount_idr?: number | null | undefined; bl_id?: string | null | undefined; booking_id?: string | null | undefined; charge_type_id: string; created_at?: string | null | undefined; ... 20 more ...; vendor_name?: string | ... 1 more ... | undefined; }[]'.
      Type 'Record<string, unknown>' is missing the following properties from type '{ amount: number; amount_idr?: number | null | undefined; bl_id?: string | null | undefined; booking_id?: string | null | undefined; charge_type_id: string; created_at?: string | null | undefined; ... 20 more ...; vendor_name?: string | ... 1 more ... | undefined; }[]': length, pop, push, concat, and 35 more.
app/actions/shipment-cost-actions.ts(522,52): error TS2345: Argument of type '(row: ShipmentCostRow & { agency_charge_types?: Record<string, unknown>; }) => ShipmentCost' is not assignable to parameter of type '(value: { amount: number; amount_idr: number | null; bl_id: string | null; booking_id: string | null; charge_type_id: string; created_at: string | null; created_by: string | null; currency: string | null; ... 19 more ...; agency_charge_types: { ...; }; }, index: number, array: { ...; }[]) => ShipmentCost'.
  Types of parameters 'row' and 'value' are incompatible.
    Type '{ amount: number; amount_idr: number | null; bl_id: string | null; booking_id: string | null; charge_type_id: string; created_at: string | null; created_by: string | null; currency: string | null; ... 19 more ...; agency_charge_types: { ...; }; }' is not assignable to type 'ShipmentCostRow & { agency_charge_types?: Record<string, unknown> | undefined; }'.
      Type '{ amount: number; amount_idr: number | null; bl_id: string | null; booking_id: string | null; charge_type_id: string; created_at: string | null; created_by: string | null; currency: string | null; ... 19 more ...; agency_charge_types: { ...; }; }' is not assignable to type 'ShipmentCostRow'.
        Types of property 'booking_id' are incompatible.
          Type 'string | null' is not assignable to type 'string | undefined'.
            Type 'null' is not assignable to type 'string | undefined'.
app/actions/shipment-cost-actions.ts(585,52): error TS2345: Argument of type '(row: ShipmentCostRow & { agency_charge_types?: Record<string, unknown>; }) => ShipmentCost' is not assignable to parameter of type '(value: { amount: number; amount_idr: number | null; bl_id: string | null; booking_id: string | null; charge_type_id: string; created_at: string | null; created_by: string | null; currency: string | null; ... 19 more ...; agency_charge_types: { ...; }; }, index: number, array: { ...; }[]) => ShipmentCost'.
  Types of parameters 'row' and 'value' are incompatible.
    Type '{ amount: number; amount_idr: number | null; bl_id: string | null; booking_id: string | null; charge_type_id: string; created_at: string | null; created_by: string | null; currency: string | null; ... 19 more ...; agency_charge_types: { ...; }; }' is not assignable to type 'ShipmentCostRow & { agency_charge_types?: Record<string, unknown> | undefined; }'.
      Type '{ amount: number; amount_idr: number | null; bl_id: string | null; booking_id: string | null; charge_type_id: string; created_at: string | null; created_by: string | null; currency: string | null; ... 19 more ...; agency_charge_types: { ...; }; }' is not assignable to type 'ShipmentCostRow'.
        Types of property 'booking_id' are incompatible.
          Type 'string | null' is not assignable to type 'string | undefined'.
            Type 'null' is not assignable to type 'string | undefined'.
app/actions/shipment-revenue-actions.ts(70,57): error TS2345: Argument of type '(row: ShipmentRevenueRow & { agency_charge_types?: Record<string, unknown>; }) => ShipmentRevenue' is not assignable to parameter of type '(value: { amount: number; amount_idr: number | null; billing_status: string | null; bl_id: string | null; booking_id: string | null; charge_type_id: string; created_at: string | null; ... 14 more ...; agency_charge_types: { ...; }; }, index: number, array: { ...; }[]) => ShipmentRevenue'.
  Types of parameters 'row' and 'value' are incompatible.
    Type '{ amount: number; amount_idr: number | null; billing_status: string | null; bl_id: string | null; booking_id: string | null; charge_type_id: string; created_at: string | null; created_by: string | null; ... 13 more ...; agency_charge_types: { ...; }; }' is not assignable to type 'ShipmentRevenueRow & { agency_charge_types?: Record<string, unknown> | undefined; }'.
      Type '{ amount: number; amount_idr: number | null; billing_status: string | null; bl_id: string | null; booking_id: string | null; charge_type_id: string; created_at: string | null; created_by: string | null; ... 13 more ...; agency_charge_types: { ...; }; }' is not assignable to type 'ShipmentRevenueRow'.
        Types of property 'booking_id' are incompatible.
          Type 'string | null' is not assignable to type 'string | undefined'.
            Type 'null' is not assignable to type 'string | undefined'.
app/actions/shipment-revenue-actions.ts(206,15): error TS2769: No overload matches this call.
  Overload 1 of 2, '(values: { amount: number; amount_idr?: number | null | undefined; billing_status?: string | null | undefined; bl_id?: string | null | undefined; booking_id?: string | null | undefined; charge_type_id: string; ... 14 more ...; unit_price: number; }, options?: { ...; } | undefined): PostgrestFilterBuilder<...>', gave the following error.
    Argument of type 'Record<string, unknown>' is not assignable to parameter of type '{ amount: number; amount_idr?: number | null | undefined; billing_status?: string | null | undefined; bl_id?: string | null | undefined; booking_id?: string | null | undefined; charge_type_id: string; ... 14 more ...; unit_price: number; }'.
      Type 'Record<string, unknown>' is missing the following properties from type '{ amount: number; amount_idr?: number | null | undefined; billing_status?: string | null | undefined; bl_id?: string | null | undefined; booking_id?: string | null | undefined; charge_type_id: string; ... 14 more ...; unit_price: number; }': amount, charge_type_id, unit_price
  Overload 2 of 2, '(values: { amount: number; amount_idr?: number | null | undefined; billing_status?: string | null | undefined; bl_id?: string | null | undefined; booking_id?: string | null | undefined; charge_type_id: string; ... 14 more ...; unit_price: number; }[], options?: { ...; } | undefined): PostgrestFilterBuilder<...>', gave the following error.
    Argument of type 'Record<string, unknown>' is not assignable to parameter of type '{ amount: number; amount_idr?: number | null | undefined; billing_status?: string | null | undefined; bl_id?: string | null | undefined; booking_id?: string | null | undefined; charge_type_id: string; ... 14 more ...; unit_price: number; }[]'.
      Type 'Record<string, unknown>' is missing the following properties from type '{ amount: number; amount_idr?: number | null | undefined; billing_status?: string | null | undefined; bl_id?: string | null | undefined; booking_id?: string | null | undefined; charge_type_id: string; ... 14 more ...; unit_price: number; }[]': length, pop, push, concat, and 35 more.
app/actions/shipment-revenue-actions.ts(490,57): error TS2345: Argument of type '(row: ShipmentRevenueRow & { agency_charge_types?: Record<string, unknown>; }) => ShipmentRevenue' is not assignable to parameter of type '(value: { amount: number; amount_idr: number | null; billing_status: string | null; bl_id: string | null; booking_id: string | null; charge_type_id: string; created_at: string | null; ... 14 more ...; agency_charge_types: { ...; }; }, index: number, array: { ...; }[]) => ShipmentRevenue'.
  Types of parameters 'row' and 'value' are incompatible.
    Type '{ amount: number; amount_idr: number | null; billing_status: string | null; bl_id: string | null; booking_id: string | null; charge_type_id: string; created_at: string | null; created_by: string | null; ... 13 more ...; agency_charge_types: { ...; }; }' is not assignable to type 'ShipmentRevenueRow & { agency_charge_types?: Record<string, unknown> | undefined; }'.
      Type '{ amount: number; amount_idr: number | null; billing_status: string | null; bl_id: string | null; booking_id: string | null; charge_type_id: string; created_at: string | null; created_by: string | null; ... 13 more ...; agency_charge_types: { ...; }; }' is not assignable to type 'ShipmentRevenueRow'.
        Types of property 'booking_id' are incompatible.
          Type 'string | null' is not assignable to type 'string | undefined'.
            Type 'null' is not assignable to type 'string | undefined'.
app/actions/shipment-revenue-actions.ts(553,57): error TS2345: Argument of type '(row: ShipmentRevenueRow & { agency_charge_types?: Record<string, unknown>; }) => ShipmentRevenue' is not assignable to parameter of type '(value: { amount: number; amount_idr: number | null; billing_status: string | null; bl_id: string | null; booking_id: string | null; charge_type_id: string; created_at: string | null; ... 14 more ...; agency_charge_types: { ...; }; }, index: number, array: { ...; }[]) => ShipmentRevenue'.
  Types of parameters 'row' and 'value' are incompatible.
    Type '{ amount: number; amount_idr: number | null; billing_status: string | null; bl_id: string | null; booking_id: string | null; charge_type_id: string; created_at: string | null; created_by: string | null; ... 13 more ...; agency_charge_types: { ...; }; }' is not assignable to type 'ShipmentRevenueRow & { agency_charge_types?: Record<string, unknown> | undefined; }'.
      Type '{ amount: number; amount_idr: number | null; billing_status: string | null; bl_id: string | null; booking_id: string | null; charge_type_id: string; created_at: string | null; created_by: string | null; ... 13 more ...; agency_charge_types: { ...; }; }' is not assignable to type 'ShipmentRevenueRow'.
        Types of property 'booking_id' are incompatible.
          Type 'string | null' is not assignable to type 'string | undefined'.
            Type 'null' is not assignable to type 'string | undefined'.
app/actions/vendor-invoice-actions.ts(78,62): error TS2345: Argument of type '(row: AgencyVendorInvoiceRow) => AgencyVendorInvoice' is not assignable to parameter of type '(value: { cost_ids: Json; created_at: string | null; currency: string | null; document_url: string | null; due_date: string | null; id: string; invoice_date: string; invoice_number: string; ... 7 more ...; vendor_name: string | null; }, index: number, array: { ...; }[]) => AgencyVendorInvoice'.
  Types of parameters 'row' and 'value' are incompatible.
    Type '{ cost_ids: Json; created_at: string | null; currency: string | null; document_url: string | null; due_date: string | null; id: string; invoice_date: string; invoice_number: string; ... 7 more ...; vendor_name: string | null; }' is not assignable to type 'AgencyVendorInvoiceRow'.
      Types of property 'vendor_name' are incompatible.
        Type 'string | null' is not assignable to type 'string | undefined'.
          Type 'null' is not assignable to type 'string | undefined'.
app/actions/vendor-invoice-actions.ts(125,54): error TS2769: No overload matches this call.
  Overload 1 of 2, '(predicate: (value: { cost_ids: Json; created_at: string | null; currency: string | null; document_url: string | null; due_date: string | null; id: string; invoice_date: string; invoice_number: string; ... 7 more ...; vendor_name: string | null; }, index: number, array: { ...; }[]) => value is { ...; }, thisArg?: any): { ...; }[]', gave the following error.
    Argument of type '(invoice: AgencyVendorInvoiceRow) => boolean' is not assignable to parameter of type '(value: { cost_ids: Json; created_at: string | null; currency: string | null; document_url: string | null; due_date: string | null; id: string; invoice_date: string; invoice_number: string; ... 7 more ...; vendor_name: string | null; }, index: number, array: { ...; }[]) => value is { ...; }'.
      Types of parameters 'invoice' and 'value' are incompatible.
        Type '{ cost_ids: Json; created_at: string | null; currency: string | null; document_url: string | null; due_date: string | null; id: string; invoice_date: string; invoice_number: string; ... 7 more ...; vendor_name: string | null; }' is not assignable to type 'AgencyVendorInvoiceRow'.
          Types of property 'vendor_name' are incompatible.
            Type 'string | null' is not assignable to type 'string | undefined'.
              Type 'null' is not assignable to type 'string | undefined'.
  Overload 2 of 2, '(predicate: (value: { cost_ids: Json; created_at: string | null; currency: string | null; document_url: string | null; due_date: string | null; id: string; invoice_date: string; invoice_number: string; ... 7 more ...; vendor_name: string | null; }, index: number, array: { ...; }[]) => unknown, thisArg?: any): { ...; }[]', gave the following error.
    Argument of type '(invoice: AgencyVendorInvoiceRow) => boolean' is not assignable to parameter of type '(value: { cost_ids: Json; created_at: string | null; currency: string | null; document_url: string | null; due_date: string | null; id: string; invoice_date: string; invoice_number: string; ... 7 more ...; vendor_name: string | null; }, index: number, array: { ...; }[]) => unknown'.
      Types of parameters 'invoice' and 'value' are incompatible.
        Type '{ cost_ids: Json; created_at: string | null; currency: string | null; document_url: string | null; due_date: string | null; id: string; invoice_date: string; invoice_number: string; ... 7 more ...; vendor_name: string | null; }' is not assignable to type 'AgencyVendorInvoiceRow'.
          Types of property 'vendor_name' are incompatible.
            Type 'string | null' is not assignable to type 'string | undefined'.
              Type 'null' is not assignable to type 'string | undefined'.
app/actions/vendor-invoice-actions.ts(130,64): error TS2345: Argument of type '(row: AgencyVendorInvoiceRow) => AgencyVendorInvoice' is not assignable to parameter of type '(value: { cost_ids: Json; created_at: string | null; currency: string | null; document_url: string | null; due_date: string | null; id: string; invoice_date: string; invoice_number: string; ... 7 more ...; vendor_name: string | null; }, index: number, array: { ...; }[]) => AgencyVendorInvoice'.
  Types of parameters 'row' and 'value' are incompatible.
    Type '{ cost_ids: Json; created_at: string | null; currency: string | null; document_url: string | null; due_date: string | null; id: string; invoice_date: string; invoice_number: string; ... 7 more ...; vendor_name: string | null; }' is not assignable to type 'AgencyVendorInvoiceRow'.
      Types of property 'vendor_name' are incompatible.
        Type 'string | null' is not assignable to type 'string | undefined'.
          Type 'null' is not assignable to type 'string | undefined'.
app/actions/vendor-invoice-actions.ts(234,15): error TS2769: No overload matches this call.
  Overload 1 of 2, '(values: { cost_ids?: Json | undefined; created_at?: string | null | undefined; currency?: string | null | undefined; document_url?: string | null | undefined; due_date?: string | null | undefined; ... 10 more ...; vendor_name?: string | ... 1 more ... | undefined; }, options?: { ...; } | undefined): PostgrestFilterBuilder<...>', gave the following error.
    Argument of type 'Record<string, unknown>' is not assignable to parameter of type '{ cost_ids?: Json | undefined; created_at?: string | null | undefined; currency?: string | null | undefined; document_url?: string | null | undefined; due_date?: string | null | undefined; ... 10 more ...; vendor_name?: string | ... 1 more ... | undefined; }'.
      Type 'Record<string, unknown>' is missing the following properties from type '{ cost_ids?: Json | undefined; created_at?: string | null | undefined; currency?: string | null | undefined; document_url?: string | null | undefined; due_date?: string | null | undefined; ... 10 more ...; vendor_name?: string | ... 1 more ... | undefined; }': invoice_date, invoice_number, vendor_id
  Overload 2 of 2, '(values: { cost_ids?: Json | undefined; created_at?: string | null | undefined; currency?: string | null | undefined; document_url?: string | null | undefined; due_date?: string | null | undefined; ... 10 more ...; vendor_name?: string | ... 1 more ... | undefined; }[], options?: { ...; } | undefined): PostgrestFilterBuilder<...>', gave the following error.
    Argument of type 'Record<string, unknown>' is not assignable to parameter of type '{ cost_ids?: Json | undefined; created_at?: string | null | undefined; currency?: string | null | undefined; document_url?: string | null | undefined; due_date?: string | null | undefined; ... 10 more ...; vendor_name?: string | ... 1 more ... | undefined; }[]'.
      Type 'Record<string, unknown>' is missing the following properties from type '{ cost_ids?: Json | undefined; created_at?: string | null | undefined; currency?: string | null | undefined; document_url?: string | null | undefined; due_date?: string | null | undefined; ... 10 more ...; vendor_name?: string | ... 1 more ... | undefined; }[]': length, pop, push, concat, and 35 more.
app/actions/vendor-invoice-actions.ts(609,62): error TS2345: Argument of type '(row: AgencyVendorInvoiceRow) => AgencyVendorInvoice' is not assignable to parameter of type '(value: { cost_ids: Json; created_at: string | null; currency: string | null; document_url: string | null; due_date: string | null; id: string; invoice_date: string; invoice_number: string; ... 7 more ...; vendor_name: string | null; }, index: number, array: { ...; }[]) => AgencyVendorInvoice'.
  Types of parameters 'row' and 'value' are incompatible.
    Type '{ cost_ids: Json; created_at: string | null; currency: string | null; document_url: string | null; due_date: string | null; id: string; invoice_date: string; invoice_number: string; ... 7 more ...; vendor_name: string | null; }' is not assignable to type 'AgencyVendorInvoiceRow'.
      Types of property 'vendor_name' are incompatible.
        Type 'string | null' is not assignable to type 'string | undefined'.
          Type 'null' is not assignable to type 'string | undefined'.
app/actions/vendor-invoice-actions.ts(640,62): error TS2345: Argument of type '(row: AgencyVendorInvoiceRow) => AgencyVendorInvoice' is not assignable to parameter of type '(value: { cost_ids: Json; created_at: string | null; currency: string | null; document_url: string | null; due_date: string | null; id: string; invoice_date: string; invoice_number: string; ... 7 more ...; vendor_name: string | null; }, index: number, array: { ...; }[]) => AgencyVendorInvoice'.
  Types of parameters 'row' and 'value' are incompatible.
    Type '{ cost_ids: Json; created_at: string | null; currency: string | null; document_url: string | null; due_date: string | null; id: string; invoice_date: string; invoice_number: string; ... 7 more ...; vendor_name: string | null; }' is not assignable to type 'AgencyVendorInvoiceRow'.
      Types of property 'vendor_name' are incompatible.
        Type 'string | null' is not assignable to type 'string | undefined'.
          Type 'null' is not assignable to type 'string | undefined'.
app/api/pdf/berita-acara/[id]/route.tsx(80,42): error TS2322: Type '{ beritaAcara: { ba_number: string; handover_date: string; location: string | null; work_description: string | null; cargo_condition: string | null; condition_notes: string | null; company_representative: string | null; client_representative: string | null; photo_urls: string[]; notes: string | null; }; jobOrder: { ...' is not assignable to type 'BeritaAcaraPDFProps'.
  The types of 'beritaAcara.location' are incompatible between these types.
    Type 'string | null' is not assignable to type 'string | undefined'.
      Type 'null' is not assignable to type 'string | undefined'.
app/api/pdf/berita-acara/[id]/route.tsx(86,25): error TS2345: Argument of type 'Buffer<ArrayBufferLike>' is not assignable to parameter of type 'BodyInit | null | undefined'.
  Type 'Buffer<ArrayBufferLike>' is missing the following properties from type 'URLSearchParams': size, append, delete, get, and 2 more.
app/api/pdf/invoice/[id]/route.tsx(76,42): error TS2322: Type '{ invoice: { invoice_number: string; invoice_date: string | null; due_date: string; subtotal: number; tax_amount: number; total_amount: number; term_description: string | null; notes: string | null; }; customer: { ...; }; jobOrder: { ...; }; lineItems: { ...; }[]; company: CompanySettingsForPDF; }' is not assignable to type 'InvoicePDFProps'.
  The types of 'invoice.invoice_date' are incompatible between these types.
    Type 'string | null' is not assignable to type 'string'.
      Type 'null' is not assignable to type 'string'.
app/api/pdf/invoice/[id]/route.tsx(82,25): error TS2345: Argument of type 'Buffer<ArrayBufferLike>' is not assignable to parameter of type 'BodyInit | null | undefined'.
  Type 'Buffer<ArrayBufferLike>' is missing the following properties from type 'URLSearchParams': size, append, delete, get, and 2 more.
app/api/pdf/surat-jalan/[id]/route.tsx(63,42): error TS2322: Type '{ suratJalan: { sj_number: string; delivery_date: string; vehicle_plate: string | null; driver_name: string | null; driver_phone: string | null; origin: string | null; destination: string | null; ... 6 more ...; notes: string | null; }; jobOrder: { ...; }; company: CompanySettingsForPDF; }' is not assignable to type 'SuratJalanPDFProps'.
  The types of 'suratJalan.vehicle_plate' are incompatible between these types.
    Type 'string | null' is not assignable to type 'string | undefined'.
      Type 'null' is not assignable to type 'string | undefined'.
app/api/pdf/surat-jalan/[id]/route.tsx(69,25): error TS2345: Argument of type 'Buffer<ArrayBufferLike>' is not assignable to parameter of type 'BodyInit | null | undefined'.
  Type 'Buffer<ArrayBufferLike>' is missing the following properties from type 'URLSearchParams': size, append, delete, get, and 2 more.
app/help/category/[category]/page.tsx(30,11): error TS2769: No overload matches this call.
  Overload 1 of 2, '(relation: "agency_service_providers" | "port_agents" | "prediction_models" | "user_profiles" | "alert_rules" | "kpi_definitions" | "bills_of_lading" | "freight_bookings" | "assets" | ... 211 more ... | "weekly_kpi_snapshots"): PostgrestQueryBuilder<...>', gave the following error.
    Argument of type '"profiles"' is not assignable to parameter of type '"agency_service_providers" | "port_agents" | "prediction_models" | "user_profiles" | "alert_rules" | "kpi_definitions" | "bills_of_lading" | "freight_bookings" | "assets" | ... 211 more ... | "weekly_kpi_snapshots"'.
  Overload 2 of 2, '(relation: "active_bookings" | "shipment_profitability" | "asset_availability" | "asset_tco_summary" | "asset_utilization_monthly" | "maintenance_cost_summary" | "upcoming_maintenance" | ... 43 more ... | "upcoming_vessel_arrivals"): PostgrestQueryBuilder<...>', gave the following error.
    Argument of type '"profiles"' is not assignable to parameter of type '"active_bookings" | "shipment_profitability" | "asset_availability" | "asset_tco_summary" | "asset_utilization_monthly" | "maintenance_cost_summary" | "upcoming_maintenance" | ... 43 more ... | "upcoming_vessel_arrivals"'.
app/help/category/[category]/page.tsx(35,19): error TS2339: Property 'role' does not exist on type 'NonNullable<ResultOne>'.
app/help/page.tsx(24,35): error TS2589: Type instantiation is excessively deep and possibly infinite.
app/help/page.tsx(25,11): error TS2769: No overload matches this call.
  Overload 1 of 2, '(relation: "agency_service_providers" | "port_agents" | "prediction_models" | "user_profiles" | "alert_rules" | "kpi_definitions" | "bills_of_lading" | "freight_bookings" | "assets" | ... 211 more ... | "weekly_kpi_snapshots"): PostgrestQueryBuilder<...>', gave the following error.
    Argument of type '"profiles"' is not assignable to parameter of type '"agency_service_providers" | "port_agents" | "prediction_models" | "user_profiles" | "alert_rules" | "kpi_definitions" | "bills_of_lading" | "freight_bookings" | "assets" | ... 211 more ... | "weekly_kpi_snapshots"'.
  Overload 2 of 2, '(relation: "active_bookings" | "shipment_profitability" | "asset_availability" | "asset_tco_summary" | "asset_utilization_monthly" | "maintenance_cost_summary" | "upcoming_maintenance" | ... 43 more ... | "upcoming_vessel_arrivals"): PostgrestQueryBuilder<...>', gave the following error.
    Argument of type '"profiles"' is not assignable to parameter of type '"active_bookings" | "shipment_profitability" | "asset_availability" | "asset_tco_summary" | "asset_utilization_monthly" | "maintenance_cost_summary" | "upcoming_maintenance" | ... 43 more ... | "upcoming_vessel_arrivals"'.
app/help/page.tsx(30,19): error TS2339: Property 'role' does not exist on type 'NonNullable<ResultOne>'.
components/agency/booking-form.tsx(661,17): error TS2322: Type '{ containers: BookingContainer[]; onChange: Dispatch<SetStateAction<BookingContainer[]>>; disabled: boolean; }' is not assignable to type 'IntrinsicAttributes & ContainerManagerProps'.
  Property 'disabled' does not exist on type 'IntrinsicAttributes & ContainerManagerProps'.
components/assessments/axle-load-table.tsx(73,25): error TS2322: Type '{ value: number; className: string; indicatorClassName: string; }' is not assignable to type 'IntrinsicAttributes & Omit<ProgressProps & RefAttributes<HTMLDivElement>, "ref"> & RefAttributes<HTMLDivElement>'.
  Property 'indicatorClassName' does not exist on type 'IntrinsicAttributes & Omit<ProgressProps & RefAttributes<HTMLDivElement>, "ref"> & RefAttributes<HTMLDivElement>'.
components/audit/audit-entry-detail.tsx(298,51): error TS2345: Argument of type 'string | undefined' is not assignable to parameter of type 'string'.
  Type 'undefined' is not assignable to type 'string'.
components/audit/audit-entry-detail.tsx(299,29): error TS2345: Argument of type 'string | undefined' is not assignable to parameter of type 'string'.
  Type 'undefined' is not assignable to type 'string'.
components/audit/audit-entry-detail.tsx(301,40): error TS18048: 'entry.entity_type' is possibly 'undefined'.
components/audit/audit-entry-detail.tsx(309,28): error TS2345: Argument of type 'string | undefined' is not assignable to parameter of type 'string | null'.
  Type 'undefined' is not assignable to type 'string | null'.
components/audit/audit-entry-detail.tsx(328,42): error TS2345: Argument of type 'string | undefined' is not assignable to parameter of type 'string'.
  Type 'undefined' is not assignable to type 'string'.
components/audit/audit-entry-detail.tsx(338,39): error TS2345: Argument of type 'string | undefined' is not assignable to parameter of type 'string'.
  Type 'undefined' is not assignable to type 'string'.
components/audit/audit-entry-detail.tsx(393,38): error TS2322: Type 'string[] | undefined' is not assignable to type 'string[] | null'.
  Type 'undefined' is not assignable to type 'string[] | null'.
components/audit/audit-entry-detail.tsx(409,21): error TS2322: Type 'Record<string, unknown> | undefined' is not assignable to type 'Record<string, unknown> | null'.
  Type 'undefined' is not assignable to type 'Record<string, unknown> | null'.
components/audit/audit-entry-detail.tsx(410,21): error TS2322: Type 'Record<string, unknown> | undefined' is not assignable to type 'Record<string, unknown> | null'.
  Type 'undefined' is not assignable to type 'Record<string, unknown> | null'.
components/audit/audit-entry-detail.tsx(411,21): error TS2322: Type 'string[] | undefined' is not assignable to type 'string[] | null'.
  Type 'undefined' is not assignable to type 'string[] | null'.
components/audit/audit-entry-detail.tsx(452,20): error TS2339: Property 'error_message' does not exist on type 'AuditLogEntry'.
components/audit/audit-entry-detail.tsx(462,28): error TS2339: Property 'error_message' does not exist on type 'AuditLogEntry'.
components/audit/audit-entry-detail.tsx(469,20): error TS2339: Property 'metadata' does not exist on type 'AuditLogEntry'.
components/audit/audit-entry-detail.tsx(469,50): error TS2339: Property 'metadata' does not exist on type 'AuditLogEntry'.
components/audit/audit-entry-detail.tsx(479,43): error TS2339: Property 'metadata' does not exist on type 'AuditLogEntry'.
components/audit/audit-log-filters.tsx(44,5): error TS2322: Type '"cancel"' is not assignable to type 'AuditAction | "all"'.
components/audit/audit-log-table.tsx(160,56): error TS2345: Argument of type 'string | undefined' is not assignable to parameter of type 'string'.
  Type 'undefined' is not assignable to type 'string'.
components/audit/audit-log-table.tsx(179,49): error TS2345: Argument of type 'string | undefined' is not assignable to parameter of type 'string'.
  Type 'undefined' is not assignable to type 'string'.
components/audit/audit-log-table.tsx(180,27): error TS2345: Argument of type 'string | undefined' is not assignable to parameter of type 'string'.
  Type 'undefined' is not assignable to type 'string'.
components/audit/audit-log-table.tsx(186,16): error TS18048: 'entry.entity_type' is possibly 'undefined'.
components/audit/audit-log-table.tsx(197,27): error TS2345: Argument of type 'string | undefined' is not assignable to parameter of type 'string'.
  Type 'undefined' is not assignable to type 'string'.
components/audit/audit-log-table.tsx(280,23): error TS2322: Type 'Record<string, unknown> | undefined' is not assignable to type 'Record<string, unknown> | null'.
  Type 'undefined' is not assignable to type 'Record<string, unknown> | null'.
components/audit/audit-log-table.tsx(281,23): error TS2322: Type 'Record<string, unknown> | undefined' is not assignable to type 'Record<string, unknown> | null'.
  Type 'undefined' is not assignable to type 'Record<string, unknown> | null'.
components/audit/audit-log-table.tsx(282,23): error TS2322: Type 'string[] | undefined' is not assignable to type 'string[] | null'.
  Type 'undefined' is not assignable to type 'string[] | null'.
components/audit/audit-log-table.tsx(288,24): error TS2339: Property 'error_message' does not exist on type 'AuditLogEntry'.
components/audit/audit-log-table.tsx(294,30): error TS2339: Property 'error_message' does not exist on type 'AuditLogEntry'.
components/audit/audit-log-table.tsx(321,32): error TS2339: Property 'page_size' does not exist on type 'PaginatedAuditLogs'.
components/audit/audit-log-table.tsx(321,50): error TS2339: Property 'total_pages' does not exist on type 'PaginatedAuditLogs'.
components/audit/audit-log-table.tsx(349,17): error TS18048: 'entries' is possibly 'undefined'.
components/audit/audit-log-table.tsx(359,15): error TS18048: 'entries' is possibly 'undefined'.
components/audit/entity-audit-history.tsx(207,28): error TS2345: Argument of type 'string | undefined' is not assignable to parameter of type 'string'.
  Type 'undefined' is not assignable to type 'string'.
components/audit/entity-audit-history.tsx(210,26): error TS2345: Argument of type 'string | undefined' is not assignable to parameter of type 'string'.
  Type 'undefined' is not assignable to type 'string'.
components/audit/entity-audit-history.tsx(227,59): error TS2345: Argument of type 'string | undefined' is not assignable to parameter of type 'string'.
  Type 'undefined' is not assignable to type 'string'.
components/audit/entity-audit-history.tsx(228,37): error TS2345: Argument of type 'string | undefined' is not assignable to parameter of type 'string'.
  Type 'undefined' is not assignable to type 'string'.
components/audit/entity-audit-history.tsx(268,48): error TS2345: Argument of type 'string | undefined' is not assignable to parameter of type 'string'.
  Type 'undefined' is not assignable to type 'string'.
components/audit/entity-audit-history.tsx(269,41): error TS2345: Argument of type 'string | undefined' is not assignable to parameter of type 'string'.
  Type 'undefined' is not assignable to type 'string'.
components/audit/entity-audit-history.tsx(361,24): error TS2769: No overload matches this call.
  Overload 1 of 4, '(value: string | number | Date): Date', gave the following error.
    Argument of type 'string | undefined' is not assignable to parameter of type 'string | number | Date'.
      Type 'undefined' is not assignable to type 'string | number | Date'.
  Overload 2 of 4, '(value: string | number): Date', gave the following error.
    Argument of type 'string | undefined' is not assignable to parameter of type 'string | number'.
      Type 'undefined' is not assignable to type 'string | number'.
components/audit/entity-audit-history.tsx(361,58): error TS2769: No overload matches this call.
  Overload 1 of 4, '(value: string | number | Date): Date', gave the following error.
    Argument of type 'string | undefined' is not assignable to parameter of type 'string | number | Date'.
      Type 'undefined' is not assignable to type 'string | number | Date'.
  Overload 2 of 4, '(value: string | number): Date', gave the following error.
    Argument of type 'string | undefined' is not assignable to parameter of type 'string | number'.
      Type 'undefined' is not assignable to type 'string | number'.
components/audit/entity-audit-history.tsx(422,30): error TS2769: No overload matches this call.
  Overload 1 of 4, '(value: string | number | Date): Date', gave the following error.
    Argument of type 'string | undefined' is not assignable to parameter of type 'string | number | Date'.
      Type 'undefined' is not assignable to type 'string | number | Date'.
  Overload 2 of 4, '(value: string | number): Date', gave the following error.
    Argument of type 'string | undefined' is not assignable to parameter of type 'string | number'.
      Type 'undefined' is not assignable to type 'string | number'.
components/audit/entity-audit-history.tsx(422,64): error TS2769: No overload matches this call.
  Overload 1 of 4, '(value: string | number | Date): Date', gave the following error.
    Argument of type 'string | undefined' is not assignable to parameter of type 'string | number | Date'.
      Type 'undefined' is not assignable to type 'string | number | Date'.
  Overload 2 of 4, '(value: string | number): Date', gave the following error.
    Argument of type 'string | undefined' is not assignable to parameter of type 'string | number'.
      Type 'undefined' is not assignable to type 'string | number'.
components/audit/entity-audit-history.tsx(441,30): error TS2345: Argument of type 'string | undefined' is not assignable to parameter of type 'string'.
  Type 'undefined' is not assignable to type 'string'.
components/audit/entity-audit-history.tsx(444,28): error TS2345: Argument of type 'string | undefined' is not assignable to parameter of type 'string'.
  Type 'undefined' is not assignable to type 'string'.
components/audit/entity-audit-history.tsx(448,53): error TS2345: Argument of type 'string | undefined' is not assignable to parameter of type 'string'.
  Type 'undefined' is not assignable to type 'string'.
components/audit/entity-audit-history.tsx(449,31): error TS2345: Argument of type 'string | undefined' is not assignable to parameter of type 'string'.
  Type 'undefined' is not assignable to type 'string'.
components/audit/entity-audit-history.tsx(456,35): error TS2345: Argument of type 'string | undefined' is not assignable to parameter of type 'string'.
  Type 'undefined' is not assignable to type 'string'.
components/cost-revenue/cost-form.tsx(92,5): error TS2322: Type 'Resolver<{ chargeTypeId: string; currency: string; unitPrice: unknown; quantity: unknown; description?: string | undefined; exchangeRate?: unknown; isTaxable?: boolean | undefined; taxRate?: unknown; vendorId?: string | undefined; vendorName?: string | undefined; vendorInvoiceNumber?: string | undefined; vendorInvoi...' is not assignable to type 'Resolver<{ chargeTypeId: string; currency: string; unitPrice: number; quantity: number; description?: string | undefined; exchangeRate?: number | undefined; isTaxable?: boolean | undefined; taxRate?: number | undefined; ... 4 more ...; notes?: string | undefined; }, any, { ...; }>'.
  Types of parameters 'options' and 'options' are incompatible.
    Type 'ResolverOptions<{ chargeTypeId: string; currency: string; unitPrice: number; quantity: number; description?: string | undefined; exchangeRate?: number | undefined; isTaxable?: boolean | undefined; taxRate?: number | undefined; ... 4 more ...; notes?: string | undefined; }>' is not assignable to type 'ResolverOptions<{ chargeTypeId: string; currency: string; unitPrice: unknown; quantity: unknown; description?: string | undefined; exchangeRate?: unknown; isTaxable?: boolean | undefined; taxRate?: unknown; vendorId?: string | undefined; vendorName?: string | undefined; vendorInvoiceNumber?: string | undefined; vend...'.
      Type 'unknown' is not assignable to type 'number'.
components/cost-revenue/cost-form.tsx(200,34): error TS2345: Argument of type '(data: CostFormValues) => Promise<void>' is not assignable to parameter of type 'SubmitHandler<TFieldValues>'.
  Types of parameters 'data' and 'data' are incompatible.
    Type 'TFieldValues' is not assignable to type '{ chargeTypeId: string; currency: string; unitPrice: number; quantity: number; description?: string | undefined; exchangeRate?: number | undefined; isTaxable?: boolean | undefined; taxRate?: number | undefined; ... 4 more ...; notes?: string | undefined; }'.
      Type 'FieldValues' is missing the following properties from type '{ chargeTypeId: string; currency: string; unitPrice: number; quantity: number; description?: string | undefined; exchangeRate?: number | undefined; isTaxable?: boolean | undefined; taxRate?: number | undefined; ... 4 more ...; notes?: string | undefined; }': chargeTypeId, currency, unitPrice, quantity
components/cost-revenue/revenue-form.tsx(87,5): error TS2322: Type 'Resolver<{ chargeTypeId: string; currency: string; unitPrice: unknown; quantity: unknown; description?: string | undefined; exchangeRate?: unknown; isTaxable?: boolean | undefined; taxRate?: unknown; notes?: string | undefined; }, any, { ...; }>' is not assignable to type 'Resolver<{ chargeTypeId: string; currency: string; unitPrice: number; quantity: number; description?: string | undefined; exchangeRate?: number | undefined; isTaxable?: boolean | undefined; taxRate?: number | undefined; notes?: string | undefined; }, any, { ...; }>'.
  Types of parameters 'options' and 'options' are incompatible.
    Type 'ResolverOptions<{ chargeTypeId: string; currency: string; unitPrice: number; quantity: number; description?: string | undefined; exchangeRate?: number | undefined; isTaxable?: boolean | undefined; taxRate?: number | undefined; notes?: string | undefined; }>' is not assignable to type 'ResolverOptions<{ chargeTypeId: string; currency: string; unitPrice: unknown; quantity: unknown; description?: string | undefined; exchangeRate?: unknown; isTaxable?: boolean | undefined; taxRate?: unknown; notes?: string | undefined; }>'.
      Type 'unknown' is not assignable to type 'number'.
components/cost-revenue/revenue-form.tsx(177,34): error TS2345: Argument of type '(data: RevenueFormValues) => Promise<void>' is not assignable to parameter of type 'SubmitHandler<TFieldValues>'.
  Types of parameters 'data' and 'data' are incompatible.
    Type 'TFieldValues' is not assignable to type '{ chargeTypeId: string; currency: string; unitPrice: number; quantity: number; description?: string | undefined; exchangeRate?: number | undefined; isTaxable?: boolean | undefined; taxRate?: number | undefined; notes?: string | undefined; }'.
      Type 'FieldValues' is missing the following properties from type '{ chargeTypeId: string; currency: string; unitPrice: number; quantity: number; description?: string | undefined; exchangeRate?: number | undefined; isTaxable?: boolean | undefined; taxRate?: number | undefined; notes?: string | undefined; }': chargeTypeId, currency, unitPrice, quantity
components/cost-revenue/vendor-invoice-form.tsx(76,5): error TS2322: Type 'Resolver<{ invoiceNumber: string; vendorId: string; invoiceDate: string; currency: string; subtotal: unknown; taxAmount: unknown; totalAmount: unknown; vendorName?: string | undefined; dueDate?: string | undefined; documentUrl?: string | undefined; notes?: string | undefined; }, any, { ...; }>' is not assignable to type 'Resolver<{ invoiceNumber: string; vendorId: string; invoiceDate: string; currency: string; subtotal: number; taxAmount: number; totalAmount: number; vendorName?: string | undefined; dueDate?: string | undefined; documentUrl?: string | undefined; notes?: string | undefined; }, any, { ...; }>'.
  Types of parameters 'options' and 'options' are incompatible.
    Type 'ResolverOptions<{ invoiceNumber: string; vendorId: string; invoiceDate: string; currency: string; subtotal: number; taxAmount: number; totalAmount: number; vendorName?: string | undefined; dueDate?: string | undefined; documentUrl?: string | undefined; notes?: string | undefined; }>' is not assignable to type 'ResolverOptions<{ invoiceNumber: string; vendorId: string; invoiceDate: string; currency: string; subtotal: unknown; taxAmount: unknown; totalAmount: unknown; vendorName?: string | undefined; dueDate?: string | undefined; documentUrl?: string | undefined; notes?: string | undefined; }>'.
      Type 'unknown' is not assignable to type 'number'.
components/cost-revenue/vendor-invoice-form.tsx(155,34): error TS2345: Argument of type '(data: VendorInvoiceFormValues) => Promise<void>' is not assignable to parameter of type 'SubmitHandler<TFieldValues>'.
  Types of parameters 'data' and 'data' are incompatible.
    Type 'TFieldValues' is not assignable to type '{ invoiceNumber: string; vendorId: string; invoiceDate: string; currency: string; subtotal: number; taxAmount: number; totalAmount: number; vendorName?: string | undefined; dueDate?: string | undefined; documentUrl?: string | undefined; notes?: string | undefined; }'.
      Type 'FieldValues' is missing the following properties from type '{ invoiceNumber: string; vendorId: string; invoiceDate: string; currency: string; subtotal: number; taxAmount: number; totalAmount: number; vendorName?: string | undefined; dueDate?: string | undefined; documentUrl?: string | undefined; notes?: string | undefined; }': invoiceNumber, vendorId, invoiceDate, currency, and 3 more.
components/customs-fees/free-time-indicator.tsx(45,36): error TS2345: Argument of type 'ContainerTracking' is not assignable to parameter of type 'string'.
components/dashboard/finance/ar-ap-overview-cards.tsx(83,15): error TS2322: Type '{ value: number; className: string; indicatorClassName: string; }' is not assignable to type 'IntrinsicAttributes & Omit<ProgressProps & RefAttributes<HTMLDivElement>, "ref"> & RefAttributes<HTMLDivElement>'.
  Property 'indicatorClassName' does not exist on type 'IntrinsicAttributes & Omit<ProgressProps & RefAttributes<HTMLDivElement>, "ref"> & RefAttributes<HTMLDivElement>'.
components/dashboard/finance/pending-bkk-table.tsx(111,26): error TS2551: Property 'job_order' does not exist on type 'BKKWithRelations'. Did you mean 'job_orders'?
components/dashboard/finance/pending-bkk-table.tsx(116,30): error TS2551: Property 'job_order' does not exist on type 'BKKWithRelations'. Did you mean 'job_orders'?
components/dashboard/owner-dashboard.tsx(60,3): error TS2353: Object literal may only specify known properties, and 'admin' does not exist in type 'Record<UserRole, string>'.
components/field-mask.tsx(4,32): error TS2307: Cannot find module '@/contexts/permission-context' or its corresponding type declarations.
components/financial-analytics/cash-flow-chart.tsx(42,55): error TS2345: Argument of type 'string | undefined' is not assignable to parameter of type 'string'.
  Type 'undefined' is not assignable to type 'string'.
components/financial-analytics/cost-breakdown-chart.tsx(97,17): error TS2322: Type 'CostBreakdownData[]' is not assignable to type 'ChartDataInput[]'.
  Type 'CostBreakdownData' is not assignable to type 'ChartDataInput'.
    Index signature for type 'string' is missing in type 'CostBreakdownData'.
components/financial-analytics/cost-breakdown-chart.tsx(105,27): error TS2339: Property 'percentage' does not exist on type 'PieLabelRenderProps'.
components/financial-analytics/cost-breakdown-chart.tsx(115,23): error TS2322: Type '(props: { payload?: Array<{ color: string; value: string; }>; }) => JSX.Element | null' is not assignable to type 'ContentType | undefined'.
  Type '(props: { payload?: Array<{ color: string; value: string; }>; }) => JSX.Element | null' is not assignable to type '(props: Props) => ReactNode'.
    Types of parameters 'props' and 'props' are incompatible.
      Type 'Props' is not assignable to type '{ payload?: { color: string; value: string; }[] | undefined; }'.
        Types of property 'payload' are incompatible.
          Type 'readonly LegendPayload[] | undefined' is not assignable to type '{ color: string; value: string; }[] | undefined'.
            The type 'readonly LegendPayload[]' is 'readonly' and cannot be assigned to the mutable type '{ color: string; value: string; }[]'.
components/financial-analytics/revenue-trend-chart.tsx(46,56): error TS2345: Argument of type 'string | undefined' is not assignable to parameter of type 'string'.
  Type 'undefined' is not assignable to type 'string'.
components/hse/audits/audit-form.tsx(118,9): error TS2322: Type 'string | null' is not assignable to type 'string | undefined'.
  Type 'null' is not assignable to type 'string | undefined'.
components/hse/audits/audit-list.tsx(34,7): error TS18048: 'audit.audit_number' is possibly 'undefined'.
components/hse/audits/audit-type-form.tsx(63,11): error TS2322: Type 'number | null' is not assignable to type 'number | undefined'.
  Type 'null' is not assignable to type 'number | undefined'.
components/hse/audits/audit-type-form.tsx(150,86): error TS2345: Argument of type 'string' is not assignable to parameter of type 'SetStateAction<"safety_audit" | "workplace_inspection" | "vehicle_inspection" | "equipment_inspection" | "environmental_audit">'.
components/hse/audits/checklist-form.tsx(49,7): error TS2322: Type 'string | null' is not assignable to type 'string | undefined'.
  Type 'null' is not assignable to type 'string | undefined'.
components/hse/audits/checklist-form.tsx(50,34): error TS2339: Property 'finding_created' does not exist on type 'ChecklistResponse'.
components/hse/audits/checklist-form.tsx(64,7): error TS2353: Object literal may only specify known properties, and 'question' does not exist in type 'ChecklistResponse'.
components/hse/audits/checklist-form.tsx(67,34): error TS2339: Property 'finding_created' does not exist on type 'ChecklistResponse'.
components/hse/audits/checklist-form.tsx(187,20): error TS2339: Property 'finding_created' does not exist on type 'ChecklistResponse'.
components/hse/audits/critical-findings-list.tsx(63,44): error TS2339: Property 'days_overdue' does not exist on type 'OpenFindingView'.
components/hse/audits/critical-findings-list.tsx(63,68): error TS2339: Property 'days_overdue' does not exist on type 'OpenFindingView'.
components/hse/audits/critical-findings-list.tsx(65,30): error TS2339: Property 'days_overdue' does not exist on type 'OpenFindingView'.
components/hse/audits/critical-findings-list.tsx(65,54): error TS2339: Property 'days_overdue' does not exist on type 'OpenFindingView'.
components/hse/audits/critical-findings-list.tsx(66,56): error TS2339: Property 'days_overdue' does not exist on type 'OpenFindingView'.
components/hse/audits/finding-form.tsx(118,40): error TS2322: Type 'Dispatch<SetStateAction<"critical" | "major" | "minor" | "observation">>' is not assignable to type '(value: string) => void'.
  Types of parameters 'value' and 'value' are incompatible.
    Type 'string' is not assignable to type 'SetStateAction<"critical" | "major" | "minor" | "observation">'.
components/invoices/invoice-form.tsx(11,27): error TS2724: '"@/types"' has no exported member named 'InvoiceLineItemInput'. Did you mean 'InvoiceLineItem'?
components/job-orders/jo-detail-view.tsx(384,67): error TS2345: Argument of type 'string | null' is not assignable to parameter of type 'string'.
  Type 'null' is not assignable to type 'string'.
components/job-orders/jo-detail-view.tsx(404,82): error TS2345: Argument of type 'string | null' is not assignable to parameter of type 'string'.
  Type 'null' is not assignable to type 'string'.
components/leave/leave-request-card.tsx(51,58): error TS2322: Type 'string | { id: string; department_name: string; }' is not assignable to type 'ReactNode'.
  Type '{ id: string; department_name: string; }' is not assignable to type 'ReactNode'.
components/payments/record-payment-dialog.tsx(44,21): error TS2769: No overload matches this call.
  Overload 1 of 2, '(values: readonly ["transfer", "cash", "check", "giro"], params?: string | { error?: string | $ZodErrorMap<$ZodIssueInvalidValue<unknown>> | undefined; message?: string | undefined; } | undefined): ZodEnum<...>', gave the following error.
    Object literal may only specify known properties, and 'required_error' does not exist in type '{ error?: string | $ZodErrorMap<$ZodIssueInvalidValue<unknown>> | undefined; message?: string | undefined; }'.
  Overload 2 of 2, '(entries: Readonly<Record<string, EnumValue>>, params?: string | { error?: string | $ZodErrorMap<$ZodIssueInvalidValue<unknown>> | undefined; message?: string | undefined; } | undefined): ZodEnum<...>', gave the following error.
    Argument of type 'string[]' is not assignable to parameter of type 'Readonly<Record<string, EnumValue>>'.
      Index signature for type 'string' is missing in type 'string[]'.
components/peb/peb-filters.tsx(52,21): error TS2322: Type 'string | undefined' is not assignable to type 'PEBStatus | undefined'.
  Type 'string' is not assignable to type 'PEBStatus | undefined'.
components/pib/pib-filters.tsx(52,21): error TS2322: Type 'string | undefined' is not assignable to type 'PIBStatus | undefined'.
  Type 'string' is not assignable to type 'PIBStatus | undefined'.
components/pjo/budget-summary.tsx(15,39): error TS18048: 'budget.total_actual' is possibly 'undefined'.
components/pjo/budget-summary.tsx(17,42): error TS18048: 'budget.total_estimated' is possibly 'undefined'.
components/pjo/budget-summary.tsx(20,32): error TS18048: 'budget.items_confirmed' is possibly 'undefined'.
components/pjo/budget-summary.tsx(20,57): error TS18048: 'budget.items_pending' is possibly 'undefined'.
components/pjo/budget-summary.tsx(21,8): error TS18048: 'budget.items_confirmed' is possibly 'undefined'.
components/pjo/budget-summary.tsx(21,34): error TS18048: 'budget.items_confirmed' is possibly 'undefined'.
components/pjo/budget-summary.tsx(21,59): error TS18048: 'budget.items_pending' is possibly 'undefined'.
components/pjo/budget-summary.tsx(52,47): error TS18048: 'budget.items_confirmed' is possibly 'undefined'.
components/pjo/budget-summary.tsx(52,72): error TS18048: 'budget.items_pending' is possibly 'undefined'.
components/pjo/budget-summary.tsx(66,61): error TS2345: Argument of type 'number | undefined' is not assignable to parameter of type 'number'.
  Type 'undefined' is not assignable to type 'number'.
components/pjo/budget-summary.tsx(72,16): error TS18048: 'budget.items_confirmed' is possibly 'undefined'.
components/pjo/budget-summary.tsx(72,55): error TS2345: Argument of type 'number | undefined' is not assignable to parameter of type 'number'.
  Type 'undefined' is not assignable to type 'number'.
components/pjo/budget-summary.tsx(79,15): error TS18048: 'budget.total_variance' is possibly 'undefined'.
components/pjo/budget-summary.tsx(80,15): error TS18048: 'budget.total_variance' is possibly 'undefined'.
components/pjo/budget-summary.tsx(82,16): error TS18048: 'budget.items_confirmed' is possibly 'undefined'.
components/pjo/budget-summary.tsx(83,22): error TS18048: 'budget.total_variance' is possibly 'undefined'.
components/pjo/budget-summary.tsx(83,72): error TS2345: Argument of type 'number | undefined' is not assignable to parameter of type 'number'.
  Type 'undefined' is not assignable to type 'number'.
components/pjo/budget-summary.tsx(119,20): error TS18048: 'budget.items_under_budget' is possibly 'undefined'.
components/pjo/budget-summary.tsx(119,49): error TS18048: 'budget.items_confirmed' is possibly 'undefined'.
components/pjo/budget-summary.tsx(119,74): error TS18048: 'budget.items_over_budget' is possibly 'undefined'.
components/pjo/budget-summary.tsx(119,101): error TS18048: 'budget.items_under_budget' is possibly 'undefined'.
components/pjo/conversion-status.tsx(123,30): error TS18048: 'readiness.blockers' is possibly 'undefined'.
components/pjo/conversion-status.tsx(127,18): error TS18048: 'readiness.blockers' is possibly 'undefined'.
components/pjo/conversion-status.tsx(141,57): error TS18048: 'readiness.summary' is possibly 'undefined'.
components/pjo/conversion-status.tsx(141,75): error TS2551: Property 'total_revenue' does not exist on type '{ totalRevenue: number; totalCost: number; estimatedProfit: number; profitMargin: number; }'. Did you mean 'totalRevenue'?
components/pjo/conversion-status.tsx(145,57): error TS18048: 'readiness.summary' is possibly 'undefined'.
components/pjo/conversion-status.tsx(145,75): error TS2551: Property 'total_cost' does not exist on type '{ totalRevenue: number; totalCost: number; estimatedProfit: number; profitMargin: number; }'. Did you mean 'totalCost'?
components/pjo/conversion-status.tsx(149,48): error TS18048: 'readiness.summary' is possibly 'undefined'.
components/pjo/conversion-status.tsx(149,66): error TS2339: Property 'profit' does not exist on type '{ totalRevenue: number; totalCost: number; estimatedProfit: number; profitMargin: number; }'.
components/pjo/conversion-status.tsx(150,30): error TS18048: 'readiness.summary' is possibly 'undefined'.
components/pjo/conversion-status.tsx(150,48): error TS2339: Property 'profit' does not exist on type '{ totalRevenue: number; totalCost: number; estimatedProfit: number; profitMargin: number; }'.
components/pjo/conversion-status.tsx(155,48): error TS18048: 'readiness.summary' is possibly 'undefined'.
components/pjo/conversion-status.tsx(155,66): error TS2339: Property 'margin' does not exist on type '{ totalRevenue: number; totalCost: number; estimatedProfit: number; profitMargin: number; }'.
components/pjo/conversion-status.tsx(156,20): error TS18048: 'readiness.summary' is possibly 'undefined'.
components/pjo/conversion-status.tsx(156,38): error TS2339: Property 'margin' does not exist on type '{ totalRevenue: number; totalCost: number; estimatedProfit: number; profitMargin: number; }'.
components/pjo/conversion-status.tsx(161,14): error TS18048: 'readiness.summary' is possibly 'undefined'.
components/pjo/conversion-status.tsx(161,32): error TS2339: Property 'has_overruns' does not exist on type '{ totalRevenue: number; totalCost: number; estimatedProfit: number; profitMargin: number; }'.
components/pjo/cost-confirmation-section.tsx(225,65): error TS2345: Argument of type 'number | undefined' is not assignable to parameter of type 'number'.
  Type 'undefined' is not assignable to type 'number'.
components/pjo/cost-confirmation-section.tsx(229,65): error TS2345: Argument of type 'number | undefined' is not assignable to parameter of type 'number'.
  Type 'undefined' is not assignable to type 'number'.
components/pjo/cost-confirmation-section.tsx(237,56): error TS18048: 'budget.total_variance' is possibly 'undefined'.
components/pjo/cost-confirmation-section.tsx(238,20): error TS18048: 'budget.total_variance' is possibly 'undefined'.
components/pjo/cost-confirmation-section.tsx(238,66): error TS2551: Property 'variance_pct' does not exist on type 'BudgetAnalysis'. Did you mean 'variance'?
components/pjo/cost-item-form.tsx(77,7): error TS2322: Type 'string' is not assignable to type '"trucking" | "port_charges" | "documentation" | "handling" | "customs" | "insurance" | "storage" | "labor" | "fuel" | "tolls" | "other" | undefined'.
components/pjo/cost-item-form.tsx(150,38): error TS2345: Argument of type '(data: { category: "trucking" | "port_charges" | "documentation" | "handling" | "customs" | "insurance" | "storage" | "labor" | "fuel" | "tolls" | "other"; description: string; estimated_amount: number; notes?: string | undefined; vendor_id?: string | ... 1 more ... | undefined; vendor_equipment_id?: string | ... 1 ...' is not assignable to parameter of type 'SubmitHandler<TFieldValues>'.
  Types of parameters 'data' and 'data' are incompatible.
    Type 'TFieldValues' is not assignable to type '{ category: "trucking" | "port_charges" | "documentation" | "handling" | "customs" | "insurance" | "storage" | "labor" | "fuel" | "tolls" | "other"; description: string; estimated_amount: number; notes?: string | undefined; vendor_id?: string | ... 1 more ... | undefined; vendor_equipment_id?: string | ... 1 more .....'.
      Type 'FieldValues' is missing the following properties from type '{ category: "trucking" | "port_charges" | "documentation" | "handling" | "customs" | "insurance" | "storage" | "labor" | "fuel" | "tolls" | "other"; description: string; estimated_amount: number; notes?: string | undefined; vendor_id?: string | ... 1 more ... | undefined; vendor_equipment_id?: string | ... 1 more .....': category, description, estimated_amount
components/pjo/pjo-detail-view.tsx(163,53): error TS2345: Argument of type 'number | null' is not assignable to parameter of type 'number'.
  Type 'null' is not assignable to type 'number'.
components/pjo/pjo-detail-view.tsx(535,82): error TS2352: Conversion of type 'Json[]' to type 'ComplexityFactor[]' may be a mistake because neither type sufficiently overlaps with the other. If this was intentional, convert the expression to 'unknown' first.
  Type 'Json' is not comparable to type 'ComplexityFactor'.
    Type 'Json[]' is missing the following properties from type 'ComplexityFactor': criteria_code, criteria_name, weight, triggered_value
components/pjo/pjo-detail-view.tsx(539,21): error TS2352: Conversion of type 'Json[]' to type 'ComplexityFactor[]' may be a mistake because neither type sufficiently overlaps with the other. If this was intentional, convert the expression to 'unknown' first.
  Type 'Json' is not comparable to type 'ComplexityFactor'.
    Type 'Json[]' is missing the following properties from type 'ComplexityFactor': criteria_code, criteria_name, weight, triggered_value
components/pjo/pjo-detail-view.tsx(661,11): error TS2322: Type 'number | null' is not assignable to type 'number'.
  Type 'null' is not assignable to type 'number'.
components/pjo/pjo-detail-view.tsx(677,40): error TS2322: Type 'number | null' is not assignable to type 'number'.
  Type 'null' is not assignable to type 'number'.
components/pjo/pjo-detail-view.tsx(699,63): error TS2345: Argument of type 'number | null' is not assignable to parameter of type 'number'.
  Type 'null' is not assignable to type 'number'.
components/pjo/pjo-detail-view.tsx(703,63): error TS2345: Argument of type 'number | null' is not assignable to parameter of type 'number'.
  Type 'null' is not assignable to type 'number'.
components/pjo/pjo-detail-view.tsx(707,54): error TS18047: 'pjo.profit' is possibly 'null'.
components/pjo/pjo-detail-view.tsx(708,28): error TS2345: Argument of type 'number | null' is not assignable to parameter of type 'number'.
  Type 'null' is not assignable to type 'number'.
components/pjo/pjo-table.tsx(84,64): error TS2345: Argument of type 'number | null' is not assignable to parameter of type 'number'.
  Type 'null' is not assignable to type 'number'.
components/pjo/pjo-table.tsx(88,46): error TS18047: 'pjo.profit' is possibly 'null'.
components/pjo/pjo-table.tsx(90,32): error TS2345: Argument of type 'number | null' is not assignable to parameter of type 'number'.
  Type 'null' is not assignable to type 'number'.
components/pjo/revenue-items-section.tsx(111,68): error TS2345: Argument of type 'number | null' is not assignable to parameter of type 'number'.
  Type 'null' is not assignable to type 'number'.
components/providers/preview-provider-wrapper.tsx(44,29): error TS2345: Argument of type '"viewer"' is not assignable to parameter of type 'UserRole'.
components/providers/preview-provider-wrapper.tsx(47,22): error TS2322: Type 'UserRole | "viewer"' is not assignable to type 'UserRole'.
  Type '"viewer"' is not assignable to type 'UserRole'.
components/providers/preview-provider-wrapper.tsx(47,46): error TS2322: Type 'UserPermissions | { can_see_revenue: boolean; can_see_profit: boolean; can_approve_pjo: boolean; can_manage_invoices: boolean; can_manage_users: boolean; can_create_pjo: boolean; can_fill_costs: boolean; }' is not assignable to type 'UserPermissions'.
  Type '{ can_see_revenue: boolean; can_see_profit: boolean; can_approve_pjo: boolean; can_manage_invoices: boolean; can_manage_users: boolean; can_create_pjo: boolean; can_fill_costs: boolean; }' is missing the following properties from type 'UserPermissions': can_see_actual_costs, can_approve_jo, can_approve_bkk, can_check_pjo, and 3 more.
components/quotations/quotation-detail-view.tsx(431,94): error TS2352: Conversion of type 'Json[]' to type 'ComplexityFactor[]' may be a mistake because neither type sufficiently overlaps with the other. If this was intentional, convert the expression to 'unknown' first.
  Type 'Json' is not comparable to type 'ComplexityFactor'.
    Type 'Json[]' is missing the following properties from type 'ComplexityFactor': criteria_code, criteria_name, weight, triggered_value
components/quotations/quotation-detail-view.tsx(435,21): error TS2352: Conversion of type 'Json[]' to type 'ComplexityFactor[]' may be a mistake because neither type sufficiently overlaps with the other. If this was intentional, convert the expression to 'unknown' first.
  Type 'Json' is not comparable to type 'ComplexityFactor'.
    Type 'Json[]' is missing the following properties from type 'ComplexityFactor': criteria_code, criteria_name, weight, triggered_value
components/resource-scheduling/availability-form.tsx(75,22): error TS2345: Argument of type 'ResourceAssignment[]' is not assignable to parameter of type 'SetStateAction<{ assignment_id: string; target_name: string; }[]>'.
  Type 'ResourceAssignment[]' is not assignable to type '{ assignment_id: string; target_name: string; }[]'.
    Type 'ResourceAssignment' is missing the following properties from type '{ assignment_id: string; target_name: string; }': assignment_id, target_name
components/resource-scheduling/availability-form.tsx(163,28): error TS2339: Property 'task_description' does not exist on type '{ assignment_id: string; target_name: string; }'.
components/resource-scheduling/availability-form.tsx(163,66): error TS2339: Property 'start_date' does not exist on type '{ assignment_id: string; target_name: string; }'.
components/resource-scheduling/availability-form.tsx(163,83): error TS2339: Property 'end_date' does not exist on type '{ assignment_id: string; target_name: string; }'.
components/resource-scheduling/certification-editor.tsx(42,66): error TS2345: Argument of type 'string' is not assignable to parameter of type 'Certification'.
components/resource-scheduling/resource-calendar.tsx(81,13): error TS2352: Conversion of type 'Map<string, CalendarCell>' to type 'Record<string, CalendarCell>' may be a mistake because neither type sufficiently overlaps with the other. If this was intentional, convert the expression to 'unknown' first.
  Index signature for type 'string' is missing in type 'Map<string, CalendarCell>'.
components/resource-scheduling/resource-detail.tsx(135,48): error TS2345: Argument of type 'string' is not assignable to parameter of type 'Certification'.
components/vessel-tracking/tracking-search.tsx(191,14): error TS7053: Element implicitly has an 'any' type because expression of type '"bl" | "booking" | "container"' can't be used to index type 'Record<TrackingType, string>'.
  Property 'bl' does not exist on type 'Record<TrackingType, string>'.
components/workflow-actions.tsx(16,32): error TS2307: Cannot find module '@/contexts/permission-context' or its corresponding type declarations.
lib/agency-utils.ts(617,5): error TS2322: Type 'string | undefined' is not assignable to type 'Port | undefined'.
  Type 'string' is not assignable to type 'Port'.
lib/agency-utils.ts(619,5): error TS2322: Type 'string | undefined' is not assignable to type 'Port | undefined'.
  Type 'string' is not assignable to type 'Port'.
lib/agent-search-utils.ts(87,12): error TS2339: Property 'originCode' does not exist on type 'ShippingRate'.
lib/agent-search-utils.ts(88,24): error TS2339: Property 'toLowerCase' does not exist on type 'Port'.
lib/agent-search-utils.ts(92,12): error TS2551: Property 'destinationCode' does not exist on type 'ShippingRate'. Did you mean 'destinationPortId'?
lib/agent-search-utils.ts(93,29): error TS2339: Property 'toLowerCase' does not exist on type 'Port'.
lib/ai-insights-actions.ts(38,8): error TS2769: No overload matches this call.
  Overload 1 of 2, '(values: { created_at?: string | null | undefined; execution_time_ms?: number | null | undefined; feedback_notes?: string | null | undefined; generated_sql?: string | null | undefined; ... 6 more ...; was_helpful?: boolean | ... 1 more ... | undefined; }, options?: { ...; } | undefined): PostgrestFilterBuilder<...>', gave the following error.
    Type 'unknown' is not assignable to type 'Json | undefined'.
  Overload 2 of 2, '(values: { created_at?: string | null | undefined; execution_time_ms?: number | null | undefined; feedback_notes?: string | null | undefined; generated_sql?: string | null | undefined; ... 6 more ...; was_helpful?: boolean | ... 1 more ... | undefined; }[], options?: { ...; } | undefined): PostgrestFilterBuilder<...>', gave the following error.
    Object literal may only specify known properties, and 'user_id' does not exist in type '{ created_at?: string | null | undefined; execution_time_ms?: number | null | undefined; feedback_notes?: string | null | undefined; generated_sql?: string | null | undefined; id?: string | undefined; ... 5 more ...; was_helpful?: boolean | ... 1 more ... | undefined; }[]'.
lib/ai-insights-actions.ts(80,5): error TS2322: Type '{ created_at: string | null; execution_time_ms: number | null; feedback_notes: string | null; generated_sql: string | null; id: string; natural_query: string; response_data: Json; response_text: string | null; response_type: string | null; user_id: string; was_helpful: boolean | null; }[]' is not assignable to type 'AIQueryHistory[]'.
  Type '{ created_at: string | null; execution_time_ms: number | null; feedback_notes: string | null; generated_sql: string | null; id: string; natural_query: string; response_data: Json; response_text: string | null; response_type: string | null; user_id: string; was_helpful: boolean | null; }' is not assignable to type 'AIQueryHistory'.
    Types of property 'response_type' are incompatible.
      Type 'string | null' is not assignable to type 'ResponseType | null'.
        Type 'string' is not assignable to type 'ResponseType | null'.
lib/ai-insights-actions.ts(141,5): error TS2322: Type '{ created_at: string | null; id: string; is_active: boolean | null; parameters: Json; response_format: string | null; response_template: string | null; sample_questions: Json; sql_template: string; template_category: string; template_name: string; }[]' is not assignable to type 'AIQueryTemplate[]'.
  Type '{ created_at: string | null; id: string; is_active: boolean | null; parameters: Json; response_format: string | null; response_template: string | null; sample_questions: Json; sql_template: string; template_category: string; template_name: string; }' is not assignable to type 'AIQueryTemplate'.
    Types of property 'template_category' are incompatible.
      Type 'string' is not assignable to type 'TemplateCategory'.
lib/ai-insights-actions.ts(263,48): error TS2345: Argument of type '"execute_ai_query"' is not assignable to parameter of type '"can_view_salary_slip" | "check_system_health" | "cleanup_expired_blocked_ips" | "cleanup_expired_rate_limits" | "cleanup_expired_sessions" | "create_notification" | "generate_bkk_number" | ... 19 more ... | "search_help_content"'.
lib/ai-insights-actions.ts(274,14): error TS2322: Type 'string | true | { entity_id: string; entity_type: string; primary_text: string; relevance: number; secondary_text: string; url: string; }[] | { category: string; id: string; relevance: number; snippet: string; title: string; type: string; url: string; }[]' is not assignable to type 'unknown[] | null'.
  Type 'string' is not assignable to type 'unknown[]'.
lib/assessment-actions.ts(57,3): error TS2322: Type '{ created_at: string | null; description: string | null; display_order: number | null; id: string; is_active: boolean | null; template_sections: Json; type_code: string; type_name: string; }[]' is not assignable to type 'TechnicalAssessmentType[]'.
  Type '{ created_at: string | null; description: string | null; display_order: number | null; id: string; is_active: boolean | null; template_sections: Json; type_code: string; type_name: string; }' is not assignable to type 'TechnicalAssessmentType'.
    Types of property 'template_sections' are incompatible.
      Type 'Json' is not assignable to type 'TemplateSection[]'.
        Type 'null' is not assignable to type 'TemplateSection[]'.
lib/assessment-actions.ts(74,3): error TS2322: Type '{ created_at: string | null; description: string | null; display_order: number | null; id: string; is_active: boolean | null; template_sections: Json; type_code: string; type_name: string; }' is not assignable to type 'TechnicalAssessmentType'.
  Types of property 'template_sections' are incompatible.
    Type 'Json' is not assignable to type 'TemplateSection[]'.
      Type 'null' is not assignable to type 'TemplateSection[]'.
lib/assessment-actions.ts(97,6): error TS2769: No overload matches this call.
  Overload 1 of 2, '(values: { approved_at?: string | null | undefined; approved_by?: string | null | undefined; assessment_data?: Json | undefined; assessment_number: string; assessment_type_id: string; ... 29 more ...; updated_at?: string | ... 1 more ... | undefined; }, options?: { ...; } | undefined): PostgrestFilterBuilder<...>', gave the following error.
    Type 'CargoDimensions | null' is not assignable to type 'Json | undefined'.
      Type 'CargoDimensions' is not assignable to type 'Json | undefined'.
        Type 'CargoDimensions' is not assignable to type '{ [key: string]: Json | undefined; }'.
          Index signature for type 'string' is missing in type 'CargoDimensions'.
  Overload 2 of 2, '(values: { approved_at?: string | null | undefined; approved_by?: string | null | undefined; assessment_data?: Json | undefined; assessment_number: string; assessment_type_id: string; ... 29 more ...; updated_at?: string | ... 1 more ... | undefined; }[], options?: { ...; } | undefined): PostgrestFilterBuilder<...>', gave the following error.
    Object literal may only specify known properties, and 'assessment_type_id' does not exist in type '{ approved_at?: string | null | undefined; approved_by?: string | null | undefined; assessment_data?: Json | undefined; assessment_number: string; assessment_type_id: string; ... 29 more ...; updated_at?: string | ... 1 more ... | undefined; }[]'.
lib/assessment-actions.ts(128,27): error TS2322: Type '{ approved_at: string | null; approved_by: string | null; assessment_data: Json; assessment_number: string; assessment_type_id: string; assumptions: string | null; calculations: Json; ... 32 more ...; job_order: { ...; } | null; }' is not assignable to type 'TechnicalAssessment'.
  The types of 'assessment_type.template_sections' are incompatible between these types.
    Type 'Json' is not assignable to type 'TemplateSection[]'.
      Type 'null' is not assignable to type 'TemplateSection[]'.
lib/assessment-actions.ts(148,54): error TS2345: Argument of type 'string | null' is not assignable to parameter of type 'string'.
  Type 'null' is not assignable to type 'string'.
lib/assessment-actions.ts(195,27): error TS2322: Type '{ approved_at: string | null; approved_by: string | null; assessment_data: Json; assessment_number: string; assessment_type_id: string; assumptions: string | null; calculations: Json; ... 32 more ...; job_order: { ...; } | null; }' is not assignable to type 'TechnicalAssessment'.
  The types of 'assessment_type.template_sections' are incompatible between these types.
    Type 'Json' is not assignable to type 'TemplateSection[]'.
      Type 'null' is not assignable to type 'TemplateSection[]'.
lib/assessment-actions.ts(242,3): error TS2322: Type '{ approved_at: string | null; approved_by: string | null; assessment_data: Json; assessment_number: string; assessment_type_id: string; assumptions: string | null; calculations: Json; ... 38 more ...; axle_calculations: { ...; }[]; }' is not assignable to type 'TechnicalAssessment'.
  The types of 'assessment_type.template_sections' are incompatible between these types.
    Type 'Json' is not assignable to type 'TemplateSection[]'.
      Type 'null' is not assignable to type 'TemplateSection[]'.
lib/assessment-actions.ts(294,3): error TS2322: Type '{ approved_at: string | null; approved_by: string | null; assessment_data: Json; assessment_number: string; assessment_type_id: string; assumptions: string | null; calculations: Json; ... 31 more ...; quotation: { ...; } | null; }[]' is not assignable to type 'TechnicalAssessment[]'.
  Type '{ approved_at: string | null; approved_by: string | null; assessment_data: Json; assessment_number: string; assessment_type_id: string; assumptions: string | null; calculations: Json; ... 31 more ...; quotation: { ...; } | null; }' is not assignable to type 'TechnicalAssessment'.
    Types of property 'assessment_type' are incompatible.
      Type '{ id: string; type_code: string; type_name: string; }' is missing the following properties from type 'TechnicalAssessmentType': description, template_sections, is_active, display_order, created_at
lib/assessment-actions.ts(319,24): error TS2345: Argument of type 'string | null' is not assignable to parameter of type 'AssessmentStatus'.
  Type 'null' is not assignable to type 'AssessmentStatus'.
lib/assessment-actions.ts(345,27): error TS2322: Type '{ approved_at: string | null; approved_by: string | null; assessment_data: Json; assessment_number: string; assessment_type_id: string; assumptions: string | null; calculations: Json; ... 28 more ...; assessment_type: { ...; }; }' is not assignable to type 'TechnicalAssessment'.
  The types of 'assessment_type.template_sections' are incompatible between these types.
    Type 'Json' is not assignable to type 'TemplateSection[]'.
      Type 'null' is not assignable to type 'TemplateSection[]'.
lib/assessment-actions.ts(375,27): error TS2322: Type '{ approved_at: string | null; approved_by: string | null; assessment_data: Json; assessment_number: string; assessment_type_id: string; assumptions: string | null; calculations: Json; ... 28 more ...; assessment_type: { ...; }; }' is not assignable to type 'TechnicalAssessment'.
  The types of 'assessment_type.template_sections' are incompatible between these types.
    Type 'Json' is not assignable to type 'TemplateSection[]'.
      Type 'null' is not assignable to type 'TemplateSection[]'.
lib/assessment-actions.ts(402,24): error TS2345: Argument of type 'string | null' is not assignable to parameter of type 'AssessmentStatus'.
  Type 'null' is not assignable to type 'AssessmentStatus'.
lib/assessment-actions.ts(430,27): error TS2322: Type '{ approved_at: string | null; approved_by: string | null; assessment_data: Json; assessment_number: string; assessment_type_id: string; assumptions: string | null; calculations: Json; ... 28 more ...; assessment_type: { ...; }; }' is not assignable to type 'TechnicalAssessment'.
  The types of 'assessment_type.template_sections' are incompatible between these types.
    Type 'Json' is not assignable to type 'TemplateSection[]'.
      Type 'null' is not assignable to type 'TemplateSection[]'.
lib/assessment-actions.ts(450,24): error TS2345: Argument of type 'string | null' is not assignable to parameter of type 'AssessmentStatus'.
  Type 'null' is not assignable to type 'AssessmentStatus'.
lib/assessment-actions.ts(475,27): error TS2322: Type '{ approved_at: string | null; approved_by: string | null; assessment_data: Json; assessment_number: string; assessment_type_id: string; assumptions: string | null; calculations: Json; ... 28 more ...; assessment_type: { ...; }; }' is not assignable to type 'TechnicalAssessment'.
  The types of 'assessment_type.template_sections' are incompatible between these types.
    Type 'Json' is not assignable to type 'TemplateSection[]'.
      Type 'null' is not assignable to type 'TemplateSection[]'.
lib/assessment-actions.ts(512,6): error TS2769: No overload matches this call.
  Overload 1 of 2, '(values: { approved_at?: string | null | undefined; approved_by?: string | null | undefined; assessment_data?: Json | undefined; assessment_number: string; assessment_type_id: string; ... 29 more ...; updated_at?: string | ... 1 more ... | undefined; }, options?: { ...; } | undefined): PostgrestFilterBuilder<...>', gave the following error.
    Argument of type '{ assessment_type_id: string; quotation_id: string | null; project_id: string | null; job_order_id: string | null; route_survey_id: string | null; customer_id: string | null; title: string; ... 13 more ...; revision_notes: string; }' is not assignable to parameter of type '{ approved_at?: string | null | undefined; approved_by?: string | null | undefined; assessment_data?: Json | undefined; assessment_number: string; assessment_type_id: string; ... 29 more ...; updated_at?: string | ... 1 more ... | undefined; }'.
      Property 'assessment_number' is missing in type '{ assessment_type_id: string; quotation_id: string | null; project_id: string | null; job_order_id: string | null; route_survey_id: string | null; customer_id: string | null; title: string; ... 13 more ...; revision_notes: string; }' but required in type '{ approved_at?: string | null | undefined; approved_by?: string | null | undefined; assessment_data?: Json | undefined; assessment_number: string; assessment_type_id: string; ... 29 more ...; updated_at?: string | ... 1 more ... | undefined; }'.
  Overload 2 of 2, '(values: { approved_at?: string | null | undefined; approved_by?: string | null | undefined; assessment_data?: Json | undefined; assessment_number: string; assessment_type_id: string; ... 29 more ...; updated_at?: string | ... 1 more ... | undefined; }[], options?: { ...; } | undefined): PostgrestFilterBuilder<...>', gave the following error.
    Object literal may only specify known properties, and 'assessment_type_id' does not exist in type '{ approved_at?: string | null | undefined; approved_by?: string | null | undefined; assessment_data?: Json | undefined; assessment_number: string; assessment_type_id: string; ... 29 more ...; updated_at?: string | ... 1 more ... | undefined; }[]'.
lib/assessment-actions.ts(531,24): error TS18047: 'original.revision_number' is possibly 'null'.
lib/assessment-actions.ts(548,27): error TS2322: Type '{ approved_at: string | null; approved_by: string | null; assessment_data: Json; assessment_number: string; assessment_type_id: string; assumptions: string | null; calculations: Json; ... 28 more ...; assessment_type: { ...; }; }' is not assignable to type 'TechnicalAssessment'.
  The types of 'assessment_type.template_sections' are incompatible between these types.
    Type 'Json' is not assignable to type 'TemplateSection[]'.
      Type 'null' is not assignable to type 'TemplateSection[]'.
lib/assessment-actions.ts(578,50): error TS2531: Object is possibly 'null'.
lib/assessment-actions.ts(634,27): error TS2322: Type '{ assessment_id: string; crane_boom_length_m: number | null; crane_capacity_at_radius_tons: number | null; crane_capacity_tons: number | null; crane_position: string | null; ... 25 more ...; utilization_percentage: number | null; }' is not assignable to type 'LiftingPlan'.
  Types of property 'lift_number' are incompatible.
    Type 'number | null' is not assignable to type 'number'.
      Type 'null' is not assignable to type 'number'.
lib/assessment-actions.ts(710,27): error TS2322: Type '{ assessment_id: string; crane_boom_length_m: number | null; crane_capacity_at_radius_tons: number | null; crane_capacity_tons: number | null; crane_position: string | null; ... 25 more ...; utilization_percentage: number | null; }' is not assignable to type 'LiftingPlan'.
  Types of property 'lift_number' are incompatible.
    Type 'number | null' is not assignable to type 'number'.
      Type 'null' is not assignable to type 'number'.
lib/assessment-actions.ts(753,3): error TS2322: Type '{ assessment_id: string; crane_boom_length_m: number | null; crane_capacity_at_radius_tons: number | null; crane_capacity_tons: number | null; crane_position: string | null; ... 25 more ...; utilization_percentage: number | null; }[]' is not assignable to type 'LiftingPlan[]'.
  Type '{ assessment_id: string; crane_boom_length_m: number | null; crane_capacity_at_radius_tons: number | null; crane_capacity_tons: number | null; crane_position: string | null; ... 25 more ...; utilization_percentage: number | null; }' is not assignable to type 'LiftingPlan'.
    Types of property 'lift_number' are incompatible.
      Type 'number | null' is not assignable to type 'number'.
        Type 'null' is not assignable to type 'number'.
lib/assessment-actions.ts(806,6): error TS2769: No overload matches this call.
  Overload 1 of 2, '(values: { assessment_id: string; axle_loads?: Json | undefined; cargo_cog_from_front_m?: number | null | undefined; cargo_weight_tons?: number | null | undefined; configuration_name?: string | ... 1 more ... | undefined; ... 14 more ...; within_legal_limits?: boolean | ... 1 more ... | undefined; }, options?: { ...; } | undefined): PostgrestFilterBuilder<...>', gave the following error.
    Type 'AxleLoad[]' is not assignable to type 'Json | undefined'.
      Type 'AxleLoad[]' is not assignable to type 'Json[]'.
        Type 'AxleLoad' is not assignable to type 'Json'.
          Type 'AxleLoad' is not assignable to type '{ [key: string]: Json | undefined; }'.
            Index signature for type 'string' is missing in type 'AxleLoad'.
  Overload 2 of 2, '(values: { assessment_id: string; axle_loads?: Json | undefined; cargo_cog_from_front_m?: number | null | undefined; cargo_weight_tons?: number | null | undefined; configuration_name?: string | ... 1 more ... | undefined; ... 14 more ...; within_legal_limits?: boolean | ... 1 more ... | undefined; }[], options?: { ...; } | undefined): PostgrestFilterBuilder<...>', gave the following error.
    Object literal may only specify known properties, and 'assessment_id' does not exist in type '{ assessment_id: string; axle_loads?: Json | undefined; cargo_cog_from_front_m?: number | null | undefined; cargo_weight_tons?: number | null | undefined; configuration_name?: string | ... 1 more ... | undefined; ... 14 more ...; within_legal_limits?: boolean | ... 1 more ... | undefined; }[]'.
lib/assessment-actions.ts(835,27): error TS2322: Type '{ assessment_id: string; axle_loads: Json; cargo_cog_from_front_m: number | null; cargo_weight_tons: number | null; configuration_name: string | null; created_at: string | null; ... 13 more ...; within_legal_limits: boolean | null; }' is not assignable to type 'AxleLoadCalculation'.
  Types of property 'axle_loads' are incompatible.
    Type 'Json' is not assignable to type 'AxleLoad[]'.
      Type 'null' is not assignable to type 'AxleLoad[]'.
lib/assessment-actions.ts(922,27): error TS2322: Type '{ assessment_id: string; axle_loads: Json; cargo_cog_from_front_m: number | null; cargo_weight_tons: number | null; configuration_name: string | null; created_at: string | null; ... 13 more ...; within_legal_limits: boolean | null; }' is not assignable to type 'AxleLoadCalculation'.
  Types of property 'axle_loads' are incompatible.
    Type 'Json' is not assignable to type 'AxleLoad[]'.
      Type 'null' is not assignable to type 'AxleLoad[]'.
lib/assessment-actions.ts(965,3): error TS2322: Type '{ assessment_id: string; axle_loads: Json; cargo_cog_from_front_m: number | null; cargo_weight_tons: number | null; configuration_name: string | null; created_at: string | null; ... 13 more ...; within_legal_limits: boolean | null; }[]' is not assignable to type 'AxleLoadCalculation[]'.
  Type '{ assessment_id: string; axle_loads: Json; cargo_cog_from_front_m: number | null; cargo_weight_tons: number | null; configuration_name: string | null; created_at: string | null; ... 13 more ...; within_legal_limits: boolean | null; }' is not assignable to type 'AxleLoadCalculation'.
    Types of property 'axle_loads' are incompatible.
      Type 'Json' is not assignable to type 'AxleLoad[]'.
        Type 'null' is not assignable to type 'AxleLoad[]'.
lib/assessment-actions.ts(995,9): error TS18047: 'item.status' is possibly 'null'.
lib/assessment-actions.ts(996,14): error TS2538: Type 'null' cannot be used as an index type.
lib/asset-actions.ts(41,3): error TS2322: Type '{ category_code: string; category_name: string; created_at: string | null; default_depreciation_method: string | null; default_total_units: number | null; default_useful_life_years: number | null; ... 4 more ...; parent_category_id: string | null; }[]' is not assignable to type 'AssetCategory[]'.
  Type '{ category_code: string; category_name: string; created_at: string | null; default_depreciation_method: string | null; default_total_units: number | null; default_useful_life_years: number | null; ... 4 more ...; parent_category_id: string | null; }' is not assignable to type 'AssetCategory'.
    Types of property 'default_useful_life_years' are incompatible.
      Type 'number | null' is not assignable to type 'number'.
        Type 'null' is not assignable to type 'number'.
lib/asset-actions.ts(61,3): error TS2322: Type '{ address: string | null; city: string | null; created_at: string | null; id: string; is_active: boolean | null; location_code: string; location_name: string; }[]' is not assignable to type 'AssetLocation[]'.
  Type '{ address: string | null; city: string | null; created_at: string | null; id: string; is_active: boolean | null; location_code: string; location_name: string; }' is not assignable to type 'AssetLocation'.
    Types of property 'is_active' are incompatible.
      Type 'boolean | null' is not assignable to type 'boolean'.
        Type 'null' is not assignable to type 'boolean'.
lib/asset-actions.ts(129,13): error TS2769: No overload matches this call.
  Overload 1 of 2, '(values: { accumulated_depreciation?: number | null | undefined; asset_code: string; asset_name: string; assigned_to_employee_id?: string | null | undefined; assigned_to_job_id?: string | null | undefined; ... 42 more ...; year_manufactured?: number | ... 1 more ... | undefined; }, options?: { ...; } | undefined): PostgrestFilterBuilder<...>', gave the following error.
    Argument of type '{ asset_name: string; description: string | null; category_id: string; registration_number: string | null; vin_number: string | null; engine_number: string | null; chassis_number: string | null; ... 28 more ...; created_by: string | null; }' is not assignable to parameter of type '{ accumulated_depreciation?: number | null | undefined; asset_code: string; asset_name: string; assigned_to_employee_id?: string | null | undefined; assigned_to_job_id?: string | null | undefined; ... 42 more ...; year_manufactured?: number | ... 1 more ... | undefined; }'.
      Property 'asset_code' is missing in type '{ asset_name: string; description: string | null; category_id: string; registration_number: string | null; vin_number: string | null; engine_number: string | null; chassis_number: string | null; ... 28 more ...; created_by: string | null; }' but required in type '{ accumulated_depreciation?: number | null | undefined; asset_code: string; asset_name: string; assigned_to_employee_id?: string | null | undefined; assigned_to_job_id?: string | null | undefined; ... 42 more ...; year_manufactured?: number | ... 1 more ... | undefined; }'.
  Overload 2 of 2, '(values: { accumulated_depreciation?: number | null | undefined; asset_code: string; asset_name: string; assigned_to_employee_id?: string | null | undefined; assigned_to_job_id?: string | null | undefined; ... 42 more ...; year_manufactured?: number | ... 1 more ... | undefined; }[], options?: { ...; } | undefined): PostgrestFilterBuilder<...>', gave the following error.
    Argument of type '{ asset_name: string; description: string | null; category_id: string; registration_number: string | null; vin_number: string | null; engine_number: string | null; chassis_number: string | null; ... 28 more ...; created_by: string | null; }' is not assignable to parameter of type '{ accumulated_depreciation?: number | null | undefined; asset_code: string; asset_name: string; assigned_to_employee_id?: string | null | undefined; assigned_to_job_id?: string | null | undefined; ... 42 more ...; year_manufactured?: number | ... 1 more ... | undefined; }[]'.
      Type '{ asset_name: string; description: string | null; category_id: string; registration_number: string | null; vin_number: string | null; engine_number: string | null; chassis_number: string | null; ... 28 more ...; created_by: string | null; }' is missing the following properties from type '{ accumulated_depreciation?: number | null | undefined; asset_code: string; asset_name: string; assigned_to_employee_id?: string | null | undefined; assigned_to_job_id?: string | null | undefined; ... 42 more ...; year_manufactured?: number | ... 1 more ... | undefined; }[]': length, pop, push, concat, and 35 more.
lib/asset-actions.ts(148,27): error TS2322: Type '{ accumulated_depreciation: number | null; asset_code: string; asset_name: string; assigned_to_employee_id: string | null; assigned_to_job_id: string | null; axle_configuration: string | null; ... 41 more ...; year_manufactured: number | null; }' is not assignable to type 'Asset'.
  Types of property 'salvage_value' are incompatible.
    Type 'number | null' is not assignable to type 'number'.
      Type 'null' is not assignable to type 'number'.
lib/asset-actions.ts(318,32): error TS2367: This comparison appears to be unintentional because the types 'AssetStatus' and '"all"' have no overlap.
lib/asset-actions.ts(350,10): error TS2352: Conversion of type '{ accumulated_depreciation: number | null; asset_code: string; asset_name: string; assigned_to_employee_id: string | null; assigned_to_job_id: string | null; axle_configuration: string | null; ... 45 more ...; assigned_job: { ...; } | null; }[]' to type 'AssetWithRelations[]' may be a mistake because neither type sufficiently overlaps with the other. If this was intentional, convert the expression to 'unknown' first.
  Type '{ accumulated_depreciation: number | null; asset_code: string; asset_name: string; assigned_to_employee_id: string | null; assigned_to_job_id: string | null; axle_configuration: string | null; ... 45 more ...; assigned_job: { ...; } | null; }' is not comparable to type 'AssetWithRelations'.
    Types of property 'category' are incompatible.
      Type '{ id: string; category_code: string; category_name: string; }' is missing the following properties from type 'AssetCategory': description, default_useful_life_years, default_depreciation_method, default_total_units, and 4 more.
lib/asset-actions.ts(376,10): error TS2352: Conversion of type '{ accumulated_depreciation: number | null; asset_code: string; asset_name: string; assigned_to_employee_id: string | null; assigned_to_job_id: string | null; axle_configuration: string | null; ... 45 more ...; assigned_job: { ...; } | null; }' to type 'AssetWithRelations' may be a mistake because neither type sufficiently overlaps with the other. If this was intentional, convert the expression to 'unknown' first.
  Types of property 'category' are incompatible.
    Type '{ id: string; category_code: string; category_name: string; default_useful_life_years: number | null; default_depreciation_method: string | null; }' is missing the following properties from type 'AssetCategory': description, default_total_units, parent_category_id, is_active, and 2 more.
lib/asset-actions.ts(400,3): error TS2322: Type '{ asset_id: string; document_name: string; document_type: string; document_url: string | null; expiry_date: string | null; id: string; issue_date: string | null; notes: string | null; reminder_days: number | null; uploaded_at: string | null; uploaded_by: string | null; }[]' is not assignable to type 'AssetDocument[]'.
  Type '{ asset_id: string; document_name: string; document_type: string; document_url: string | null; expiry_date: string | null; id: string; issue_date: string | null; notes: string | null; reminder_days: number | null; uploaded_at: string | null; uploaded_by: string | null; }' is not assignable to type 'AssetDocument'.
    Types of property 'document_type' are incompatible.
      Type 'string' is not assignable to type 'AssetDocumentType'.
lib/asset-actions.ts(437,27): error TS2322: Type '{ asset_id: string; document_name: string; document_type: string; document_url: string | null; expiry_date: string | null; id: string; issue_date: string | null; notes: string | null; reminder_days: number | null; uploaded_at: string | null; uploaded_by: string | null; }' is not assignable to type 'AssetDocument'.
  Types of property 'document_type' are incompatible.
    Type 'string' is not assignable to type 'AssetDocumentType'.
lib/asset-actions.ts(521,3): error TS2322: Type '{ asset_id: string; changed_at: string | null; changed_by: string | null; id: string; new_location_id: string | null; new_status: string; notes: string | null; previous_location_id: string | null; previous_status: string | null; reason: string | null; }[]' is not assignable to type 'AssetStatusHistory[]'.
  Type '{ asset_id: string; changed_at: string | null; changed_by: string | null; id: string; new_location_id: string | null; new_status: string; notes: string | null; previous_location_id: string | null; previous_status: string | null; reason: string | null; }' is not assignable to type 'AssetStatusHistory'.
    Types of property 'previous_status' are incompatible.
      Type 'string | null' is not assignable to type 'AssetStatus | null'.
        Type 'string' is not assignable to type 'AssetStatus | null'.
lib/audit-actions.ts(58,6): error TS2769: No overload matches this call.
  Overload 1 of 2, '(values: { category: string; checklist_template?: Json | undefined; created_at?: string | null | undefined; description?: string | null | undefined; frequency_days?: number | null | undefined; id?: string | undefined; is_active?: boolean | ... 1 more ... | undefined; type_code: string; type_name: string; }, options?: { ...; } | undefined): PostgrestFilterBuilder<...>', gave the following error.
    Type 'ChecklistTemplate' is not assignable to type 'Json | undefined'.
      Type 'ChecklistTemplate' is not assignable to type '{ [key: string]: Json | undefined; }'.
        Index signature for type 'string' is missing in type 'ChecklistTemplate'.
  Overload 2 of 2, '(values: { category: string; checklist_template?: Json | undefined; created_at?: string | null | undefined; description?: string | null | undefined; frequency_days?: number | null | undefined; id?: string | undefined; is_active?: boolean | ... 1 more ... | undefined; type_code: string; type_name: string; }[], options?: { ...; } | undefined): PostgrestFilterBuilder<...>', gave the following error.
    Object literal may only specify known properties, and 'type_code' does not exist in type '{ category: string; checklist_template?: Json | undefined; created_at?: string | null | undefined; description?: string | null | undefined; frequency_days?: number | null | undefined; id?: string | undefined; is_active?: boolean | ... 1 more ... | undefined; type_code: string; type_name: string; }[]'.
lib/audit-actions.ts(76,18): error TS2352: Conversion of type '{ category: string; checklist_template: Json; created_at: string | null; description: string | null; frequency_days: number | null; id: string; is_active: boolean | null; type_code: string; type_name: string; }' to type 'AuditType' may be a mistake because neither type sufficiently overlaps with the other. If this was intentional, convert the expression to 'unknown' first.
  Property 'updated_at' is missing in type '{ category: string; checklist_template: Json; created_at: string | null; description: string | null; frequency_days: number | null; id: string; is_active: boolean | null; type_code: string; type_name: string; }' but required in type 'AuditType'.
lib/audit-actions.ts(107,18): error TS2352: Conversion of type '{ category: string; checklist_template: Json; created_at: string | null; description: string | null; frequency_days: number | null; id: string; is_active: boolean | null; type_code: string; type_name: string; }' to type 'AuditType' may be a mistake because neither type sufficiently overlaps with the other. If this was intentional, convert the expression to 'unknown' first.
  Property 'updated_at' is missing in type '{ category: string; checklist_template: Json; created_at: string | null; description: string | null; frequency_days: number | null; id: string; is_active: boolean | null; type_code: string; type_name: string; }' but required in type 'AuditType'.
lib/audit-actions.ts(148,18): error TS2352: Conversion of type '{ category: string; checklist_template: Json; created_at: string | null; description: string | null; frequency_days: number | null; id: string; is_active: boolean | null; type_code: string; type_name: string; }[]' to type 'AuditType[]' may be a mistake because neither type sufficiently overlaps with the other. If this was intentional, convert the expression to 'unknown' first.
  Property 'updated_at' is missing in type '{ category: string; checklist_template: Json; created_at: string | null; description: string | null; frequency_days: number | null; id: string; is_active: boolean | null; type_code: string; type_name: string; }' but required in type 'AuditType'.
lib/audit-actions.ts(170,18): error TS2352: Conversion of type '{ category: string; checklist_template: Json; created_at: string | null; description: string | null; frequency_days: number | null; id: string; is_active: boolean | null; type_code: string; type_name: string; }[]' to type 'AuditType[]' may be a mistake because neither type sufficiently overlaps with the other. If this was intentional, convert the expression to 'unknown' first.
  Property 'updated_at' is missing in type '{ category: string; checklist_template: Json; created_at: string | null; description: string | null; frequency_days: number | null; id: string; is_active: boolean | null; type_code: string; type_name: string; }' but required in type 'AuditType'.
lib/audit-actions.ts(191,18): error TS2352: Conversion of type '{ category: string; checklist_template: Json; created_at: string | null; description: string | null; frequency_days: number | null; id: string; is_active: boolean | null; type_code: string; type_name: string; }' to type 'AuditType' may be a mistake because neither type sufficiently overlaps with the other. If this was intentional, convert the expression to 'unknown' first.
  Property 'updated_at' is missing in type '{ category: string; checklist_template: Json; created_at: string | null; description: string | null; frequency_days: number | null; id: string; is_active: boolean | null; type_code: string; type_name: string; }' but required in type 'AuditType'.
lib/audit-actions.ts(217,6): error TS2769: No overload matches this call.
  Overload 1 of 2, '(values: { asset_id?: string | null | undefined; audit_number: string; audit_type_id: string; auditor_id?: string | null | undefined; auditor_name?: string | null | undefined; checklist_responses?: Json | undefined; ... 18 more ...; summary?: string | ... 1 more ... | undefined; }, options?: { ...; } | undefined): PostgrestFilterBuilder<...>', gave the following error.
    Argument of type '{ audit_type_id: string; scheduled_date: string | null; location: string | null; department_id: string | null; asset_id: string | null; job_order_id: string | null; auditor_id: string | null; auditor_name: string | null; created_by: string | null; status: string; }' is not assignable to parameter of type '{ asset_id?: string | null | undefined; audit_number: string; audit_type_id: string; auditor_id?: string | null | undefined; auditor_name?: string | null | undefined; checklist_responses?: Json | undefined; ... 18 more ...; summary?: string | ... 1 more ... | undefined; }'.
      Property 'audit_number' is missing in type '{ audit_type_id: string; scheduled_date: string | null; location: string | null; department_id: string | null; asset_id: string | null; job_order_id: string | null; auditor_id: string | null; auditor_name: string | null; created_by: string | null; status: string; }' but required in type '{ asset_id?: string | null | undefined; audit_number: string; audit_type_id: string; auditor_id?: string | null | undefined; auditor_name?: string | null | undefined; checklist_responses?: Json | undefined; ... 18 more ...; summary?: string | ... 1 more ... | undefined; }'.
  Overload 2 of 2, '(values: { asset_id?: string | null | undefined; audit_number: string; audit_type_id: string; auditor_id?: string | null | undefined; auditor_name?: string | null | undefined; checklist_responses?: Json | undefined; ... 18 more ...; summary?: string | ... 1 more ... | undefined; }[], options?: { ...; } | undefined): PostgrestFilterBuilder<...>', gave the following error.
    Object literal may only specify known properties, and 'audit_type_id' does not exist in type '{ asset_id?: string | null | undefined; audit_number: string; audit_type_id: string; auditor_id?: string | null | undefined; auditor_name?: string | null | undefined; checklist_responses?: Json | undefined; ... 18 more ...; summary?: string | ... 1 more ... | undefined; }[]'.
lib/audit-actions.ts(236,18): error TS2352: Conversion of type '{ asset_id: string | null; audit_number: string; audit_type_id: string; auditor_id: string | null; auditor_name: string | null; checklist_responses: Json; completed_at: string | null; ... 17 more ...; summary: string | null; }' to type 'Audit' may be a mistake because neither type sufficiently overlaps with the other. If this was intentional, convert the expression to 'unknown' first.
  Property 'updated_at' is missing in type '{ asset_id: string | null; audit_number: string; audit_type_id: string; auditor_id: string | null; auditor_name: string | null; checklist_responses: Json; completed_at: string | null; ... 17 more ...; summary: string | null; }' but required in type 'Audit'.
lib/audit-actions.ts(288,18): error TS2352: Conversion of type '{ asset_id: string | null; audit_number: string; audit_type_id: string; auditor_id: string | null; auditor_name: string | null; checklist_responses: Json; completed_at: string | null; ... 17 more ...; summary: string | null; }' to type 'Audit' may be a mistake because neither type sufficiently overlaps with the other. If this was intentional, convert the expression to 'unknown' first.
  Property 'updated_at' is missing in type '{ asset_id: string | null; audit_number: string; audit_type_id: string; auditor_id: string | null; auditor_name: string | null; checklist_responses: Json; completed_at: string | null; ... 17 more ...; summary: string | null; }' but required in type 'Audit'.
lib/audit-actions.ts(314,18): error TS2352: Conversion of type '{ asset_id: string | null; audit_number: string; audit_type_id: string; auditor_id: string | null; auditor_name: string | null; checklist_responses: Json; completed_at: string | null; ... 17 more ...; summary: string | null; }' to type 'Audit' may be a mistake because neither type sufficiently overlaps with the other. If this was intentional, convert the expression to 'unknown' first.
  Property 'updated_at' is missing in type '{ asset_id: string | null; audit_number: string; audit_type_id: string; auditor_id: string | null; auditor_name: string | null; checklist_responses: Json; completed_at: string | null; ... 17 more ...; summary: string | null; }' but required in type 'Audit'.
lib/audit-actions.ts(346,20): error TS2352: Conversion of type 'string | number | boolean | { [key: string]: Json | undefined; } | Json[] | null' to type 'ChecklistTemplate' may be a mistake because neither type sufficiently overlaps with the other. If this was intentional, convert the expression to 'unknown' first.
  Property 'sections' is missing in type 'Json[]' but required in type 'ChecklistTemplate'.
lib/audit-actions.ts(353,7): error TS2322: Type 'ChecklistResponse[]' is not assignable to type 'Json | undefined'.
  Type 'ChecklistResponse[]' is not assignable to type 'Json[]'.
    Type 'ChecklistResponse' is not assignable to type 'Json'.
      Type 'ChecklistResponse' is not assignable to type '{ [key: string]: Json | undefined; }'.
        Index signature for type 'string' is missing in type 'ChecklistResponse'.
lib/audit-actions.ts(371,18): error TS2352: Conversion of type '{ asset_id: string | null; audit_number: string; audit_type_id: string; auditor_id: string | null; auditor_name: string | null; checklist_responses: Json; completed_at: string | null; ... 17 more ...; summary: string | null; }' to type 'Audit' may be a mistake because neither type sufficiently overlaps with the other. If this was intentional, convert the expression to 'unknown' first.
  Property 'updated_at' is missing in type '{ asset_id: string | null; audit_number: string; audit_type_id: string; auditor_id: string | null; auditor_name: string | null; checklist_responses: Json; completed_at: string | null; ... 17 more ...; summary: string | null; }' but required in type 'Audit'.
lib/audit-actions.ts(413,18): error TS2352: Conversion of type '{ asset_id: string | null; audit_number: string; audit_type_id: string; auditor_id: string | null; auditor_name: string | null; checklist_responses: Json; completed_at: string | null; ... 19 more ...; audit_findings: { ...; }[]; }' to type 'Audit' may be a mistake because neither type sufficiently overlaps with the other. If this was intentional, convert the expression to 'unknown' first.
  Property 'updated_at' is missing in type '{ asset_id: string | null; audit_number: string; audit_type_id: string; auditor_id: string | null; auditor_name: string | null; checklist_responses: Json; completed_at: string | null; ... 19 more ...; audit_findings: { ...; }[]; }' but required in type 'Audit'.
lib/audit-actions.ts(451,18): error TS2352: Conversion of type '{ asset_id: string | null; audit_number: string; audit_type_id: string; auditor_id: string | null; auditor_name: string | null; checklist_responses: Json; completed_at: string | null; ... 18 more ...; audit_types: { ...; }; }[]' to type 'Audit[]' may be a mistake because neither type sufficiently overlaps with the other. If this was intentional, convert the expression to 'unknown' first.
  Property 'updated_at' is missing in type '{ asset_id: string | null; audit_number: string; audit_type_id: string; auditor_id: string | null; auditor_name: string | null; checklist_responses: Json; completed_at: string | null; ... 18 more ...; audit_types: { ...; }; }' but required in type 'Audit'.
lib/audit-actions.ts(472,18): error TS2352: Conversion of type '{ asset_id: string | null; audit_number: string; audit_type_id: string; auditor_id: string | null; auditor_name: string | null; checklist_responses: Json; completed_at: string | null; ... 17 more ...; summary: string | null; }[]' to type 'Audit[]' may be a mistake because neither type sufficiently overlaps with the other. If this was intentional, convert the expression to 'unknown' first.
  Property 'updated_at' is missing in type '{ asset_id: string | null; audit_number: string; audit_type_id: string; auditor_id: string | null; auditor_name: string | null; checklist_responses: Json; completed_at: string | null; ... 17 more ...; summary: string | null; }' but required in type 'Audit'.
lib/audit-actions.ts(533,22): error TS2345: Argument of type '"increment_audit_finding_count"' is not assignable to parameter of type '"can_view_salary_slip" | "check_system_health" | "cleanup_expired_blocked_ips" | "cleanup_expired_rate_limits" | "cleanup_expired_sessions" | "create_notification" | "generate_bkk_number" | ... 19 more ... | "search_help_content"'.
lib/audit-actions.ts(536,6): error TS2551: Property 'catch' does not exist on type 'PostgrestFilterBuilder<{ PostgrestVersion: "13.0.5"; }, { Tables: { activity_log: { Row: { action_type: string; created_at: string | null; details: Json; document_id: string; document_number: string; document_type: string; id: string; user_id: string | null; user_name: string; }; Insert: { ...; }; Update: { ...; }; ...'. Did you mean 'match'?
lib/audit-actions.ts(545,33): error TS2352: Conversion of type 'GenericStringError' to type 'Record<string, number>' may be a mistake because neither type sufficiently overlaps with the other. If this was intentional, convert the expression to 'unknown' first.
  Index signature for type 'string' is missing in type '{ error: true; } & String'.
lib/audit-actions.ts(741,18): error TS2352: Conversion of type '{ audit_id: string; category: string | null; closed_at: string | null; closed_by: string | null; closure_evidence: string | null; corrective_action: string | null; created_at: string | null; ... 13 more ...; audits: { ...; }; }[]' to type 'AuditFinding[]' may be a mistake because neither type sufficiently overlaps with the other. If this was intentional, convert the expression to 'unknown' first.
  Property 'updated_at' is missing in type '{ audit_id: string; category: string | null; closed_at: string | null; closed_by: string | null; closure_evidence: string | null; corrective_action: string | null; created_at: string | null; ... 13 more ...; audits: { ...; }; }' but required in type 'AuditFinding'.
lib/audit-actions.ts(795,18): error TS2352: Conversion of type '{ audit_id: string | null; audit_number: string | null; audit_type: string | null; category: string | null; closed_at: string | null; closed_by: string | null; closure_evidence: string | null; ... 17 more ...; verified_by: string | null; }[]' to type 'OpenFindingView[]' may be a mistake because neither type sufficiently overlaps with the other. If this was intentional, convert the expression to 'unknown' first.
  Property 'days_open' is missing in type '{ audit_id: string | null; audit_number: string | null; audit_type: string | null; category: string | null; closed_at: string | null; closed_by: string | null; closure_evidence: string | null; ... 17 more ...; verified_by: string | null; }' but required in type 'OpenFindingView'.
lib/audit-actions.ts(854,33): error TS2352: Conversion of type '{ audit_id: string | null; audit_number: string | null; audit_type: string | null; category: string | null; closed_at: string | null; closed_by: string | null; closure_evidence: string | null; ... 17 more ...; verified_by: string | null; }[]' to type 'OpenFindingView[]' may be a mistake because neither type sufficiently overlaps with the other. If this was intentional, convert the expression to 'unknown' first.
  Property 'days_open' is missing in type '{ audit_id: string | null; audit_number: string | null; audit_type: string | null; category: string | null; closed_at: string | null; closed_by: string | null; closure_evidence: string | null; ... 17 more ...; verified_by: string | null; }' but required in type 'OpenFindingView'.
lib/audit-actions.ts(862,42): error TS2352: Conversion of type '{ asset_id: string | null; audit_number: string; audit_type_id: string; auditor_id: string | null; auditor_name: string | null; checklist_responses: Json; completed_at: string | null; ... 17 more ...; summary: string | null; }[]' to type 'Audit[]' may be a mistake because neither type sufficiently overlaps with the other. If this was intentional, convert the expression to 'unknown' first.
  Property 'updated_at' is missing in type '{ asset_id: string | null; audit_number: string; audit_type_id: string; auditor_id: string | null; auditor_name: string | null; checklist_responses: Json; completed_at: string | null; ... 17 more ...; summary: string | null; }' but required in type 'Audit'.
lib/audit-actions.ts(903,18): error TS2352: Conversion of type '{ asset_id: string | null; audit_number: string; audit_type_id: string; auditor_id: string | null; auditor_name: string | null; checklist_responses: Json; completed_at: string | null; ... 17 more ...; summary: string | null; }[]' to type 'Audit[]' may be a mistake because neither type sufficiently overlaps with the other. If this was intentional, convert the expression to 'unknown' first.
  Property 'updated_at' is missing in type '{ asset_id: string | null; audit_number: string; audit_type_id: string; auditor_id: string | null; auditor_name: string | null; checklist_responses: Json; completed_at: string | null; ... 17 more ...; summary: string | null; }' but required in type 'Audit'.
lib/audit-log.ts(24,7): error TS2769: No overload matches this call.
  Overload 2 of 2, '(values: { action: string; changes_summary?: string | null | undefined; created_at?: string | null | undefined; id?: string | undefined; ip_address?: string | null | undefined; module: string; ... 12 more ...; workflow_status_to?: string | ... 1 more ... | undefined; }[], options?: { ...; } | undefined): PostgrestFilterBuilder<...>', gave the following error.
    Object literal may only specify known properties, and 'user_id' does not exist in type '{ action: string; changes_summary?: string | null | undefined; created_at?: string | null | undefined; id?: string | undefined; ip_address?: string | null | undefined; module: string; ... 12 more ...; workflow_status_to?: string | ... 1 more ... | undefined; }[]'.
lib/audit-log.ts(239,9): error TS2322: Type '{ id: string; userId: string; userName: string; userEmail: string; userRole: UserRole; action: AuditAction; module: string; recordId: string | null; recordType: string | null; ... 9 more ...; createdAt: string | null; }[]' is not assignable to type 'AuditLogEntry[]'.
  Type '{ id: string; userId: string; userName: string; userEmail: string; userRole: UserRole; action: AuditAction; module: string; recordId: string | null; recordType: string | null; recordNumber: string | null; ... 8 more ...; createdAt: string | null; }' is not assignable to type 'AuditLogEntry'.
    Types of property 'recordId' are incompatible.
      Type 'string | null' is not assignable to type 'string | undefined'.
        Type 'null' is not assignable to type 'string | undefined'.
lib/audit-utils.ts(622,9): error TS2741: Property 'resolved' is missing in type '{ open: string; in_progress: string; closed: string; verified: string; }' but required in type 'Record<"in_progress" | "open" | "resolved" | "verified" | "closed", string>'.
lib/audit-utils.ts(687,9): error TS2741: Property 'resolved' is missing in type '{ open: string; in_progress: string; closed: string; verified: string; }' but required in type 'Record<"in_progress" | "open" | "resolved" | "verified" | "closed", string>'.
lib/automation-log-actions.ts(25,8): error TS2769: No overload matches this call.
  Overload 1 of 2, '(values: { completed_at?: string | null | undefined; created_at?: string | null | undefined; endpoint_id?: string | null | undefined; error_message?: string | null | undefined; execution_id?: string | ... 1 more ... | undefined; ... 7 more ...; triggered_at?: string | undefined; }, options?: { ...; } | undefined): PostgrestFilterBuilder<...>', gave the following error.
    Type 'Record<string, unknown>' is not assignable to type 'Json | undefined'.
      Type 'Record<string, unknown>' is missing the following properties from type 'Json[]': length, pop, push, concat, and 35 more.
  Overload 2 of 2, '(values: { completed_at?: string | null | undefined; created_at?: string | null | undefined; endpoint_id?: string | null | undefined; error_message?: string | null | undefined; execution_id?: string | ... 1 more ... | undefined; ... 7 more ...; triggered_at?: string | undefined; }[], options?: { ...; } | undefined): PostgrestFilterBuilder<...>', gave the following error.
    Object literal may only specify known properties, and 'endpoint_id' does not exist in type '{ completed_at?: string | null | undefined; created_at?: string | null | undefined; endpoint_id?: string | null | undefined; error_message?: string | null | undefined; execution_id?: string | ... 1 more ... | undefined; ... 7 more ...; triggered_at?: string | undefined; }[]'.
lib/automation-stats-actions.ts(265,14): error TS2322: Type '{ id: string; endpointId: string | null; executionId: string | null; errorMessage: string; triggeredAt: string; }[]' is not assignable to type '{ id: string; endpointId: string; executionId: string; errorMessage: string; triggeredAt: string; }[]'.
  Type '{ id: string; endpointId: string | null; executionId: string | null; errorMessage: string; triggeredAt: string; }' is not assignable to type '{ id: string; endpointId: string; executionId: string; errorMessage: string; triggeredAt: string; }'.
    Types of property 'endpointId' are incompatible.
      Type 'string | null' is not assignable to type 'string'.
        Type 'null' is not assignable to type 'string'.
lib/dashboard-utils.ts(102,10): error TS2678: Type '"pjo_approved"' is not comparable to type '"create" | "update" | "delete" | "approve" | "reject" | "submit" | "complete" | "cancel" | "release" | "settle" | "convert"'.
lib/dashboard-utils.ts(104,10): error TS2678: Type '"pjo_rejected"' is not comparable to type '"create" | "update" | "delete" | "approve" | "reject" | "submit" | "complete" | "cancel" | "release" | "settle" | "convert"'.
lib/dashboard-utils.ts(106,10): error TS2678: Type '"jo_created"' is not comparable to type '"create" | "update" | "delete" | "approve" | "reject" | "submit" | "complete" | "cancel" | "release" | "settle" | "convert"'.
lib/dashboard-utils.ts(109,10): error TS2678: Type '"jo_completed"' is not comparable to type '"create" | "update" | "delete" | "approve" | "reject" | "submit" | "complete" | "cancel" | "release" | "settle" | "convert"'.
lib/dashboard-utils.ts(111,10): error TS2678: Type '"jo_submitted_to_finance"' is not comparable to type '"create" | "update" | "delete" | "approve" | "reject" | "submit" | "complete" | "cancel" | "release" | "settle" | "convert"'.
lib/dashboard-utils.ts(113,10): error TS2678: Type '"invoice_created"' is not comparable to type '"create" | "update" | "delete" | "approve" | "reject" | "submit" | "complete" | "cancel" | "release" | "settle" | "convert"'.
lib/dashboard-utils.ts(115,10): error TS2678: Type '"invoice_sent"' is not comparable to type '"create" | "update" | "delete" | "approve" | "reject" | "submit" | "complete" | "cancel" | "release" | "settle" | "convert"'.
lib/dashboard-utils.ts(117,10): error TS2678: Type '"invoice_paid"' is not comparable to type '"create" | "update" | "delete" | "approve" | "reject" | "submit" | "complete" | "cancel" | "release" | "settle" | "convert"'.
lib/dashboard-utils.ts(119,10): error TS2678: Type '"cost_confirmed"' is not comparable to type '"create" | "update" | "delete" | "approve" | "reject" | "submit" | "complete" | "cancel" | "release" | "settle" | "convert"'.
lib/depreciation-actions.ts(70,36): error TS2345: Argument of type 'string | null' is not assignable to parameter of type 'string'.
  Type 'null' is not assignable to type 'string'.
lib/depreciation-actions.ts(91,7): error TS2345: Argument of type 'string | null' is not assignable to parameter of type 'DepreciationMethod'.
  Type 'null' is not assignable to type 'DepreciationMethod'.
lib/depreciation-actions.ts(110,8): error TS2769: No overload matches this call.
  Overload 1 of 2, '(values: { accumulated_depreciation: number; asset_id: string; beginning_book_value: number; created_at?: string | null | undefined; created_by?: string | null | undefined; depreciation_amount: number; ... 6 more ...; period_start: string; }, options?: { ...; } | undefined): PostgrestFilterBuilder<...>', gave the following error.
    Type 'string | null' is not assignable to type 'string'.
      Type 'null' is not assignable to type 'string'.
  Overload 2 of 2, '(values: { accumulated_depreciation: number; asset_id: string; beginning_book_value: number; created_at?: string | null | undefined; created_by?: string | null | undefined; depreciation_amount: number; ... 6 more ...; period_start: string; }[], options?: { ...; } | undefined): PostgrestFilterBuilder<...>', gave the following error.
    Object literal may only specify known properties, and 'asset_id' does not exist in type '{ accumulated_depreciation: number; asset_id: string; beginning_book_value: number; created_at?: string | null | undefined; created_by?: string | null | undefined; depreciation_amount: number; ... 6 more ...; period_start: string; }[]'.
lib/depreciation-actions.ts(236,38): error TS2345: Argument of type 'string | null' is not assignable to parameter of type 'string'.
  Type 'null' is not assignable to type 'string'.
lib/drawing-actions.ts(52,3): error TS2322: Type '{ category_code: string; category_name: string; created_at: string | null; description: string | null; display_order: number | null; id: string; is_active: boolean | null; numbering_prefix: string | null; }[]' is not assignable to type 'DrawingCategory[]'.
  Type '{ category_code: string; category_name: string; created_at: string | null; description: string | null; display_order: number | null; id: string; is_active: boolean | null; numbering_prefix: string | null; }' is not assignable to type 'DrawingCategory'.
    Types of property 'is_active' are incompatible.
      Type 'boolean | null' is not assignable to type 'boolean'.
        Type 'null' is not assignable to type 'boolean'.
lib/drawing-actions.ts(95,10): error TS2352: Conversion of type '{ approved_at: string | null; approved_by: string | null; assessment_id: string | null; category_id: string; checked_at: string | null; checked_by: string | null; created_at: string | null; ... 31 more ...; issued_by_employee: { ...; } | null; }[]' to type 'DrawingWithDetails[]' may be a mistake because neither type sufficiently overlaps with the other. If this was intentional, convert the expression to 'unknown' first.
  Type '{ approved_at: string | null; approved_by: string | null; assessment_id: string | null; category_id: string; checked_at: string | null; checked_by: string | null; created_at: string | null; ... 31 more ...; issued_by_employee: { ...; } | null; }' is not comparable to type 'DrawingWithDetails'.
    Types of property 'distribution_list' are incompatible.
      Type 'Json' is not comparable to type 'DistributionItem[]'.
        Type 'Json[]' is not comparable to type 'DistributionItem[]'.
          Type 'Json' is not comparable to type 'DistributionItem'.
            Type 'Json[]' is missing the following properties from type 'DistributionItem': name, company, email, copies
lib/drawing-actions.ts(121,10): error TS2352: Conversion of type '{ approved_at: string | null; approved_by: string | null; assessment_id: string | null; category_id: string; checked_at: string | null; checked_by: string | null; created_at: string | null; ... 31 more ...; issued_by_employee: { ...; } | null; }' to type 'DrawingWithDetails' may be a mistake because neither type sufficiently overlaps with the other. If this was intentional, convert the expression to 'unknown' first.
  Types of property 'distribution_list' are incompatible.
    Type 'Json' is not comparable to type 'DistributionItem[]'.
      Type 'Json[]' is not comparable to type 'DistributionItem[]'.
        Type 'Json' is not comparable to type 'DistributionItem'.
          Type 'Json[]' is missing the following properties from type 'DistributionItem': name, company, email, copies
lib/drawing-actions.ts(189,27): error TS2322: Type '{ approved_at: string | null; approved_by: string | null; assessment_id: string | null; category_id: string; checked_at: string | null; checked_by: string | null; created_at: string | null; ... 24 more ...; updated_at: string | null; }' is not assignable to type 'Drawing'.
  Types of property 'paper_size' are incompatible.
    Type 'string | null' is not assignable to type 'string'.
      Type 'null' is not assignable to type 'string'.
lib/drawing-actions.ts(220,27): error TS2322: Type '{ approved_at: string | null; approved_by: string | null; assessment_id: string | null; category_id: string; checked_at: string | null; checked_by: string | null; created_at: string | null; ... 24 more ...; updated_at: string | null; }' is not assignable to type 'Drawing'.
  Types of property 'paper_size' are incompatible.
    Type 'string | null' is not assignable to type 'string'.
      Type 'null' is not assignable to type 'string'.
lib/drawing-actions.ts(286,39): error TS2345: Argument of type 'string | null' is not assignable to parameter of type 'string'.
  Type 'null' is not assignable to type 'string'.
lib/drawing-actions.ts(318,23): error TS18047: 'drawing.revision_count' is possibly 'null'.
lib/drawing-actions.ts(324,27): error TS2322: Type '{ approved_by: string | null; change_description: string; change_reason: string | null; checked_by: string | null; created_at: string | null; drafted_by: string | null; drawing_id: string; ... 4 more ...; revision_number: string; }' is not assignable to type 'DrawingRevision'.
  Types of property 'revision_date' are incompatible.
    Type 'string | null' is not assignable to type 'string'.
      Type 'null' is not assignable to type 'string'.
lib/drawing-actions.ts(430,27): error TS2322: Type '{ approved_at: string | null; approved_by: string | null; assessment_id: string | null; category_id: string; checked_at: string | null; checked_by: string | null; created_at: string | null; ... 24 more ...; updated_at: string | null; }' is not assignable to type 'Drawing'.
  Types of property 'paper_size' are incompatible.
    Type 'string | null' is not assignable to type 'string'.
      Type 'null' is not assignable to type 'string'.
lib/drawing-actions.ts(458,10): error TS2352: Conversion of type '{ acknowledged_at: string | null; cover_letter: string | null; created_at: string | null; drawings: Json; id: string; job_order_id: string | null; notes: string | null; project_id: string | null; ... 9 more ...; job_order: { ...; } | null; }[]' to type 'DrawingTransmittalWithDetails[]' may be a mistake because neither type sufficiently overlaps with the other. If this was intentional, convert the expression to 'unknown' first.
  Type '{ acknowledged_at: string | null; cover_letter: string | null; created_at: string | null; drawings: Json; id: string; job_order_id: string | null; notes: string | null; project_id: string | null; ... 9 more ...; job_order: { ...; } | null; }' is not comparable to type 'DrawingTransmittalWithDetails'.
    Types of property 'drawings' are incompatible.
      Type 'Json' is not comparable to type 'TransmittalDrawingItem[]'.
        Type 'Json[]' is not comparable to type 'TransmittalDrawingItem[]'.
          Type 'Json' is not comparable to type 'TransmittalDrawingItem'.
            Type 'Json[]' is missing the following properties from type 'TransmittalDrawingItem': drawing_id, drawing_number, title, revision, copies
lib/drawing-actions.ts(479,10): error TS2352: Conversion of type '{ acknowledged_at: string | null; cover_letter: string | null; created_at: string | null; drawings: Json; id: string; job_order_id: string | null; notes: string | null; project_id: string | null; ... 9 more ...; job_order: { ...; } | null; }' to type 'DrawingTransmittalWithDetails' may be a mistake because neither type sufficiently overlaps with the other. If this was intentional, convert the expression to 'unknown' first.
  Types of property 'drawings' are incompatible.
    Type 'Json' is not comparable to type 'TransmittalDrawingItem[]'.
      Type 'Json[]' is not comparable to type 'TransmittalDrawingItem[]'.
        Type 'Json' is not comparable to type 'TransmittalDrawingItem'.
          Type 'Json[]' is missing the following properties from type 'TransmittalDrawingItem': drawing_id, drawing_number, title, revision, copies
lib/drawing-actions.ts(498,6): error TS2769: No overload matches this call.
  Overload 1 of 2, '(values: { acknowledged_at?: string | null | undefined; cover_letter?: string | null | undefined; created_at?: string | null | undefined; drawings?: Json | undefined; id?: string | undefined; ... 10 more ...; transmittal_number: string; }, options?: { ...; } | undefined): PostgrestFilterBuilder<...>', gave the following error.
    Type 'TransmittalDrawingItem[]' is not assignable to type 'Json | undefined'.
      Type 'TransmittalDrawingItem[]' is not assignable to type 'Json[]'.
        Type 'TransmittalDrawingItem' is not assignable to type 'Json'.
          Type 'TransmittalDrawingItem' is not assignable to type '{ [key: string]: Json | undefined; }'.
            Index signature for type 'string' is missing in type 'TransmittalDrawingItem'.
  Overload 2 of 2, '(values: { acknowledged_at?: string | null | undefined; cover_letter?: string | null | undefined; created_at?: string | null | undefined; drawings?: Json | undefined; id?: string | undefined; ... 10 more ...; transmittal_number: string; }[], options?: { ...; } | undefined): PostgrestFilterBuilder<...>', gave the following error.
    Object literal may only specify known properties, and 'transmittal_number' does not exist in type '{ acknowledged_at?: string | null | undefined; cover_letter?: string | null | undefined; created_at?: string | null | undefined; drawings?: Json | undefined; id?: string | undefined; ... 10 more ...; transmittal_number: string; }[]'.
lib/drawing-actions.ts(520,27): error TS2322: Type '{ acknowledged_at: string | null; cover_letter: string | null; created_at: string | null; drawings: Json; id: string; job_order_id: string | null; notes: string | null; project_id: string | null; ... 7 more ...; transmittal_number: string; }' is not assignable to type 'DrawingTransmittal'.
  Types of property 'purpose' are incompatible.
    Type 'string' is not assignable to type 'TransmittalPurpose'.
lib/drawing-actions.ts(545,27): error TS2322: Type '{ acknowledged_at: string | null; cover_letter: string | null; created_at: string | null; drawings: Json; id: string; job_order_id: string | null; notes: string | null; project_id: string | null; ... 7 more ...; transmittal_number: string; }' is not assignable to type 'DrawingTransmittal'.
  Types of property 'purpose' are incompatible.
    Type 'string' is not assignable to type 'TransmittalPurpose'.
lib/drawing-actions.ts(568,27): error TS2322: Type '{ acknowledged_at: string | null; cover_letter: string | null; created_at: string | null; drawings: Json; id: string; job_order_id: string | null; notes: string | null; project_id: string | null; ... 7 more ...; transmittal_number: string; }' is not assignable to type 'DrawingTransmittal'.
  Types of property 'purpose' are incompatible.
    Type 'string' is not assignable to type 'TransmittalPurpose'.
lib/employee-utils.ts(180,5): error TS2322: Type 'string | null' is not assignable to type 'string'.
  Type 'null' is not assignable to type 'string'.
lib/error-handling/handler.ts(178,28): error TS2551: Property 'functionName' does not exist on type 'RequestContext'. Did you mean 'function_name'?
lib/error-handling/handler.ts(179,22): error TS2551: Property 'userId' does not exist on type 'RequestContext'. Did you mean 'user_id'?
lib/error-handling/handler.ts(180,25): error TS2551: Property 'sessionId' does not exist on type 'RequestContext'. Did you mean 'session_id'?
lib/error-handling/job-handler.ts(51,6): error TS2769: No overload matches this call.
  Overload 1 of 2, '(values: { error_message: string; error_stack?: string | null | undefined; failed_at?: string | undefined; id?: string | undefined; job_data?: Json | undefined; job_id?: string | null | undefined; ... 5 more ...; status?: string | ... 1 more ... | undefined; }, options?: { ...; } | undefined): PostgrestFilterBuilder<...>', gave the following error.
    Type 'Record<string, unknown> | undefined' is not assignable to type 'Json | undefined'.
      Type 'Record<string, unknown>' is not assignable to type 'Json | undefined'.
        Type 'Record<string, unknown>' is missing the following properties from type 'Json[]': length, pop, push, concat, and 35 more.
  Overload 2 of 2, '(values: { error_message: string; error_stack?: string | null | undefined; failed_at?: string | undefined; id?: string | undefined; job_data?: Json | undefined; job_id?: string | null | undefined; ... 5 more ...; status?: string | ... 1 more ... | undefined; }[], options?: { ...; } | undefined): PostgrestFilterBuilder<...>', gave the following error.
    Object literal may only specify known properties, and 'job_type' does not exist in type '{ error_message: string; error_stack?: string | null | undefined; failed_at?: string | undefined; id?: string | undefined; job_data?: Json | undefined; job_id?: string | null | undefined; ... 5 more ...; status?: string | ... 1 more ... | undefined; }[]'.
lib/error-handling/job-handler.ts(68,3): error TS2322: Type '{ error_message: string; error_stack: string | null; failed_at: string; id: string; job_data: Json; job_id: string | null; job_type: string; max_retries: number | null; next_retry_at: string | null; resolved_at: string | null; retry_count: number | null; status: string | null; }' is not assignable to type 'JobFailureRecord'.
  Types of property 'job_data' are incompatible.
    Type 'Json' is not assignable to type 'Record<string, unknown> | null'.
      Type 'string' is not assignable to type 'Record<string, unknown>'.
lib/error-handling/job-handler.ts(92,25): error TS18047: 'failure.retry_count' is possibly 'null'.
lib/error-handling/job-handler.ts(94,24): error TS18047: 'failure.max_retries' is possibly 'null'.
lib/error-handling/job-handler.ts(166,3): error TS2322: Type '{ error_message: string; error_stack: string | null; failed_at: string; id: string; job_data: Json; job_id: string | null; job_type: string; max_retries: number | null; next_retry_at: string | null; resolved_at: string | null; retry_count: number | null; status: string | null; }[]' is not assignable to type 'JobFailureRecord[]'.
  Type '{ error_message: string; error_stack: string | null; failed_at: string; id: string; job_data: Json; job_id: string | null; job_type: string; max_retries: number | null; next_retry_at: string | null; resolved_at: string | null; retry_count: number | null; status: string | null; }' is not assignable to type 'JobFailureRecord'.
    Types of property 'job_data' are incompatible.
      Type 'Json' is not assignable to type 'Record<string, unknown> | null'.
        Type 'string' is not assignable to type 'Record<string, unknown>'.
lib/error-handling/job-handler.ts(190,16): error TS2551: Property 'jobType' does not exist on type 'JobFailureFilters'. Did you mean 'job_type'?
lib/error-handling/job-handler.ts(191,31): error TS2551: Property 'jobType' does not exist on type 'JobFailureFilters'. Did you mean 'job_type'?
lib/error-handling/job-handler.ts(192,44): error TS2551: Property 'jobType' does not exist on type 'JobFailureFilters'. Did you mean 'job_type'?
lib/error-handling/job-handler.ts(194,44): error TS2551: Property 'jobType' does not exist on type 'JobFailureFilters'. Did you mean 'job_type'?
lib/error-handling/job-handler.ts(198,16): error TS2339: Property 'dateFrom' does not exist on type 'JobFailureFilters'.
lib/error-handling/job-handler.ts(199,44): error TS2339: Property 'dateFrom' does not exist on type 'JobFailureFilters'.
lib/error-handling/job-handler.ts(202,16): error TS2339: Property 'dateTo' does not exist on type 'JobFailureFilters'.
lib/error-handling/job-handler.ts(203,44): error TS2339: Property 'dateTo' does not exist on type 'JobFailureFilters'.
lib/error-handling/job-handler.ts(212,3): error TS2322: Type '{ error_message: string; error_stack: string | null; failed_at: string; id: string; job_data: Json; job_id: string | null; job_type: string; max_retries: number | null; next_retry_at: string | null; resolved_at: string | null; retry_count: number | null; status: string | null; }[]' is not assignable to type 'JobFailureRecord[]'.
  Type '{ error_message: string; error_stack: string | null; failed_at: string; id: string; job_data: Json; job_id: string | null; job_type: string; max_retries: number | null; next_retry_at: string | null; resolved_at: string | null; retry_count: number | null; status: string | null; }' is not assignable to type 'JobFailureRecord'.
    Types of property 'job_data' are incompatible.
      Type 'Json' is not assignable to type 'Record<string, unknown> | null'.
        Type 'string' is not assignable to type 'Record<string, unknown>'.
lib/error-handling/job-handler.ts(236,3): error TS2322: Type '{ error_message: string; error_stack: string | null; failed_at: string; id: string; job_data: Json; job_id: string | null; job_type: string; max_retries: number | null; next_retry_at: string | null; resolved_at: string | null; retry_count: number | null; status: string | null; }' is not assignable to type 'JobFailureRecord'.
  Types of property 'job_data' are incompatible.
    Type 'Json' is not assignable to type 'Record<string, unknown> | null'.
      Type 'string' is not assignable to type 'Record<string, unknown>'.
lib/error-handling/recovery.ts(50,53): error TS2589: Type instantiation is excessively deep and possibly infinite.
lib/error-handling/recovery.ts(51,11): error TS2769: No overload matches this call.
  Overload 1 of 2, '(relation: "activity_log" | "agency_charge_types" | "agency_service_providers" | "agency_vendor_invoices" | "agent_feedback" | "port_agents" | "ai_predictions" | "prediction_models" | ... 212 more ... | "weekly_kpi_snapshots"): PostgrestQueryBuilder<...>', gave the following error.
    Argument of type 'string' is not assignable to parameter of type '"activity_log" | "agency_charge_types" | "agency_service_providers" | "agency_vendor_invoices" | "agent_feedback" | "port_agents" | "ai_predictions" | "prediction_models" | ... 212 more ... | "weekly_kpi_snapshots"'.
  Overload 2 of 2, '(relation: "active_bookings" | "shipment_profitability" | "asset_availability" | "asset_tco_summary" | "asset_utilization_monthly" | "maintenance_cost_summary" | "upcoming_maintenance" | ... 43 more ... | "upcoming_vessel_arrivals"): PostgrestQueryBuilder<...>', gave the following error.
    Argument of type 'string' is not assignable to parameter of type '"active_bookings" | "shipment_profitability" | "asset_availability" | "asset_tco_summary" | "asset_utilization_monthly" | "maintenance_cost_summary" | "upcoming_maintenance" | ... 43 more ... | "upcoming_vessel_arrivals"'.
lib/error-handling/recovery.ts(76,11): error TS2769: No overload matches this call.
  Overload 1 of 2, '(relation: "activity_log" | "agency_charge_types" | "agency_service_providers" | "agency_vendor_invoices" | "agent_feedback" | "port_agents" | "ai_predictions" | "prediction_models" | ... 212 more ... | "weekly_kpi_snapshots"): PostgrestQueryBuilder<...>', gave the following error.
    Argument of type 'string' is not assignable to parameter of type '"activity_log" | "agency_charge_types" | "agency_service_providers" | "agency_vendor_invoices" | "agent_feedback" | "port_agents" | "ai_predictions" | "prediction_models" | ... 212 more ... | "weekly_kpi_snapshots"'.
  Overload 2 of 2, '(relation: "active_bookings" | "shipment_profitability" | "asset_availability" | "asset_tco_summary" | "asset_utilization_monthly" | "maintenance_cost_summary" | "upcoming_maintenance" | ... 43 more ... | "upcoming_vessel_arrivals"): PostgrestQueryBuilder<...>', gave the following error.
    Argument of type 'string' is not assignable to parameter of type '"active_bookings" | "shipment_profitability" | "asset_availability" | "asset_tco_summary" | "asset_utilization_monthly" | "maintenance_cost_summary" | "upcoming_maintenance" | ... 43 more ... | "upcoming_vessel_arrivals"'.
lib/error-handling/recovery.ts(115,11): error TS2769: No overload matches this call.
  Overload 1 of 2, '(relation: "activity_log" | "agency_charge_types" | "agency_service_providers" | "agency_vendor_invoices" | "agent_feedback" | "port_agents" | "ai_predictions" | "prediction_models" | ... 212 more ... | "weekly_kpi_snapshots"): PostgrestQueryBuilder<...>', gave the following error.
    Argument of type 'string' is not assignable to parameter of type '"activity_log" | "agency_charge_types" | "agency_service_providers" | "agency_vendor_invoices" | "agent_feedback" | "port_agents" | "ai_predictions" | "prediction_models" | ... 212 more ... | "weekly_kpi_snapshots"'.
  Overload 2 of 2, '(relation: "active_bookings" | "shipment_profitability" | "asset_availability" | "asset_tco_summary" | "asset_utilization_monthly" | "maintenance_cost_summary" | "upcoming_maintenance" | ... 43 more ... | "upcoming_vessel_arrivals"): PostgrestQueryBuilder<...>', gave the following error.
    Argument of type 'string' is not assignable to parameter of type '"active_bookings" | "shipment_profitability" | "asset_availability" | "asset_tco_summary" | "asset_utilization_monthly" | "maintenance_cost_summary" | "upcoming_maintenance" | ... 43 more ... | "upcoming_vessel_arrivals"'.
lib/error-handling/recovery.ts(154,16): error TS2339: Property 'sourceTable' does not exist on type 'DeletedRecordFilters'.
lib/error-handling/recovery.ts(155,31): error TS2339: Property 'sourceTable' does not exist on type 'DeletedRecordFilters'.
lib/error-handling/recovery.ts(156,48): error TS2339: Property 'sourceTable' does not exist on type 'DeletedRecordFilters'.
lib/error-handling/recovery.ts(158,48): error TS2339: Property 'sourceTable' does not exist on type 'DeletedRecordFilters'.
lib/error-handling/recovery.ts(162,16): error TS2339: Property 'dateFrom' does not exist on type 'DeletedRecordFilters'.
lib/error-handling/recovery.ts(163,45): error TS2339: Property 'dateFrom' does not exist on type 'DeletedRecordFilters'.
lib/error-handling/recovery.ts(166,16): error TS2339: Property 'dateTo' does not exist on type 'DeletedRecordFilters'.
lib/error-handling/recovery.ts(167,45): error TS2339: Property 'dateTo' does not exist on type 'DeletedRecordFilters'.
lib/error-handling/recovery.ts(170,16): error TS2339: Property 'recovered' does not exist on type 'DeletedRecordFilters'.
lib/error-handling/recovery.ts(171,17): error TS2339: Property 'recovered' does not exist on type 'DeletedRecordFilters'.
lib/error-handling/recovery.ts(184,3): error TS2322: Type '{ deleted_at: string; deleted_by: string | null; id: string; purge_after: string | null; record_data: Json; recovered_at: string | null; recovered_by: string | null; source_id: string; source_table: string; }[]' is not assignable to type 'DeletedRecord[]'.
  Type '{ deleted_at: string; deleted_by: string | null; id: string; purge_after: string | null; record_data: Json; recovered_at: string | null; recovered_by: string | null; source_id: string; source_table: string; }' is not assignable to type 'DeletedRecord'.
    Types of property 'record_data' are incompatible.
      Type 'Json' is not assignable to type 'Record<string, unknown>'.
        Type 'null' is not assignable to type 'Record<string, unknown>'.
lib/error-handling/recovery.ts(206,3): error TS2322: Type '{ deleted_at: string; deleted_by: string | null; id: string; purge_after: string | null; record_data: Json; recovered_at: string | null; recovered_by: string | null; source_id: string; source_table: string; }' is not assignable to type 'DeletedRecord'.
  Types of property 'record_data' are incompatible.
    Type 'Json' is not assignable to type 'Record<string, unknown>'.
      Type 'null' is not assignable to type 'Record<string, unknown>'.
lib/error-handling/recovery.ts(304,39): error TS18047: 'r.purge_after' is possibly 'null'.
lib/error-handling/tracking.ts(40,23): error TS2345: Argument of type 'string | undefined' is not assignable to parameter of type 'string'.
  Type 'undefined' is not assignable to type 'string'.
lib/error-handling/tracking.ts(48,27): error TS18047: 'existing.occurrence_count' is possibly 'null'.
lib/error-handling/tracking.ts(61,7): error TS2769: No overload matches this call.
  Overload 2 of 2, '(values: { environment?: string | null | undefined; error_code: string; error_hash?: string | null | undefined; error_message: string; error_stack?: string | null | undefined; error_type: string; ... 17 more ...; version?: string | ... 1 more ... | undefined; }[], options?: { ...; } | undefined): PostgrestFilterBuilder<...>', gave the following error.
    Object literal may only specify known properties, and 'error_code' does not exist in type '{ environment?: string | null | undefined; error_code: string; error_hash?: string | null | undefined; error_message: string; error_stack?: string | null | undefined; error_type: string; ... 17 more ...; version?: string | ... 1 more ... | undefined; }[]'.
lib/error-handling/tracking.ts(156,16): error TS2551: Property 'errorType' does not exist on type 'ErrorFilters'. Did you mean 'error_type'?
lib/error-handling/tracking.ts(157,31): error TS2551: Property 'errorType' does not exist on type 'ErrorFilters'. Did you mean 'error_type'?
lib/error-handling/tracking.ts(158,46): error TS2551: Property 'errorType' does not exist on type 'ErrorFilters'. Did you mean 'error_type'?
lib/error-handling/tracking.ts(160,46): error TS2551: Property 'errorType' does not exist on type 'ErrorFilters'. Did you mean 'error_type'?
lib/error-handling/tracking.ts(164,16): error TS2339: Property 'dateFrom' does not exist on type 'ErrorFilters'.
lib/error-handling/tracking.ts(165,44): error TS2339: Property 'dateFrom' does not exist on type 'ErrorFilters'.
lib/error-handling/tracking.ts(168,16): error TS2339: Property 'dateTo' does not exist on type 'ErrorFilters'.
lib/error-handling/tracking.ts(169,44): error TS2339: Property 'dateTo' does not exist on type 'ErrorFilters'.
lib/error-handling/tracking.ts(184,3): error TS2322: Type '{ environment: string | null; error_code: string; error_hash: string | null; error_message: string; error_stack: string | null; error_type: string; first_seen_at: string | null; function_name: string | null; ... 15 more ...; version: string | null; }[]' is not assignable to type 'ErrorTracking[]'.
  Type '{ environment: string | null; error_code: string; error_hash: string | null; error_message: string; error_stack: string | null; error_type: string; first_seen_at: string | null; function_name: string | null; ... 15 more ...; version: string | null; }' is not assignable to type 'ErrorTracking'.
    Types of property 'request_body' are incompatible.
      Type 'Json' is not assignable to type 'Record<string, unknown> | null'.
        Type 'string' is not assignable to type 'Record<string, unknown>'.
lib/error-handling/tracking.ts(206,3): error TS2322: Type '{ environment: string | null; error_code: string; error_hash: string | null; error_message: string; error_stack: string | null; error_type: string; first_seen_at: string | null; function_name: string | null; ... 15 more ...; version: string | null; }' is not assignable to type 'ErrorTracking'.
  Types of property 'request_body' are incompatible.
    Type 'Json' is not assignable to type 'Record<string, unknown> | null'.
      Type 'string' is not assignable to type 'Record<string, unknown>'.
lib/error-handling/tracking.ts(256,5): error TS2561: Object literal may only specify known properties, but 'byStatus' does not exist in type 'ErrorSummary'. Did you mean to write 'by_status'?
lib/error-handling/tracking.ts(280,3): error TS2322: Type '{ environment: string | null; error_code: string; error_hash: string | null; error_message: string; error_stack: string | null; error_type: string; first_seen_at: string | null; function_name: string | null; ... 15 more ...; version: string | null; }' is not assignable to type 'ErrorTracking'.
  Types of property 'request_body' are incompatible.
    Type 'Json' is not assignable to type 'Record<string, unknown> | null'.
      Type 'string' is not assignable to type 'Record<string, unknown>'.
lib/error-handling/validation-logger.ts(13,15): error TS2724: '"@/types/error-handling"' has no exported member named 'ValidationErrorFilters'. Did you mean 'ValidationError'?
lib/error-handling/validation-logger.ts(124,3): error TS2322: Type '{ corrected: boolean | null; corrected_at: string | null; entity_id: string | null; entity_type: string; error_message: string; field_name: string; field_value: string | null; id: string; timestamp: string; user_id: string | null; validation_rule: string; }[]' is not assignable to type 'ValidationErrorRecord[]'.
  Type '{ corrected: boolean | null; corrected_at: string | null; entity_id: string | null; entity_type: string; error_message: string; field_name: string; field_value: string | null; id: string; timestamp: string; user_id: string | null; validation_rule: string; }' is not assignable to type 'ValidationErrorRecord'.
    Types of property 'corrected' are incompatible.
      Type 'boolean | null' is not assignable to type 'boolean'.
        Type 'null' is not assignable to type 'boolean'.
lib/error-handling/validation-logger.ts(148,3): error TS2322: Type '{ corrected: boolean | null; corrected_at: string | null; entity_id: string | null; entity_type: string; error_message: string; field_name: string; field_value: string | null; id: string; timestamp: string; user_id: string | null; validation_rule: string; }' is not assignable to type 'ValidationErrorRecord'.
  Types of property 'corrected' are incompatible.
    Type 'boolean | null' is not assignable to type 'boolean'.
      Type 'null' is not assignable to type 'boolean'.
lib/event-queue-actions.ts(27,8): error TS2769: No overload matches this call.
  Overload 1 of 2, '(values: { created_at?: string | null | undefined; error_message?: string | null | undefined; event_source: string; event_type: string; id?: string | undefined; max_retries?: number | null | undefined; ... 4 more ...; status?: string | ... 1 more ... | undefined; }, options?: { ...; } | undefined): PostgrestFilterBuilder<...>', gave the following error.
    Type 'Record<string, unknown>' is not assignable to type 'Json'.
      Type 'Record<string, unknown>' is missing the following properties from type 'Json[]': length, pop, push, concat, and 35 more.
  Overload 2 of 2, '(values: { created_at?: string | null | undefined; error_message?: string | null | undefined; event_source: string; event_type: string; id?: string | undefined; max_retries?: number | null | undefined; ... 4 more ...; status?: string | ... 1 more ... | undefined; }[], options?: { ...; } | undefined): PostgrestFilterBuilder<...>', gave the following error.
    Object literal may only specify known properties, and 'event_type' does not exist in type '{ created_at?: string | null | undefined; error_message?: string | null | undefined; event_source: string; event_type: string; id?: string | undefined; max_retries?: number | null | undefined; ... 4 more ...; status?: string | ... 1 more ... | undefined; }[]'.
lib/fee-actions.ts(54,3): error TS2322: Type '{ created_at: string | null; description: string | null; display_order: number | null; fee_category: string; fee_code: string; fee_name: string; id: string; is_active: boolean | null; is_government_fee: boolean | null; }[]' is not assignable to type 'CustomsFeeType[]'.
  Type '{ created_at: string | null; description: string | null; display_order: number | null; fee_category: string; fee_code: string; fee_name: string; id: string; is_active: boolean | null; is_government_fee: boolean | null; }' is not assignable to type 'CustomsFeeType'.
    Types of property 'fee_category' are incompatible.
      Type 'string' is not assignable to type 'FeeCategory'.
lib/fee-actions.ts(72,3): error TS2322: Type '{ created_at: string | null; description: string | null; display_order: number | null; fee_category: string; fee_code: string; fee_name: string; id: string; is_active: boolean | null; is_government_fee: boolean | null; }[]' is not assignable to type 'CustomsFeeType[]'.
  Type '{ created_at: string | null; description: string | null; display_order: number | null; fee_category: string; fee_code: string; fee_name: string; id: string; is_active: boolean | null; is_government_fee: boolean | null; }' is not assignable to type 'CustomsFeeType'.
    Types of property 'fee_category' are incompatible.
      Type 'string' is not assignable to type 'FeeCategory'.
lib/fee-actions.ts(119,27): error TS2322: Type '{ amount: number; billing_code: string | null; created_at: string | null; created_by: string | null; currency: string | null; description: string | null; document_type: string; fee_type_id: string; ... 14 more ...; vendor_invoice_number: string | null; }' is not assignable to type 'CustomsFee'.
  Types of property 'document_type' are incompatible.
    Type 'string' is not assignable to type 'CustomsDocumentType'.
lib/fee-actions.ts(191,3): error TS2322: Type '{ amount: number; billing_code: string | null; created_at: string | null; created_by: string | null; currency: string | null; description: string | null; document_type: string; fee_type_id: string; ... 19 more ...; vendor: { ...; } | null; }' is not assignable to type 'CustomsFeeWithRelations'.
  The types of 'fee_type.fee_category' are incompatible between these types.
    Type 'string' is not assignable to type 'FeeCategory'.
lib/fee-actions.ts(232,3): error TS2322: Type '{ amount: number; billing_code: string | null; created_at: string | null; created_by: string | null; currency: string | null; description: string | null; document_type: string; fee_type_id: string; ... 19 more ...; vendor: { ...; } | null; }[]' is not assignable to type 'CustomsFeeWithRelations[]'.
  Type '{ amount: number; billing_code: string | null; created_at: string | null; created_by: string | null; currency: string | null; description: string | null; document_type: string; fee_type_id: string; ... 19 more ...; vendor: { ...; } | null; }' is not assignable to type 'CustomsFeeWithRelations'.
    The types of 'fee_type.fee_category' are incompatible between these types.
      Type 'string' is not assignable to type 'FeeCategory'.
lib/fee-actions.ts(261,3): error TS2322: Type '{ amount: number; billing_code: string | null; created_at: string | null; created_by: string | null; currency: string | null; description: string | null; document_type: string; fee_type_id: string; ... 19 more ...; vendor: { ...; } | null; }[]' is not assignable to type 'CustomsFeeWithRelations[]'.
  Type '{ amount: number; billing_code: string | null; created_at: string | null; created_by: string | null; currency: string | null; description: string | null; document_type: string; fee_type_id: string; ... 19 more ...; vendor: { ...; } | null; }' is not assignable to type 'CustomsFeeWithRelations'.
    The types of 'fee_type.fee_category' are incompatible between these types.
      Type 'string' is not assignable to type 'FeeCategory'.
lib/fee-actions.ts(285,3): error TS2322: Type '{ amount: number; billing_code: string | null; created_at: string | null; created_by: string | null; currency: string | null; description: string | null; document_type: string; fee_type_id: string; ... 19 more ...; vendor: { ...; } | null; }[]' is not assignable to type 'CustomsFeeWithRelations[]'.
  Type '{ amount: number; billing_code: string | null; created_at: string | null; created_by: string | null; currency: string | null; description: string | null; document_type: string; fee_type_id: string; ... 19 more ...; vendor: { ...; } | null; }' is not assignable to type 'CustomsFeeWithRelations'.
    The types of 'fee_type.fee_category' are incompatible between these types.
      Type 'string' is not assignable to type 'FeeCategory'.
lib/fee-actions.ts(430,27): error TS2322: Type '{ arrival_date: string | null; container_number: string; container_size: string | null; container_type: string | null; created_at: string | null; daily_rate: number | null; free_time_days: number | null; ... 11 more ...; updated_at: string | null; }' is not assignable to type 'ContainerTracking'.
  Types of property 'container_size' are incompatible.
    Type 'string | null' is not assignable to type 'ContainerSize | null'.
      Type 'string' is not assignable to type 'ContainerSize | null'.
lib/fee-actions.ts(465,66): error TS2345: Argument of type 'number | null' is not assignable to parameter of type 'number'.
  Type 'null' is not assignable to type 'number'.
lib/fee-actions.ts(518,3): error TS2322: Type '{ arrival_date: string | null; container_number: string; container_size: string | null; container_type: string | null; created_at: string | null; daily_rate: number | null; free_time_days: number | null; ... 14 more ...; job_order: { ...; } | null; }' is not assignable to type 'ContainerTrackingWithRelations'.
  Types of property 'pib' are incompatible.
    Type '{ id: string; internal_ref: string; } | null' is not assignable to type '{ id: string; internal_ref: string; } | undefined'.
      Type 'null' is not assignable to type '{ id: string; internal_ref: string; } | undefined'.
lib/fee-actions.ts(545,3): error TS2322: Type '{ arrival_date: string | null; container_number: string; container_size: string | null; container_type: string | null; created_at: string | null; daily_rate: number | null; free_time_days: number | null; ... 14 more ...; job_order: { ...; } | null; }[]' is not assignable to type 'ContainerTrackingWithRelations[]'.
  Type '{ arrival_date: string | null; container_number: string; container_size: string | null; container_type: string | null; created_at: string | null; daily_rate: number | null; free_time_days: number | null; ... 14 more ...; job_order: { ...; } | null; }' is not assignable to type 'ContainerTrackingWithRelations'.
    Types of property 'pib' are incompatible.
      Type '{ id: string; internal_ref: string; } | null' is not assignable to type '{ id: string; internal_ref: string; } | undefined'.
        Type 'null' is not assignable to type '{ id: string; internal_ref: string; } | undefined'.
lib/fee-actions.ts(572,3): error TS2322: Type '{ arrival_date: string | null; container_number: string; container_size: string | null; container_type: string | null; created_at: string | null; daily_rate: number | null; free_time_days: number | null; ... 14 more ...; job_order: { ...; } | null; }[]' is not assignable to type 'ContainerTrackingWithRelations[]'.
  Type '{ arrival_date: string | null; container_number: string; container_size: string | null; container_type: string | null; created_at: string | null; daily_rate: number | null; free_time_days: number | null; ... 14 more ...; job_order: { ...; } | null; }' is not assignable to type 'ContainerTrackingWithRelations'.
    Types of property 'pib' are incompatible.
      Type '{ id: string; internal_ref: string; } | null' is not assignable to type '{ id: string; internal_ref: string; } | undefined'.
        Type 'null' is not assignable to type '{ id: string; internal_ref: string; } | undefined'.
lib/fee-actions.ts(665,3): error TS2322: Type '{ customer_name: string | null; jo_number: string | null; job_order_id: string | null; total_customs_cost: number | null; total_duties: number | null; total_paid: number | null; ... 4 more ...; total_taxes: number | null; }' is not assignable to type 'JobCustomsCostSummary'.
  Types of property 'job_order_id' are incompatible.
    Type 'string | null' is not assignable to type 'string'.
      Type 'null' is not assignable to type 'string'.
lib/fee-actions.ts(682,3): error TS2322: Type '{ customer_name: string | null; jo_number: string | null; job_order_id: string | null; total_customs_cost: number | null; total_duties: number | null; total_paid: number | null; ... 4 more ...; total_taxes: number | null; }[]' is not assignable to type 'JobCustomsCostSummary[]'.
  Type '{ customer_name: string | null; jo_number: string | null; job_order_id: string | null; total_customs_cost: number | null; total_duties: number | null; total_paid: number | null; ... 4 more ...; total_taxes: number | null; }' is not assignable to type 'JobCustomsCostSummary'.
    Types of property 'job_order_id' are incompatible.
      Type 'string | null' is not assignable to type 'string'.
        Type 'null' is not assignable to type 'string'.
lib/fee-actions.ts(698,3): error TS2322: Type '{ amount: number | null; billing_code: string | null; created_at: string | null; created_by: string | null; currency: string | null; description: string | null; document_type: string | null; ... 21 more ...; vendor_invoice_number: string | null; }[]' is not assignable to type 'PendingCustomsPayment[]'.
  Type '{ amount: number | null; billing_code: string | null; created_at: string | null; created_by: string | null; currency: string | null; description: string | null; document_type: string | null; ... 21 more ...; vendor_invoice_number: string | null; }' is not assignable to type 'PendingCustomsPayment'.
    Types of property 'fee_name' are incompatible.
      Type 'string | null' is not assignable to type 'string'.
        Type 'null' is not assignable to type 'string'.
lib/field-mask.ts(90,3): error TS2353: Object literal may only specify known properties, and 'manager' does not exist in type 'Record<UserRole, Record<string, string[]>>'.
lib/guided-tours-actions.ts(82,20): error TS2352: Conversion of type '{ applicable_roles: string[] | null; created_at: string | null; description: string | null; display_order: number | null; estimated_minutes: number | null; id: string; is_active: boolean | null; start_route: string; steps: Json; tour_code: string; tour_name: string; }[]' to type 'GuidedTourRow[]' may be a mistake because neither type sufficiently overlaps with the other. If this was intentional, convert the expression to 'unknown' first.
  Type '{ applicable_roles: string[] | null; created_at: string | null; description: string | null; display_order: number | null; estimated_minutes: number | null; id: string; is_active: boolean | null; start_route: string; steps: Json; tour_code: string; tour_name: string; }' is not comparable to type 'GuidedTourRow'.
    Types of property 'steps' are incompatible.
      Type 'Json' is not comparable to type 'TourStep[]'.
        Type 'Json[]' is not comparable to type 'TourStep[]'.
          Type 'Json' is not comparable to type 'TourStep'.
            Type 'Json[]' is missing the following properties from type 'TourStep': target, title, content, placement
lib/guided-tours-actions.ts(120,33): error TS2352: Conversion of type '{ applicable_roles: string[] | null; created_at: string | null; description: string | null; display_order: number | null; estimated_minutes: number | null; id: string; is_active: boolean | null; start_route: string; steps: Json; tour_code: string; tour_name: string; }' to type 'GuidedTourRow' may be a mistake because neither type sufficiently overlaps with the other. If this was intentional, convert the expression to 'unknown' first.
  Types of property 'steps' are incompatible.
    Type 'Json' is not comparable to type 'TourStep[]'.
      Type 'Json[]' is not comparable to type 'TourStep[]'.
        Type 'Json' is not comparable to type 'TourStep'.
          Type 'Json[]' is missing the following properties from type 'TourStep': target, title, content, placement
lib/guided-tours-actions.ts(148,33): error TS2352: Conversion of type '{ applicable_roles: string[] | null; created_at: string | null; description: string | null; display_order: number | null; estimated_minutes: number | null; id: string; is_active: boolean | null; start_route: string; steps: Json; tour_code: string; tour_name: string; }' to type 'GuidedTourRow' may be a mistake because neither type sufficiently overlaps with the other. If this was intentional, convert the expression to 'unknown' first.
  Types of property 'steps' are incompatible.
    Type 'Json' is not comparable to type 'TourStep[]'.
      Type 'Json[]' is not comparable to type 'TourStep[]'.
        Type 'Json' is not comparable to type 'TourStep'.
          Type 'Json[]' is missing the following properties from type 'TourStep': target, title, content, placement
lib/guided-tours-actions.ts(199,7): error TS2322: Type 'number | null' is not assignable to type 'number'.
  Type 'null' is not assignable to type 'number'.
lib/guided-tours-actions.ts(222,16): error TS2352: Conversion of type 'string | number | boolean | { [key: string]: Json | undefined; } | Json[] | null' to type 'TourStep[]' may be a mistake because neither type sufficiently overlaps with the other. If this was intentional, convert the expression to 'unknown' first.
  Type 'Json[]' is not comparable to type 'TourStep[]'.
    Type 'Json' is not comparable to type 'TourStep'.
      Type 'Json[]' is missing the following properties from type 'TourStep': target, title, content, placement
lib/guided-tours-actions.ts(272,19): error TS2352: Conversion of type 'string | number | boolean | { [key: string]: Json | undefined; } | Json[] | null' to type 'TourStep[]' may be a mistake because neither type sufficiently overlaps with the other. If this was intentional, convert the expression to 'unknown' first.
  Type 'Json[]' is not comparable to type 'TourStep[]'.
    Type 'Json' is not comparable to type 'TourStep'.
      Type 'Json[]' is missing the following properties from type 'TourStep': target, title, content, placement
lib/guided-tours-actions.ts(273,50): error TS2345: Argument of type 'number | null' is not assignable to parameter of type 'number'.
  Type 'null' is not assignable to type 'number'.
lib/guided-tours-actions.ts(291,47): error TS2322: Type 'number | null' is not assignable to type 'number'.
  Type 'null' is not assignable to type 'number'.
lib/guided-tours-actions.ts(349,50): error TS2345: Argument of type 'number | null' is not assignable to parameter of type 'number'.
  Type 'null' is not assignable to type 'number'.
lib/guided-tours-actions.ts(366,19): error TS2352: Conversion of type 'string | number | boolean | { [key: string]: Json | undefined; } | Json[] | null' to type 'TourStep[]' may be a mistake because neither type sufficiently overlaps with the other. If this was intentional, convert the expression to 'unknown' first.
  Type 'Json[]' is not comparable to type 'TourStep[]'.
    Type 'Json' is not comparable to type 'TourStep'.
      Type 'Json[]' is missing the following properties from type 'TourStep': target, title, content, placement
lib/help-center-actions.ts(78,27): error TS2345: Argument of type '(row: HelpArticleRow) => HelpArticle' is not assignable to parameter of type '(value: { applicable_roles: string[] | null; article_slug: string; category: string; content: string; created_at: string | null; display_order: number | null; helpful_count: number | null; ... 9 more ...; view_count: number | null; }, index: number, array: { ...; }[]) => HelpArticle'.
  Types of parameters 'row' and 'value' are incompatible.
    Type '{ applicable_roles: string[] | null; article_slug: string; category: string; content: string; created_at: string | null; display_order: number | null; helpful_count: number | null; id: string; ... 8 more ...; view_count: number | null; }' is not assignable to type 'HelpArticleRow'.
      Types of property 'category' are incompatible.
        Type 'string' is not assignable to type 'HelpArticleCategory'.
lib/help-center-actions.ts(131,27): error TS2345: Argument of type '(row: HelpArticleRow) => HelpArticle' is not assignable to parameter of type '(value: { applicable_roles: string[] | null; article_slug: string; category: string; content: string; created_at: string | null; display_order: number | null; helpful_count: number | null; ... 9 more ...; view_count: number | null; }, index: number, array: { ...; }[]) => HelpArticle'.
  Types of parameters 'row' and 'value' are incompatible.
    Type '{ applicable_roles: string[] | null; article_slug: string; category: string; content: string; created_at: string | null; display_order: number | null; helpful_count: number | null; id: string; ... 8 more ...; view_count: number | null; }' is not assignable to type 'HelpArticleRow'.
      Types of property 'category' are incompatible.
        Type 'string' is not assignable to type 'HelpArticleCategory'.
lib/help-center-actions.ts(156,27): error TS2345: Argument of type '(row: HelpArticleRow) => HelpArticle' is not assignable to parameter of type '(value: { applicable_roles: string[] | null; article_slug: string; category: string; content: string; created_at: string | null; display_order: number | null; helpful_count: number | null; ... 9 more ...; view_count: number | null; }, index: number, array: { ...; }[]) => HelpArticle'.
  Types of parameters 'row' and 'value' are incompatible.
    Type '{ applicable_roles: string[] | null; article_slug: string; category: string; content: string; created_at: string | null; display_order: number | null; helpful_count: number | null; id: string; ... 8 more ...; view_count: number | null; }' is not assignable to type 'HelpArticleRow'.
      Types of property 'category' are incompatible.
        Type 'string' is not assignable to type 'HelpArticleCategory'.
lib/help-center-actions.ts(182,27): error TS2345: Argument of type '(row: HelpArticleRow) => HelpArticle' is not assignable to parameter of type '(value: { applicable_roles: string[] | null; article_slug: string; category: string; content: string; created_at: string | null; display_order: number | null; helpful_count: number | null; ... 9 more ...; view_count: number | null; }, index: number, array: { ...; }[]) => HelpArticle'.
  Types of parameters 'row' and 'value' are incompatible.
    Type '{ applicable_roles: string[] | null; article_slug: string; category: string; content: string; created_at: string | null; display_order: number | null; helpful_count: number | null; id: string; ... 8 more ...; view_count: number | null; }' is not assignable to type 'HelpArticleRow'.
      Types of property 'category' are incompatible.
        Type 'string' is not assignable to type 'HelpArticleCategory'.
lib/help-center-actions.ts(208,27): error TS2345: Argument of type '(row: HelpFAQRow) => HelpFAQ' is not assignable to parameter of type '(value: { answer: string; applicable_roles: string[] | null; category: string; created_at: string | null; display_order: number | null; id: string; question: string; }, index: number, array: { ...; }[]) => HelpFAQ'.
  Types of parameters 'row' and 'value' are incompatible.
    Type '{ answer: string; applicable_roles: string[] | null; category: string; created_at: string | null; display_order: number | null; id: string; question: string; }' is not assignable to type 'HelpFAQRow'.
      Types of property 'category' are incompatible.
        Type 'string' is not assignable to type 'HelpArticleCategory'.
lib/help-center-actions.ts(223,40): error TS2345: Argument of type '"increment_help_article_view"' is not assignable to parameter of type '"can_view_salary_slip" | "check_system_health" | "cleanup_expired_blocked_ips" | "cleanup_expired_rate_limits" | "cleanup_expired_sessions" | "create_notification" | "generate_bkk_number" | ... 19 more ... | "search_help_content"'.
lib/help-center-actions.ts(231,17): error TS2322: Type 'PostgrestFilterBuilder<{ PostgrestVersion: "13.0.5"; }, { Tables: { activity_log: { Row: { action_type: string; created_at: string | null; details: Json; document_id: string; document_number: string; document_type: string; id: string; user_id: string | null; user_name: string; }; Insert: { ...; }; Update: { ...; }; ...' is not assignable to type 'number'.
lib/help-center-actions.ts(231,42): error TS2345: Argument of type '"increment"' is not assignable to parameter of type '"can_view_salary_slip" | "check_system_health" | "cleanup_expired_blocked_ips" | "cleanup_expired_rate_limits" | "cleanup_expired_sessions" | "create_notification" | "generate_bkk_number" | ... 19 more ... | "search_help_content"'.
lib/homepage-routing-utils.ts(40,12): error TS2352: Conversion of type '{ created_at: string | null; fallback_route: string | null; homepage_route: string; id: string; redirect_rules: Json; role: string; }' to type 'RoleHomepage' may be a mistake because neither type sufficiently overlaps with the other. If this was intentional, convert the expression to 'unknown' first.
  Types of property 'redirect_rules' are incompatible.
    Type 'Json' is not comparable to type 'RedirectRule[]'.
      Type 'Json[]' is not comparable to type 'RedirectRule[]'.
        Type 'Json' is not comparable to type 'RedirectRule'.
          Type 'Json[]' is missing the following properties from type 'RedirectRule': condition, route
lib/hs-actions.ts(294,17): error TS2538: Type 'null' cannot be used as an index type.
lib/hs-actions.ts(294,48): error TS2538: Type 'null' cannot be used as an index type.
lib/hs-actions.ts(327,41): error TS2345: Argument of type '(row: HSCodeRow) => [string, HSCode]' is not assignable to parameter of type '(value: { created_at: string | null; description: string; description_id: string | null; export_restriction_type: string | null; has_export_restrictions: boolean | null; has_restrictions: boolean | null; ... 12 more ...; heading: { ...; } | null; }, index: number, array: { ...; }[]) => [...]'.
  Types of parameters 'row' and 'value' are incompatible.
    Type '{ created_at: string | null; description: string; description_id: string | null; export_restriction_type: string | null; has_export_restrictions: boolean | null; has_restrictions: boolean | null; ... 12 more ...; heading: { ...; } | null; }' is not assignable to type 'HSCodeRow'.
      Types of property 'heading_id' are incompatible.
        Type 'string | null' is not assignable to type 'string'.
          Type 'null' is not assignable to type 'string'.
lib/hs-utils.ts(144,29): error TS2345: Argument of type '(row: HSCodeRow) => { relevanceScore: number; chapterName: string | undefined; headingName: string | undefined; id: string; hsCode: string; headingId: string; description: string; ... 14 more ...; updatedAt: string; }' is not assignable to parameter of type '(value: { created_at: string | null; description: string; description_id: string | null; export_restriction_type: string | null; has_export_restrictions: boolean | null; has_restrictions: boolean | null; ... 12 more ...; heading: { ...; } | null; }, index: number, array: { ...; }[]) => { ...; }'.
  Types of parameters 'row' and 'value' are incompatible.
    Type '{ created_at: string | null; description: string; description_id: string | null; export_restriction_type: string | null; has_export_restrictions: boolean | null; has_restrictions: boolean | null; ... 12 more ...; heading: { ...; } | null; }' is not assignable to type 'HSCodeRow'.
      Types of property 'heading_id' are incompatible.
        Type 'string | null' is not assignable to type 'string'.
          Type 'null' is not assignable to type 'string'.
lib/hs-utils.ts(169,36): error TS2345: Argument of type '(row: HSCodeRow) => { relevanceScore: number; chapterName: string | undefined; headingName: string | undefined; id: string; hsCode: string; headingId: string; description: string; ... 14 more ...; updatedAt: string; }' is not assignable to parameter of type '(value: { created_at: string | null; description: string; description_id: string | null; export_restriction_type: string | null; has_export_restrictions: boolean | null; has_restrictions: boolean | null; ... 12 more ...; heading: { ...; } | null; }, index: number, array: { ...; }[]) => { ...; }'.
  Types of parameters 'row' and 'value' are incompatible.
    Type '{ created_at: string | null; description: string; description_id: string | null; export_restriction_type: string | null; has_export_restrictions: boolean | null; has_restrictions: boolean | null; ... 12 more ...; heading: { ...; } | null; }' is not assignable to type 'HSCodeRow'.
      Types of property 'heading_id' are incompatible.
        Type 'string | null' is not assignable to type 'string'.
          Type 'null' is not assignable to type 'string'.
lib/hs-utils.ts(296,19): error TS2345: Argument of type '(row: HSPreferentialRateRow) => HSPreferentialRate' is not assignable to parameter of type '(value: { created_at: string | null; effective_from: string | null; effective_to: string | null; fta_code: string; hs_code_id: string; id: string; preferential_rate: number | null; requires_coo: boolean | null; }, index: number, array: { ...; }[]) => HSPreferentialRate'.
  Types of parameters 'row' and 'value' are incompatible.
    Type '{ created_at: string | null; effective_from: string | null; effective_to: string | null; fta_code: string; hs_code_id: string; id: string; preferential_rate: number | null; requires_coo: boolean | null; }' is not assignable to type 'HSPreferentialRateRow'.
      Types of property 'preferential_rate' are incompatible.
        Type 'number | null' is not assignable to type 'number'.
          Type 'null' is not assignable to type 'number'.
lib/hs-utils.ts(392,27): error TS2345: Argument of type '(row: HSChapterRow) => HSChapter' is not assignable to parameter of type '(value: { chapter_code: string; chapter_name: string; chapter_name_id: string | null; created_at: string | null; id: string; section_name: string | null; section_number: number | null; }, index: number, array: { ...; }[]) => HSChapter'.
  Types of parameters 'row' and 'value' are incompatible.
    Type '{ chapter_code: string; chapter_name: string; chapter_name_id: string | null; created_at: string | null; id: string; section_name: string | null; section_number: number | null; }' is not assignable to type 'HSChapterRow'.
      Types of property 'created_at' are incompatible.
        Type 'string | null' is not assignable to type 'string'.
          Type 'null' is not assignable to type 'string'.
lib/hs-utils.ts(410,27): error TS2345: Argument of type '(row: HSHeadingRow) => HSHeading' is not assignable to parameter of type '(value: { chapter_id: string | null; created_at: string | null; heading_code: string; heading_name: string; heading_name_id: string | null; id: string; chapter: { chapter_code: string; chapter_name: string; ... 4 more ...; section_number: number | null; } | null; }, index: number, array: { ...; }[]) => HSHeading'.
  Types of parameters 'row' and 'value' are incompatible.
    Type '{ chapter_id: string | null; created_at: string | null; heading_code: string; heading_name: string; heading_name_id: string | null; id: string; chapter: { chapter_code: string; chapter_name: string; ... 4 more ...; section_number: number | null; } | null; }' is not assignable to type 'HSHeadingRow'.
      Types of property 'chapter_id' are incompatible.
        Type 'string | null' is not assignable to type 'string'.
          Type 'null' is not assignable to type 'string'.
lib/hs-utils.ts(447,27): error TS2345: Argument of type '(row: HSCodeRow) => HSCode' is not assignable to parameter of type '(value: { created_at: string | null; description: string; description_id: string | null; export_restriction_type: string | null; has_export_restrictions: boolean | null; has_restrictions: boolean | null; ... 12 more ...; heading: { ...; } | null; }, index: number, array: { ...; }[]) => HSCode'.
  Types of parameters 'row' and 'value' are incompatible.
    Type '{ created_at: string | null; description: string; description_id: string | null; export_restriction_type: string | null; has_export_restrictions: boolean | null; has_restrictions: boolean | null; ... 12 more ...; heading: { ...; } | null; }' is not assignable to type 'HSCodeRow'.
      Types of property 'heading_id' are incompatible.
        Type 'string | null' is not assignable to type 'string'.
          Type 'null' is not assignable to type 'string'.
lib/hs-utils.ts(485,15): error TS2538: Type 'null' cannot be used as an index type.
lib/hs-utils.ts(485,46): error TS2538: Type 'null' cannot be used as an index type.
lib/hs-utils.ts(512,39): error TS2345: Argument of type '(row: HSCodeRow) => [string, HSCode]' is not assignable to parameter of type '(value: { created_at: string | null; description: string; description_id: string | null; export_restriction_type: string | null; has_export_restrictions: boolean | null; has_restrictions: boolean | null; ... 12 more ...; heading: { ...; } | null; }, index: number, array: { ...; }[]) => [...]'.
  Types of parameters 'row' and 'value' are incompatible.
    Type '{ created_at: string | null; description: string; description_id: string | null; export_restriction_type: string | null; has_export_restrictions: boolean | null; has_restrictions: boolean | null; ... 12 more ...; heading: { ...; } | null; }' is not assignable to type 'HSCodeRow'.
      Types of property 'heading_id' are incompatible.
        Type 'string | null' is not assignable to type 'string'.
          Type 'null' is not assignable to type 'string'.
lib/invoice-utils.ts(1,25): error TS2724: '"@/types"' has no exported member named 'InvoiceLineItemInput'. Did you mean 'InvoiceLineItem'?
lib/jmp-actions.ts(82,15): error TS2769: No overload matches this call.
  Overload 1 of 2, '(values: { actual_arrival?: string | null | undefined; actual_departure?: string | null | undefined; approved_at?: string | null | undefined; approved_by?: string | null | undefined; cargo_description: string; ... 44 more ...; weather_restrictions?: string | ... 1 more ... | undefined; }, options?: { ...; } | undefined): PostgrestFilterBuilder<...>', gave the following error.
    Argument of type '{ journey_title: string; journey_description: string | null; cargo_description: string; total_length_m: number | null; total_width_m: number | null; total_height_m: number | null; ... 25 more ...; status: string; }' is not assignable to parameter of type '{ actual_arrival?: string | null | undefined; actual_departure?: string | null | undefined; approved_at?: string | null | undefined; approved_by?: string | null | undefined; cargo_description: string; ... 44 more ...; weather_restrictions?: string | ... 1 more ... | undefined; }'.
      Property 'jmp_number' is missing in type '{ journey_title: string; journey_description: string | null; cargo_description: string; total_length_m: number | null; total_width_m: number | null; total_height_m: number | null; ... 25 more ...; status: string; }' but required in type '{ actual_arrival?: string | null | undefined; actual_departure?: string | null | undefined; approved_at?: string | null | undefined; approved_by?: string | null | undefined; cargo_description: string; ... 44 more ...; weather_restrictions?: string | ... 1 more ... | undefined; }'.
  Overload 2 of 2, '(values: { actual_arrival?: string | null | undefined; actual_departure?: string | null | undefined; approved_at?: string | null | undefined; approved_by?: string | null | undefined; cargo_description: string; ... 44 more ...; weather_restrictions?: string | ... 1 more ... | undefined; }[], options?: { ...; } | undefined): PostgrestFilterBuilder<...>', gave the following error.
    Argument of type '{ journey_title: string; journey_description: string | null; cargo_description: string; total_length_m: number | null; total_width_m: number | null; total_height_m: number | null; ... 25 more ...; status: string; }' is not assignable to parameter of type '{ actual_arrival?: string | null | undefined; actual_departure?: string | null | undefined; approved_at?: string | null | undefined; approved_by?: string | null | undefined; cargo_description: string; ... 44 more ...; weather_restrictions?: string | ... 1 more ... | undefined; }[]'.
      Type '{ journey_title: string; journey_description: string | null; cargo_description: string; total_length_m: number | null; total_width_m: number | null; total_height_m: number | null; ... 25 more ...; status: string; }' is missing the following properties from type '{ actual_arrival?: string | null | undefined; actual_departure?: string | null | undefined; approved_at?: string | null | undefined; approved_by?: string | null | undefined; cargo_description: string; ... 44 more ...; weather_restrictions?: string | ... 1 more ... | undefined; }[]': length, pop, push, concat, and 35 more.
lib/jmp-actions.ts(89,47): error TS2352: Conversion of type '{ actual_arrival: string | null; actual_departure: string | null; approved_at: string | null; approved_by: string | null; cargo_description: string; contingency_plans: Json; ... 43 more ...; weather_restrictions: string | null; }' to type 'JmpRow' may be a mistake because neither type sufficiently overlaps with the other. If this was intentional, convert the expression to 'unknown' first.
  Types of property 'movement_windows' are incompatible.
    Type 'Json' is not comparable to type 'MovementWindow[]'.
      Type 'Json[]' is not comparable to type 'MovementWindow[]'.
        Type 'Json' is not comparable to type 'MovementWindow'.
          Type 'Json[]' is missing the following properties from type 'MovementWindow': day, startTime, endTime
lib/jmp-actions.ts(154,47): error TS2352: Conversion of type '{ actual_arrival: string | null; actual_departure: string | null; approved_at: string | null; approved_by: string | null; cargo_description: string; contingency_plans: Json; ... 43 more ...; weather_restrictions: string | null; }' to type 'JmpRow' may be a mistake because neither type sufficiently overlaps with the other. If this was intentional, convert the expression to 'unknown' first.
  Types of property 'movement_windows' are incompatible.
    Type 'Json' is not comparable to type 'MovementWindow[]'.
      Type 'Json[]' is not comparable to type 'MovementWindow[]'.
        Type 'Json' is not comparable to type 'MovementWindow'.
          Type 'Json[]' is missing the following properties from type 'MovementWindow': day, startTime, endTime
lib/jmp-actions.ts(231,15): error TS2769: No overload matches this call.
  Overload 1 of 2, '(values: { actual_arrival?: string | null | undefined; actual_departure?: string | null | undefined; approved_at?: string | null | undefined; approved_by?: string | null | undefined; cargo_description: string; ... 44 more ...; weather_restrictions?: string | ... 1 more ... | undefined; }, options?: { ...; } | undefined): PostgrestFilterBuilder<...>', gave the following error.
    Argument of type '{ route_survey_id: string; job_order_id: string | null; project_id: string | null; customer_id: string | null; journey_title: string; cargo_description: string; total_length_m: number | null; ... 6 more ...; status: string; }' is not assignable to parameter of type '{ actual_arrival?: string | null | undefined; actual_departure?: string | null | undefined; approved_at?: string | null | undefined; approved_by?: string | null | undefined; cargo_description: string; ... 44 more ...; weather_restrictions?: string | ... 1 more ... | undefined; }'.
      Property 'jmp_number' is missing in type '{ route_survey_id: string; job_order_id: string | null; project_id: string | null; customer_id: string | null; journey_title: string; cargo_description: string; total_length_m: number | null; ... 6 more ...; status: string; }' but required in type '{ actual_arrival?: string | null | undefined; actual_departure?: string | null | undefined; approved_at?: string | null | undefined; approved_by?: string | null | undefined; cargo_description: string; ... 44 more ...; weather_restrictions?: string | ... 1 more ... | undefined; }'.
  Overload 2 of 2, '(values: { actual_arrival?: string | null | undefined; actual_departure?: string | null | undefined; approved_at?: string | null | undefined; approved_by?: string | null | undefined; cargo_description: string; ... 44 more ...; weather_restrictions?: string | ... 1 more ... | undefined; }[], options?: { ...; } | undefined): PostgrestFilterBuilder<...>', gave the following error.
    Argument of type '{ route_survey_id: string; job_order_id: string | null; project_id: string | null; customer_id: string | null; journey_title: string; cargo_description: string; total_length_m: number | null; ... 6 more ...; status: string; }' is not assignable to parameter of type '{ actual_arrival?: string | null | undefined; actual_departure?: string | null | undefined; approved_at?: string | null | undefined; approved_by?: string | null | undefined; cargo_description: string; ... 44 more ...; weather_restrictions?: string | ... 1 more ... | undefined; }[]'.
      Type '{ route_survey_id: string; job_order_id: string | null; project_id: string | null; customer_id: string | null; journey_title: string; cargo_description: string; total_length_m: number | null; ... 6 more ...; status: string; }' is missing the following properties from type '{ actual_arrival?: string | null | undefined; actual_departure?: string | null | undefined; approved_at?: string | null | undefined; approved_by?: string | null | undefined; cargo_description: string; ... 44 more ...; weather_restrictions?: string | ... 1 more ... | undefined; }[]': length, pop, push, concat, and 35 more.
lib/jmp-actions.ts(238,47): error TS2352: Conversion of type '{ actual_arrival: string | null; actual_departure: string | null; approved_at: string | null; approved_by: string | null; cargo_description: string; contingency_plans: Json; ... 43 more ...; weather_restrictions: string | null; }' to type 'JmpRow' may be a mistake because neither type sufficiently overlaps with the other. If this was intentional, convert the expression to 'unknown' first.
  Types of property 'movement_windows' are incompatible.
    Type 'Json' is not comparable to type 'MovementWindow[]'.
      Type 'Json[]' is not comparable to type 'MovementWindow[]'.
        Type 'Json' is not comparable to type 'MovementWindow'.
          Type 'Json[]' is missing the following properties from type 'MovementWindow': day, startTime, endTime
lib/jmp-actions.ts(282,29): error TS2352: Conversion of type '{ actual_arrival: string | null; actual_departure: string | null; approved_at: string | null; approved_by: string | null; cargo_description: string; contingency_plans: Json; ... 48 more ...; convoyCommander: { ...; } | null; }' to type 'JmpRow' may be a mistake because neither type sufficiently overlaps with the other. If this was intentional, convert the expression to 'unknown' first.
  Types of property 'movement_windows' are incompatible.
    Type 'Json' is not comparable to type 'MovementWindow[]'.
      Type 'Json[]' is not comparable to type 'MovementWindow[]'.
        Type 'Json' is not comparable to type 'MovementWindow'.
          Type 'Json[]' is missing the following properties from type 'MovementWindow': day, startTime, endTime
lib/jmp-actions.ts(285,7): error TS2322: Type '{ id: string; name: string; } | null' is not assignable to type '{ id: string; name: string; } | undefined'.
  Type 'null' is not assignable to type '{ id: string; name: string; } | undefined'.
lib/jmp-actions.ts(286,7): error TS2322: Type '{ id: string; name: string; } | null' is not assignable to type '{ id: string; name: string; } | undefined'.
  Type 'null' is not assignable to type '{ id: string; name: string; } | undefined'.
lib/jmp-actions.ts(287,7): error TS2322: Type '{ id: string; jo_number: string; } | null' is not assignable to type '{ id: string; jo_number: string; } | undefined'.
  Type 'null' is not assignable to type '{ id: string; jo_number: string; } | undefined'.
lib/jmp-actions.ts(288,7): error TS2322: Type '{ id: string; survey_number: string; } | null' is not assignable to type '{ id: string; survey_number: string; } | undefined'.
  Type 'null' is not assignable to type '{ id: string; survey_number: string; } | undefined'.
lib/jmp-actions.ts(289,7): error TS2322: Type '{ id: string; full_name: string; phone: string | null; } | null' is not assignable to type '{ id: string; full_name: string; phone?: string | undefined; } | undefined'.
  Type 'null' is not assignable to type '{ id: string; full_name: string; phone?: string | undefined; } | undefined'.
lib/jmp-actions.ts(290,37): error TS2345: Argument of type '(cp: JmpCheckpointRow) => JmpCheckpoint' is not assignable to parameter of type '(value: { activities: string | null; actual_arrival: string | null; actual_departure: string | null; checkpoint_order: number; coordinates: string | null; created_at: string | null; ... 11 more ...; stop_duration_minutes: number | null; }, index: number, array: { ...; }[]) => JmpCheckpoint'.
  Types of parameters 'cp' and 'value' are incompatible.
    Type '{ activities: string | null; actual_arrival: string | null; actual_departure: string | null; checkpoint_order: number; coordinates: string | null; created_at: string | null; id: string; ... 10 more ...; stop_duration_minutes: number | null; }' is not assignable to type 'JmpCheckpointRow'.
      Types of property 'location_type' are incompatible.
        Type 'string | null' is not assignable to type 'CheckpointLocationType'.
          Type 'null' is not assignable to type 'CheckpointLocationType'.
lib/jmp-actions.ts(291,25): error TS2345: Argument of type '(r: JmpRiskRow) => { id: string; jmpId: string; riskCategory: RiskCategory; riskDescription: string; likelihood: Likelihood; consequence: Consequence; ... 4 more ...; createdAt: string; }' is not assignable to parameter of type '(value: { consequence: string; control_measures: string; created_at: string | null; id: string; jmp_id: string; likelihood: string; residual_risk_level: string | null; responsible: string | null; risk_category: string; risk_description: string; risk_level: string | null; }, index: number, array: { ...; }[]) => { ......'.
  Types of parameters 'r' and 'value' are incompatible.
    Type '{ consequence: string; control_measures: string; created_at: string | null; id: string; jmp_id: string; likelihood: string; residual_risk_level: string | null; responsible: string | null; risk_category: string; risk_description: string; risk_level: string | null; }' is not assignable to type 'JmpRiskRow'.
      Types of property 'risk_category' are incompatible.
        Type 'string' is not assignable to type 'RiskCategory'.
lib/jmp-actions.ts(353,29): error TS2345: Argument of type '(row: JmpRow & { customer?: { id: string; name: string; }; project?: { id: string; name: string; }; jobOrder?: { id: string; jo_number: string; }; convoyCommander?: { id: string; full_name: string; }; }) => { ...; }' is not assignable to parameter of type '(value: { actual_arrival: string | null; actual_departure: string | null; approved_at: string | null; approved_by: string | null; cargo_description: string; contingency_plans: Json; ... 47 more ...; convoyCommander: { ...; } | null; }, index: number, array: { ...; }[]) => { ...; }'.
  Types of parameters 'row' and 'value' are incompatible.
    Type '{ actual_arrival: string | null; actual_departure: string | null; approved_at: string | null; approved_by: string | null; cargo_description: string; contingency_plans: Json; ... 47 more ...; convoyCommander: { ...; } | null; }' is not assignable to type 'JmpRow & { customer?: { id: string; name: string; } | undefined; project?: { id: string; name: string; } | undefined; jobOrder?: { id: string; jo_number: string; } | undefined; convoyCommander?: { ...; } | undefined; }'.
      Type '{ actual_arrival: string | null; actual_departure: string | null; approved_at: string | null; approved_by: string | null; cargo_description: string; contingency_plans: Json; ... 47 more ...; convoyCommander: { ...; } | null; }' is not assignable to type 'JmpRow'.
        Types of property 'movement_windows' are incompatible.
          Type 'Json' is not assignable to type 'MovementWindow[]'.
            Type 'null' is not assignable to type 'MovementWindow[]'.
lib/jmp-actions.ts(387,24): error TS2345: Argument of type '(row: JmpRow & { customer?: { id: string; name: string; }; convoyCommander?: { id: string; full_name: string; phone?: string; }; }) => Promise<{ customer: { id: string; name: string; } | undefined; ... 51 more ...; updatedAt: string; }>' is not assignable to parameter of type '(value: { actual_arrival: string | null; actual_departure: string | null; approved_at: string | null; approved_by: string | null; cargo_description: string; contingency_plans: Json; ... 45 more ...; convoyCommander: { ...; } | null; }, index: number, array: { ...; }[]) => Promise<...>'.
  Types of parameters 'row' and 'value' are incompatible.
    Type '{ actual_arrival: string | null; actual_departure: string | null; approved_at: string | null; approved_by: string | null; cargo_description: string; contingency_plans: Json; ... 45 more ...; convoyCommander: { ...; } | null; }' is not assignable to type 'JmpRow & { customer?: { id: string; name: string; } | undefined; convoyCommander?: { id: string; full_name: string; phone?: string | undefined; } | undefined; }'.
      Type '{ actual_arrival: string | null; actual_departure: string | null; approved_at: string | null; approved_by: string | null; cargo_description: string; contingency_plans: Json; ... 45 more ...; convoyCommander: { ...; } | null; }' is not assignable to type 'JmpRow'.
        Types of property 'movement_windows' are incompatible.
          Type 'Json' is not assignable to type 'MovementWindow[]'.
            Type 'null' is not assignable to type 'MovementWindow[]'.
lib/jmp-actions.ts(398,41): error TS2345: Argument of type '(cp: JmpCheckpointRow) => JmpCheckpoint' is not assignable to parameter of type '(value: { activities: string | null; actual_arrival: string | null; actual_departure: string | null; checkpoint_order: number; coordinates: string | null; created_at: string | null; ... 11 more ...; stop_duration_minutes: number | null; }, index: number, array: { ...; }[]) => JmpCheckpoint'.
  Types of parameters 'cp' and 'value' are incompatible.
    Type '{ activities: string | null; actual_arrival: string | null; actual_departure: string | null; checkpoint_order: number; coordinates: string | null; created_at: string | null; id: string; ... 10 more ...; stop_duration_minutes: number | null; }' is not assignable to type 'JmpCheckpointRow'.
      Types of property 'location_type' are incompatible.
        Type 'string | null' is not assignable to type 'CheckpointLocationType'.
          Type 'null' is not assignable to type 'CheckpointLocationType'.
lib/jmp-actions.ts(431,26): error TS2345: Argument of type '(row: { status: string; }) => void' is not assignable to parameter of type '(value: { status: string | null; }, index: number, array: { status: string | null; }[]) => void'.
  Types of parameters 'row' and 'value' are incompatible.
    Type '{ status: string | null; }' is not assignable to type '{ status: string; }'.
      Types of property 'status' are incompatible.
        Type 'string | null' is not assignable to type 'string'.
          Type 'null' is not assignable to type 'string'.
lib/jmp-actions.ts(464,34): error TS2345: Argument of type 'string | null' is not assignable to parameter of type 'JmpStatus'.
  Type 'null' is not assignable to type 'JmpStatus'.
lib/jmp-actions.ts(484,47): error TS2352: Conversion of type '{ actual_arrival: string | null; actual_departure: string | null; approved_at: string | null; approved_by: string | null; cargo_description: string; contingency_plans: Json; ... 43 more ...; weather_restrictions: string | null; }' to type 'JmpRow' may be a mistake because neither type sufficiently overlaps with the other. If this was intentional, convert the expression to 'unknown' first.
  Types of property 'movement_windows' are incompatible.
    Type 'Json' is not comparable to type 'MovementWindow[]'.
      Type 'Json[]' is not comparable to type 'MovementWindow[]'.
        Type 'Json' is not comparable to type 'MovementWindow'.
          Type 'Json[]' is missing the following properties from type 'MovementWindow': day, startTime, endTime
lib/jmp-actions.ts(510,34): error TS2345: Argument of type 'string | null' is not assignable to parameter of type 'JmpStatus'.
  Type 'null' is not assignable to type 'JmpStatus'.
lib/jmp-actions.ts(534,47): error TS2352: Conversion of type '{ actual_arrival: string | null; actual_departure: string | null; approved_at: string | null; approved_by: string | null; cargo_description: string; contingency_plans: Json; ... 43 more ...; weather_restrictions: string | null; }' to type 'JmpRow' may be a mistake because neither type sufficiently overlaps with the other. If this was intentional, convert the expression to 'unknown' first.
  Types of property 'movement_windows' are incompatible.
    Type 'Json' is not comparable to type 'MovementWindow[]'.
      Type 'Json[]' is not comparable to type 'MovementWindow[]'.
        Type 'Json' is not comparable to type 'MovementWindow'.
          Type 'Json[]' is missing the following properties from type 'MovementWindow': day, startTime, endTime
lib/jmp-actions.ts(560,34): error TS2345: Argument of type 'string | null' is not assignable to parameter of type 'JmpStatus'.
  Type 'null' is not assignable to type 'JmpStatus'.
lib/jmp-actions.ts(579,47): error TS2352: Conversion of type '{ actual_arrival: string | null; actual_departure: string | null; approved_at: string | null; approved_by: string | null; cargo_description: string; contingency_plans: Json; ... 43 more ...; weather_restrictions: string | null; }' to type 'JmpRow' may be a mistake because neither type sufficiently overlaps with the other. If this was intentional, convert the expression to 'unknown' first.
  Types of property 'movement_windows' are incompatible.
    Type 'Json' is not comparable to type 'MovementWindow[]'.
      Type 'Json[]' is not comparable to type 'MovementWindow[]'.
        Type 'Json' is not comparable to type 'MovementWindow'.
          Type 'Json[]' is missing the following properties from type 'MovementWindow': day, startTime, endTime
lib/jmp-actions.ts(602,34): error TS2345: Argument of type 'string | null' is not assignable to parameter of type 'JmpStatus'.
  Type 'null' is not assignable to type 'JmpStatus'.
lib/jmp-actions.ts(622,47): error TS2352: Conversion of type '{ actual_arrival: string | null; actual_departure: string | null; approved_at: string | null; approved_by: string | null; cargo_description: string; contingency_plans: Json; ... 43 more ...; weather_restrictions: string | null; }' to type 'JmpRow' may be a mistake because neither type sufficiently overlaps with the other. If this was intentional, convert the expression to 'unknown' first.
  Types of property 'movement_windows' are incompatible.
    Type 'Json' is not comparable to type 'MovementWindow[]'.
      Type 'Json[]' is not comparable to type 'MovementWindow[]'.
        Type 'Json' is not comparable to type 'MovementWindow'.
          Type 'Json[]' is missing the following properties from type 'MovementWindow': day, startTime, endTime
lib/jmp-actions.ts(648,34): error TS2345: Argument of type 'string | null' is not assignable to parameter of type 'JmpStatus'.
  Type 'null' is not assignable to type 'JmpStatus'.
lib/jmp-actions.ts(677,47): error TS2352: Conversion of type '{ actual_arrival: string | null; actual_departure: string | null; approved_at: string | null; approved_by: string | null; cargo_description: string; contingency_plans: Json; ... 43 more ...; weather_restrictions: string | null; }' to type 'JmpRow' may be a mistake because neither type sufficiently overlaps with the other. If this was intentional, convert the expression to 'unknown' first.
  Types of property 'movement_windows' are incompatible.
    Type 'Json' is not comparable to type 'MovementWindow[]'.
      Type 'Json[]' is not comparable to type 'MovementWindow[]'.
        Type 'Json' is not comparable to type 'MovementWindow'.
          Type 'Json[]' is missing the following properties from type 'MovementWindow': day, startTime, endTime
lib/jmp-actions.ts(703,34): error TS2345: Argument of type 'string | null' is not assignable to parameter of type 'JmpStatus'.
  Type 'null' is not assignable to type 'JmpStatus'.
lib/jmp-actions.ts(723,47): error TS2352: Conversion of type '{ actual_arrival: string | null; actual_departure: string | null; approved_at: string | null; approved_by: string | null; cargo_description: string; contingency_plans: Json; ... 43 more ...; weather_restrictions: string | null; }' to type 'JmpRow' may be a mistake because neither type sufficiently overlaps with the other. If this was intentional, convert the expression to 'unknown' first.
  Types of property 'movement_windows' are incompatible.
    Type 'Json' is not comparable to type 'MovementWindow[]'.
      Type 'Json[]' is not comparable to type 'MovementWindow[]'.
        Type 'Json' is not comparable to type 'MovementWindow'.
          Type 'Json[]' is missing the following properties from type 'MovementWindow': day, startTime, endTime
lib/jmp-actions.ts(955,9): error TS2322: Type 'string' is not assignable to type 'RiskCategory'.
lib/jmp-actions.ts(957,9): error TS2322: Type 'string' is not assignable to type 'Likelihood'.
lib/jmp-actions.ts(958,9): error TS2322: Type 'string' is not assignable to type 'Consequence'.
lib/jmp-actions.ts(959,9): error TS2322: Type 'string | null' is not assignable to type 'RiskLevel'.
  Type 'null' is not assignable to type 'RiskLevel'.
lib/jmp-actions.ts(961,9): error TS2322: Type 'string | undefined' is not assignable to type 'RiskLevel | undefined'.
  Type 'string' is not assignable to type 'RiskLevel | undefined'.
lib/jmp-actions.ts(963,9): error TS2322: Type 'string | null' is not assignable to type 'string'.
  Type 'null' is not assignable to type 'string'.
lib/jmp-actions.ts(1003,52): error TS2345: Argument of type 'string' is not assignable to parameter of type 'Likelihood'.
lib/jmp-actions.ts(1022,9): error TS2322: Type 'string' is not assignable to type 'RiskCategory'.
lib/jmp-actions.ts(1024,9): error TS2322: Type 'string' is not assignable to type 'Likelihood'.
lib/jmp-actions.ts(1025,9): error TS2322: Type 'string' is not assignable to type 'Consequence'.
lib/jmp-actions.ts(1026,9): error TS2322: Type 'string | null' is not assignable to type 'RiskLevel'.
  Type 'null' is not assignable to type 'RiskLevel'.
lib/jmp-actions.ts(1028,9): error TS2322: Type 'string | undefined' is not assignable to type 'RiskLevel | undefined'.
  Type 'string' is not assignable to type 'RiskLevel | undefined'.
lib/jmp-actions.ts(1030,9): error TS2322: Type 'string | null' is not assignable to type 'string'.
  Type 'null' is not assignable to type 'string'.
lib/jmp-actions.ts(1096,5): error TS2322: Type '{ id: string; full_name: string; phone: string | null; }[]' is not assignable to type '{ id: string; full_name: string; phone?: string | undefined; }[]'.
  Type '{ id: string; full_name: string; phone: string | null; }' is not assignable to type '{ id: string; full_name: string; phone?: string | undefined; }'.
    Types of property 'phone' are incompatible.
      Type 'string | null' is not assignable to type 'string | undefined'.
        Type 'null' is not assignable to type 'string | undefined'.
lib/job-equipment-actions.ts(227,9): error TS2345: Argument of type 'string | null' is not assignable to parameter of type '"actual" | "daily" | "hourly" | "per_km" | "per_trip"'.
  Type 'null' is not assignable to type '"actual" | "daily" | "hourly" | "per_km" | "per_trip"'.
lib/leave-utils.ts(197,5): error TS2322: Type 'string | { id: string; department_name: string; }' is not assignable to type 'string'.
  Type '{ id: string; department_name: string; }' is not assignable to type 'string'.
lib/maintenance-actions.ts(47,27): error TS2345: Argument of type '(row: MaintenanceTypeRow) => MaintenanceType' is not assignable to parameter of type '(value: { applicable_categories: string[] | null; created_at: string | null; default_interval_days: number | null; default_interval_hours: number | null; default_interval_km: number | null; ... 6 more ...; type_name: string; }, index: number, array: { ...; }[]) => MaintenanceType'.
  Types of parameters 'row' and 'value' are incompatible.
    Type '{ applicable_categories: string[] | null; created_at: string | null; default_interval_days: number | null; default_interval_hours: number | null; default_interval_km: number | null; ... 6 more ...; type_name: string; }' is not assignable to type 'MaintenanceTypeRow'.
      Types of property 'is_scheduled' are incompatible.
        Type 'boolean | null' is not assignable to type 'boolean'.
          Type 'null' is not assignable to type 'boolean'.
lib/maintenance-actions.ts(64,38): error TS2345: Argument of type '{ applicable_categories: string[] | null; created_at: string | null; default_interval_days: number | null; default_interval_hours: number | null; default_interval_km: number | null; ... 6 more ...; type_name: string; }' is not assignable to parameter of type 'MaintenanceTypeRow'.
  Types of property 'is_scheduled' are incompatible.
    Type 'boolean | null' is not assignable to type 'boolean'.
      Type 'null' is not assignable to type 'boolean'.
lib/maintenance-actions.ts(95,40): error TS2345: Argument of type '{ asset_id: string; created_at: string | null; id: string; is_active: boolean | null; maintenance_type_id: string; next_due_date: string | null; next_due_hours: number | null; next_due_km: number | null; ... 6 more ...; maintenance_type: { ...; }; }' is not assignable to parameter of type 'MaintenanceScheduleRow'.
  Types of property 'trigger_type' are incompatible.
    Type 'string' is not assignable to type 'MaintenanceTriggerType'.
lib/maintenance-actions.ts(96,73): error TS2345: Argument of type '{ applicable_categories: string[] | null; created_at: string | null; default_interval_days: number | null; default_interval_hours: number | null; default_interval_km: number | null; ... 6 more ...; type_name: string; }' is not assignable to parameter of type 'MaintenanceTypeRow'.
  Types of property 'is_scheduled' are incompatible.
    Type 'boolean | null' is not assignable to type 'boolean'.
      Type 'null' is not assignable to type 'boolean'.
lib/maintenance-actions.ts(133,69): error TS2345: Argument of type '{ asset_id: string; created_at: string | null; id: string; is_active: boolean | null; maintenance_type_id: string; next_due_date: string | null; next_due_hours: number | null; next_due_km: number | null; ... 5 more ...; warning_km: number | null; }' is not assignable to parameter of type 'MaintenanceScheduleRow'.
  Types of property 'trigger_type' are incompatible.
    Type 'string' is not assignable to type 'MaintenanceTriggerType'.
lib/maintenance-actions.ts(199,27): error TS2345: Argument of type '(row: UpcomingMaintenanceRow) => UpcomingMaintenance' is not assignable to parameter of type '(value: { asset_code: string | null; asset_id: string | null; asset_name: string | null; current_km: number | null; maintenance_type: string | null; maintenance_type_id: string | null; ... 8 more ...; warning_km: number | null; }, index: number, array: { ...; }[]) => UpcomingMaintenance'.
  Types of parameters 'row' and 'value' are incompatible.
    Type '{ asset_code: string | null; asset_id: string | null; asset_name: string | null; current_km: number | null; maintenance_type: string | null; maintenance_type_id: string | null; ... 8 more ...; warning_km: number | null; }' is not assignable to type 'UpcomingMaintenanceRow'.
      Types of property 'schedule_id' are incompatible.
        Type 'string | null' is not assignable to type 'string'.
          Type 'null' is not assignable to type 'string'.
lib/maintenance-actions.ts(214,27): error TS2345: Argument of type '(row: UpcomingMaintenanceRow) => UpcomingMaintenance' is not assignable to parameter of type '(value: { asset_code: string | null; asset_id: string | null; asset_name: string | null; current_km: number | null; maintenance_type: string | null; maintenance_type_id: string | null; ... 8 more ...; warning_km: number | null; }, index: number, array: { ...; }[]) => UpcomingMaintenance'.
  Types of parameters 'row' and 'value' are incompatible.
    Type '{ asset_code: string | null; asset_id: string | null; asset_name: string | null; current_km: number | null; maintenance_type: string | null; maintenance_type_id: string | null; ... 8 more ...; warning_km: number | null; }' is not assignable to type 'UpcomingMaintenanceRow'.
      Types of property 'schedule_id' are incompatible.
        Type 'string | null' is not assignable to type 'string'.
          Type 'null' is not assignable to type 'string'.
lib/maintenance-actions.ts(241,6): error TS2769: No overload matches this call.
  Overload 1 of 2, '(values: { asset_id: string; bkk_id?: string | null | undefined; completed_at?: string | null | undefined; created_at?: string | null | undefined; created_by?: string | null | undefined; description: string; ... 23 more ...; workshop_name?: string | ... 1 more ... | undefined; }, options?: { ...; } | undefined): PostgrestFilterBuilder<...>', gave the following error.
    Argument of type '{ asset_id: string; maintenance_type_id: string; schedule_id: string | undefined; maintenance_date: string; odometer_km: number | undefined; hour_meter: number | undefined; performed_at: MaintenancePerformedAt; ... 15 more ...; created_by: string | undefined; }' is not assignable to parameter of type '{ asset_id: string; bkk_id?: string | null | undefined; completed_at?: string | null | undefined; created_at?: string | null | undefined; created_by?: string | null | undefined; description: string; ... 23 more ...; workshop_name?: string | ... 1 more ... | undefined; }'.
      Property 'record_number' is missing in type '{ asset_id: string; maintenance_type_id: string; schedule_id: string | undefined; maintenance_date: string; odometer_km: number | undefined; hour_meter: number | undefined; performed_at: MaintenancePerformedAt; ... 15 more ...; created_by: string | undefined; }' but required in type '{ asset_id: string; bkk_id?: string | null | undefined; completed_at?: string | null | undefined; created_at?: string | null | undefined; created_by?: string | null | undefined; description: string; ... 23 more ...; workshop_name?: string | ... 1 more ... | undefined; }'.
  Overload 2 of 2, '(values: { asset_id: string; bkk_id?: string | null | undefined; completed_at?: string | null | undefined; created_at?: string | null | undefined; created_by?: string | null | undefined; description: string; ... 23 more ...; workshop_name?: string | ... 1 more ... | undefined; }[], options?: { ...; } | undefined): PostgrestFilterBuilder<...>', gave the following error.
    Object literal may only specify known properties, and 'asset_id' does not exist in type '{ asset_id: string; bkk_id?: string | null | undefined; completed_at?: string | null | undefined; created_at?: string | null | undefined; created_by?: string | null | undefined; description: string; ... 23 more ...; workshop_name?: string | ... 1 more ... | undefined; }[]'.
lib/maintenance-actions.ts(329,65): error TS2345: Argument of type '{ asset_id: string; bkk_id: string | null; completed_at: string | null; created_at: string | null; created_by: string | null; description: string; documents: Json; external_cost: number | null; ... 21 more ...; workshop_name: string | null; }' is not assignable to parameter of type 'MaintenanceRecordRow'.
  Types of property 'performed_at' are incompatible.
    Type 'string | null' is not assignable to type 'MaintenancePerformedAt'.
      Type 'null' is not assignable to type 'MaintenancePerformedAt'.
lib/maintenance-actions.ts(408,38): error TS2345: Argument of type '{ asset_id: string; bkk_id: string | null; completed_at: string | null; created_at: string | null; created_by: string | null; description: string; documents: Json; external_cost: number | null; ... 23 more ...; parts: { ...; }[]; }' is not assignable to parameter of type 'MaintenanceRecordRow'.
  Types of property 'performed_at' are incompatible.
    Type 'string | null' is not assignable to type 'MaintenancePerformedAt'.
      Type 'null' is not assignable to type 'MaintenancePerformedAt'.
lib/maintenance-actions.ts(409,74): error TS2345: Argument of type '{ applicable_categories: string[] | null; created_at: string | null; default_interval_days: number | null; default_interval_hours: number | null; default_interval_km: number | null; ... 6 more ...; type_name: string; }' is not assignable to parameter of type 'MaintenanceTypeRow'.
  Types of property 'is_scheduled' are incompatible.
    Type 'boolean | null' is not assignable to type 'boolean'.
      Type 'null' is not assignable to type 'boolean'.
lib/maintenance-actions.ts(410,35): error TS2345: Argument of type '(row: MaintenancePartRow) => MaintenancePart' is not assignable to parameter of type '(value: { created_at: string | null; id: string; maintenance_record_id: string; part_name: string; part_number: string | null; quantity: number; supplier: string | null; total_price: number | null; unit: string | null; unit_price: number; warranty_months: number | null; }, index: number, array: { ...; }[]) => Mainte...'.
  Types of parameters 'row' and 'value' are incompatible.
    Type '{ created_at: string | null; id: string; maintenance_record_id: string; part_name: string; part_number: string | null; quantity: number; supplier: string | null; total_price: number | null; unit: string | null; unit_price: number; warranty_months: number | null; }' is not assignable to type 'MaintenancePartRow'.
      Types of property 'unit' are incompatible.
        Type 'string | null' is not assignable to type 'string'.
          Type 'null' is not assignable to type 'string'.
lib/maintenance-actions.ts(453,3): error TS2322: Type '{ maintenanceType: MaintenanceType | undefined; asset: { asset_code: string; asset_name: string; }; id: string; recordNumber: string; assetId: string; maintenanceTypeId: string; ... 26 more ...; parts?: MaintenancePart[] | undefined; }[]' is not assignable to type 'MaintenanceRecord[]'.
  Type '{ maintenanceType: MaintenanceType | undefined; asset: { asset_code: string; asset_name: string; }; id: string; recordNumber: string; assetId: string; maintenanceTypeId: string; ... 26 more ...; parts?: MaintenancePart[]; }' is not assignable to type 'MaintenanceRecord'.
    Types of property 'asset' are incompatible.
      Type '{ asset_code: string; asset_name: string; }' is missing the following properties from type 'Asset': id, description, category_id, registration_number, and 42 more.
lib/maintenance-actions.ts(454,38): error TS2345: Argument of type '{ asset_id: string; bkk_id: string | null; completed_at: string | null; created_at: string | null; created_by: string | null; description: string; documents: Json; external_cost: number | null; ... 23 more ...; asset: { ...; }; }' is not assignable to parameter of type 'MaintenanceRecordRow'.
  Types of property 'performed_at' are incompatible.
    Type 'string | null' is not assignable to type 'MaintenancePerformedAt'.
      Type 'null' is not assignable to type 'MaintenancePerformedAt'.
lib/maintenance-actions.ts(485,27): error TS2345: Argument of type '(row: MaintenancePartRow) => MaintenancePart' is not assignable to parameter of type '(value: { created_at: string | null; id: string; maintenance_record_id: string; part_name: string; part_number: string | null; quantity: number; supplier: string | null; total_price: number | null; unit: string | null; unit_price: number; warranty_months: number | null; }, index: number, array: { ...; }[]) => Mainte...'.
  Types of parameters 'row' and 'value' are incompatible.
    Type '{ created_at: string | null; id: string; maintenance_record_id: string; part_name: string; part_number: string | null; quantity: number; supplier: string | null; total_price: number | null; unit: string | null; unit_price: number; warranty_months: number | null; }' is not assignable to type 'MaintenancePartRow'.
      Types of property 'unit' are incompatible.
        Type 'string | null' is not assignable to type 'string'.
          Type 'null' is not assignable to type 'string'.
lib/maintenance-actions.ts(518,27): error TS2345: Argument of type '(row: MaintenanceCostSummaryRow) => MaintenanceCostSummary' is not assignable to parameter of type '(value: { asset_code: string | null; asset_id: string | null; asset_name: string | null; maintenance_count: number | null; month: string | null; total_cost: number | null; total_external: number | null; total_labor: number | null; total_parts: number | null; }, index: number, array: { ...; }[]) => MaintenanceCostSum...'.
  Types of parameters 'row' and 'value' are incompatible.
    Type '{ asset_code: string | null; asset_id: string | null; asset_name: string | null; maintenance_count: number | null; month: string | null; total_cost: number | null; total_external: number | null; total_labor: number | null; total_parts: number | null; }' is not assignable to type 'MaintenanceCostSummaryRow'.
      Types of property 'asset_id' are incompatible.
        Type 'string | null' is not assignable to type 'string'.
          Type 'null' is not assignable to type 'string'.
lib/manager-dashboard.ts(193,7): error TS2367: This comparison appears to be unintentional because the types 'UserRole' and '"manager"' have no overlap.
lib/manager-dashboard.ts(201,7): error TS2367: This comparison appears to be unintentional because the types 'UserRole' and '"manager"' have no overlap.
lib/manager-dashboard.ts(247,7): error TS2367: This comparison appears to be unintentional because the types 'UserRole' and '"manager"' have no overlap.
lib/notification-template-utils.ts(81,19): error TS2352: Conversion of type '{ created_at: string | null; email_body_html: string | null; email_body_text: string | null; email_subject: string | null; event_type: string; id: string; in_app_action_url: string | null; ... 9 more ...; whatsapp_template_id: string | null; }[]' to type 'NotificationTemplate[]' may be a mistake because neither type sufficiently overlaps with the other. If this was intentional, convert the expression to 'unknown' first.
  Type '{ created_at: string | null; email_body_html: string | null; email_body_text: string | null; email_subject: string | null; event_type: string; id: string; in_app_action_url: string | null; ... 9 more ...; whatsapp_template_id: string | null; }' is not comparable to type 'NotificationTemplate'.
    Types of property 'placeholders' are incompatible.
      Type 'Json' is not comparable to type 'PlaceholderDefinition[]'.
        Type 'Json[]' is not comparable to type 'PlaceholderDefinition[]'.
          Type 'Json' is not comparable to type 'PlaceholderDefinition'.
            Type 'Json[]' is missing the following properties from type 'PlaceholderDefinition': key, description
lib/notification-template-utils.ts(102,19): error TS2352: Conversion of type '{ created_at: string | null; email_body_html: string | null; email_body_text: string | null; email_subject: string | null; event_type: string; id: string; in_app_action_url: string | null; ... 9 more ...; whatsapp_template_id: string | null; }[]' to type 'NotificationTemplate[]' may be a mistake because neither type sufficiently overlaps with the other. If this was intentional, convert the expression to 'unknown' first.
  Type '{ created_at: string | null; email_body_html: string | null; email_body_text: string | null; email_subject: string | null; event_type: string; id: string; in_app_action_url: string | null; ... 9 more ...; whatsapp_template_id: string | null; }' is not comparable to type 'NotificationTemplate'.
    Types of property 'placeholders' are incompatible.
      Type 'Json' is not comparable to type 'PlaceholderDefinition[]'.
        Type 'Json[]' is not comparable to type 'PlaceholderDefinition[]'.
          Type 'Json' is not comparable to type 'PlaceholderDefinition'.
            Type 'Json[]' is missing the following properties from type 'PlaceholderDefinition': key, description
lib/notification-template-utils.ts(124,19): error TS2352: Conversion of type '{ created_at: string | null; email_body_html: string | null; email_body_text: string | null; email_subject: string | null; event_type: string; id: string; in_app_action_url: string | null; ... 9 more ...; whatsapp_template_id: string | null; }[]' to type 'NotificationTemplate[]' may be a mistake because neither type sufficiently overlaps with the other. If this was intentional, convert the expression to 'unknown' first.
  Type '{ created_at: string | null; email_body_html: string | null; email_body_text: string | null; email_subject: string | null; event_type: string; id: string; in_app_action_url: string | null; ... 9 more ...; whatsapp_template_id: string | null; }' is not comparable to type 'NotificationTemplate'.
    Types of property 'placeholders' are incompatible.
      Type 'Json' is not comparable to type 'PlaceholderDefinition[]'.
        Type 'Json[]' is not comparable to type 'PlaceholderDefinition[]'.
          Type 'Json' is not comparable to type 'PlaceholderDefinition'.
            Type 'Json[]' is missing the following properties from type 'PlaceholderDefinition': key, description
lib/notification-template-utils.ts(142,13): error TS2769: No overload matches this call.
  Overload 1 of 2, '(values: { created_at?: string | null | undefined; email_body_html?: string | null | undefined; email_body_text?: string | null | undefined; email_subject?: string | null | undefined; event_type: string; ... 11 more ...; whatsapp_template_id?: string | ... 1 more ... | undefined; }, options?: { ...; } | undefined): PostgrestFilterBuilder<...>', gave the following error.
    Argument of type 'NotificationTemplateInsert' is not assignable to parameter of type '{ created_at?: string | null | undefined; email_body_html?: string | null | undefined; email_body_text?: string | null | undefined; email_subject?: string | null | undefined; event_type: string; ... 11 more ...; whatsapp_template_id?: string | ... 1 more ... | undefined; }'.
      Types of property 'placeholders' are incompatible.
        Type 'PlaceholderDefinition[] | undefined' is not assignable to type 'Json | undefined'.
          Type 'PlaceholderDefinition[]' is not assignable to type 'Json | undefined'.
            Type 'PlaceholderDefinition[]' is not assignable to type 'Json[]'.
              Type 'PlaceholderDefinition' is not assignable to type 'Json'.
                Type 'PlaceholderDefinition' is not assignable to type '{ [key: string]: Json | undefined; }'.
                  Index signature for type 'string' is missing in type 'PlaceholderDefinition'.
  Overload 2 of 2, '(values: { created_at?: string | null | undefined; email_body_html?: string | null | undefined; email_body_text?: string | null | undefined; email_subject?: string | null | undefined; event_type: string; ... 11 more ...; whatsapp_template_id?: string | ... 1 more ... | undefined; }[], options?: { ...; } | undefined): PostgrestFilterBuilder<...>', gave the following error.
    Argument of type 'NotificationTemplateInsert' is not assignable to parameter of type '{ created_at?: string | null | undefined; email_body_html?: string | null | undefined; email_body_text?: string | null | undefined; email_subject?: string | null | undefined; event_type: string; ... 11 more ...; whatsapp_template_id?: string | ... 1 more ... | undefined; }[]'.
      Type 'NotificationTemplateInsert' is missing the following properties from type '{ created_at?: string | null | undefined; email_body_html?: string | null | undefined; email_body_text?: string | null | undefined; email_subject?: string | null | undefined; event_type: string; ... 11 more ...; whatsapp_template_id?: string | ... 1 more ... | undefined; }[]': length, pop, push, concat, and 35 more.
lib/notification-template-utils.ts(150,18): error TS2352: Conversion of type '{ created_at: string | null; email_body_html: string | null; email_body_text: string | null; email_subject: string | null; event_type: string; id: string; in_app_action_url: string | null; ... 9 more ...; whatsapp_template_id: string | null; }' to type 'NotificationTemplate' may be a mistake because neither type sufficiently overlaps with the other. If this was intentional, convert the expression to 'unknown' first.
  Types of property 'placeholders' are incompatible.
    Type 'Json' is not comparable to type 'PlaceholderDefinition[]'.
      Type 'Json[]' is not comparable to type 'PlaceholderDefinition[]'.
        Type 'Json' is not comparable to type 'PlaceholderDefinition'.
          Type 'Json[]' is missing the following properties from type 'PlaceholderDefinition': key, description
lib/notification-template-utils.ts(164,13): error TS2345: Argument of type 'NotificationTemplateUpdate' is not assignable to parameter of type '{ created_at?: string | null | undefined; email_body_html?: string | null | undefined; email_body_text?: string | null | undefined; email_subject?: string | null | undefined; event_type?: string | undefined; ... 11 more ...; whatsapp_template_id?: string | ... 1 more ... | undefined; }'.
  Types of property 'placeholders' are incompatible.
    Type 'PlaceholderDefinition[] | undefined' is not assignable to type 'Json | undefined'.
      Type 'PlaceholderDefinition[]' is not assignable to type 'Json | undefined'.
        Type 'PlaceholderDefinition[]' is not assignable to type 'Json[]'.
          Type 'PlaceholderDefinition' is not assignable to type 'Json'.
            Type 'PlaceholderDefinition' is not assignable to type '{ [key: string]: Json | undefined; }'.
              Index signature for type 'string' is missing in type 'PlaceholderDefinition'.
lib/notification-template-utils.ts(173,18): error TS2352: Conversion of type '{ created_at: string | null; email_body_html: string | null; email_body_text: string | null; email_subject: string | null; event_type: string; id: string; in_app_action_url: string | null; ... 9 more ...; whatsapp_template_id: string | null; }' to type 'NotificationTemplate' may be a mistake because neither type sufficiently overlaps with the other. If this was intentional, convert the expression to 'unknown' first.
  Types of property 'placeholders' are incompatible.
    Type 'Json' is not comparable to type 'PlaceholderDefinition[]'.
      Type 'Json[]' is not comparable to type 'PlaceholderDefinition[]'.
        Type 'Json' is not comparable to type 'PlaceholderDefinition'.
          Type 'Json[]' is missing the following properties from type 'PlaceholderDefinition': key, description
lib/notifications/feedback-notifications.ts(34,11): error TS2554: Expected 2 arguments, but got 1.
lib/notifications/feedback-notifications.ts(87,7): error TS2322: Type '"feedback"' is not assignable to type 'EntityType | undefined'.
lib/notifications/feedback-notifications.ts(116,7): error TS2322: Type '"feedback"' is not assignable to type 'EntityType | undefined'.
lib/notifications/feedback-notifications.ts(145,7): error TS2322: Type '"feedback"' is not assignable to type 'EntityType | undefined'.
lib/notifications/notification-triggers.ts(659,5): error TS2322: Type '"quotation"' is not assignable to type 'EntityType | undefined'.
lib/notifications/notification-triggers.ts(700,5): error TS2322: Type '"quotation"' is not assignable to type 'EntityType | undefined'.
lib/notifications/notification-triggers.ts(733,7): error TS2322: Type '"quotation"' is not assignable to type 'EntityType | undefined'.
lib/notifications/notification-triggers.ts(761,5): error TS2322: Type '"deadline"' is not assignable to type 'NotificationType'.
lib/notifications/notification-triggers.ts(763,5): error TS2322: Type '"quotation"' is not assignable to type 'EntityType | undefined'.
lib/onboarding-actions.ts(53,9): error TS2322: Type '{ id: string; user_id: string; step_id: string; status: string; started_at: string | null; completed_at: string | null; current_count: number; created_at: string; step: OnboardingStep; }[]' is not assignable to type 'OnboardingProgressWithStep[]'.
  Type '{ id: string; user_id: string; step_id: string; status: string; started_at: string | null; completed_at: string | null; current_count: number; created_at: string; step: OnboardingStep; }' is not assignable to type 'OnboardingProgressWithStep'.
    Types of property 'status' are incompatible.
      Type 'string' is not assignable to type 'ProgressStatus'.
lib/onboarding-actions.ts(53,72): error TS2345: Argument of type '(p: { id: string; user_id: string; step_id: string; status: string; started_at: string | null; completed_at: string | null; current_count: number; created_at: string; step: OnboardingProgressWithStep["step"]; }) => { ...; }' is not assignable to parameter of type '(value: { completed_at: string | null; created_at: string | null; current_count: number | null; id: string; started_at: string | null; status: string | null; step_id: string; user_id: string; step: { ...; }; }, index: number, array: { ...; }[]) => { ...; }'.
  Types of parameters 'p' and 'value' are incompatible.
    Type '{ completed_at: string | null; created_at: string | null; current_count: number | null; id: string; started_at: string | null; status: string | null; step_id: string; user_id: string; step: { ...; }; }' is not assignable to type '{ id: string; user_id: string; step_id: string; status: string; started_at: string | null; completed_at: string | null; current_count: number; created_at: string; step: OnboardingStep; }'.
      Types of property 'status' are incompatible.
        Type 'string | null' is not assignable to type 'string'.
          Type 'null' is not assignable to type 'string'.
lib/onboarding-actions.ts(221,21): error TS18047: 'step.completion_count' is possibly 'null'.
lib/ops-dashboard-enhanced-utils.ts(163,3): error TS2322: Type '{ id: string | null; joNumber: string | null; customerName: string | null; pjoNumber: string; commodity: string | null; origin: string | null; destination: string | null; status: string | null; ... 6 more ...; overBudgetPercent: number; }[]' is not assignable to type 'OperationsJobItem[]'.
  Type '{ id: string | null; joNumber: string | null; customerName: string | null; pjoNumber: string; commodity: string | null; origin: string | null; destination: string | null; status: string | null; ... 6 more ...; overBudgetPercent: number; }' is not assignable to type 'OperationsJobItem'.
    Types of property 'id' are incompatible.
      Type 'string | null' is not assignable to type 'string'.
        Type 'null' is not assignable to type 'string'.
lib/ops-dashboard-enhanced-utils.ts(206,3): error TS2322: Type '{ id: string | null; sjNumber: string | null; joNumber: string | null; customerName: string | null; commodity: string | null; origin: string | null; destination: string | null; ... 5 more ...; createdAt: string | null; }[]' is not assignable to type 'DeliveryItem[]'.
  Type '{ id: string | null; sjNumber: string | null; joNumber: string | null; customerName: string | null; commodity: string | null; origin: string | null; destination: string | null; ... 5 more ...; createdAt: string | null; }' is not assignable to type 'DeliveryItem'.
    Types of property 'id' are incompatible.
      Type 'string | null' is not assignable to type 'string'.
        Type 'null' is not assignable to type 'string'.
lib/pdf/invoice-pdf.tsx(233,40): error TS2769: No overload matches this call.
  Overload 1 of 2, '(props: PropsWithChildren<ViewProps>): View', gave the following error.
    Type 'false | { backgroundColor: string; }' is not assignable to type 'Style'.
      Type 'boolean' is not assignable to type 'Style'.
        Type 'boolean' is not assignable to type 'MediaQueryStyle'.
  Overload 2 of 2, '(props: PropsWithChildren<ViewProps>, context: any): View', gave the following error.
    Type 'false | { backgroundColor: string; }' is not assignable to type 'Style'.
      Type 'boolean' is not assignable to type 'Style'.
        Type 'boolean' is not assignable to type 'MediaQueryStyle'.
lib/peb-actions.ts(52,6): error TS2769: No overload matches this call.
  Overload 1 of 2, '(values: { aju_number?: string | null | undefined; approved_at?: string | null | undefined; atd_date?: string | null | undefined; awb_number?: string | null | undefined; bill_of_lading?: string | ... 1 more ... | undefined; ... 34 more ...; voyage_number?: string | ... 1 more ... | undefined; }, options?: { ...; } | undefined): PostgrestFilterBuilder<...>', gave the following error.
    Argument of type '{ job_order_id: string | null; customer_id: string | null; exporter_name: string; exporter_npwp: string | null; exporter_address: string | null; consignee_name: string | null; ... 20 more ...; status: string; }' is not assignable to parameter of type '{ aju_number?: string | null | undefined; approved_at?: string | null | undefined; atd_date?: string | null | undefined; awb_number?: string | null | undefined; bill_of_lading?: string | null | undefined; ... 34 more ...; voyage_number?: string | ... 1 more ... | undefined; }'.
      Property 'internal_ref' is missing in type '{ job_order_id: string | null; customer_id: string | null; exporter_name: string; exporter_npwp: string | null; exporter_address: string | null; consignee_name: string | null; ... 20 more ...; status: string; }' but required in type '{ aju_number?: string | null | undefined; approved_at?: string | null | undefined; atd_date?: string | null | undefined; awb_number?: string | null | undefined; bill_of_lading?: string | null | undefined; ... 34 more ...; voyage_number?: string | ... 1 more ... | undefined; }'.
  Overload 2 of 2, '(values: { aju_number?: string | null | undefined; approved_at?: string | null | undefined; atd_date?: string | null | undefined; awb_number?: string | null | undefined; bill_of_lading?: string | ... 1 more ... | undefined; ... 34 more ...; voyage_number?: string | ... 1 more ... | undefined; }[], options?: { ...; } | undefined): PostgrestFilterBuilder<...>', gave the following error.
    Object literal may only specify known properties, and 'job_order_id' does not exist in type '{ aju_number?: string | null | undefined; approved_at?: string | null | undefined; atd_date?: string | null | undefined; awb_number?: string | null | undefined; bill_of_lading?: string | null | undefined; ... 34 more ...; voyage_number?: string | ... 1 more ... | undefined; }[]'.
lib/peb-actions.ts(88,18): error TS2352: Conversion of type '{ aju_number: string | null; approved_at: string | null; atd_date: string | null; awb_number: string | null; bill_of_lading: string | null; consignee_address: string | null; consignee_country: string | null; ... 32 more ...; voyage_number: string | null; }' to type 'PEBDocument' may be a mistake because neither type sufficiently overlaps with the other. If this was intentional, convert the expression to 'unknown' first.
  Types of property 'documents' are incompatible.
    Type 'Json' is not comparable to type 'PEBAttachment[]'.
      Type 'Json[]' is not comparable to type 'PEBAttachment[]'.
        Type 'Json' is not comparable to type 'PEBAttachment'.
          Type 'Json[]' is missing the following properties from type 'PEBAttachment': id, name, type, url, uploaded_at
lib/peb-actions.ts(150,18): error TS2352: Conversion of type '{ aju_number: string | null; approved_at: string | null; atd_date: string | null; awb_number: string | null; bill_of_lading: string | null; consignee_address: string | null; consignee_country: string | null; ... 32 more ...; voyage_number: string | null; }' to type 'PEBDocument' may be a mistake because neither type sufficiently overlaps with the other. If this was intentional, convert the expression to 'unknown' first.
  Types of property 'documents' are incompatible.
    Type 'Json' is not comparable to type 'PEBAttachment[]'.
      Type 'Json[]' is not comparable to type 'PEBAttachment[]'.
        Type 'Json' is not comparable to type 'PEBAttachment'.
          Type 'Json[]' is missing the following properties from type 'PEBAttachment': id, name, type, url, uploaded_at
lib/peb-actions.ts(215,11): error TS2352: Conversion of type '{ export_type: { created_at: string | null; description: string | null; id: string; is_active: boolean | null; permit_type: string | null; requires_export_duty: boolean | null; requires_permit: boolean | null; type_code: string; type_name: string; } | null; ... 47 more ...; job_orders: { ...; } | null; }' to type 'PEBDocumentWithRelations' may be a mistake because neither type sufficiently overlaps with the other. If this was intentional, convert the expression to 'unknown' first.
  Types of property 'documents' are incompatible.
    Type 'Json' is not comparable to type 'PEBAttachment[]'.
      Type 'Json[]' is not comparable to type 'PEBAttachment[]'.
        Type 'Json' is not comparable to type 'PEBAttachment'.
          Type 'Json[]' is missing the following properties from type 'PEBAttachment': id, name, type, url, uploaded_at
lib/peb-actions.ts(269,11): error TS2352: Conversion of type '{ export_type: { type_code: string; type_name: string; } | null; customs_office: { office_code: string; office_name: string; } | null; customer: { id: string; name: string; } | null; job_order: { ...; } | null; ... 43 more ...; job_orders: { ...; } | null; }[]' to type 'PEBDocumentWithRelations[]' may be a mistake because neither type sufficiently overlaps with the other. If this was intentional, convert the expression to 'unknown' first.
  Type '{ export_type: { type_code: string; type_name: string; } | null; customs_office: { office_code: string; office_name: string; } | null; customer: { id: string; name: string; } | null; job_order: { ...; } | null; ... 43 more ...; job_orders: { ...; } | null; }' is not comparable to type 'PEBDocumentWithRelations'.
    Types of property 'export_type' are incompatible.
      Type '{ type_code: string; type_name: string; } | null' is not comparable to type 'ExportType | undefined'.
        Type '{ type_code: string; type_name: string; }' is missing the following properties from type 'ExportType': id, description, requires_export_duty, requires_permit, and 3 more.
lib/peb-actions.ts(402,64): error TS2345: Argument of type 'number | null' is not assignable to parameter of type 'number'.
  Type 'null' is not assignable to type 'number'.
lib/peb-actions.ts(547,18): error TS2352: Conversion of type '{ aju_number: string | null; approved_at: string | null; atd_date: string | null; awb_number: string | null; bill_of_lading: string | null; consignee_address: string | null; consignee_country: string | null; ... 32 more ...; voyage_number: string | null; }' to type 'PEBDocument' may be a mistake because neither type sufficiently overlaps with the other. If this was intentional, convert the expression to 'unknown' first.
  Types of property 'documents' are incompatible.
    Type 'Json' is not comparable to type 'PEBAttachment[]'.
      Type 'Json[]' is not comparable to type 'PEBAttachment[]'.
        Type 'Json' is not comparable to type 'PEBAttachment'.
          Type 'Json[]' is missing the following properties from type 'PEBAttachment': id, name, type, url, uploaded_at
lib/peb-actions.ts(668,61): error TS2345: Argument of type 'string | null' is not assignable to parameter of type 'string'.
  Type 'null' is not assignable to type 'string'.
lib/peb-actions.ts(703,18): error TS2352: Conversion of type '{ aju_number: string | null; approved_at: string | null; atd_date: string | null; awb_number: string | null; bill_of_lading: string | null; consignee_address: string | null; consignee_country: string | null; ... 32 more ...; voyage_number: string | null; }[]' to type 'PEBDocument[]' may be a mistake because neither type sufficiently overlaps with the other. If this was intentional, convert the expression to 'unknown' first.
  Type '{ aju_number: string | null; approved_at: string | null; atd_date: string | null; awb_number: string | null; bill_of_lading: string | null; consignee_address: string | null; consignee_country: string | null; ... 32 more ...; voyage_number: string | null; }' is not comparable to type 'PEBDocument'.
    Types of property 'documents' are incompatible.
      Type 'Json' is not comparable to type 'PEBAttachment[]'.
        Type 'Json[]' is not comparable to type 'PEBAttachment[]'.
          Type 'Json' is not comparable to type 'PEBAttachment'.
            Type 'Json[]' is missing the following properties from type 'PEBAttachment': id, name, type, url, uploaded_at
lib/peb-utils.ts(323,46): error TS2322: Type '"director"' is not assignable to type 'UserRole'.
lib/peb-utils.ts(323,58): error TS2322: Type '"administration"' is not assignable to type 'UserRole'.
lib/peb-utils.ts(323,76): error TS2322: Type '"marketing_manager"' is not assignable to type 'UserRole'.
lib/peb-utils.ts(323,97): error TS2322: Type '"finance_manager"' is not assignable to type 'UserRole'.
lib/peb-utils.ts(323,116): error TS2322: Type '"operations_manager"' is not assignable to type 'UserRole'.
lib/peb-utils.ts(332,46): error TS2322: Type '"director"' is not assignable to type 'UserRole'.
lib/peb-utils.ts(332,58): error TS2322: Type '"administration"' is not assignable to type 'UserRole'.
lib/peb-utils.ts(332,76): error TS2322: Type '"marketing_manager"' is not assignable to type 'UserRole'.
lib/peb-utils.ts(332,97): error TS2322: Type '"finance_manager"' is not assignable to type 'UserRole'.
lib/peb-utils.ts(332,116): error TS2322: Type '"operations_manager"' is not assignable to type 'UserRole'.
lib/peb-utils.ts(341,46): error TS2322: Type '"director"' is not assignable to type 'UserRole'.
lib/permissions-server.ts(5,115): error TS2459: Module '"@/lib/permissions"' declares 'FeatureKey' locally, but it is not exported.
lib/permissions-server.ts(117,5): error TS2322: Type '"manager"' is not assignable to type 'UserRole'.
lib/permissions-server.ts(118,39): error TS2339: Property 'manager' does not exist on type 'Record<UserRole, UserPermissions>'.
lib/permissions-server.ts(236,5): error TS2322: Type '"manager"' is not assignable to type 'UserRole'.
lib/permissions-server.ts(237,39): error TS2339: Property 'manager' does not exist on type 'Record<UserRole, UserPermissions>'.
lib/permissions-server.ts(252,59): error TS2367: This comparison appears to be unintentional because the types '"director" | "marketing_manager" | "finance_manager" | "operations_manager" | "sysadmin" | "administration" | "finance" | "marketing" | "ops" | "engineer" | "hr" | "hse"' and '"manager"' have no overlap.
lib/permissions-server.ts(308,7): error TS2367: This comparison appears to be unintentional because the types '"director" | "marketing_manager" | "finance_manager" | "operations_manager" | "sysadmin" | "administration" | "finance" | "marketing" | "ops" | "engineer" | "hr" | "hse"' and '"admin"' have no overlap.
lib/pib-actions.ts(68,6): error TS2769: No overload matches this call.
  Overload 1 of 2, '(values: { aju_number?: string | null | undefined; ata_date?: string | null | undefined; awb_number?: string | null | undefined; bea_masuk?: number | null | undefined; bill_of_lading?: string | null | undefined; ... 41 more ...; voyage_number?: string | ... 1 more ... | undefined; }, options?: { ...; } | undefined): PostgrestFilterBuilder<...>', gave the following error.
    Argument of type '{ job_order_id: string | null; customer_id: string | null; importer_name: string; importer_npwp: string | null; importer_address: string | null; supplier_name: string | null; supplier_country: string | null; ... 21 more ...; status: string; }' is not assignable to parameter of type '{ aju_number?: string | null | undefined; ata_date?: string | null | undefined; awb_number?: string | null | undefined; bea_masuk?: number | null | undefined; bill_of_lading?: string | null | undefined; ... 41 more ...; voyage_number?: string | ... 1 more ... | undefined; }'.
      Property 'internal_ref' is missing in type '{ job_order_id: string | null; customer_id: string | null; importer_name: string; importer_npwp: string | null; importer_address: string | null; supplier_name: string | null; supplier_country: string | null; ... 21 more ...; status: string; }' but required in type '{ aju_number?: string | null | undefined; ata_date?: string | null | undefined; awb_number?: string | null | undefined; bea_masuk?: number | null | undefined; bill_of_lading?: string | null | undefined; ... 41 more ...; voyage_number?: string | ... 1 more ... | undefined; }'.
  Overload 2 of 2, '(values: { aju_number?: string | null | undefined; ata_date?: string | null | undefined; awb_number?: string | null | undefined; bea_masuk?: number | null | undefined; bill_of_lading?: string | null | undefined; ... 41 more ...; voyage_number?: string | ... 1 more ... | undefined; }[], options?: { ...; } | undefined): PostgrestFilterBuilder<...>', gave the following error.
    Object literal may only specify known properties, and 'job_order_id' does not exist in type '{ aju_number?: string | null | undefined; ata_date?: string | null | undefined; awb_number?: string | null | undefined; bea_masuk?: number | null | undefined; bill_of_lading?: string | null | undefined; ... 41 more ...; voyage_number?: string | ... 1 more ... | undefined; }[]'.
lib/pib-actions.ts(106,18): error TS2352: Conversion of type '{ aju_number: string | null; ata_date: string | null; awb_number: string | null; bea_masuk: number | null; bill_of_lading: string | null; cif_value: number | null; cif_value_idr: number | null; ... 39 more ...; voyage_number: string | null; }' to type 'PIBDocument' may be a mistake because neither type sufficiently overlaps with the other. If this was intentional, convert the expression to 'unknown' first.
  Types of property 'documents' are incompatible.
    Type 'Json' is not comparable to type 'PIBAttachment[]'.
      Type 'Json[]' is not comparable to type 'PIBAttachment[]'.
        Type 'Json' is not comparable to type 'PIBAttachment'.
          Type 'Json[]' is missing the following properties from type 'PIBAttachment': id, name, type, url, uploaded_at
lib/pib-actions.ts(190,18): error TS2352: Conversion of type '{ aju_number: string | null; ata_date: string | null; awb_number: string | null; bea_masuk: number | null; bill_of_lading: string | null; cif_value: number | null; cif_value_idr: number | null; ... 39 more ...; voyage_number: string | null; }' to type 'PIBDocument' may be a mistake because neither type sufficiently overlaps with the other. If this was intentional, convert the expression to 'unknown' first.
  Types of property 'documents' are incompatible.
    Type 'Json' is not comparable to type 'PIBAttachment[]'.
      Type 'Json[]' is not comparable to type 'PIBAttachment[]'.
        Type 'Json' is not comparable to type 'PIBAttachment'.
          Type 'Json[]' is missing the following properties from type 'PIBAttachment': id, name, type, url, uploaded_at
lib/pib-actions.ts(256,11): error TS2352: Conversion of type '{ import_type: { created_at: string | null; default_bm_rate: number | null; default_pph_rate: number | null; default_ppn_rate: number | null; description: string | null; id: string; ... 4 more ...; type_name: string; } | null; ... 54 more ...; job_orders: { ...; } | null; }' to type 'PIBDocumentWithRelations' may be a mistake because neither type sufficiently overlaps with the other. If this was intentional, convert the expression to 'unknown' first.
  Types of property 'documents' are incompatible.
    Type 'Json' is not comparable to type 'PIBAttachment[]'.
      Type 'Json[]' is not comparable to type 'PIBAttachment[]'.
        Type 'Json' is not comparable to type 'PIBAttachment'.
          Type 'Json[]' is missing the following properties from type 'PIBAttachment': id, name, type, url, uploaded_at
lib/pib-actions.ts(310,11): error TS2352: Conversion of type '{ import_type: { type_code: string; type_name: string; } | null; customs_office: { office_code: string; office_name: string; } | null; customer: { id: string; name: string; } | null; job_order: { ...; } | null; ... 50 more ...; job_orders: { ...; } | null; }[]' to type 'PIBDocumentWithRelations[]' may be a mistake because neither type sufficiently overlaps with the other. If this was intentional, convert the expression to 'unknown' first.
  Type '{ import_type: { type_code: string; type_name: string; } | null; customs_office: { office_code: string; office_name: string; } | null; customer: { id: string; name: string; } | null; job_order: { ...; } | null; ... 50 more ...; job_orders: { ...; } | null; }' is not comparable to type 'PIBDocumentWithRelations'.
    Types of property 'import_type' are incompatible.
      Type '{ type_code: string; type_name: string; } | null' is not comparable to type 'ImportType | undefined'.
        Type '{ type_code: string; type_name: string; }' is missing the following properties from type 'ImportType': id, description, default_bm_rate, default_ppn_rate, and 5 more.
lib/pib-actions.ts(477,58): error TS2345: Argument of type 'number | null' is not assignable to parameter of type 'number'.
  Type 'null' is not assignable to type 'number'.
lib/pib-actions.ts(661,18): error TS2352: Conversion of type '{ aju_number: string | null; ata_date: string | null; awb_number: string | null; bea_masuk: number | null; bill_of_lading: string | null; cif_value: number | null; cif_value_idr: number | null; ... 39 more ...; voyage_number: string | null; }' to type 'PIBDocument' may be a mistake because neither type sufficiently overlaps with the other. If this was intentional, convert the expression to 'unknown' first.
  Types of property 'documents' are incompatible.
    Type 'Json' is not comparable to type 'PIBAttachment[]'.
      Type 'Json[]' is not comparable to type 'PIBAttachment[]'.
        Type 'Json' is not comparable to type 'PIBAttachment'.
          Type 'Json[]' is missing the following properties from type 'PIBAttachment': id, name, type, url, uploaded_at
lib/pib-actions.ts(781,44): error TS2345: Argument of type 'string | null' is not assignable to parameter of type 'string'.
  Type 'null' is not assignable to type 'string'.
lib/pib-actions.ts(784,66): error TS2345: Argument of type 'string | null' is not assignable to parameter of type 'string'.
  Type 'null' is not assignable to type 'string'.
lib/pib-actions.ts(817,18): error TS2352: Conversion of type '{ aju_number: string | null; ata_date: string | null; awb_number: string | null; bea_masuk: number | null; bill_of_lading: string | null; cif_value: number | null; cif_value_idr: number | null; ... 39 more ...; voyage_number: string | null; }[]' to type 'PIBDocument[]' may be a mistake because neither type sufficiently overlaps with the other. If this was intentional, convert the expression to 'unknown' first.
  Type '{ aju_number: string | null; ata_date: string | null; awb_number: string | null; bea_masuk: number | null; bill_of_lading: string | null; cif_value: number | null; cif_value_idr: number | null; ... 39 more ...; voyage_number: string | null; }' is not comparable to type 'PIBDocument'.
    Types of property 'documents' are incompatible.
      Type 'Json' is not comparable to type 'PIBAttachment[]'.
        Type 'Json[]' is not comparable to type 'PIBAttachment[]'.
          Type 'Json' is not comparable to type 'PIBAttachment'.
            Type 'Json[]' is missing the following properties from type 'PIBAttachment': id, name, type, url, uploaded_at
lib/ppe-actions.ts(45,3): error TS2322: Type '{ available_sizes: string[] | null; category: string; created_at: string | null; description: string | null; display_order: number | null; has_sizes: boolean | null; id: string; is_active: boolean | null; ... 6 more ...; unit_cost: number | null; }[]' is not assignable to type 'PPEType[]'.
  Type '{ available_sizes: string[] | null; category: string; created_at: string | null; description: string | null; display_order: number | null; has_sizes: boolean | null; id: string; is_active: boolean | null; ... 6 more ...; unit_cost: number | null; }' is not assignable to type 'PPEType'.
    Types of property 'category' are incompatible.
      Type 'string' is not assignable to type 'PPECategory'.
lib/ppe-actions.ts(61,3): error TS2322: Type '{ available_sizes: string[] | null; category: string; created_at: string | null; description: string | null; display_order: number | null; has_sizes: boolean | null; id: string; is_active: boolean | null; ... 6 more ...; unit_cost: number | null; }' is not assignable to type 'PPEType'.
  Types of property 'category' are incompatible.
    Type 'string' is not assignable to type 'PPECategory'.
lib/ppe-actions.ts(96,3): error TS2322: Type '{ available_sizes: string[] | null; category: string; created_at: string | null; description: string | null; display_order: number | null; has_sizes: boolean | null; id: string; is_active: boolean | null; ... 6 more ...; unit_cost: number | null; }' is not assignable to type 'PPEType'.
  Types of property 'category' are incompatible.
    Type 'string' is not assignable to type 'PPECategory'.
lib/ppe-actions.ts(122,3): error TS2322: Type '{ available_sizes: string[] | null; category: string; created_at: string | null; description: string | null; display_order: number | null; has_sizes: boolean | null; id: string; is_active: boolean | null; ... 6 more ...; unit_cost: number | null; }' is not assignable to type 'PPEType'.
  Types of property 'category' are incompatible.
    Type 'string' is not assignable to type 'PPECategory'.
lib/ppe-actions.ts(167,3): error TS2322: Type '{ id: string; last_purchase_cost: number | null; last_purchase_date: string | null; last_purchase_qty: number | null; ppe_type_id: string; quantity_in_stock: number | null; reorder_level: number | null; size: string | null; storage_location: string | null; updated_at: string | null; ppe_type: { ...; }; }[]' is not assignable to type 'PPEInventory[]'.
  Type '{ id: string; last_purchase_cost: number | null; last_purchase_date: string | null; last_purchase_qty: number | null; ppe_type_id: string; quantity_in_stock: number | null; reorder_level: number | null; size: string | null; storage_location: string | null; updated_at: string | null; ppe_type: { ...; }; }' is not assignable to type 'PPEInventory'.
    Types of property 'quantity_in_stock' are incompatible.
      Type 'number | null' is not assignable to type 'number'.
        Type 'null' is not assignable to type 'number'.
lib/ppe-actions.ts(193,3): error TS2322: Type '{ id: string; last_purchase_cost: number | null; last_purchase_date: string | null; last_purchase_qty: number | null; ppe_type_id: string; quantity_in_stock: number | null; reorder_level: number | null; size: string | null; storage_location: string | null; updated_at: string | null; }' is not assignable to type 'PPEInventory'.
  Types of property 'quantity_in_stock' are incompatible.
    Type 'number | null' is not assignable to type 'number'.
      Type 'null' is not assignable to type 'number'.
lib/ppe-actions.ts(212,3): error TS2322: Type '{ id: string; last_purchase_cost: number | null; last_purchase_date: string | null; last_purchase_qty: number | null; ppe_type_id: string; quantity_in_stock: number | null; reorder_level: number | null; size: string | null; storage_location: string | null; updated_at: string | null; }' is not assignable to type 'PPEInventory'.
  Types of property 'quantity_in_stock' are incompatible.
    Type 'number | null' is not assignable to type 'number'.
      Type 'null' is not assignable to type 'number'.
lib/ppe-actions.ts(242,5): error TS2322: Type '{ id: string; last_purchase_cost: number | null; last_purchase_date: string | null; last_purchase_qty: number | null; ppe_type_id: string; quantity_in_stock: number | null; reorder_level: number | null; size: string | null; storage_location: string | null; updated_at: string | null; }' is not assignable to type 'PPEInventory'.
  Types of property 'quantity_in_stock' are incompatible.
    Type 'number | null' is not assignable to type 'number'.
      Type 'null' is not assignable to type 'number'.
lib/ppe-actions.ts(261,3): error TS2322: Type '{ id: string; last_purchase_cost: number | null; last_purchase_date: string | null; last_purchase_qty: number | null; ppe_type_id: string; quantity_in_stock: number | null; reorder_level: number | null; size: string | null; storage_location: string | null; updated_at: string | null; }' is not assignable to type 'PPEInventory'.
  Types of property 'quantity_in_stock' are incompatible.
    Type 'number | null' is not assignable to type 'number'.
      Type 'null' is not assignable to type 'number'.
lib/ppe-actions.ts(290,5): error TS2322: Type '{ id: string; last_purchase_cost: number | null; last_purchase_date: string | null; last_purchase_qty: number | null; ppe_type_id: string; quantity_in_stock: number | null; reorder_level: number | null; size: string | null; storage_location: string | null; updated_at: string | null; }' is not assignable to type 'PPEInventory'.
  Types of property 'quantity_in_stock' are incompatible.
    Type 'number | null' is not assignable to type 'number'.
      Type 'null' is not assignable to type 'number'.
lib/ppe-actions.ts(311,3): error TS2322: Type '{ id: string; last_purchase_cost: number | null; last_purchase_date: string | null; last_purchase_qty: number | null; ppe_type_id: string; quantity_in_stock: number | null; reorder_level: number | null; size: string | null; storage_location: string | null; updated_at: string | null; }' is not assignable to type 'PPEInventory'.
  Types of property 'quantity_in_stock' are incompatible.
    Type 'number | null' is not assignable to type 'number'.
      Type 'null' is not assignable to type 'number'.
lib/ppe-actions.ts(328,3): error TS2322: Type '{ id: string; last_purchase_cost: number | null; last_purchase_date: string | null; last_purchase_qty: number | null; ppe_type_id: string; quantity_in_stock: number | null; reorder_level: number | null; size: string | null; storage_location: string | null; updated_at: string | null; ppe_type: { ...; }; }[]' is not assignable to type 'PPEInventory[]'.
  Type '{ id: string; last_purchase_cost: number | null; last_purchase_date: string | null; last_purchase_qty: number | null; ppe_type_id: string; quantity_in_stock: number | null; reorder_level: number | null; size: string | null; storage_location: string | null; updated_at: string | null; ppe_type: { ...; }; }' is not assignable to type 'PPEInventory'.
    Types of property 'quantity_in_stock' are incompatible.
      Type 'number | null' is not assignable to type 'number'.
        Type 'null' is not assignable to type 'number'.
lib/ppe-actions.ts(328,46): error TS18047: 'item.quantity_in_stock' is possibly 'null'.
lib/ppe-actions.ts(328,71): error TS18047: 'item.reorder_level' is possibly 'null'.
lib/ppe-actions.ts(366,3): error TS2322: Type '{ condition_at_issue: string | null; created_at: string | null; employee_id: string; expected_replacement_date: string | null; id: string; issued_by: string | null; issued_date: string; ... 11 more ...; issued_by_user: { ...; } | null; }[]' is not assignable to type 'PPEIssuance[]'.
  Type '{ condition_at_issue: string | null; created_at: string | null; employee_id: string; expected_replacement_date: string | null; id: string; issued_by: string | null; issued_date: string; ... 11 more ...; issued_by_user: { ...; } | null; }' is not assignable to type 'PPEIssuance'.
    Types of property 'quantity' are incompatible.
      Type 'number | null' is not assignable to type 'number'.
        Type 'null' is not assignable to type 'number'.
lib/ppe-actions.ts(391,3): error TS2322: Type '{ condition_at_issue: string | null; created_at: string | null; employee_id: string; expected_replacement_date: string | null; id: string; issued_by: string | null; issued_date: string; ... 12 more ...; inspections: { ...; }[]; }' is not assignable to type 'PPEIssuance'.
  Types of property 'quantity' are incompatible.
    Type 'number | null' is not assignable to type 'number'.
      Type 'null' is not assignable to type 'number'.
lib/ppe-actions.ts(468,3): error TS2322: Type '{ condition_at_issue: string | null; created_at: string | null; employee_id: string; expected_replacement_date: string | null; id: string; issued_by: string | null; issued_date: string; ... 8 more ...; status: string | null; }' is not assignable to type 'PPEIssuance'.
  Types of property 'quantity' are incompatible.
    Type 'number | null' is not assignable to type 'number'.
      Type 'null' is not assignable to type 'number'.
lib/ppe-actions.ts(510,7): error TS2345: Argument of type 'number | null' is not assignable to parameter of type 'number'.
  Type 'null' is not assignable to type 'number'.
lib/ppe-actions.ts(517,3): error TS2322: Type '{ condition_at_issue: string | null; created_at: string | null; employee_id: string; expected_replacement_date: string | null; id: string; issued_by: string | null; issued_date: string; ... 8 more ...; status: string | null; }' is not assignable to type 'PPEIssuance'.
  Types of property 'quantity' are incompatible.
    Type 'number | null' is not assignable to type 'number'.
      Type 'null' is not assignable to type 'number'.
lib/ppe-actions.ts(607,3): error TS2322: Type '{ condition_at_issue: string | null; created_at: string | null; employee_id: string; expected_replacement_date: string | null; id: string; issued_by: string | null; issued_date: string; ... 8 more ...; status: string | null; }' is not assignable to type 'PPEIssuance'.
  Types of property 'quantity' are incompatible.
    Type 'number | null' is not assignable to type 'number'.
      Type 'null' is not assignable to type 'number'.
lib/ppe-actions.ts(641,3): error TS2322: Type '{ condition_at_issue: string | null; created_at: string | null; employee_id: string; expected_replacement_date: string | null; id: string; issued_by: string | null; issued_date: string; ... 8 more ...; status: string | null; }' is not assignable to type 'PPEIssuance'.
  Types of property 'quantity' are incompatible.
    Type 'number | null' is not assignable to type 'number'.
      Type 'null' is not assignable to type 'number'.
lib/ppe-actions.ts(662,3): error TS2322: Type '{ action_required: string | null; action_taken: string | null; condition: string; created_at: string | null; findings: string | null; id: string; inspected_by: string | null; inspection_date: string; issuance_id: string; inspected_by_user: { ...; } | null; }[]' is not assignable to type 'PPEInspection[]'.
  Type '{ action_required: string | null; action_taken: string | null; condition: string; created_at: string | null; findings: string | null; id: string; inspected_by: string | null; inspection_date: string; issuance_id: string; inspected_by_user: { ...; } | null; }' is not assignable to type 'PPEInspection'.
    Types of property 'condition' are incompatible.
      Type 'string' is not assignable to type 'PPECondition'.
lib/ppe-actions.ts(709,3): error TS2322: Type '{ action_required: string | null; action_taken: string | null; condition: string; created_at: string | null; findings: string | null; id: string; inspected_by: string | null; inspection_date: string; issuance_id: string; }' is not assignable to type 'PPEInspection'.
  Types of property 'condition' are incompatible.
    Type 'string' is not assignable to type 'PPECondition'.
lib/ppe-actions.ts(728,3): error TS2322: Type '{ action_required: string | null; action_taken: string | null; condition: string; created_at: string | null; findings: string | null; id: string; inspected_by: string | null; inspection_date: string; issuance_id: string; }' is not assignable to type 'PPEInspection'.
  Types of property 'condition' are incompatible.
    Type 'string' is not assignable to type 'PPECondition'.
lib/ppe-actions.ts(743,3): error TS2322: Type '{ days_overdue: number | null; employee_code: string | null; expected_replacement_date: string | null; full_name: string | null; id: string | null; issued_date: string | null; ppe_name: string | null; size: string | null; }[]' is not assignable to type 'PPEReplacementDue[]'.
  Type '{ days_overdue: number | null; employee_code: string | null; expected_replacement_date: string | null; full_name: string | null; id: string | null; issued_date: string | null; ppe_name: string | null; size: string | null; }' is not assignable to type 'PPEReplacementDue'.
    Types of property 'id' are incompatible.
      Type 'string | null' is not assignable to type 'string'.
        Type 'null' is not assignable to type 'string'.
lib/ppe-actions.ts(760,3): error TS2322: Type '{ employee_code: string | null; employee_id: string | null; expected_replacement_date: string | null; full_name: string | null; is_mandatory: boolean | null; issuance_id: string | null; ... 4 more ...; ppe_type_id: string | null; }[]' is not assignable to type 'EmployeePPEStatus[]'.
  Type '{ employee_code: string | null; employee_id: string | null; expected_replacement_date: string | null; full_name: string | null; is_mandatory: boolean | null; issuance_id: string | null; ... 4 more ...; ppe_type_id: string | null; }' is not assignable to type 'EmployeePPEStatus'.
    Types of property 'employee_id' are incompatible.
      Type 'string | null' is not assignable to type 'string'.
        Type 'null' is not assignable to type 'string'.
lib/predictive-analytics-actions.ts(57,13): error TS2339: Property 'id' does not exist on type 'SelectQueryError<"column 'total_amount' does not exist on 'quotations'.">'.
lib/predictive-analytics-actions.ts(58,16): error TS2339: Property 'total_amount' does not exist on type 'SelectQueryError<"column 'total_amount' does not exist on 'quotations'.">'.
lib/predictive-analytics-actions.ts(59,22): error TS2339: Property 'probability' does not exist on type 'SelectQueryError<"column 'total_amount' does not exist on 'quotations'.">'.
lib/predictive-analytics-actions.ts(60,30): error TS2339: Property 'expected_close_date' does not exist on type 'SelectQueryError<"column 'total_amount' does not exist on 'quotations'.">'.
lib/predictive-analytics-actions.ts(69,37): error TS2769: No overload matches this call.
  Overload 1 of 4, '(value: string | number | Date): Date', gave the following error.
    Argument of type 'string | null' is not assignable to parameter of type 'string | number | Date'.
      Type 'null' is not assignable to type 'string | number | Date'.
  Overload 2 of 4, '(value: string | number): Date', gave the following error.
    Argument of type 'string | null' is not assignable to parameter of type 'string | number'.
      Type 'null' is not assignable to type 'string | number'.
lib/predictive-analytics-actions.ts(108,29): error TS2322: Type '{ actual_revenue: number | null; confidence_high: number | null; confidence_level: number | null; confidence_low: number | null; created_at: string | null; forecast_date: string; ... 6 more ...; target_month: string; }' is not assignable to type 'RevenueForecast'.
  Types of property 'created_at' are incompatible.
    Type 'string | null' is not assignable to type 'string'.
      Type 'null' is not assignable to type 'string'.
lib/predictive-analytics-actions.ts(173,13): error TS2339: Property 'status' does not exist on type 'SelectQueryError<"column 'total_amount' does not exist on 'quotations'.">'.
lib/predictive-analytics-actions.ts(174,32): error TS2339: Property 'total_amount' does not exist on type 'SelectQueryError<"column 'total_amount' does not exist on 'quotations'.">'.
lib/predictive-analytics-actions.ts(176,32): error TS2339: Property 'total_amount' does not exist on type 'SelectQueryError<"column 'total_amount' does not exist on 'quotations'.">'.
lib/predictive-analytics-actions.ts(176,57): error TS2339: Property 'probability' does not exist on type 'SelectQueryError<"column 'total_amount' does not exist on 'quotations'.">'.
lib/predictive-analytics-actions.ts(251,37): error TS2769: No overload matches this call.
  Overload 1 of 4, '(value: string | number | Date): Date', gave the following error.
    Argument of type 'string | null' is not assignable to parameter of type 'string | number | Date'.
      Type 'null' is not assignable to type 'string | number | Date'.
  Overload 2 of 4, '(value: string | number): Date', gave the following error.
    Argument of type 'string | null' is not assignable to parameter of type 'string | number'.
      Type 'null' is not assignable to type 'string | number'.
lib/predictive-analytics-actions.ts(311,45): error TS2769: No overload matches this call.
  Overload 1 of 4, '(value: string | number | Date): Date', gave the following error.
    Argument of type 'string | null' is not assignable to parameter of type 'string | number | Date'.
      Type 'null' is not assignable to type 'string | number | Date'.
  Overload 2 of 4, '(value: string | number): Date', gave the following error.
    Argument of type 'string | null' is not assignable to parameter of type 'string | number'.
      Type 'null' is not assignable to type 'string | number'.
lib/predictive-analytics-actions.ts(360,17): error TS2339: Property 'status' does not exist on type 'SelectQueryError<"column 'paid_date' does not exist on 'invoices'.">'.
lib/predictive-analytics-actions.ts(360,42): error TS2339: Property 'paid_date' does not exist on type 'SelectQueryError<"column 'paid_date' does not exist on 'invoices'.">'.
lib/predictive-analytics-actions.ts(360,59): error TS2339: Property 'due_date' does not exist on type 'SelectQueryError<"column 'paid_date' does not exist on 'invoices'.">'.
lib/predictive-analytics-actions.ts(362,28): error TS2339: Property 'paid_date' does not exist on type 'SelectQueryError<"column 'paid_date' does not exist on 'invoices'.">'.
lib/predictive-analytics-actions.ts(362,55): error TS2339: Property 'due_date' does not exist on type 'SelectQueryError<"column 'paid_date' does not exist on 'invoices'.">'.
lib/predictive-analytics-actions.ts(384,11): error TS2769: No overload matches this call.
  Overload 2 of 2, '(values: { action_date?: string | null | undefined; action_taken?: string | null | undefined; assessment_date: string; churn_risk_score?: number | null | undefined; contributing_factors?: Json | undefined; ... 8 more ...; risk_level?: string | ... 1 more ... | undefined; }[], options?: { ...; } | undefined): PostgrestFilterBuilder<...>', gave the following error.
    Object literal may only specify known properties, and 'customer_id' does not exist in type '{ action_date?: string | null | undefined; action_taken?: string | null | undefined; assessment_date: string; churn_risk_score?: number | null | undefined; contributing_factors?: Json | undefined; ... 8 more ...; risk_level?: string | ... 1 more ... | undefined; }[]'.
lib/predictive-analytics-actions.ts(405,24): error TS2345: Argument of type '{ customer: { id: string; name: string; email: string; }; action_date: string | null; action_taken: string | null; assessment_date: string; churn_risk_score: number | null; contributing_factors: Json | null; ... 8 more ...; risk_level: string | null; }' is not assignable to parameter of type 'CustomerChurnRisk'.
  Types of property 'churn_risk_score' are incompatible.
    Type 'number | null' is not assignable to type 'number'.
      Type 'null' is not assignable to type 'number'.
lib/predictive-analytics-actions.ts(447,29): error TS2322: Type '{ action_date: string | null; action_taken: string | null; assessment_date: string; churn_risk_score: number | null; contributing_factors: Json; created_at: string | null; ... 8 more ...; customer: { ...; }; }[]' is not assignable to type 'CustomerChurnRisk[]'.
  Type '{ action_date: string | null; action_taken: string | null; assessment_date: string; churn_risk_score: number | null; contributing_factors: Json; created_at: string | null; ... 8 more ...; customer: { ...; }; }' is not assignable to type 'CustomerChurnRisk'.
    Types of property 'churn_risk_score' are incompatible.
      Type 'number | null' is not assignable to type 'number'.
        Type 'null' is not assignable to type 'number'.
lib/predictive-analytics-actions.ts(577,23): error TS2339: Property 'id' does not exist on type 'SelectQueryError<"column 'paid_date' does not exist on 'invoices'.">'.
lib/predictive-analytics-actions.ts(578,27): error TS2339: Property 'total_amount' does not exist on type 'SelectQueryError<"column 'paid_date' does not exist on 'invoices'.">'.
lib/predictive-analytics-actions.ts(579,21): error TS2339: Property 'due_date' does not exist on type 'SelectQueryError<"column 'paid_date' does not exist on 'invoices'.">'.
lib/predictive-analytics-actions.ts(580,25): error TS2339: Property 'paid_date' does not exist on type 'SelectQueryError<"column 'paid_date' does not exist on 'invoices'.">'.
lib/predictive-analytics-actions.ts(581,28): error TS2339: Property 'paid_date' does not exist on type 'SelectQueryError<"column 'paid_date' does not exist on 'invoices'.">'.
lib/predictive-analytics-actions.ts(581,45): error TS2339: Property 'due_date' does not exist on type 'SelectQueryError<"column 'paid_date' does not exist on 'invoices'.">'.
lib/predictive-analytics-actions.ts(582,36): error TS2339: Property 'paid_date' does not exist on type 'SelectQueryError<"column 'paid_date' does not exist on 'invoices'.">'.
lib/predictive-analytics-actions.ts(582,72): error TS2339: Property 'due_date' does not exist on type 'SelectQueryError<"column 'paid_date' does not exist on 'invoices'.">'.
lib/predictive-analytics-actions.ts(603,8): error TS2769: No overload matches this call.
  Overload 1 of 2, '(values: { actual_payment_date?: string | null | undefined; confidence_level?: number | null | undefined; created_at?: string | null | undefined; days_to_payment_predicted?: number | null | undefined; ... 6 more ...; risk_factors?: Json | undefined; }, options?: { ...; } | undefined): PostgrestFilterBuilder<...>', gave the following error.
    Type 'ContributingFactor[]' is not assignable to type 'Json | undefined'.
      Type 'ContributingFactor[]' is not assignable to type 'Json[]'.
        Type 'ContributingFactor' is not assignable to type 'Json'.
          Type 'ContributingFactor' is not assignable to type '{ [key: string]: Json | undefined; }'.
            Index signature for type 'string' is missing in type 'ContributingFactor'.
  Overload 2 of 2, '(values: { actual_payment_date?: string | null | undefined; confidence_level?: number | null | undefined; created_at?: string | null | undefined; days_to_payment_predicted?: number | null | undefined; ... 6 more ...; risk_factors?: Json | undefined; }[], options?: { ...; } | undefined): PostgrestFilterBuilder<...>', gave the following error.
    Object literal may only specify known properties, and 'invoice_id' does not exist in type '{ actual_payment_date?: string | null | undefined; confidence_level?: number | null | undefined; created_at?: string | null | undefined; days_to_payment_predicted?: number | null | undefined; ... 6 more ...; risk_factors?: Json | undefined; }[]'.
lib/predictive-analytics-actions.ts(617,29): error TS2322: Type '{ actual_payment_date: string | null; confidence_level: number | null; created_at: string | null; days_to_payment_predicted: number | null; id: string; invoice_id: string; late_payment_risk: string | null; predicted_payment_date: string | null; prediction_accuracy_days: number | null; prediction_date: string; risk_f...' is not assignable to type 'PaymentPrediction'.
  Types of property 'late_payment_risk' are incompatible.
    Type 'string | null' is not assignable to type 'RiskLevel | null'.
      Type 'string' is not assignable to type 'RiskLevel | null'.
lib/predictive-analytics-actions.ts(664,29): error TS2322: Type '{ invoice: { id: string; invoice_number: string; total_amount: number; due_date: string; customer_name: string; } | undefined; actual_payment_date: string | null; confidence_level: number | null; ... 8 more ...; risk_factors: Json; }[]' is not assignable to type 'PaymentPrediction[]'.
  Type '{ invoice: { id: string; invoice_number: string; total_amount: number; due_date: string; customer_name: string; } | undefined; actual_payment_date: string | null; confidence_level: number | null; ... 8 more ...; risk_factors: Json | null; }' is not assignable to type 'PaymentPrediction'.
    Types of property 'late_payment_risk' are incompatible.
      Type 'string | null' is not assignable to type 'RiskLevel | null'.
        Type 'string' is not assignable to type 'RiskLevel | null'.
lib/production-readiness-utils.ts(286,28): error TS2339: Property 'database_size' does not exist on type 'SelectQueryError<"column 'database_size' does not exist on 'system_health'.">'.
lib/production-readiness-utils.ts(287,33): error TS2339: Property 'active_connections' does not exist on type 'SelectQueryError<"column 'database_size' does not exist on 'system_health'.">'.
lib/production-readiness-utils.ts(288,26): error TS2339: Property 'error_count' does not exist on type 'SelectQueryError<"column 'database_size' does not exist on 'system_health'.">'.
lib/production-readiness-utils.ts(329,5): error TS2322: Type 'string | null' is not assignable to type 'string | undefined'.
  Type 'null' is not assignable to type 'string | undefined'.
lib/production-readiness-utils.ts(330,5): error TS2322: Type 'string | null' is not assignable to type 'string | undefined'.
  Type 'null' is not assignable to type 'string | undefined'.
lib/production-readiness-utils.ts(366,6): error TS2769: No overload matches this call.
  Overload 1 of 2, '(values: { config_key: string; config_value: Json; created_at?: string | undefined; description?: string | null | undefined; environment?: string | undefined; id?: string | undefined; is_sensitive?: boolean | undefined; updated_at?: string | undefined; updated_by?: string | ... 1 more ... | undefined; }, options?: { ...; } | undefined): PostgrestFilterBuilder<...>', gave the following error.
    Type 'unknown' is not assignable to type 'Json'.
  Overload 2 of 2, '(values: { config_key: string; config_value: Json; created_at?: string | undefined; description?: string | null | undefined; environment?: string | undefined; id?: string | undefined; is_sensitive?: boolean | undefined; updated_at?: string | undefined; updated_by?: string | ... 1 more ... | undefined; }[], options?: { ...; } | undefined): PostgrestFilterBuilder<...>', gave the following error.
    Object literal may only specify known properties, and 'config_key' does not exist in type '{ config_key: string; config_value: Json; created_at?: string | undefined; description?: string | null | undefined; environment?: string | undefined; id?: string | undefined; is_sensitive?: boolean | undefined; updated_at?: string | undefined; updated_by?: string | ... 1 more ... | undefined; }[]'.
lib/production-readiness-utils.ts(412,3): error TS2322: Type '{ id: string; configKey: string; configValue: Json; environment: string; isSensitive: boolean; description: string | null; updatedBy: string | null; updatedAt: string; createdAt: string; }[]' is not assignable to type 'AppConfig[]'.
  Type '{ id: string; configKey: string; configValue: Json; environment: string; isSensitive: boolean; description: string | null; updatedBy: string | null; updatedAt: string; createdAt: string; }' is not assignable to type 'AppConfig'.
    Types of property 'description' are incompatible.
      Type 'string | null' is not assignable to type 'string | undefined'.
        Type 'null' is not assignable to type 'string | undefined'.
lib/production-readiness-utils.ts(466,5): error TS2322: Type 'string | null' is not assignable to type 'string | undefined'.
  Type 'null' is not assignable to type 'string | undefined'.
lib/production-readiness-utils.ts(471,5): error TS2322: Type 'string | null' is not assignable to type 'string | undefined'.
  Type 'null' is not assignable to type 'string | undefined'.
lib/production-readiness-utils.ts(472,5): error TS2322: Type 'string | null' is not assignable to type 'string | undefined'.
  Type 'null' is not assignable to type 'string | undefined'.
lib/production-readiness-utils.ts(473,5): error TS2322: Type 'string | number | true | { [key: string]: Json | undefined; } | Json[]' is not assignable to type 'Record<string, unknown>'.
  Type 'string' is not assignable to type 'Record<string, unknown>'.
lib/production-readiness-utils.ts(474,5): error TS2322: Type 'string | null' is not assignable to type 'string | undefined'.
  Type 'null' is not assignable to type 'string | undefined'.
lib/production-readiness-utils.ts(493,3): error TS2322: Type '{ id: string; flagKey: string; name: string; description: string | null; isEnabled: boolean; targetUsers: string[]; targetRoles: string[]; rolloutPercentage: number; enableAt: string | null; disableAt: string | null; metadata: string | ... 3 more ... | Json[]; updatedBy: string | null; updatedAt: string; createdAt: ...' is not assignable to type 'FeatureFlag[]'.
  Type '{ id: string; flagKey: string; name: string; description: string | null; isEnabled: boolean; targetUsers: string[]; targetRoles: string[]; rolloutPercentage: number; enableAt: string | null; disableAt: string | null; metadata: string | ... 3 more ... | Json[]; updatedBy: string | null; updatedAt: string; createdAt: ...' is not assignable to type 'FeatureFlag'.
    Types of property 'description' are incompatible.
      Type 'string | null' is not assignable to type 'string | undefined'.
        Type 'null' is not assignable to type 'string | undefined'.
lib/production-readiness-utils.ts(631,6): error TS2769: No overload matches this call.
  Overload 1 of 2, '(values: { build_number?: string | null | undefined; changelog?: string | null | undefined; commit_hash?: string | null | undefined; deployed_at?: string | undefined; deployed_by?: string | null | undefined; ... 8 more ...; version: string; }, options?: { ...; } | undefined): PostgrestFilterBuilder<...>', gave the following error.
    Type 'Record<string, unknown>' is not assignable to type 'Json | undefined'.
      Type 'Record<string, unknown>' is missing the following properties from type 'Json[]': length, pop, push, concat, and 35 more.
  Overload 2 of 2, '(values: { build_number?: string | null | undefined; changelog?: string | null | undefined; commit_hash?: string | null | undefined; deployed_at?: string | undefined; deployed_by?: string | null | undefined; ... 8 more ...; version: string; }[], options?: { ...; } | undefined): PostgrestFilterBuilder<...>', gave the following error.
    Object literal may only specify known properties, and 'version' does not exist in type '{ build_number?: string | null | undefined; changelog?: string | null | undefined; commit_hash?: string | null | undefined; deployed_at?: string | undefined; deployed_by?: string | null | undefined; ... 8 more ...; version: string; }[]'.
lib/production-readiness-utils.ts(717,3): error TS2322: Type '{ id: string; version: string; environment: string; deployedAt: string; deployedBy: string | null; deployedByName: string | null; changelog: string | null; status: string; isRollback: boolean; ... 4 more ...; metadata: string | ... 3 more ... | Json[]; }[]' is not assignable to type 'DeploymentRecord[]'.
  Type '{ id: string; version: string; environment: string; deployedAt: string; deployedBy: string | null; deployedByName: string | null; changelog: string | null; status: string; isRollback: boolean; ... 4 more ...; metadata: string | ... 3 more ... | Json[]; }' is not assignable to type 'DeploymentRecord'.
    Types of property 'deployedBy' are incompatible.
      Type 'string | null' is not assignable to type 'string | undefined'.
        Type 'null' is not assignable to type 'string | undefined'.
lib/production-readiness-utils.ts(797,31): error TS2589: Type instantiation is excessively deep and possibly infinite.
lib/production-readiness-utils.ts(797,45): error TS2769: No overload matches this call.
  Overload 1 of 2, '(relation: "agency_service_providers" | "port_agents" | "prediction_models" | "user_profiles" | "alert_rules" | "kpi_definitions" | "bills_of_lading" | "freight_bookings" | "assets" | ... 211 more ... | "weekly_kpi_snapshots"): PostgrestQueryBuilder<...>', gave the following error.
    Argument of type 'string' is not assignable to parameter of type '"agency_service_providers" | "port_agents" | "prediction_models" | "user_profiles" | "alert_rules" | "kpi_definitions" | "bills_of_lading" | "freight_bookings" | "assets" | ... 211 more ... | "weekly_kpi_snapshots"'.
  Overload 2 of 2, '(relation: "active_bookings" | "shipment_profitability" | "asset_availability" | "asset_tco_summary" | "asset_utilization_monthly" | "maintenance_cost_summary" | "upcoming_maintenance" | ... 43 more ... | "upcoming_vessel_arrivals"): PostgrestQueryBuilder<...>', gave the following error.
    Argument of type 'string' is not assignable to parameter of type '"active_bookings" | "shipment_profitability" | "asset_availability" | "asset_tco_summary" | "asset_utilization_monthly" | "maintenance_cost_summary" | "upcoming_maintenance" | ... 43 more ... | "upcoming_vessel_arrivals"'.
lib/reports/profitability-utils.ts(205,25): error TS2769: No overload matches this call.
  Overload 1 of 4, '(value: string | number | Date): Date', gave the following error.
    Argument of type 'string | null' is not assignable to parameter of type 'string | number | Date'.
      Type 'null' is not assignable to type 'string | number | Date'.
  Overload 2 of 4, '(value: string | number): Date', gave the following error.
    Argument of type 'string | null' is not assignable to parameter of type 'string | number'.
      Type 'null' is not assignable to type 'string | number'.
lib/reports/report-config-utils.ts(25,3): error TS2322: Type '{ allowed_roles: string[] | null; columns: Json; created_at: string | null; default_filters: Json; description: string | null; display_order: number | null; href: string | null; ... 6 more ...; updated_at: string | null; }[]' is not assignable to type 'ReportConfigurationDB[]'.
  Type '{ allowed_roles: string[] | null; columns: Json; created_at: string | null; default_filters: Json; description: string | null; display_order: number | null; href: string | null; ... 6 more ...; updated_at: string | null; }' is not assignable to type 'ReportConfigurationDB'.
    Types of property 'report_category' are incompatible.
      Type 'string' is not assignable to type 'ReportCategoryDB'.
lib/reports/report-config-utils.ts(26,5): error TS18047: 'report.allowed_roles' is possibly 'null'.
lib/reports/report-config-utils.ts(48,3): error TS2322: Type '{ allowed_roles: string[] | null; columns: Json; created_at: string | null; default_filters: Json; description: string | null; display_order: number | null; href: string | null; ... 6 more ...; updated_at: string | null; }' is not assignable to type 'ReportConfigurationDB'.
  Types of property 'report_category' are incompatible.
    Type 'string' is not assignable to type 'ReportCategoryDB'.
lib/reports/report-execution-service.ts(36,6): error TS2769: No overload matches this call.
  Overload 1 of 2, '(values: { executed_at?: string | null | undefined; executed_by?: string | null | undefined; export_format?: string | null | undefined; export_url?: string | null | undefined; id?: string | undefined; parameters?: Json | undefined; report_code: string; }, options?: { ...; } | undefined): PostgrestFilterBuilder<...>', gave the following error.
    Type 'Record<string, unknown>' is not assignable to type 'Json | undefined'.
      Type 'Record<string, unknown>' is missing the following properties from type 'Json[]': length, pop, push, concat, and 35 more.
  Overload 2 of 2, '(values: { executed_at?: string | null | undefined; executed_by?: string | null | undefined; export_format?: string | null | undefined; export_url?: string | null | undefined; id?: string | undefined; parameters?: Json | undefined; report_code: string; }[], options?: { ...; } | undefined): PostgrestFilterBuilder<...>', gave the following error.
    Object literal may only specify known properties, and 'report_code' does not exist in type '{ executed_at?: string | null | undefined; executed_by?: string | null | undefined; export_format?: string | null | undefined; export_url?: string | null | undefined; id?: string | undefined; parameters?: Json | undefined; report_code: string; }[]'.
lib/reports/report-execution-service.ts(109,9): error TS2322: Type 'string | null' is not assignable to type 'string'.
  Type 'null' is not assignable to type 'string'.
lib/reports/report-execution-service.ts(139,3): error TS2322: Type '{ executed_at: string | null; executed_by: string | null; export_format: string | null; export_url: string | null; id: string; parameters: Json; report_code: string; }[]' is not assignable to type 'ReportExecution[]'.
  Type '{ executed_at: string | null; executed_by: string | null; export_format: string | null; export_url: string | null; id: string; parameters: Json; report_code: string; }' is not assignable to type 'ReportExecution'.
    Types of property 'parameters' are incompatible.
      Type 'Json' is not assignable to type 'Record<string, unknown>'.
        Type 'null' is not assignable to type 'Record<string, unknown>'.
lib/reports/report-permissions.ts(224,56): error TS2322: Type '"manager"' is not assignable to type 'UserRole'.
lib/reports/report-permissions.ts(225,58): error TS2322: Type '"manager"' is not assignable to type 'UserRole'.
lib/reports/report-permissions.ts(226,49): error TS2322: Type '"manager"' is not assignable to type 'UserRole'.
lib/reports/report-permissions.ts(227,52): error TS2322: Type '"manager"' is not assignable to type 'UserRole'.
lib/resource-scheduling-actions.ts(82,60): error TS2339: Property 'includes' does not exist on type 'string | number | true | { [key: string]: Json | undefined; } | Json[]'.
  Property 'includes' does not exist on type 'number'.
lib/resource-scheduling-actions.ts(86,3): error TS2322: Type '{ asset_id: string | null; base_location: string | null; capacity_unit: string | null; certifications: Json; created_at: string | null; daily_capacity: number | null; daily_rate: number | null; ... 12 more ...; updated_at: string | null; }[]' is not assignable to type 'EngineeringResource[]'.
  Type '{ asset_id: string | null; base_location: string | null; capacity_unit: string | null; certifications: Json; created_at: string | null; daily_capacity: number | null; daily_rate: number | null; ... 12 more ...; updated_at: string | null; }' is not assignable to type 'EngineeringResource'.
    Types of property 'resource_type' are incompatible.
      Type 'string' is not assignable to type 'ResourceType'.
lib/resource-scheduling-actions.ts(119,5): error TS2322: Type 'SelectQueryError<"column 'position' does not exist on 'employee_id'."> | null' is not assignable to type '{ id: string; full_name: string; position?: string | undefined; } | undefined'.
  Type 'null' is not assignable to type '{ id: string; full_name: string; position?: string | undefined; } | undefined'.
lib/resource-scheduling-actions.ts(120,5): error TS2322: Type '{ id: string; asset_code: string; asset_name: string; } | null' is not assignable to type '{ id: string; asset_code: string; asset_name: string; } | undefined'.
  Type 'null' is not assignable to type '{ id: string; asset_code: string; asset_name: string; } | undefined'.
lib/resource-scheduling-actions.ts(121,5): error TS2322: Type '{ actual_hours: number | null; assessment_id: string | null; assigned_by: string | null; created_at: string | null; end_date: string; end_time: string | null; id: string; jmp_id: string | null; ... 11 more ...; work_location: string | null; }[]' is not assignable to type 'ResourceAssignment[]'.
  Type '{ actual_hours: number | null; assessment_id: string | null; assigned_by: string | null; created_at: string | null; end_date: string; end_time: string | null; id: string; jmp_id: string | null; ... 11 more ...; work_location: string | null; }' is not assignable to type 'ResourceAssignment'.
    Types of property 'project_id' are incompatible.
      Type 'string | null' is not assignable to type 'string | undefined'.
        Type 'null' is not assignable to type 'string | undefined'.
lib/resource-scheduling-actions.ts(156,6): error TS2769: No overload matches this call.
  Overload 1 of 2, '(values: { asset_id?: string | null | undefined; base_location?: string | null | undefined; capacity_unit?: string | null | undefined; certifications?: Json | undefined; created_at?: string | ... 1 more ... | undefined; ... 14 more ...; updated_at?: string | ... 1 more ... | undefined; }, options?: { ...; } | undefined): PostgrestFilterBuilder<...>', gave the following error.
    Type 'Certification[]' is not assignable to type 'Json | undefined'.
      Type 'Certification[]' is not assignable to type 'Json[]'.
        Type 'Certification' is not assignable to type 'Json'.
          Type 'Certification' is not assignable to type '{ [key: string]: Json | undefined; }'.
            Index signature for type 'string' is missing in type 'Certification'.
  Overload 2 of 2, '(values: { asset_id?: string | null | undefined; base_location?: string | null | undefined; capacity_unit?: string | null | undefined; certifications?: Json | undefined; created_at?: string | ... 1 more ... | undefined; ... 14 more ...; updated_at?: string | ... 1 more ... | undefined; }[], options?: { ...; } | undefined): PostgrestFilterBuilder<...>', gave the following error.
    Object literal may only specify known properties, and 'resource_type' does not exist in type '{ asset_id?: string | null | undefined; base_location?: string | null | undefined; capacity_unit?: string | null | undefined; certifications?: Json | undefined; created_at?: string | ... 1 more ... | undefined; ... 14 more ...; updated_at?: string | ... 1 more ... | undefined; }[]'.
lib/resource-scheduling-actions.ts(183,3): error TS2322: Type '{ asset_id: string | null; base_location: string | null; capacity_unit: string | null; certifications: Json; created_at: string | null; daily_capacity: number | null; daily_rate: number | null; ... 12 more ...; updated_at: string | null; }' is not assignable to type 'EngineeringResource'.
  Types of property 'resource_type' are incompatible.
    Type 'string' is not assignable to type 'ResourceType'.
lib/resource-scheduling-actions.ts(203,7): error TS2322: Type 'Certification[]' is not assignable to type 'Json | undefined'.
  Type 'Certification[]' is not assignable to type 'Json[]'.
    Type 'Certification' is not assignable to type 'Json'.
      Type 'Certification' is not assignable to type '{ [key: string]: Json | undefined; }'.
        Index signature for type 'string' is missing in type 'Certification'.
lib/resource-scheduling-actions.ts(225,3): error TS2322: Type '{ asset_id: string | null; base_location: string | null; capacity_unit: string | null; certifications: Json; created_at: string | null; daily_capacity: number | null; daily_rate: number | null; ... 12 more ...; updated_at: string | null; }' is not assignable to type 'EngineeringResource'.
  Types of property 'resource_type' are incompatible.
    Type 'string' is not assignable to type 'ResourceType'.
lib/resource-scheduling-actions.ts(292,3): error TS2322: Type '{ resource: { id: string; resource_code: string; resource_name: string; resource_type: string; }; project: SelectQueryError<"column 'project_number' does not exist on 'project_id'."> | null; ... 29 more ...; journey_management_plans: { ...; } | null; }[]' is not assignable to type 'AssignmentWithDetails[]'.
  Type '{ resource: { id: string; resource_code: string; resource_name: string; resource_type: string; }; project: SelectQueryError<"column 'project_number' does not exist on 'project_id'."> | null; ... 29 more ...; journey_management_plans: { ...; } | null; }' is not assignable to type 'AssignmentWithDetails'.
    Types of property 'resource' are incompatible.
      Type '{ id: string; resource_code: string; resource_name: string; resource_type: string; }' is missing the following properties from type 'EngineeringResource': skills, certifications, daily_capacity, is_available, and 3 more.
lib/resource-scheduling-actions.ts(329,5): error TS2740: Type '{ id: string; resource_code: string; resource_name: string; resource_type: string; }' is missing the following properties from type 'EngineeringResource': skills, certifications, daily_capacity, is_available, and 3 more.
lib/resource-scheduling-actions.ts(330,5): error TS2322: Type 'SelectQueryError<"column 'project_number' does not exist on 'project_id'."> | null' is not assignable to type '{ id: string; name: string; project_number?: string | undefined; } | undefined'.
  Type 'null' is not assignable to type '{ id: string; name: string; project_number?: string | undefined; } | undefined'.
lib/resource-scheduling-actions.ts(331,5): error TS2322: Type '{ id: string; jo_number: string; } | null' is not assignable to type '{ id: string; jo_number: string; } | undefined'.
  Type 'null' is not assignable to type '{ id: string; jo_number: string; } | undefined'.
lib/resource-scheduling-actions.ts(332,5): error TS2322: Type '{ id: string; assessment_number: string; } | null' is not assignable to type '{ id: string; assessment_number: string; } | undefined'.
  Type 'null' is not assignable to type '{ id: string; assessment_number: string; } | undefined'.
lib/resource-scheduling-actions.ts(333,5): error TS2322: Type '{ id: string; survey_number: string; } | null' is not assignable to type '{ id: string; survey_number: string; } | undefined'.
  Type 'null' is not assignable to type '{ id: string; survey_number: string; } | undefined'.
lib/resource-scheduling-actions.ts(334,5): error TS2322: Type '{ id: string; jmp_number: string; } | null' is not assignable to type '{ id: string; jmp_number: string; } | undefined'.
  Type 'null' is not assignable to type '{ id: string; jmp_number: string; } | undefined'.
lib/resource-scheduling-actions.ts(335,5): error TS2322: Type '{ id: string; full_name: string | null; } | null' is not assignable to type '{ id: string; full_name: string; } | undefined'.
  Type 'null' is not assignable to type '{ id: string; full_name: string; } | undefined'.
lib/resource-scheduling-actions.ts(380,5): error TS2345: Argument of type '{ actual_hours: number | null; assessment_id: string | null; assigned_by: string | null; created_at: string | null; end_date: string; end_time: string | null; id: string; jmp_id: string | null; ... 11 more ...; work_location: string | null; }[]' is not assignable to parameter of type 'ResourceAssignment[]'.
  Type '{ actual_hours: number | null; assessment_id: string | null; assigned_by: string | null; created_at: string | null; end_date: string; end_time: string | null; id: string; jmp_id: string | null; ... 11 more ...; work_location: string | null; }' is not assignable to type 'ResourceAssignment'.
    Types of property 'project_id' are incompatible.
      Type 'string | null' is not assignable to type 'string | undefined'.
        Type 'null' is not assignable to type 'string | undefined'.
lib/resource-scheduling-actions.ts(385,14): error TS2322: Type 'null' is not assignable to type 'ResourceAssignment'.
lib/resource-scheduling-actions.ts(390,61): error TS2345: Argument of type 'number | null' is not assignable to parameter of type 'number'.
  Type 'null' is not assignable to type 'number'.
lib/resource-scheduling-actions.ts(423,12): error TS2322: Type '{ actual_hours: number | null; assessment_id: string | null; assigned_by: string | null; created_at: string | null; end_date: string; end_time: string | null; id: string; jmp_id: string | null; ... 11 more ...; work_location: string | null; }' is not assignable to type 'ResourceAssignment'.
  Types of property 'project_id' are incompatible.
    Type 'string | null' is not assignable to type 'string | undefined'.
      Type 'null' is not assignable to type 'string | undefined'.
lib/resource-scheduling-actions.ts(472,3): error TS2322: Type '{ actual_hours: number | null; assessment_id: string | null; assigned_by: string | null; created_at: string | null; end_date: string; end_time: string | null; id: string; jmp_id: string | null; ... 11 more ...; work_location: string | null; }' is not assignable to type 'ResourceAssignment'.
  Types of property 'project_id' are incompatible.
    Type 'string | null' is not assignable to type 'string | undefined'.
      Type 'null' is not assignable to type 'string | undefined'.
lib/resource-scheduling-actions.ts(510,3): error TS2322: Type '{ actual_hours: number | null; assessment_id: string | null; assigned_by: string | null; created_at: string | null; end_date: string; end_time: string | null; id: string; jmp_id: string | null; ... 11 more ...; work_location: string | null; }' is not assignable to type 'ResourceAssignment'.
  Types of property 'project_id' are incompatible.
    Type 'string | null' is not assignable to type 'string | undefined'.
      Type 'null' is not assignable to type 'string | undefined'.
lib/resource-scheduling-actions.ts(529,3): error TS2322: Type '{ actual_hours: number | null; assessment_id: string | null; assigned_by: string | null; created_at: string | null; end_date: string; end_time: string | null; id: string; jmp_id: string | null; ... 11 more ...; work_location: string | null; }' is not assignable to type 'ResourceAssignment'.
  Types of property 'project_id' are incompatible.
    Type 'string | null' is not assignable to type 'string | undefined'.
      Type 'null' is not assignable to type 'string | undefined'.
lib/resource-scheduling-actions.ts(556,3): error TS2322: Type '{ available_hours: number | null; date: string; id: string; is_available: boolean | null; notes: string | null; resource_id: string; unavailability_type: string | null; }[]' is not assignable to type 'ResourceAvailability[]'.
  Type '{ available_hours: number | null; date: string; id: string; is_available: boolean | null; notes: string | null; resource_id: string; unavailability_type: string | null; }' is not assignable to type 'ResourceAvailability'.
    Types of property 'is_available' are incompatible.
      Type 'boolean | null' is not assignable to type 'boolean'.
        Type 'null' is not assignable to type 'boolean'.
lib/resource-scheduling-actions.ts(606,37): error TS2322: Type '{ actual_hours: number | null; assessment_id: string | null; assigned_by: string | null; created_at: string | null; end_date: string; end_time: string | null; id: string; jmp_id: string | null; ... 11 more ...; work_location: string | null; }[]' is not assignable to type 'ResourceAssignment[]'.
  Type '{ actual_hours: number | null; assessment_id: string | null; assigned_by: string | null; created_at: string | null; end_date: string; end_time: string | null; id: string; jmp_id: string | null; ... 11 more ...; work_location: string | null; }' is not assignable to type 'ResourceAssignment'.
    Types of property 'project_id' are incompatible.
      Type 'string | null' is not assignable to type 'string | undefined'.
        Type 'null' is not assignable to type 'string | undefined'.
lib/resource-scheduling-actions.ts(645,3): error TS2322: Type '{ created_at: string | null; id: string; is_active: boolean | null; skill_category: string | null; skill_code: string; skill_name: string; }[]' is not assignable to type 'ResourceSkill[]'.
  Type '{ created_at: string | null; id: string; is_active: boolean | null; skill_category: string | null; skill_code: string; skill_name: string; }' is not assignable to type 'ResourceSkill'.
    Types of property 'skill_category' are incompatible.
      Type 'string | null' is not assignable to type 'SkillCategory | undefined'.
        Type 'null' is not assignable to type 'SkillCategory | undefined'.
lib/resource-scheduling-actions.ts(670,3): error TS2322: Type '{ created_at: string | null; id: string; is_active: boolean | null; skill_category: string | null; skill_code: string; skill_name: string; }' is not assignable to type 'ResourceSkill'.
  Types of property 'skill_category' are incompatible.
    Type 'string | null' is not assignable to type 'SkillCategory | undefined'.
      Type 'null' is not assignable to type 'SkillCategory | undefined'.
lib/resource-scheduling-actions.ts(712,60): error TS2339: Property 'includes' does not exist on type 'string | number | true | { [key: string]: Json | undefined; } | Json[]'.
  Property 'includes' does not exist on type 'number'.
lib/resource-scheduling-actions.ts(770,42): error TS18047: 'availableHours' is possibly 'null'.
lib/resource-scheduling-actions.ts(776,9): error TS2322: Type 'number | null' is not assignable to type 'number'.
  Type 'null' is not assignable to type 'number'.
lib/resource-scheduling-actions.ts(779,9): error TS2322: Type '{ actual_hours: number | null; assessment_id: string | null; assigned_by: string | null; created_at: string | null; end_date: string; end_time: string | null; id: string; jmp_id: string | null; ... 11 more ...; work_location: string | null; }[]' is not assignable to type 'ResourceAssignment[]'.
  Type '{ actual_hours: number | null; assessment_id: string | null; assigned_by: string | null; created_at: string | null; end_date: string; end_time: string | null; id: string; jmp_id: string | null; ... 11 more ...; work_location: string | null; }' is not assignable to type 'ResourceAssignment'.
    Types of property 'project_id' are incompatible.
      Type 'string | null' is not assignable to type 'string | undefined'.
        Type 'null' is not assignable to type 'string | undefined'.
lib/resource-scheduling-actions.ts(780,9): error TS2322: Type 'string | null | undefined' is not assignable to type 'UnavailabilityType | undefined'.
  Type 'null' is not assignable to type 'UnavailabilityType | undefined'.
lib/resource-scheduling-actions.ts(786,5): error TS2322: Type '{ asset_id: string | null; base_location: string | null; capacity_unit: string | null; certifications: Json; created_at: string | null; daily_capacity: number | null; daily_rate: number | null; ... 12 more ...; updated_at: string | null; }[]' is not assignable to type 'ResourceWithDetails[]'.
  Type '{ asset_id: string | null; base_location: string | null; capacity_unit: string | null; certifications: Json; created_at: string | null; daily_capacity: number | null; daily_rate: number | null; ... 12 more ...; updated_at: string | null; }' is not assignable to type 'ResourceWithDetails'.
    Types of property 'resource_type' are incompatible.
      Type 'string' is not assignable to type 'ResourceType'.
lib/resource-scheduling-actions.ts(860,32): error TS18047: 'resource.daily_capacity' is possibly 'null'.
lib/resource-scheduling-actions.ts(918,28): error TS18047: 'resource.daily_capacity' is possibly 'null'.
lib/resource-scheduling-actions.ts(962,7): error TS2322: Type 'string' is not assignable to type 'ResourceType'.
lib/survey-actions.ts(50,8): error TS2769: No overload matches this call.
  Overload 1 of 2, '(values: { alternative_routes?: Json | undefined; axle_configuration?: string | null | undefined; cargo_description: string; cargo_height_m?: number | null | undefined; cargo_length_m?: number | ... 1 more ... | undefined; ... 47 more ...; updated_at?: string | ... 1 more ... | undefined; }, options?: { ...; } | undefined): PostgrestFilterBuilder<...>', gave the following error.
    Argument of type '{ quotation_id: string | null; project_id: string | null; customer_id: string | null; cargo_description: string; cargo_length_m: number | null; cargo_width_m: number | null; cargo_height_m: number | null; ... 19 more ...; requested_by: string; }' is not assignable to parameter of type '{ alternative_routes?: Json | undefined; axle_configuration?: string | null | undefined; cargo_description: string; cargo_height_m?: number | null | undefined; cargo_length_m?: number | ... 1 more ... | undefined; ... 47 more ...; updated_at?: string | ... 1 more ... | undefined; }'.
      Property 'survey_number' is missing in type '{ quotation_id: string | null; project_id: string | null; customer_id: string | null; cargo_description: string; cargo_length_m: number | null; cargo_width_m: number | null; cargo_height_m: number | null; ... 19 more ...; requested_by: string; }' but required in type '{ alternative_routes?: Json | undefined; axle_configuration?: string | null | undefined; cargo_description: string; cargo_height_m?: number | null | undefined; cargo_length_m?: number | ... 1 more ... | undefined; ... 47 more ...; updated_at?: string | ... 1 more ... | undefined; }'.
  Overload 2 of 2, '(values: { alternative_routes?: Json | undefined; axle_configuration?: string | null | undefined; cargo_description: string; cargo_height_m?: number | null | undefined; cargo_length_m?: number | ... 1 more ... | undefined; ... 47 more ...; updated_at?: string | ... 1 more ... | undefined; }[], options?: { ...; } | undefined): PostgrestFilterBuilder<...>', gave the following error.
    Object literal may only specify known properties, and 'quotation_id' does not exist in type '{ alternative_routes?: Json | undefined; axle_configuration?: string | null | undefined; cargo_description: string; cargo_height_m?: number | null | undefined; cargo_length_m?: number | ... 1 more ... | undefined; ... 47 more ...; updated_at?: string | ... 1 more ... | undefined; }[]'.
lib/survey-actions.ts(91,47): error TS2345: Argument of type '{ alternative_routes: Json; axle_configuration: string | null; cargo_description: string; cargo_height_m: number | null; cargo_length_m: number | null; cargo_weight_tons: number | null; ... 46 more ...; updated_at: string | null; }' is not assignable to parameter of type 'RouteSurveyRow'.
  Types of property 'alternative_routes' are incompatible.
    Type 'Json' is not assignable to type 'string[] | null'.
      Type 'string' is not assignable to type 'string[]'.
lib/survey-actions.ts(112,47): error TS2345: Argument of type '{ alternative_routes: Json; axle_configuration: string | null; cargo_description: string; cargo_height_m: number | null; cargo_length_m: number | null; cargo_weight_tons: number | null; ... 46 more ...; updated_at: string | null; }' is not assignable to parameter of type 'RouteSurveyRow'.
  Types of property 'alternative_routes' are incompatible.
    Type 'Json' is not assignable to type 'string[] | null'.
      Type 'string' is not assignable to type 'string[]'.
lib/survey-actions.ts(153,36): error TS2345: Argument of type '{ alternative_routes: Json; axle_configuration: string | null; cargo_description: string; cargo_height_m: number | null; cargo_length_m: number | null; cargo_weight_tons: number | null; ... 50 more ...; surveyor: { ...; } | null; }' is not assignable to parameter of type 'RouteSurveyRow'.
  Types of property 'alternative_routes' are incompatible.
    Type 'Json' is not assignable to type 'string[] | null'.
      Type 'string' is not assignable to type 'string[]'.
lib/survey-actions.ts(158,9): error TS2322: Type '{ id: string; name: string; } | null' is not assignable to type '{ id: string; name: string; } | undefined'.
  Type 'null' is not assignable to type '{ id: string; name: string; } | undefined'.
lib/survey-actions.ts(159,9): error TS2322: Type '{ id: string; quotation_number: string; } | null' is not assignable to type '{ id: string; quotation_number: string; } | undefined'.
  Type 'null' is not assignable to type '{ id: string; quotation_number: string; } | undefined'.
lib/survey-actions.ts(160,9): error TS2322: Type '{ id: string; name: string; } | null' is not assignable to type '{ id: string; name: string; } | undefined'.
  Type 'null' is not assignable to type '{ id: string; name: string; } | undefined'.
lib/survey-actions.ts(161,9): error TS2322: Type '{ id: string; full_name: string; } | null' is not assignable to type '{ id: string; full_name: string; } | undefined'.
  Type 'null' is not assignable to type '{ id: string; full_name: string; } | undefined'.
lib/survey-actions.ts(162,35): error TS2345: Argument of type '(row: RouteWaypointRow) => RouteWaypoint' is not assignable to parameter of type '(value: { action_cost_estimate: number | null; action_required: string | null; action_responsible: string | null; bridge_capacity_tons: number | null; bridge_length_m: number | null; ... 21 more ...; waypoint_type: string; }, index: number, array: { ...; }[]) => RouteWaypoint'.
  Types of parameters 'row' and 'value' are incompatible.
    Type '{ action_cost_estimate: number | null; action_required: string | null; action_responsible: string | null; bridge_capacity_tons: number | null; bridge_length_m: number | null; ... 21 more ...; waypoint_type: string; }' is not assignable to type 'RouteWaypointRow'.
      Types of property 'waypoint_type' are incompatible.
        Type 'string' is not assignable to type 'WaypointType'.
lib/survey-actions.ts(163,35): error TS2345: Argument of type '(row: SurveyChecklistItemRow) => SurveyChecklistItem' is not assignable to parameter of type '(value: { category: string; check_item: string; checked_at: string | null; checked_by: string | null; created_at: string | null; id: string; notes: string | null; status: string | null; survey_id: string; }, index: number, array: { ...; }[]) => SurveyChecklistItem'.
  Types of parameters 'row' and 'value' are incompatible.
    Type '{ category: string; check_item: string; checked_at: string | null; checked_by: string | null; created_at: string | null; id: string; notes: string | null; status: string | null; survey_id: string; }' is not assignable to type 'SurveyChecklistItemRow'.
      Types of property 'category' are incompatible.
        Type 'string' is not assignable to type 'ChecklistCategory'.
lib/survey-actions.ts(189,47): error TS2345: Argument of type '(row: RouteSurveyRow) => RouteSurvey' is not assignable to parameter of type '(value: { alternative_routes: Json; axle_configuration: string | null; cargo_description: string; cargo_height_m: number | null; cargo_length_m: number | null; cargo_weight_tons: number | null; ... 48 more ...; surveyor: { ...; } | null; }, index: number, array: { ...; }[]) => RouteSurvey'.
  Types of parameters 'row' and 'value' are incompatible.
    Type '{ alternative_routes: Json; axle_configuration: string | null; cargo_description: string; cargo_height_m: number | null; cargo_length_m: number | null; cargo_weight_tons: number | null; ... 48 more ...; surveyor: { ...; } | null; }' is not assignable to type 'RouteSurveyRow'.
      Types of property 'alternative_routes' are incompatible.
        Type 'Json' is not assignable to type 'string[] | null'.
          Type 'string' is not assignable to type 'string[]'.
lib/survey-actions.ts(246,47): error TS2345: Argument of type '{ alternative_routes: Json; axle_configuration: string | null; cargo_description: string; cargo_height_m: number | null; cargo_length_m: number | null; cargo_weight_tons: number | null; ... 46 more ...; updated_at: string | null; }' is not assignable to parameter of type 'RouteSurveyRow'.
  Types of property 'alternative_routes' are incompatible.
    Type 'Json' is not assignable to type 'string[] | null'.
      Type 'string' is not assignable to type 'string[]'.
lib/survey-actions.ts(361,9): error TS2322: Type 'PermitRequirement[]' is not assignable to type 'Json | undefined'.
  Type 'PermitRequirement[]' is not assignable to type 'Json[]'.
    Type 'PermitRequirement' is not assignable to type 'Json'.
      Type 'PermitRequirement' is not assignable to type '{ [key: string]: Json | undefined; }'.
        Index signature for type 'string' is missing in type 'PermitRequirement'.
lib/survey-actions.ts(513,49): error TS2345: Argument of type '{ action_cost_estimate: number | null; action_required: string | null; action_responsible: string | null; bridge_capacity_tons: number | null; bridge_length_m: number | null; ... 21 more ...; waypoint_type: string; }' is not assignable to parameter of type 'RouteWaypointRow'.
  Types of property 'waypoint_type' are incompatible.
    Type 'string' is not assignable to type 'WaypointType'.
lib/survey-actions.ts(564,49): error TS2345: Argument of type '{ action_cost_estimate: number | null; action_required: string | null; action_responsible: string | null; bridge_capacity_tons: number | null; bridge_length_m: number | null; ... 21 more ...; waypoint_type: string; }' is not assignable to parameter of type 'RouteWaypointRow'.
  Types of property 'waypoint_type' are incompatible.
    Type 'string' is not assignable to type 'WaypointType'.
lib/survey-actions.ts(635,49): error TS2345: Argument of type '(row: RouteWaypointRow) => RouteWaypoint' is not assignable to parameter of type '(value: { action_cost_estimate: number | null; action_required: string | null; action_responsible: string | null; bridge_capacity_tons: number | null; bridge_length_m: number | null; ... 21 more ...; waypoint_type: string; }, index: number, array: { ...; }[]) => RouteWaypoint'.
  Types of parameters 'row' and 'value' are incompatible.
    Type '{ action_cost_estimate: number | null; action_required: string | null; action_responsible: string | null; bridge_capacity_tons: number | null; bridge_length_m: number | null; ... 21 more ...; waypoint_type: string; }' is not assignable to type 'RouteWaypointRow'.
      Types of property 'waypoint_type' are incompatible.
        Type 'string' is not assignable to type 'WaypointType'.
lib/survey-actions.ts(716,54): error TS2345: Argument of type '{ category: string; check_item: string; checked_at: string | null; checked_by: string | null; created_at: string | null; id: string; notes: string | null; status: string | null; survey_id: string; }' is not assignable to parameter of type 'SurveyChecklistItemRow'.
  Types of property 'category' are incompatible.
    Type 'string' is not assignable to type 'ChecklistCategory'.
lib/survey-actions.ts(737,49): error TS2345: Argument of type '(row: SurveyChecklistItemRow) => SurveyChecklistItem' is not assignable to parameter of type '(value: { category: string; check_item: string; checked_at: string | null; checked_by: string | null; created_at: string | null; id: string; notes: string | null; status: string | null; survey_id: string; }, index: number, array: { ...; }[]) => SurveyChecklistItem'.
  Types of parameters 'row' and 'value' are incompatible.
    Type '{ category: string; check_item: string; checked_at: string | null; checked_by: string | null; created_at: string | null; id: string; notes: string | null; status: string | null; survey_id: string; }' is not assignable to type 'SurveyChecklistItemRow'.
      Types of property 'category' are incompatible.
        Type 'string' is not assignable to type 'ChecklistCategory'.
lib/system-audit-utils.ts(189,37): error TS2538: Type 'undefined' cannot be used as an index type.
lib/system-audit-utils.ts(190,37): error TS2538: Type 'undefined' cannot be used as an index type.
lib/system-audit-utils.ts(217,5): error TS2322: Type 'string | null' is not assignable to type 'string | undefined'.
  Type 'null' is not assignable to type 'string | undefined'.
lib/system-audit-utils.ts(280,29): error TS2345: Argument of type 'string | undefined' is not assignable to parameter of type 'string'.
  Type 'undefined' is not assignable to type 'string'.
lib/system-audit-utils.ts(288,33): error TS2345: Argument of type 'string | undefined' is not assignable to parameter of type 'string'.
  Type 'undefined' is not assignable to type 'string'.
lib/system-audit-utils.ts(308,34): error TS2769: No overload matches this call.
  Overload 1 of 4, '(value: string | number | Date): Date', gave the following error.
    Argument of type 'string | undefined' is not assignable to parameter of type 'string | number | Date'.
      Type 'undefined' is not assignable to type 'string | number | Date'.
  Overload 2 of 4, '(value: string | number): Date', gave the following error.
    Argument of type 'string | undefined' is not assignable to parameter of type 'string | number'.
      Type 'undefined' is not assignable to type 'string | number'.
lib/system-audit-utils.ts(317,34): error TS2769: No overload matches this call.
  Overload 1 of 4, '(value: string | number | Date): Date', gave the following error.
    Argument of type 'string | undefined' is not assignable to parameter of type 'string | number | Date'.
      Type 'undefined' is not assignable to type 'string | number | Date'.
  Overload 2 of 4, '(value: string | number): Date', gave the following error.
    Argument of type 'string | undefined' is not assignable to parameter of type 'string | number'.
      Type 'undefined' is not assignable to type 'string | number'.
lib/system-audit-utils.ts(387,46): error TS2345: Argument of type 'number | undefined' is not assignable to parameter of type 'number'.
  Type 'undefined' is not assignable to type 'number'.
lib/system-audit-utils.ts(391,41): error TS2345: Argument of type 'string' is not assignable to parameter of type 'keyof AuditLogEntry | undefined'.
lib/system-audit-utils.ts(405,5): error TS2561: Object literal may only specify known properties, but 'page_size' does not exist in type 'PaginatedAuditLogs'. Did you mean to write 'pageSize'?
lib/system-audit-utils.ts(507,12): error TS2538: Type 'undefined' cannot be used as an index type.
lib/system-audit-utils.ts(507,30): error TS2538: Type 'undefined' cannot be used as an index type.
lib/system-audit-utils.ts(521,12): error TS2538: Type 'undefined' cannot be used as an index type.
lib/system-audit-utils.ts(521,34): error TS2538: Type 'undefined' cannot be used as an index type.
lib/system-audit-utils.ts(535,12): error TS2538: Type 'undefined' cannot be used as an index type.
lib/system-audit-utils.ts(535,34): error TS2538: Type 'undefined' cannot be used as an index type.
lib/system-audit-utils.ts(558,11): error TS2322: Type 'string | undefined' is not assignable to type 'string | null'.
  Type 'undefined' is not assignable to type 'string | null'.
lib/system-audit-utils.ts(593,5): error TS2322: Type 'string | undefined' is not assignable to type 'string'.
  Type 'undefined' is not assignable to type 'string'.
lib/system-audit-utils.ts(596,26): error TS2345: Argument of type 'string | undefined' is not assignable to parameter of type 'string'.
  Type 'undefined' is not assignable to type 'string'.
lib/system-audit-utils.ts(597,26): error TS2345: Argument of type 'string | undefined' is not assignable to parameter of type 'string'.
  Type 'undefined' is not assignable to type 'string'.
lib/system-audit-utils.ts(598,5): error TS2322: Type 'string | undefined' is not assignable to type 'string'.
  Type 'undefined' is not assignable to type 'string'.
lib/template-actions.ts(74,8): error TS2769: No overload matches this call.
  Overload 1 of 2, '(values: { created_at?: string | null | undefined; created_by?: string | null | undefined; description?: string | null | undefined; document_type: string; id?: string | undefined; include_company_header?: boolean | ... 1 more ... | undefined; ... 7 more ...; updated_at?: string | ... 1 more ... | undefined; }, options?: { ...; } | undefined): PostgrestFilterBuilder<...>', gave the following error.
    Type 'PlaceholderDefinition[]' is not assignable to type 'Json | undefined'.
      Type 'PlaceholderDefinition[]' is not assignable to type 'Json[]'.
        Type 'PlaceholderDefinition' is not assignable to type 'Json'.
          Type 'PlaceholderDefinition' is not assignable to type '{ [key: string]: Json | undefined; }'.
            Index signature for type 'string' is missing in type 'PlaceholderDefinition'.
  Overload 2 of 2, '(values: { created_at?: string | null | undefined; created_by?: string | null | undefined; description?: string | null | undefined; document_type: string; id?: string | undefined; include_company_header?: boolean | ... 1 more ... | undefined; ... 7 more ...; updated_at?: string | ... 1 more ... | undefined; }[], options?: { ...; } | undefined): PostgrestFilterBuilder<...>', gave the following error.
    Object literal may only specify known properties, and 'template_code' does not exist in type '{ created_at?: string | null | undefined; created_by?: string | null | undefined; description?: string | null | undefined; document_type: string; id?: string | undefined; include_company_header?: boolean | ... 1 more ... | undefined; ... 7 more ...; updated_at?: string | ... 1 more ... | undefined; }[]'.
lib/template-actions.ts(95,29): error TS2322: Type '{ created_at: string | null; created_by: string | null; description: string | null; document_type: string; id: string; include_company_header: boolean | null; is_active: boolean | null; ... 6 more ...; updated_at: string | null; }' is not assignable to type 'CustomsDocumentTemplate'.
  Types of property 'document_type' are incompatible.
    Type 'string' is not assignable to type 'DocumentType'.
lib/template-actions.ts(269,14): error TS2322: Type '{ created_at: string | null; created_by: string | null; description: string | null; document_type: string; id: string; include_company_header: boolean | null; is_active: boolean | null; ... 6 more ...; updated_at: string | null; }[]' is not assignable to type 'CustomsDocumentTemplate[]'.
  Type '{ created_at: string | null; created_by: string | null; description: string | null; document_type: string; id: string; include_company_header: boolean | null; is_active: boolean | null; ... 6 more ...; updated_at: string | null; }' is not assignable to type 'CustomsDocumentTemplate'.
    Types of property 'document_type' are incompatible.
      Type 'string' is not assignable to type 'DocumentType'.
lib/template-actions.ts(306,14): error TS2322: Type '{ created_at: string | null; created_by: string | null; description: string | null; document_type: string; id: string; include_company_header: boolean | null; is_active: boolean | null; ... 6 more ...; updated_at: string | null; }' is not assignable to type 'CustomsDocumentTemplate'.
  Types of property 'document_type' are incompatible.
    Type 'string' is not assignable to type 'DocumentType'.
lib/template-actions.ts(350,8): error TS2769: No overload matches this call.
  Overload 1 of 2, '(values: { created_at?: string | null | undefined; created_by?: string | null | undefined; document_data: Json; document_number: string; id?: string | undefined; job_order_id?: string | null | undefined; ... 4 more ...; template_id: string; }, options?: { ...; } | undefined): PostgrestFilterBuilder<...>', gave the following error.
    Type '{ [x: string]: unknown; }' is not assignable to type 'Json'.
      Type '{ [x: string]: unknown; }' is missing the following properties from type 'Json[]': length, pop, push, concat, and 35 more.
  Overload 2 of 2, '(values: { created_at?: string | null | undefined; created_by?: string | null | undefined; document_data: Json; document_number: string; id?: string | undefined; job_order_id?: string | null | undefined; ... 4 more ...; template_id: string; }[], options?: { ...; } | undefined): PostgrestFilterBuilder<...>', gave the following error.
    Object literal may only specify known properties, and 'template_id' does not exist in type '{ created_at?: string | null | undefined; created_by?: string | null | undefined; document_data: Json; document_number: string; id?: string | undefined; job_order_id?: string | null | undefined; ... 4 more ...; template_id: string; }[]'.
lib/template-actions.ts(368,29): error TS2322: Type '{ created_at: string | null; created_by: string | null; document_data: Json; document_number: string; id: string; job_order_id: string | null; pdf_url: string | null; peb_id: string | null; pib_id: string | null; status: string | null; template_id: string; }' is not assignable to type 'GeneratedCustomsDocument'.
  Types of property 'document_data' are incompatible.
    Type 'Json' is not assignable to type 'Record<string, unknown>'.
      Type 'null' is not assignable to type 'Record<string, unknown>'.
lib/template-actions.ts(461,17): error TS2322: Type 'Record<string, unknown>' is not assignable to type 'Json | undefined'.
  Type 'Record<string, unknown>' is missing the following properties from type 'Json[]': length, pop, push, concat, and 35 more.
lib/template-actions.ts(528,14): error TS2322: Type '{ created_at: string | null; created_by: string | null; document_data: Json; document_number: string; id: string; job_order_id: string | null; pdf_url: string | null; peb_id: string | null; ... 6 more ...; job_order: { ...; } | null; }[]' is not assignable to type 'GeneratedDocumentWithRelations[]'.
  Type '{ created_at: string | null; created_by: string | null; document_data: Json; document_number: string; id: string; job_order_id: string | null; pdf_url: string | null; peb_id: string | null; ... 6 more ...; job_order: { ...; } | null; }' is not assignable to type 'GeneratedDocumentWithRelations'.
    Types of property 'template' are incompatible.
      Type '{ id: string; template_code: string; template_name: string; document_type: string; }' is missing the following properties from type 'CustomsDocumentTemplate': description, template_html, placeholders, paper_size, and 6 more.
lib/template-actions.ts(564,14): error TS2322: Type '{ created_at: string | null; created_by: string | null; document_data: Json; document_number: string; id: string; job_order_id: string | null; pdf_url: string | null; peb_id: string | null; ... 6 more ...; job_order: { ...; } | null; }' is not assignable to type 'GeneratedDocumentWithRelations'.
  The types of 'template.document_type' are incompatible between these types.
    Type 'string' is not assignable to type 'DocumentType'.
lib/template-actions.ts(593,26): error TS2352: Conversion of type 'string | number | boolean | { [key: string]: Json | undefined; } | Json[] | null' to type 'PlaceholderDefinition[]' may be a mistake because neither type sufficiently overlaps with the other. If this was intentional, convert the expression to 'unknown' first.
  Type 'Json[]' is not comparable to type 'PlaceholderDefinition[]'.
    Type 'Json' is not comparable to type 'PlaceholderDefinition'.
      Type 'Json[]' is missing the following properties from type 'PlaceholderDefinition': key, label, source
lib/template-actions.ts(636,7): error TS2345: Argument of type '{ aju_number: string | null; ata_date: string | null; awb_number: string | null; bea_masuk: number | null; bill_of_lading: string | null; cif_value: number | null; cif_value_idr: number | null; ... 39 more ...; voyage_number: string | null; } | null' is not assignable to parameter of type 'PIBDocument | null | undefined'.
  Type '{ aju_number: string | null; ata_date: string | null; awb_number: string | null; bea_masuk: number | null; bill_of_lading: string | null; cif_value: number | null; cif_value_idr: number | null; ... 39 more ...; voyage_number: string | null; }' is not assignable to type 'PIBDocument'.
    Types of property 'transport_mode' are incompatible.
      Type 'string | null' is not assignable to type 'TransportMode | null'.
        Type 'string' is not assignable to type 'TransportMode | null'.
lib/template-management-actions.ts(123,9): error TS2769: No overload matches this call.
  Overload 2 of 2, '(values: { category: string; config_schema?: Json | undefined; created_at?: string | null | undefined; description?: string | null | undefined; id?: string | undefined; is_active?: boolean | null | undefined; required_credentials?: Json | undefined; template_code: string; template_name: string; workflow_json?: Json | undefined; }[], options?: { ...; } | undefined): PostgrestFilterBuilder<...>', gave the following error.
    Object literal may only specify known properties, and 'template_code' does not exist in type '{ category: string; config_schema?: Json | undefined; created_at?: string | null | undefined; description?: string | null | undefined; id?: string | undefined; is_active?: boolean | null | undefined; required_credentials?: Json | undefined; template_code: string; template_name: string; workflow_json?: Json | undefin...'.
lib/template-pdf.ts(103,22): error TS2352: Conversion of type '{ created_at: string | null; created_by: string | null; description: string | null; document_type: string; id: string; include_company_header: boolean | null; is_active: boolean | null; ... 6 more ...; updated_at: string | null; }' to type 'CustomsDocumentTemplate' may be a mistake because neither type sufficiently overlaps with the other. If this was intentional, convert the expression to 'unknown' first.
  Types of property 'placeholders' are incompatible.
    Type 'Json' is not comparable to type 'PlaceholderDefinition[]'.
      Type 'Json[]' is not comparable to type 'PlaceholderDefinition[]'.
        Type 'Json' is not comparable to type 'PlaceholderDefinition'.
          Type 'Json[]' is missing the following properties from type 'PlaceholderDefinition': key, label, source
lib/template-pdf.ts(109,50): error TS2345: Argument of type 'Json' is not assignable to parameter of type 'Record<string, unknown>'.
  Type 'null' is not assignable to type 'Record<string, unknown>'.
lib/training-actions.ts(273,27): error TS2345: Argument of type '(row: TrainingRecordRow & { employees: { employee_code: string; full_name: string; departments: { department_name: string; }; }; safety_training_courses: { course_code: string; course_name: string; }; }) => { ...; }' is not assignable to parameter of type '(value: { assessment_passed: boolean | null; assessment_score: number | null; certificate_number: string | null; certificate_url: string | null; completion_date: string | null; course_id: string; ... 15 more ...; safety_training_courses: { ...; }; }, index: number, array: { ...; }[]) => { ...; }'.
  Types of parameters 'row' and 'value' are incompatible.
    Type '{ assessment_passed: boolean | null; assessment_score: number | null; certificate_number: string | null; certificate_url: string | null; completion_date: string | null; course_id: string; ... 15 more ...; safety_training_courses: { ...; }; }' is not assignable to type 'TrainingRecordRow & { employees: { employee_code: string; full_name: string; departments: { department_name: string; }; }; safety_training_courses: { course_code: string; course_name: string; }; }'.
      Type '{ assessment_passed: boolean | null; assessment_score: number | null; certificate_number: string | null; certificate_url: string | null; completion_date: string | null; course_id: string; ... 15 more ...; safety_training_courses: { ...; }; }' is not assignable to type 'TrainingRecordRow'.
        Types of property 'status' are incompatible.
          Type 'string | null' is not assignable to type 'string'.
            Type 'null' is not assignable to type 'string'.
lib/training-actions.ts(453,78): error TS2345: Argument of type 'number | null' is not assignable to parameter of type 'number'.
  Type 'null' is not assignable to type 'number'.
lib/training-actions.ts(541,39): error TS2345: Argument of type '(s: TrainingSessionRow) => string' is not assignable to parameter of type '(value: { course_id: string; created_at: string | null; created_by: string | null; end_time: string | null; id: string; location: string | null; max_participants: number | null; notes: string | null; ... 7 more ...; trainer: { ...; } | null; }, index: number, array: { ...; }[]) => string'.
  Types of parameters 's' and 'value' are incompatible.
    Type '{ course_id: string; created_at: string | null; created_by: string | null; end_time: string | null; id: string; location: string | null; max_participants: number | null; notes: string | null; ... 7 more ...; trainer: { ...; } | null; }' is not assignable to type 'TrainingSessionRow'.
      Types of property 'status' are incompatible.
        Type 'string | null' is not assignable to type 'string'.
          Type 'null' is not assignable to type 'string'.
lib/training-actions.ts(552,27): error TS2345: Argument of type '(row: TrainingSessionRow & { safety_training_courses: { course_code: string; course_name: string; }; trainer: { full_name: string; } | null; }) => { courseCode: string; ... 16 more ...; createdAt: string; }' is not assignable to parameter of type '(value: { course_id: string; created_at: string | null; created_by: string | null; end_time: string | null; id: string; location: string | null; max_participants: number | null; notes: string | null; ... 7 more ...; trainer: { ...; } | null; }, index: number, array: { ...; }[]) => { ...; }'.
  Types of parameters 'row' and 'value' are incompatible.
    Type '{ course_id: string; created_at: string | null; created_by: string | null; end_time: string | null; id: string; location: string | null; max_participants: number | null; notes: string | null; ... 7 more ...; trainer: { ...; } | null; }' is not assignable to type 'TrainingSessionRow & { safety_training_courses: { course_code: string; course_name: string; }; trainer: { full_name: string; } | null; }'.
      Type '{ course_id: string; created_at: string | null; created_by: string | null; end_time: string | null; id: string; location: string | null; max_participants: number | null; notes: string | null; ... 7 more ...; trainer: { ...; } | null; }' is not assignable to type 'TrainingSessionRow'.
        Types of property 'status' are incompatible.
          Type 'string | null' is not assignable to type 'string'.
            Type 'null' is not assignable to type 'string'.
lib/training-actions.ts(859,27): error TS2345: Argument of type '(row: SessionParticipantRow & { employees: { employee_code: string; full_name: string; departments: { department_name: string; }; }; }) => { employeeCode: string; ... 6 more ...; trainingRecordId?: string; }' is not assignable to parameter of type '(value: { attendance_status: string | null; employee_id: string; id: string; session_id: string; training_record_id: string | null; employees: { employee_code: string; full_name: string; departments: { ...; } | null; }; }, index: number, array: { ...; }[]) => { ...; }'.
  Types of parameters 'row' and 'value' are incompatible.
    Type '{ attendance_status: string | null; employee_id: string; id: string; session_id: string; training_record_id: string | null; employees: { employee_code: string; full_name: string; departments: { ...; } | null; }; }' is not assignable to type 'SessionParticipantRow & { employees: { employee_code: string; full_name: string; departments: { department_name: string; }; }; }'.
      Type '{ attendance_status: string | null; employee_id: string; id: string; session_id: string; training_record_id: string | null; employees: { employee_code: string; full_name: string; departments: { ...; } | null; }; }' is not assignable to type 'SessionParticipantRow'.
        Types of property 'attendance_status' are incompatible.
          Type 'string | null' is not assignable to type 'string'.
            Type 'null' is not assignable to type 'string'.
lib/utilization-actions.ts(69,43): error TS2345: Argument of type 'string | null' is not assignable to parameter of type 'string'.
  Type 'null' is not assignable to type 'string'.
lib/utilization-actions.ts(503,44): error TS2345: Argument of type 'string | null' is not assignable to parameter of type 'string'.
  Type 'null' is not assignable to type 'string'.
lib/utilization-actions.ts(506,27): error TS2345: Argument of type 'string | null' is not assignable to parameter of type 'string'.
  Type 'null' is not assignable to type 'string'.
lib/webhook-actions.ts(57,8): error TS2769: No overload matches this call.
  Overload 1 of 2, '(values: { allowed_ips?: Json | undefined; created_at?: string | null | undefined; cron_expression?: string | null | undefined; description?: string | null | undefined; endpoint_code: string; ... 13 more ...; webhook_url?: string | ... 1 more ... | undefined; }, options?: { ...; } | undefined): PostgrestFilterBuilder<...>', gave the following error.
    Type 'Record<string, unknown> | null' is not assignable to type 'Json | undefined'.
      Type 'Record<string, unknown>' is not assignable to type 'Json | undefined'.
        Type 'Record<string, unknown>' is missing the following properties from type 'Json[]': length, pop, push, concat, and 35 more.
  Overload 2 of 2, '(values: { allowed_ips?: Json | undefined; created_at?: string | null | undefined; cron_expression?: string | null | undefined; description?: string | null | undefined; endpoint_code: string; ... 13 more ...; webhook_url?: string | ... 1 more ... | undefined; }[], options?: { ...; } | undefined): PostgrestFilterBuilder<...>', gave the following error.
    Object literal may only specify known properties, and 'endpoint_code' does not exist in type '{ allowed_ips?: Json | undefined; created_at?: string | null | undefined; cron_expression?: string | null | undefined; description?: string | null | undefined; endpoint_code: string; ... 13 more ...; webhook_url?: string | ... 1 more ... | undefined; }[]'.
lib/webhook-executor.ts(71,8): error TS2769: No overload matches this call.
  Overload 1 of 2, '(values: { completed_at?: string | null | undefined; created_at?: string | null | undefined; endpoint_id?: string | null | undefined; error_message?: string | null | undefined; execution_id?: string | ... 1 more ... | undefined; ... 7 more ...; triggered_at?: string | undefined; }, options?: { ...; } | undefined): PostgrestFilterBuilder<...>', gave the following error.
    Type 'Record<string, unknown>' is not assignable to type 'Json | undefined'.
      Type 'Record<string, unknown>' is missing the following properties from type 'Json[]': length, pop, push, concat, and 35 more.
  Overload 2 of 2, '(values: { completed_at?: string | null | undefined; created_at?: string | null | undefined; endpoint_id?: string | null | undefined; error_message?: string | null | undefined; execution_id?: string | ... 1 more ... | undefined; ... 7 more ...; triggered_at?: string | undefined; }[], options?: { ...; } | undefined): PostgrestFilterBuilder<...>', gave the following error.
    Object literal may only specify known properties, and 'endpoint_id' does not exist in type '{ completed_at?: string | null | undefined; created_at?: string | null | undefined; endpoint_id?: string | null | undefined; error_message?: string | null | undefined; execution_id?: string | ... 1 more ... | undefined; ... 7 more ...; triggered_at?: string | undefined; }[]'.
lib/webhook-executor.ts(115,9): error TS2322: Type 'Record<string, unknown> | null' is not assignable to type 'Json | undefined'.
  Type 'Record<string, unknown>' is not assignable to type 'Json | undefined'.
    Type 'Record<string, unknown>' is missing the following properties from type 'Json[]': length, pop, push, concat, and 35 more.
lib/widget-data-fetchers.ts(207,27): error TS2769: No overload matches this call.
  Overload 1 of 4, '(value: string | number | Date): Date', gave the following error.
    Argument of type 'string | null' is not assignable to parameter of type 'string | number | Date'.
      Type 'null' is not assignable to type 'string | number | Date'.
  Overload 2 of 4, '(value: string | number): Date', gave the following error.
    Argument of type 'string | null' is not assignable to parameter of type 'string | number'.
      Type 'null' is not assignable to type 'string | number'.
lib/widget-utils.ts(350,15): error TS2769: No overload matches this call.
  Overload 1 of 2, '(values: { created_at?: string | null | undefined; height?: number | null | undefined; id?: string | undefined; is_visible?: boolean | null | undefined; position_x?: number | null | undefined; ... 5 more ...; width?: number | ... 1 more ... | undefined; }, options?: { ...; } | undefined): PostgrestFilterBuilder<...>', gave the following error.
    Argument of type '{ user_id: string; widget_id: string; position_x: number; position_y: number; width: number; height: number; settings: Record<string, unknown>; is_visible: boolean; }[]' is not assignable to parameter of type '{ created_at?: string | null | undefined; height?: number | null | undefined; id?: string | undefined; is_visible?: boolean | null | undefined; position_x?: number | null | undefined; ... 5 more ...; width?: number | ... 1 more ... | undefined; }'.
      Type '{ user_id: string; widget_id: string; position_x: number; position_y: number; width: number; height: number; settings: Record<string, unknown>; is_visible: boolean; }[]' is missing the following properties from type '{ created_at?: string | null | undefined; height?: number | null | undefined; id?: string | undefined; is_visible?: boolean | null | undefined; position_x?: number | null | undefined; ... 5 more ...; width?: number | ... 1 more ... | undefined; }': user_id, widget_id
  Overload 2 of 2, '(values: { created_at?: string | null | undefined; height?: number | null | undefined; id?: string | undefined; is_visible?: boolean | null | undefined; position_x?: number | null | undefined; ... 5 more ...; width?: number | ... 1 more ... | undefined; }[], options?: { ...; } | undefined): PostgrestFilterBuilder<...>', gave the following error.
    Argument of type '{ user_id: string; widget_id: string; position_x: number; position_y: number; width: number; height: number; settings: Record<string, unknown>; is_visible: boolean; }[]' is not assignable to parameter of type '{ created_at?: string | null | undefined; height?: number | null | undefined; id?: string | undefined; is_visible?: boolean | null | undefined; position_x?: number | null | undefined; ... 5 more ...; width?: number | ... 1 more ... | undefined; }[]'.
      Type '{ user_id: string; widget_id: string; position_x: number; position_y: number; width: number; height: number; settings: Record<string, unknown>; is_visible: boolean; }' is not assignable to type '{ created_at?: string | null | undefined; height?: number | null | undefined; id?: string | undefined; is_visible?: boolean | null | undefined; position_x?: number | null | undefined; ... 5 more ...; width?: number | ... 1 more ... | undefined; }'.
        Types of property 'settings' are incompatible.
          Type 'Record<string, unknown>' is not assignable to type 'Json | undefined'.
            Type 'Record<string, unknown>' is missing the following properties from type 'Json[]': length, pop, push, concat, and 35 more.
lib/widget-utils.ts(396,6): error TS2769: No overload matches this call.
  Overload 1 of 2, '(values: { created_at?: string | null | undefined; height?: number | null | undefined; id?: string | undefined; is_visible?: boolean | null | undefined; position_x?: number | null | undefined; ... 5 more ...; width?: number | ... 1 more ... | undefined; }, options?: { ...; } | undefined): PostgrestFilterBuilder<...>', gave the following error.
    Argument of type '{ position_x?: number | undefined; position_y?: number | undefined; width?: number | undefined; height?: number | undefined; settings?: Record<string, unknown> | undefined; is_visible?: boolean | undefined; user_id: string; widget_id: string; }' is not assignable to parameter of type '{ created_at?: string | null | undefined; height?: number | null | undefined; id?: string | undefined; is_visible?: boolean | null | undefined; position_x?: number | null | undefined; ... 5 more ...; width?: number | ... 1 more ... | undefined; }'.
      Types of property 'settings' are incompatible.
        Type 'Record<string, unknown> | undefined' is not assignable to type 'Json | undefined'.
          Type 'Record<string, unknown>' is not assignable to type 'Json | undefined'.
            Type 'Record<string, unknown>' is missing the following properties from type 'Json[]': length, pop, push, concat, and 35 more.
  Overload 2 of 2, '(values: { created_at?: string | null | undefined; height?: number | null | undefined; id?: string | undefined; is_visible?: boolean | null | undefined; position_x?: number | null | undefined; ... 5 more ...; width?: number | ... 1 more ... | undefined; }[], options?: { ...; } | undefined): PostgrestFilterBuilder<...>', gave the following error.
    Object literal may only specify known properties, and 'user_id' does not exist in type '{ created_at?: string | null | undefined; height?: number | null | undefined; id?: string | undefined; is_visible?: boolean | null | undefined; position_x?: number | null | undefined; ... 5 more ...; width?: number | ... 1 more ... | undefined; }[]'.
lib/workflow-service.ts(86,35): error TS2571: Object is of type 'unknown'.
lib/workflow-service.ts(142,29): error TS2571: Object is of type 'unknown'.
lib/workflow-service.ts(361,28): error TS2571: Object is of type 'unknown'.
lib/workflow-service.ts(470,28): error TS2571: Object is of type 'unknown'.
